08-30 18:43:50.427  1408  1772 D SemNscXgbMsL1: Probability - Cloud gaming: [0.04415229]
08-30 18:43:50.427  1408  1772 D SemNscXgbMsL1: Probability - Real time: [0.10864212]
08-30 18:43:50.427  1408  1772 D SemNscXgbMsL1: Probability - Non real time: [0.915227]
08-30 18:43:50.427  1408  1772 D SemNscXgbMsL1: 1 sample inference time: 0.447769 msecs
08-30 18:43:50.428  1408  1772 D SemNscXgbL2Rt: L2 RT 1 sample inference time: 1.050269 msecs
08-30 18:43:50.429  1408  1772 D SemNscXgbL2Nrt: L2 NRT 1 sample inference time: 0.804385 msecs
08-30 18:43:50.486 12555 12555 I SCS@AiSearch user 0: (ObserverWorker::AOSP_MP) [main] entering in startWork():
08-30 18:43:50.486 12555 12555 I SCS@AiSearch user 0: (BaseCollector::AOSP_MP) [main] entering in onChange():
08-30 18:43:50.487 12555 12603 I SCS@AiSearch user 0: (BaseCollector::AOSP_MP) [AOSP_MP-0] entering in collectChanges():
08-30 18:43:50.498  1408  2566 D PackageManager: setEnabledSetting : userId = 0 packageName = com.samsung.android.scs cmp = androidx.work.impl.background.systemalarm.RescheduleReceiver newState = 1 callingPackage = 10105/com.samsung.android.scs
08-30 18:43:50.500  1408  2566 D ApplicationPolicy: getApplicationStateEnabled : pkg = com.samsung.android.scs userId : 0
08-30 18:43:50.502  1408  2566 D ApplicationPolicy: getApplicationComponentState : pkg = com.samsung.android.scs userId : 0
08-30 18:43:50.514 18584 18584 I ResourceOverlayService_0: waitAndQuit called
08-30 18:43:50.516 18584 18584 I ResourceOverlayService_0: activity user id 0 process id 0
08-30 18:43:50.555 12555 12603 I SCS@AiSearch user 0: (BaseCollector::AOSP_MP) fetchInternal values : maxSyncId: 1000010110 indexCount: 630 sourceCount: 630
08-30 18:43:50.604 12555 12603 I SCS@AiSearch user 0: (IndexManager) [AOSP_MP-0] entering in addIndex():
08-30 18:43:50.606 12555 12603 I SCS@AiSearch user 0: (BaseCollector::AOSP_MP) fetch: fetching took  82 ms
08-30 18:43:50.606 12555 12603 I SCS@AiSearch user 0: (BaseCollector::AOSP_MP) fetchChanges: applied 0 items
08-30 18:43:50.607 12555 12603 I SCS@AiSearch user 0: (BaseCollector::AOSP_MP) Collect finished. Result: true
08-30 18:43:50.608 12555 12588 I WM-WorkerWrapper: Worker result SUCCESS for Work [ id=305add30-a7f9-4e21-b82a-d6ba06b3a923, tags={ com.sec.android.app.myfiles, com.samsung.android.scs.ai.search.data.collector.ObserverWorker } ]
08-30 18:43:50.608 12555 12603 I SCS@AiSearch user 0: (BaseCollector::AOSP_MP) enqueue ObserverWorker name: com.sec.android.app.myfiles, policy: APPEND_OR_REPLACE
08-30 18:43:50.640  1408  2566 D PackageManager: setEnabledSetting : userId = 0 packageName = com.samsung.android.scs cmp = androidx.work.impl.background.systemalarm.RescheduleReceiver newState = 1 callingPackage = 10105/com.samsung.android.scs
08-30 18:43:50.641  1408  2566 D ApplicationPolicy: getApplicationStateEnabled : pkg = com.samsung.android.scs userId : 0
08-30 18:43:50.641  1408  2566 D ApplicationPolicy: getApplicationComponentState : pkg = com.samsung.android.scs userId : 0
08-30 18:43:50.820 23460  2746 I ProvidersCache: Provider returned no roots. Possibly naughty: com.microsoft.skydrive.content.StorageAccessProvider
08-30 18:43:50.916  1408  1772 I SemWifiServiceDetector: Traff. tracking stopped
08-30 18:43:50.963 12555 12741 I SCS@AiSearch user 0: (AppsDataWorker) [androidx.work-1] entering in doWork():
08-30 18:43:50.963 12555 12741 I SCS@AiSearch user 0: (AppsDataObserver) [androidx.work-1] entering in execute():
08-30 18:43:50.964 12555 12741 I SCS@AiSearch user 0: (AppsDataObserver-CMD_UPDATE_LIST) changed package count: 1
08-30 18:43:50.976 23460  2756 I ProvidersCache: Provider returned no roots. Possibly naughty: com.microsoft.skydrive.content.StorageAccessProvider
08-30 18:43:50.999 28148 28169 W InteractionController: runAndwaitForEvents timed out waiting for events
08-30 18:43:51.012 12555 12741 I SCS@AiSearch user 0: (AppsDataObserver) [androidx.work-1] leaving from execute():  result is true
08-30 18:43:51.012 12555 12741 I SCS@AiSearch user 0: (AppsDataWorker) [androidx.work-1] leaving from doWork():
08-30 18:43:51.014 12555 12588 I WM-WorkerWrapper: Worker result SUCCESS for Work [ id=45e32894-b429-4ea2-afea-f36abcb595a9, tags={ com.samsung.android.scs.ai.search.scheduling.workers.AppsDataWorker, CMD_UPDATE_LIST } ]
08-30 18:43:51.047  2446  2880 I QuickstepModelDelegate: Widget predictions updated
08-30 18:43:51.083 28148 28169 D Benchmark: Starting activity with command: am start -W "intent:#Intent;action=android.intent.action.MAIN;category=android.intent.category.LAUNCHER;launchFlags=0x10008000;package=com.example.uianaliticsxml;component=com.example.uianaliticsxml/.MainActivity;end"
08-30 18:43:51.091  4148 31473 W MediaProvider: isAppCloneUserPair for user 0: false
08-30 18:43:51.094  4148 31473 V MediaProvider: Inserted id:1000011129 less than next row id backup:1000012000.
08-30 18:43:51.113  1408  1665 D SyncManager: userId - 0 auto - true
08-30 18:43:51.139  1408  1808 D NetdEventListenerService: DNS Requested by : 142, 10096, 7, true
08-30 18:43:51.193  1408  1494 I SemDvfsHyPerManager: acquire hyper - APP_LAUNCH/1408@33, type = -999
08-30 18:43:51.194   944   984 I HYPER-HAL: [RequestManager.cpp]acquire(): Acquired ID : 1038994  [1408 / 33]    HINT : APP_LAUNCH    list :
08-30 18:43:51.195   944   984 I HYPER-HAL: [ResourceManager.cpp]updateResource(): [CPUMinFreq] UpdateResource Request ID : 1038994    Value : 2912000
08-30 18:43:51.196  4365  4365 I SemDvfsHyPerManager: acquire hyper - APP_START_SHORT/4365@12, type = -999
08-30 18:43:51.196  1408  1853 W System.err: java.io.FileNotFoundException: /proc/2387/io_record_control: open failed: ENOENT (No such file or directory)
08-30 18:43:51.196  1408  1853 W System.err: 	at libcore.io.IoBridge.open(IoBridge.java:574)
08-30 18:43:51.196  1408  1853 W System.err: 	at java.io.FileOutputStream.<init>(FileOutputStream.java:236)
08-30 18:43:51.196  1408  1853 W System.err: 	at java.io.FileOutputStream.<init>(FileOutputStream.java:186)
08-30 18:43:51.196  1408  1853 W System.err: 	at java.io.FileWriter.<init>(FileWriter.java:96)
08-30 18:43:51.196  1408  1853 W System.err: 	at com.android.server.am.Pageboost$IoRecord.write(Pageboost.java:1699)
08-30 18:43:51.196  1408  1853 W System.err: 	at com.android.server.am.Pageboost$IoRecord.<init>(Pageboost.java:1687)
08-30 18:43:51.196  1408  1853 W System.err: 	at com.android.server.am.Pageboost$PageboostAppCapture.record(Pageboost.java:2097)
08-30 18:43:51.196  1408  1853 W System.err: 	at com.android.server.am.Pageboost$PageboostAppCapture.capture(Pageboost.java:2048)
08-30 18:43:51.196  1408  1853 W System.err: 	at com.android.server.am.Pageboost$PageboostHandler.handleMessage(Pageboost.java:2444)
08-30 18:43:51.197  1408  1853 W System.err: 	at android.os.Handler.dispatchMessage(Handler.java:106)
08-30 18:43:51.197  1408  1853 W System.err: 	at android.os.Looper.loopOnce(Looper.java:226)
08-30 18:43:51.197  1408  1853 W System.err: 	at android.os.Looper.loop(Looper.java:313)
08-30 18:43:51.197  1408  1853 W System.err: 	at android.os.HandlerThread.run(HandlerThread.java:67)
08-30 18:43:51.197  1408  1853 W System.err: 	at com.android.server.ServiceThread.run(ServiceThread.java:44)
08-30 18:43:51.197  1408  1853 W System.err: Caused by: android.system.ErrnoException: open failed: ENOENT (No such file or directory)
08-30 18:43:51.197  1408  1853 W System.err: 	at libcore.io.Linux.open(Native Method)
08-30 18:43:51.197  1408  1853 W System.err: 	at libcore.io.ForwardingOs.open(ForwardingOs.java:563)
08-30 18:43:51.197  1408  1853 W System.err: 	at libcore.io.BlockGuardOs.open(BlockGuardOs.java:274)
08-30 18:43:51.197  1408  1853 W System.err: 	at libcore.io.IoBridge.open(IoBridge.java:560)
08-30 18:43:51.197  1408  1853 W System.err: 	... 13 more
08-30 18:43:51.197   944   984 I HYPER-HAL: [RequestManager.cpp]acquire(): Acquired ID : 9581265  [4365 / 12]    HINT : APP_START    list : [TIMEOUT / 1500]
08-30 18:43:51.197  3345  3345 E pageboostd: Received HALT command code 2
08-30 18:43:51.197   944   984 I HYPER-HAL: [ResourceManager.cpp]updateResource(): [CPUMaxFreq] UpdateResource Request ID : 9581265    Value : 2912000
08-30 18:43:51.198   944   984 I HYPER-HAL: [ResourceManager.cpp]removeResource(): [CPUMaxFreq] RemoveResource Request ID : 9537530
08-30 18:43:51.198   944   984 I HYPER-HAL: [RequestManager.cpp]releaseLocked(): Released ID : 9537530
08-30 18:43:51.202  1408 12401 D PkgPredictorService-IpmAdcpController: create a new DexPreloadTask pkg:com.example.uianaliticsxml  path:/data/app/~~Aw2NXFNi2w0xwOOdS2fxBQ==/com.example.uianaliticsxml-TA3DSR0biO9HNNSlskWq_A==
08-30 18:43:51.202  1408  2480 I SemDvfsHyPerManager: acquire hyper - AMS_APP_SWITCH/1408@30, type = -999
08-30 18:43:51.202   944   984 I HYPER-HAL: [RequestManager.cpp]acquire(): Acquired ID : 1034671  [1408 / 30]    HINT : AMS_APP_SWITCH    list :
08-30 18:43:51.202  1054  1848 I SurfaceFlinger: id=86946 createSurf flag=24004, Task=26444#86946
08-30 18:43:51.202   944   984 I HYPER-HAL: [ResourceManager.cpp]updateResource(): [CPUMinFreq] UpdateResource Request ID : 1034671    Value : 2912000
08-30 18:43:51.203  4365  4365 I SemDvfsHyPerManager: acquire hyper - APP_START_SHORT/4365@12, type = -999
08-30 18:43:51.203   944   984 I HYPER-HAL: [RequestManager.cpp]acquire(): Acquired ID : 9581265  [4365 / 12]    HINT : APP_START    list : [TIMEOUT / 1500]
08-30 18:43:51.203   944   984 I HYPER-HAL: [ResourceManager.cpp]updateResource(): [CPUMaxFreq] UpdateResource Request ID : 9581265    Value : 2912000
08-30 18:43:51.204  1054  1848 I SurfaceFlinger: id=86947 createSurf flag=80004, ActivityRecord{a6b6655 u0 com.example.uianaliticsxml/.MainActivity}#86947
08-30 18:43:51.205  1408 12401 D PkgPredictorService-IpmAdcpController: /data/app/~~Aw2NXFNi2w0xwOOdS2fxBQ==/com.example.uianaliticsxml-TA3DSR0biO9HNNSlskWq_A==/oat/arm64/base.art size 118784
08-30 18:43:51.208  1408  1665 I SemDvfsHyPerManager: acquire hyper - AMS_APP_LAUNCH/1408@19, type = -999
08-30 18:43:51.208   944   984 I HYPER-HAL: [RequestManager.cpp]acquire(): Acquired ID : 1018897  [1408 / 19]    HINT : AMS_APP_LAUNCH    list :
08-30 18:43:51.208   944   984 I HYPER-HAL: [ResourceManager.cpp]updateResource(): [CPUMinFreq] UpdateResource Request ID : 1018897    Value : 2912000
08-30 18:43:51.208  1210  4084 I CameraService: onUidStateChanged: uid=10039, procState is changed. (0 -> 1)
08-30 18:43:51.209  4365  4365 I SemDvfsHyPerManager: acquire hyper - APP_START/4365@13, type = -999
08-30 18:43:51.209   944   984 I HYPER-HAL: [RequestManager.cpp]acquire(): Acquired ID : 9585644  [4365 / 13]    HINT : APP_START    list :
08-30 18:43:51.209  1872  1924 D NativeCustomFrequencyManager: [NativeCFMS] BpCustomFrequencyManager::BpCustomFrequencyManager()
08-30 18:43:51.210   944   984 I HYPER-HAL: [ResourceManager.cpp]updateResource(): [CPUMaxFreq] UpdateResource Request ID : 9585644    Value : 2912000
08-30 18:43:51.210  2446  2446 I BaseActivity: removeActivityFlags, flags : 16
08-30 18:43:51.210  2446  2446 I BaseActivity: removeActivityFlags, flags : 6
08-30 18:43:51.210  2446  2446 I DragController: endDrag
08-30 18:43:51.210  2446  2446 W LauncherAppWidgetHost: setShouldListenFlag, mFlags:15 flag:resume on:false isFront:false
08-30 18:43:51.210  2446  2446 I SPayUpdater: updateSpayHandler launcher activity is paused false
08-30 18:43:51.216  2446  2446 I TopTaskTracker: onTaskMovedToFront : taskId = 26444
08-30 18:43:51.216  1408  2566 D InputTransport: Input channel constructed: 'dba472f', fd=1233
08-30 18:43:51.216  1408  2566 D InputTransport: Input channel constructed: 'dba472f', fd=1234
08-30 18:43:51.216  1408  2566 D InputTransport: Input channel constructed: 'dba472f', fd=1235
08-30 18:43:51.217  1054  1848 I SurfaceFlinger: id=86948 createSurf flag=80004, dba472f Splash Screen com.example.uianaliticsxml#86948
08-30 18:43:51.218  1408  2566 D InputTransport: Input channel destroyed: 'dba472f', fd=1235
08-30 18:43:51.218  1872  1916 D InsetsController: onStateChanged: InsetsState: {mDisplayFrame=Rect(0, 0 - 1080, 2400), mDisplayCutout=DisplayCutout{insets=Rect(0, 80 - 0, 0) waterfall=Insets{left=0, top=0, right=0, bottom=0} boundingRect={Bounds=[Rect(0, 0 - 0, 0), Rect(510, 0 - 570, 80), Rect(0, 0 - 0, 0), Rect(0, 0 - 0, 0)]} cutoutPathParserInfo={CutoutPathParserInfo{displayWidth=1080 displayHeight=2400 physicalDisplayWidth=1080 physicalDisplayHeight=2400 density={3.0} cutoutSpec={M 0,0 H -10 V 26.66666666666667 H 10 V 0 H 0 Z @dp} rotation={0} scale={1.0} physicalPixelDisplaySizeRatio={1.0}}}}, mRoundedCorners=RoundedCorners{[RoundedCorner{position=TopLeft, radius=96, center=Point(96, 96)}, RoundedCorner{position=TopRight, radius=96, center=Point(984, 96)}, RoundedCorner{position=BottomRight, radius=96, center=Point(984, 2304)}, RoundedCorner{position=BottomLeft, radius=96, center=Point(96, 2304)}]}  mRoundedCornerFrame=Rect(0, 0 - 1080, 2400), mPrivacyIndicatorBounds=PrivacyIndicatorBounds {static bounds=Rect(948, 0 - 1080, 80) rotation=0}, mSources= { InsetsSource: {mType=ITYPE_STATUS_BAR, mFrame=[0,0][1080,80], mVisible=true, mInsetsRoundedCornerFrame=false}, InsetsSource: {mType=ITYPE_NAVIGATION_BAR, mFrame=[0,2355][1080,2400], mVisible=true, mInsetsRoundedCornerFrame=false}, InsetsSource: {mType=ITYPE_LEFT_GESTURES, mFrame=[0,0][90,2400], mVisible=true, mInsetsRoundedCornerFrame=false}, InsetsSource: {mType=ITYPE_RIGHT_GESTURES, mFrame=[990,0][1080,2400], mVisible=true, mInsetsRoundedCornerFrame=false}, InsetsSource: {mType=ITYPE_TOP_MANDATORY_GESTURES, mFrame=[0,0][1080,116], mVisible=true, mInsetsRoundedCornerFrame=false}, InsetsSource: {mType=ITYPE_BOTTOM_MANDATORY_GESTURES, mFrame=[0,2304][1080,2400], mVisible=true, mInsetsRoundedCornerFrame=false}, InsetsSource: {mType=ITYPE_LEFT_DISPLAY_CUTOUT, mFrame=[0,0][-100000,2400], mVisible=true, mInsetsRoundedCornerFrame=false}, InsetsSource: {mType=ITYPE_TOP_DISPLAY_CUTOUT, mFrame=[0,0][1080,80], mVisible=true, mInsetsRoundedCornerFrame=false}, InsetsSource: {mType=ITYPE_RIGHT_DISPLAY_CUTOUT, mFrame=[100000,0][1080,2400], mVisible=true, mInsetsRoundedCornerFrame=false}, InsetsSource: {mType=ITYPE_BOTTOM_DISPLAY_CUTOUT, mFrame=[0,100000][1080,2400], mVisible=true, mInsetsRoundedCornerFrame=false}, InsetsSource: {mType=ITYPE_TOP_TAPPABLE_ELEMENT, mFrame=[0,0][1080,80], mVisible=true, mInsetsRoundedCornerFrame=false}, InsetsSource: {mType=ITYPE_BOTTOM_TAPPABLE_ELEMENT, mFrame=[0,0][0,0], mVisible=true, mInsetsRoundedCornerFrame=false}, InsetsSource: {mType=ITYPE_IME, mFrame=[0,0][0,0], mVisible=false, mInsetsRoundedCornerFrame=false} } host=Splash Screen com.example.uianaliticsxml from=android.view.ViewRootImpl.setView:1700
08-30 18:43:51.220  1872  1916 I ViewRootImpl@ffc901e[uianaliticsxml]: setView = android.widget.FrameLayout@23f5e1b TM=true
08-30 18:43:51.223  1408  1808 D NetdEventListenerService: DNS Requested by : 142, 1000
08-30 18:43:51.224  1408  1786 D TrafficStats: tagSocket(1235) with statsTag=0xffffffff, statsUid=-1
08-30 18:43:51.229  1872  1916 D ViewRootImpl@ffc901e[uianaliticsxml]: performTraversals params={(0,0)(fillxfill) sim={adjust=pan} ty=APPLICATION_STARTING fmt=TRANSLUCENT wanim=0x1030309
08-30 18:43:51.229  1872  1916 D ViewRootImpl@ffc901e[uianaliticsxml]:   fl=81030118
08-30 18:43:51.229  1872  1916 D ViewRootImpl@ffc901e[uianaliticsxml]:   pfl=16000010
08-30 18:43:51.229  1872  1916 D ViewRootImpl@ffc901e[uianaliticsxml]:   bhv=DEFAULT
08-30 18:43:51.229  1872  1916 D ViewRootImpl@ffc901e[uianaliticsxml]:   fitSides= naviIconColor=0}
08-30 18:43:51.229  1872  1916 D ViewRootImpl@ffc901e[uianaliticsxml]: performTraversals mFirst=true windowShouldResize=true viewVisibilityChanged=false mForceNextWindowRelayout=false params={(0,0)(fillxfill) sim={adjust=pan} ty=APPLICATION_STARTING fmt=TRANSLUCENT wanim=0x1030309
08-30 18:43:51.229  1872  1916 D ViewRootImpl@ffc901e[uianaliticsxml]:   fl=81030118
08-30 18:43:51.229  1872  1916 D ViewRootImpl@ffc901e[uianaliticsxml]:   pfl=16000010
08-30 18:43:51.229  1872  1916 D ViewRootImpl@ffc901e[uianaliticsxml]:   bhv=DEFAULT
08-30 18:43:51.229  1872  1916 D ViewRootImpl@ffc901e[uianaliticsxml]:   fitSides= naviIconColor=0}
08-30 18:43:51.229  1408  4399 V WindowManager: Relayout Window{dba472f u0 Splash Screen com.example.uianaliticsxml}: viewVisibility=0 req=1080x2400 d0
08-30 18:43:51.230  1054  1848 I SurfaceFlinger: id=86949 createSurf flag=40004, Splash Screen com.example.uianaliticsxml$_1872#86949
08-30 18:43:51.231  1408  2566 D InputDispatcher: Focus left window (0): 4d13dc com.sec.android.app.launcher/com.sec.android.app.launcher.activities.LauncherActivity
08-30 18:43:51.232  2446  2446 I ViewRootImpl@e5a6e97[LauncherActivity]: MSG_WINDOW_FOCUS_CHANGED 0 0
08-30 18:43:51.232  2446  2446 I BaseActivity: removeActivityFlags, flags : 8
08-30 18:43:51.232  1408  4399 V WindowManager: Relayout hash=dba472f, pid=1872, syncId=-1: mAttrs={(0,0)(fillxfill) sim={adjust=pan} ty=APPLICATION_STARTING fmt=TRANSLUCENT wanim=0x1030309
08-30 18:43:51.232  1408  4399 V WindowManager:   fl=81030118
08-30 18:43:51.232  1408  4399 V WindowManager:   pfl=16000010
08-30 18:43:51.232  1408  4399 V WindowManager:   bhv=DEFAULT
08-30 18:43:51.232  1408  4399 V WindowManager:   fitSides= naviIconColor=0}
08-30 18:43:51.233  1872  1916 D BLASTBufferQueue: new BLASTBufferQueue, mNativeObject= 0xb40000770be82d50 name= ViewRootImpl@ffc901e[uianaliticsxml] sc.mNativeObject= 0xb40000769bf30220 caller= android.view.ViewRootImpl.updateBlastSurfaceIfNeeded:2789 android.view.ViewRootImpl.relayoutWindow:9635 android.view.ViewRootImpl.performTraversals:3759 android.view.ViewRootImpl.doTraversal:2991 android.view.ViewRootImpl$TraversalRunnable.run:10665 android.view.Choreographer$CallbackRecord.run:1301 android.view.Choreographer$CallbackRecord.run:1309 android.view.Choreographer.doCallbacks:923 android.view.Choreographer.doFrame:852 android.view.Choreographer$FrameDisplayEventReceiver.run:1283
08-30 18:43:51.233  1872  1916 D BLASTBufferQueue: update, w= 1080 h= 2400 mNativeObject= 0xb40000770be82d50 sc.mNativeObject= 0xb40000769bf30220 format= -3 caller= android.graphics.BLASTBufferQueue.<init>:76 android.view.ViewRootImpl.updateBlastSurfaceIfNeeded:2789 android.view.ViewRootImpl.relayoutWindow:9635 android.view.ViewRootImpl.performTraversals:3759 android.view.ViewRootImpl.doTraversal:2991 android.view.ViewRootImpl$TraversalRunnable.run:10665
08-30 18:43:51.233  1872  1916 I ViewRootImpl@ffc901e[uianaliticsxml]: Relayout returned: old=(0,0,1080,2400) new=(0,0,1080,2400) req=(1080,2400)0 dur=4 res=0x3 s={true 0xb40000779c10a270} ch=true seqId=0
08-30 18:43:51.233  1872  1916 D ViewRootImpl@ffc901e[uianaliticsxml]: mThreadedRenderer.initialize() mSurface={isValid=true 0xb40000779c10a270} hwInitialized=true
08-30 18:43:51.233  1872  1924 D OpenGLRenderer: eglCreateWindowSurface
08-30 18:43:51.234  1872  1916 D ViewRootImpl@ffc901e[uianaliticsxml]: reportNextDraw android.view.ViewRootImpl.performTraversals:4313 android.view.ViewRootImpl.doTraversal:2991 android.view.ViewRootImpl$TraversalRunnable.run:10665 android.view.Choreographer$CallbackRecord.run:1301 android.view.Choreographer$CallbackRecord.run:1309
08-30 18:43:51.234  1872  1916 D ViewRootImpl@ffc901e[uianaliticsxml]: Setup new sync id=0
08-30 18:43:51.234  1872  1916 D ViewRootImpl@ffc901e[uianaliticsxml]: Setting syncFrameCallback
08-30 18:43:51.234  1872  1916 D ViewRootImpl@ffc901e[uianaliticsxml]: registerCallbacksForSync syncBuffer=false
08-30 18:43:51.235  1872  1952 D ViewRootImpl@ffc901e[uianaliticsxml]: Received frameDrawingCallback syncResult=0 frameNum=1.
08-30 18:43:51.235  1872  1952 D ViewRootImpl@ffc901e[uianaliticsxml]: Setting up sync and frameCommitCallback
08-30 18:43:51.242  1872  1924 D BLASTBufferQueue: [ViewRootImpl@ffc901e[uianaliticsxml]#6093](f:0,a:0) onFrameAvailable the first frame is available
08-30 18:43:51.242  1872  1924 D ViewRootImpl@ffc901e[uianaliticsxml]: Received frameCommittedCallback lastAttemptedDrawFrameNum=1 didProduceBuffer=true
08-30 18:43:51.243  1872  1924 D OpenGLRenderer: CFMS:: SetUp Pid : 1872    Tid : 1924
08-30 18:43:51.243  1872  1924 W Parcel  : Expecting binder but got null!
08-30 18:43:51.244  1872  1916 D ViewRootImpl@ffc901e[uianaliticsxml]: onSyncComplete
08-30 18:43:51.244  1872  1916 D ViewRootImpl@ffc901e[uianaliticsxml]: setupSync seqId=0 mSyncId=0 fn=1 caller=android.view.ViewRootImpl$$ExternalSyntheticLambda11.accept:6 android.window.SurfaceSyncer.lambda$setupSync$1$android-window-SurfaceSyncer:128 android.window.SurfaceSyncer$$ExternalSyntheticLambda1.accept:8 android.window.SurfaceSyncer$SyncSet.checkIfSyncIsComplete:382 android.window.SurfaceSyncer$SyncSet.markSyncReady:359 android.window.SurfaceSyncer.markSyncReady:151 android.view.ViewRootImpl.performTraversals:4373
08-30 18:43:51.244  1872  1916 D ViewRootImpl@ffc901e[uianaliticsxml]: reportDrawFinished seqId=0 mSyncId=-1 fn=1 mSurfaceChangedTransaction=0xb4000076cbf7ea30
08-30 18:43:51.246  1054  1848 I SurfaceFlinger: id=86950 createSurf flag=24000, Surface(name=Task=1)/@0x7bcb610 - animation-leash of app_transition#86950
08-30 18:43:51.247  1054  1054 I SurfaceFlinger: [4d13dc com.sec.android.app.launcher/com.sec.android.app.launcher.activities.LauncherActivity#124] FrameRatePriority: -1
08-30 18:43:51.247  1054  2920 I SurfaceFlinger: id=86951 createSurf flag=24004, Surface(name=Task=26444)/@0xe46f788 - animation-leash of app_transition#86951
08-30 18:43:51.248  1054  2920 I SurfaceFlinger: id=86952 createSurf flag=24000, Surface(name=WindowToken{b98a346 type=2019 android.os.BinderProxy@123bd88})/@0x5f2620c - animation-leash of token_transform#86952
08-30 18:43:51.249   911   911 D Zygote  : Forked child process 2788
08-30 18:43:51.249  1054  2920 I SurfaceFlinger: id=86953 createSurf flag=80000, ba6d03f ActivityRecordInputSink com.example.uianaliticsxml/.MainActivity#86953
08-30 18:43:51.251  1872  1900 D Bubbles : onLocusVisibilityChanged: LocusId[17_chars] visible=false
08-30 18:43:51.263  1054  1054 I Layer   : Layer [Splash Screen com.example.uianaliticsxml$_1872#86949] hidden!! flag(0)
08-30 18:43:51.275 11697 11703 I adbd    : jdwp connection from 2788
08-30 18:43:51.277  1055  1088 I heimdall: insert_task_to_group:67, insert tgid 2788 to group com.sec.android.app.chromecustomizations, ret = 0
08-30 18:43:51.278  2788  2788 D ActivityThread: setConscryptValidator
08-30 18:43:51.278  2788  2788 D ActivityThread: setConscryptValidator - put
08-30 18:43:51.283  1054  1054 D SurfaceFlinger: Display 4633128672291735937 HWC layers:
08-30 18:43:51.283  1054  1054 D SurfaceFlinger:      DEVICE | 0xb4000070998c9410 | 0100 | RGBx_8888    |  660.0    0.0 1740.0 2400.0 |    0    0 1080 2400 | Wallpaper BBQ wrapper#80
08-30 18:43:51.283  1054  1054 D SurfaceFlinger:      DEVICE | 0xb4000070998bd390 | 0100 | RGBA_8888    |    0.0    0.0 1080.0 2400.0 |    0    0 1080 2400 | com.sec.android.app.launcher/com.sec[...]ivities.LauncherActivity$_2446#86941
08-30 18:43:51.283  1054  1054 D SurfaceFlinger:      DEVICE | 0xb4000070998c2950 | 0100 | RGBA_8888    |    0.0    0.0 1080.0 2400.0 |   76  168 1004 2232 | Splash Screen com.example.uianaliticsxml$_1872#86949
08-30 18:43:51.283  1054  1054 D SurfaceFlinger:      DEVICE | 0xb4000070998c5a50 | 0100 | RGBA_8888    |    0.0    0.0 1080.0   80.0 |    0    0 1080   80 | StatusBar$_1872#94
08-30 18:43:51.283  1054  1054 D SurfaceFlinger:      DEVICE | 0xb4000070998c8d10 | 0100 | RGBA_8888    |    0.0    0.0   67.0  329.0 | 1013  384 1080  713 | com.samsung.android.app.cocktailbars[...]rvice.CocktailBarService$_4516#85627
08-30 18:43:51.283  1054  1054 D SurfaceFlinger:      DEVICE | 0xb4000070998dd0d0 | 0100 | RGBA_8888    |    0.0    0.0 1080.0  144.0 |    0 2256 1080 2400 | NavigationBar0$_1872#87
08-30 18:43:51.283  1054  1054 D SurfaceFlinger:
08-30 18:43:51.286  1408  2566 D InputDispatcher: Focused application(0): ActivityRecord{a6b6655 u0 com.example.uianaliticsxml/.MainActivity} t26444}
08-30 18:43:51.288  2788  2788 D CompatibilityChangeReporter: Compat change id reported: 171979766; UID 10791; state: ENABLED
08-30 18:43:51.289  1055  1088 I heimdall: insert_task_to_group:67, insert tgid 2788 to group com.example.uianaliticsxml, ret = 0
08-30 18:43:51.289  1408  1486 I SemPersonaManager: SecureFolder personaId = 150
08-30 18:43:51.302  1408  1486 D EnterpriseDeviceManagerService: isMdmAdminPresentInternal() : MDM Admin Found - com.samsung.knox.securefolder
08-30 18:43:51.303  1408  3212 I MediaSessionMonitor: Media session stopped : controllerList empty
08-30 18:43:51.305  4516  4516 I ActivityUtils: HomePackage : com.sec.android.app.launcher, resumePackageName : com.example.uianaliticsxml
08-30 18:43:51.306  6000  6172 I Rubin   : [1116] t9.a.c(SourceFile:1) : Notify com.samsung.android.rubin.inferenceengine.contextanalytics.engine.loggers.d's database is updated.
08-30 18:43:51.315  2446   708 I RecentModel: onTaskStackChangedBackground
08-30 18:43:51.330  2788  2788 D nativeloader: Configuring classloader-namespace for other apk /data/app/~~Aw2NXFNi2w0xwOOdS2fxBQ==/com.example.uianaliticsxml-TA3DSR0biO9HNNSlskWq_A==/base.apk. target_sdk_version=33, uses_libraries=, library_path=/data/app/~~Aw2NXFNi2w0xwOOdS2fxBQ==/com.example.uianaliticsxml-TA3DSR0biO9HNNSlskWq_A==/lib/arm64, permitted_path=/data:/mnt/expand:/data/user/0/com.example.uianaliticsxml
08-30 18:43:51.341  6000  6172 I Rubin   : [1116] ha.e.m(SourceFile:6) : isSatisfiedByCmh is false
08-30 18:43:51.344  2788  2788 V GraphicsEnvironment: ANGLE Developer option for 'com.example.uianaliticsxml' set to: 'default'
08-30 18:43:51.345  2788  2788 V GraphicsEnvironment: ANGLE GameManagerService for com.example.uianaliticsxml: false
08-30 18:43:51.345  2788  2788 V GraphicsEnvironment: App is not on the allowlist for updatable production driver.
08-30 18:43:51.346  2788  2788 D NetworkSecurityConfig: No Network Security Config specified, using platform default
08-30 18:43:51.347  2788  2788 D NetworkSecurityConfig: No Network Security Config specified, using platform default
08-30 18:43:51.355  2788  2813 D OpenGLRenderer: RenderThread::requireGlContext()
08-30 18:43:51.359  2788  2788 D AppCompatDelegate: Checking for metadata for AppLocalesMetadataHolderService : Service not found
08-30 18:43:51.364  2788  2813 D OpenGLRenderer: RenderThread::setGrContext()
08-30 18:43:51.373  2788  2788 I DecorView: [INFO] isPopOver=false config=true
08-30 18:43:51.373  2788  2788 I DecorView: updateCaptionType: isFloating=false isApplication=true hasWindowDecorCaption=false this=DecorView@270e2e2[]
08-30 18:43:51.373  2788  2788 D DecorView: setCaptionType = 0, this = DecorView@270e2e2[]
08-30 18:43:51.374  2788  2788 I DecorView: getCurrentDensityDpi: from real metrics. densityDpi=480 msg=resources_loaded
08-30 18:43:51.374  2788  2788 I DecorView: setWindowBackground: isPopOver=false color=ff1c1b1f d=android.graphics.drawable.ColorDrawable@3a91930
08-30 18:43:51.383  1054  1092 I SurfaceFlinger: id=86954 createSurf flag=24004, Surface(name=WindowToken{b98a346 type=2019 android.os.BinderProxy@123bd88})/@0x5f2620c - animation-leash of token_transform#86954
08-30 18:43:51.383  2788  2788 D CompatibilityChangeReporter: Compat change id reported: 210923482; UID 10791; state: ENABLED
08-30 18:43:51.390  2788  2788 I MSHandlerLifeCycle: check: return. pkg=com.example.uianaliticsxml parent=null callers=com.android.internal.policy.DecorView.setVisibility:4378 android.app.ActivityThread.handleResumeActivity:5463 android.app.servertransaction.ResumeActivityItem.execute:54 android.app.servertransaction.ActivityTransactionItem.execute:45 android.app.servertransaction.TransactionExecutor.executeLifecycleState:176
08-30 18:43:51.390  2788  2788 I MSHandlerLifeCycle: removeMultiSplitHandler: no exist. decor=DecorView@270e2e2[]
08-30 18:43:51.392  2788  2813 D NativeCustomFrequencyManager: [NativeCFMS] BpCustomFrequencyManager::BpCustomFrequencyManager()
08-30 18:43:51.394  1408  2566 D InputTransport: Input channel constructed: 'e74e732', fd=1240
08-30 18:43:51.394  1408  2566 D InputTransport: Input channel constructed: 'e74e732', fd=1241
08-30 18:43:51.394  1408  2566 D InputTransport: Input channel constructed: 'e74e732', fd=1242
08-30 18:43:51.395  1054  1092 I SurfaceFlinger: id=86955 createSurf flag=80004, e74e732 com.example.uianaliticsxml/com.example.uianaliticsxml.MainActivity#86955
08-30 18:43:51.395  1408  2566 D InputTransport: Input channel destroyed: 'e74e732', fd=1242
08-30 18:43:51.396  2788  2788 D InsetsController: onStateChanged: InsetsState: {mDisplayFrame=Rect(0, 0 - 1080, 2400), mDisplayCutout=DisplayCutout{insets=Rect(0, 80 - 0, 0) waterfall=Insets{left=0, top=0, right=0, bottom=0} boundingRect={Bounds=[Rect(0, 0 - 0, 0), Rect(510, 0 - 570, 80), Rect(0, 0 - 0, 0), Rect(0, 0 - 0, 0)]} cutoutPathParserInfo={CutoutPathParserInfo{displayWidth=1080 displayHeight=2400 physicalDisplayWidth=1080 physicalDisplayHeight=2400 density={3.0} cutoutSpec={M 0,0 H -10 V 26.66666666666667 H 10 V 0 H 0 Z @dp} rotation={0} scale={1.0} physicalPixelDisplaySizeRatio={1.0}}}}, mRoundedCorners=RoundedCorners{[RoundedCorner{position=TopLeft, radius=96, center=Point(96, 96)}, RoundedCorner{position=TopRight, radius=96, center=Point(984, 96)}, RoundedCorner{position=BottomRight, radius=96, center=Point(984, 2304)}, RoundedCorner{position=BottomLeft, radius=96, center=Point(96, 2304)}]}  mRoundedCornerFrame=Rect(0, 0 - 1080, 2400), mPrivacyIndicatorBounds=PrivacyIndicatorBounds {static bounds=Rect(948, 0 - 1080, 80) rotation=0}, mSources= { InsetsSource: {mType=ITYPE_STATUS_BAR, mFrame=[0,0][1080,80], mVisible=true, mInsetsRoundedCornerFrame=false}, InsetsSource: {mType=ITYPE_NAVIGATION_BAR, mFrame=[0,2355][1080,2400], mVisible=true, mInsetsRoundedCornerFrame=false}, InsetsSource: {mType=ITYPE_LEFT_GESTURES, mFrame=[0,0][90,2400], mVisible=true, mInsetsRoundedCornerFrame=false}, InsetsSource: {mType=ITYPE_RIGHT_GESTURES, mFrame=[990,0][1080,2400], mVisible=true, mInsetsRoundedCornerFrame=false}, InsetsSource: {mType=ITYPE_TOP_MANDATORY_GESTURES, mFrame=[0,0][1080,116], mVisible=true, mInsetsRoundedCornerFrame=false}, InsetsSource: {mType=ITYPE_BOTTOM_MANDATORY_GESTURES, mFrame=[0,2304][1080,2400], mVisible=true, mInsetsRoundedCornerFrame=false}, InsetsSource: {mType=ITYPE_LEFT_DISPLAY_CUTOUT, mFrame=[0,0][-100000,2400], mVisible=true, mInsetsRoundedCornerFrame=false}, InsetsSource: {mType=ITYPE_TOP_DISPLAY_CUTOUT, mFrame=[0,0][1080,80], mVisible=true, mInsetsRoundedCornerFrame=false}, InsetsSource: {mType=ITYPE_RIGHT_DISPLAY_CUTOUT, mFrame=[100000,0][1080,2400], mVisible=true, mInsetsRoundedCornerFrame=false}, InsetsSource: {mType=ITYPE_BOTTOM_DISPLAY_CUTOUT, mFrame=[0,100000][1080,2400], mVisible=true, mInsetsRoundedCornerFrame=false}, InsetsSource: {mType=ITYPE_TOP_TAPPABLE_ELEMENT, mFrame=[0,0][1080,80], mVisible=true, mInsetsRoundedCornerFrame=false}, InsetsSource: {mType=ITYPE_BOTTOM_TAPPABLE_ELEMENT, mFrame=[0,0][0,0], mVisible=true, mInsetsRoundedCornerFrame=false}, InsetsSource: {mType=ITYPE_IME, mFrame=[0,0][0,0], mVisible=false, mInsetsRoundedCornerFrame=false} } host=com.example.uianaliticsxml/com.example.uianaliticsxml.MainActivity from=android.view.ViewRootImpl.setView:1700
08-30 18:43:51.397  2788  2788 I ViewRootImpl@83375f0[MainActivity]: setView = com.android.internal.policy.DecorView@270e2e2 TM=true
08-30 18:43:51.398  2788  2788 I MSHandlerLifeCycle: removeMultiSplitHandler: no exist. decor=DecorView@270e2e2[MainActivity]
08-30 18:43:51.399  1408  1531 D AnalyticsContainerHandler: handleMessage : { when=0 what=1 target=com.android.server.knox.KnoxAnalyticsContainer$AnalyticsHandler }
08-30 18:43:51.399  1054  1054 D SurfaceFlinger: Display 4633128672291735937 HWC layers:
08-30 18:43:51.399  1054  1054 D SurfaceFlinger:      DEVICE | 0xb4000070998c9410 | 0100 | RGBx_8888    |  660.0    0.0 1740.0 2400.0 |    0    0 1080 2400 | Wallpaper BBQ wrapper#80
08-30 18:43:51.399  1054  1054 D SurfaceFlinger:      DEVICE | 0xb4000070998bd390 | 0100 | RGBA_8888    |    0.0    0.0 1080.0 2400.0 |    0    0 1080 2400 | com.sec.android.app.launcher/com.sec[...]ivities.LauncherActivity$_2446#86941
08-30 18:43:51.399  1054  1054 D SurfaceFlinger:      DEVICE | 0xb4000070998c2950 | 0100 | RGBA_8888    |    0.0    0.0 1080.0 2400.0 |   21   48 1059 2352 | Splash Screen com.example.uianaliticsxml$_1872#86949
08-30 18:43:51.399  1054  1054 D SurfaceFlinger:      DEVICE | 0xb4000070998c5a50 | 0100 | RGBA_8888    |    0.0    0.0 1080.0   80.0 |    0    0 1080   80 | StatusBar$_1872#94
08-30 18:43:51.399  1054  1054 D SurfaceFlinger:      DEVICE | 0xb4000070998c8d10 | 0100 | RGBA_8888    |    0.0    0.0   67.0  329.0 | 1013  384 1080  713 | com.samsung.android.app.cocktailbars[...]rvice.CocktailBarService$_4516#85627
08-30 18:43:51.399  1054  1054 D SurfaceFlinger:
08-30 18:43:51.404  2788  2788 D ViewRootImpl@83375f0[MainActivity]: performTraversals params={(0,0)(fillxfill) sim={adjust=resize forwardNavigation} ty=BASE_APPLICATION wanim=0x1030309
08-30 18:43:51.404  2788  2788 D ViewRootImpl@83375f0[MainActivity]:   fl=81810100
08-30 18:43:51.404  2788  2788 D ViewRootImpl@83375f0[MainActivity]:   pfl=12020040
08-30 18:43:51.404  2788  2788 D ViewRootImpl@83375f0[MainActivity]:   bhv=DEFAULT
08-30 18:43:51.404  2788  2788 D ViewRootImpl@83375f0[MainActivity]:   fitSides= naviIconColor=0}
08-30 18:43:51.405  2788  2788 D ViewRootImpl@83375f0[MainActivity]: performTraversals mFirst=true windowShouldResize=true viewVisibilityChanged=false mForceNextWindowRelayout=false params={(0,0)(fillxfill) sim={adjust=resize forwardNavigation} ty=BASE_APPLICATION wanim=0x1030309
08-30 18:43:51.405  2788  2788 D ViewRootImpl@83375f0[MainActivity]:   fl=81810100
08-30 18:43:51.405  2788  2788 D ViewRootImpl@83375f0[MainActivity]:   pfl=12020040
08-30 18:43:51.405  2788  2788 D ViewRootImpl@83375f0[MainActivity]:   bhv=DEFAULT
08-30 18:43:51.405  2788  2788 D ViewRootImpl@83375f0[MainActivity]:   fitSides= naviIconColor=0}
08-30 18:43:51.405  1408  2566 V WindowManager: Relayout Window{e74e732 u0 com.example.uianaliticsxml/com.example.uianaliticsxml.MainActivity}: viewVisibility=0 req=1080x2400 d0
08-30 18:43:51.405  1054  1848 I SurfaceFlinger: id=86956 createSurf flag=40004, com.example.uianaliticsxml/com.example.uianaliticsxml.MainActivity$_2788#86956
08-30 18:43:51.407  1054  1848 I SurfaceFlinger: id=86957 createSurf flag=24000, Surface(name=e0b30c0 StatusBar)/@0x15aa7e0 - animation-leash of insets_animation#86957
08-30 18:43:51.408  1054  1848 I SurfaceFlinger: id=86958 createSurf flag=24000, Surface(name=40811ff NavigationBar0)/@0x7c5593f - animation-leash of insets_animation#86958
08-30 18:43:51.409  2446   708 I TouchInteractionService: onSystemUiStateChanged, stateFlags : 131072 |allow_gesture|
08-30 18:43:51.409  2446  2446 I RecentsAnimationDeviceState: setSystemUiFlags, stateFlags : 131072
08-30 18:43:51.409  2446  2446 I TouchInteractionService: onSystemUiFlagsChanged, lastSysUIFlags : 0
08-30 18:43:51.409  1408  2566 V WindowManager: Relayout hash=e74e732, pid=2788, syncId=-1: mAttrs={(0,0)(fillxfill) sim={adjust=resize forwardNavigation} ty=BASE_APPLICATION wanim=0x1030309
08-30 18:43:51.409  1408  2566 V WindowManager:   fl=81810100
08-30 18:43:51.409  1408  2566 V WindowManager:   pfl=12020040
08-30 18:43:51.409  1408  2566 V WindowManager:   bhv=DEFAULT
08-30 18:43:51.409  1408  2566 V WindowManager:   fitSides= naviIconColor=0}
08-30 18:43:51.410  2788  2788 D BLASTBufferQueue: new BLASTBufferQueue, mNativeObject= 0xb40000770be147b0 name= ViewRootImpl@83375f0[MainActivity] sc.mNativeObject= 0xb40000769be40f80 caller= android.view.ViewRootImpl.updateBlastSurfaceIfNeeded:2789 android.view.ViewRootImpl.relayoutWindow:9635 android.view.ViewRootImpl.performTraversals:3759 android.view.ViewRootImpl.doTraversal:2991 android.view.ViewRootImpl$TraversalRunnable.run:10665 android.view.Choreographer$CallbackRecord.run:1301 android.view.Choreographer$CallbackRecord.run:1309 android.view.Choreographer.doCallbacks:923 android.view.Choreographer.doFrame:852 android.view.Choreographer$FrameDisplayEventReceiver.run:1283
08-30 18:43:51.410  2788  2788 D BLASTBufferQueue: update, w= 1080 h= 2400 mNativeObject= 0xb40000770be147b0 sc.mNativeObject= 0xb40000769be40f80 format= -1 caller= android.graphics.BLASTBufferQueue.<init>:76 android.view.ViewRootImpl.updateBlastSurfaceIfNeeded:2789 android.view.ViewRootImpl.relayoutWindow:9635 android.view.ViewRootImpl.performTraversals:3759 android.view.ViewRootImpl.doTraversal:2991 android.view.ViewRootImpl$TraversalRunnable.run:10665
08-30 18:43:51.410  2788  2788 I ViewRootImpl@83375f0[MainActivity]: Relayout returned: old=(0,0,1080,2400) new=(0,0,1080,2400) req=(1080,2400)0 dur=5 res=0x3 s={true 0xb40000779be4dbe0} ch=true seqId=0
08-30 18:43:51.411  1054  1848 W ServiceManager: Permission failure: android.permission.ACCESS_SURFACE_FLINGER from uid=10791 pid=0
08-30 18:43:51.411  1054  1848 D PermissionCache: checking android.permission.ACCESS_SURFACE_FLINGER for uid=10791 => denied (146 us)
08-30 18:43:51.411  1054  2920 W ServiceManager: Permission failure: android.permission.ACCESS_SURFACE_FLINGER from uid=10791 pid=2788
08-30 18:43:51.411  1054  2920 D PermissionCache: checking android.permission.ACCESS_SURFACE_FLINGER for uid=10791 => denied (138 us)
08-30 18:43:51.411  1054  1848 W ServiceManager: Permission failure: android.permission.ROTATE_SURFACE_FLINGER from uid=10791 pid=0
08-30 18:43:51.411  1054  1848 D PermissionCache: checking android.permission.ROTATE_SURFACE_FLINGER for uid=10791 => denied (84 us)
08-30 18:43:51.411  1054  2920 W ServiceManager: Permission failure: android.permission.ROTATE_SURFACE_FLINGER from uid=10791 pid=2788
08-30 18:43:51.411  1054  2920 D PermissionCache: checking android.permission.ROTATE_SURFACE_FLINGER for uid=10791 => denied (98 us)
08-30 18:43:51.411  1054  1848 W ServiceManager: Permission failure: android.permission.INTERNAL_SYSTEM_WINDOW from uid=10791 pid=0
08-30 18:43:51.411  1054  1848 D PermissionCache: checking android.permission.INTERNAL_SYSTEM_WINDOW for uid=10791 => denied (99 us)
08-30 18:43:51.411  1054  2920 W ServiceManager: Permission failure: android.permission.INTERNAL_SYSTEM_WINDOW from uid=10791 pid=2788
08-30 18:43:51.411  1054  2920 D PermissionCache: checking android.permission.INTERNAL_SYSTEM_WINDOW for uid=10791 => denied (114 us)
08-30 18:43:51.411  2788  2788 D ViewRootImpl@83375f0[MainActivity]: mThreadedRenderer.initialize() mSurface={isValid=true 0xb40000779be4dbe0} hwInitialized=true
08-30 18:43:51.412   934  1134 I display : getColorModes:: Supported color modes (3)
08-30 18:43:51.412   934  1134 I display : 	[0] mode 0
08-30 18:43:51.412   934  1134 I display : 	[1] mode 7
08-30 18:43:51.412   934  1134 I display : 	[2] mode 6
08-30 18:43:51.412  2788  2813 D OpenGLRenderer: eglCreateWindowSurface
08-30 18:43:51.414  1054  1054 I Layer   : id=86952 removeFromCurrentState Surface(name=WindowToken{b98a346 type=2019 android.os.BinderProxy@123bd88})/@0x5f2620c - animation-leash of token_transform#86952 (129)
08-30 18:43:51.414  1054  1054 I SurfaceFlinger: id=86952 Removed Surface(name=WindowToken{b98a346 type=2019 android.os.BinderProxy@123bd88})/@0x5f2620c - animation-leash of token_transform#86952 (129)
08-30 18:43:51.414  1054  1054 I Layer   : id=86952 Destroyed Surface(name=WindowToken{b98a346 type=2019 android.os.BinderProxy@123bd88})/@0x5f2620c - animation-leash of token_transform#86952
08-30 18:43:51.418   627   702 I servicemanager: Could not find android.hardware.graphics.allocator.IAllocator/default in the VINTF manifest.
08-30 18:43:51.423  2788  2788 D ViewRootImpl@83375f0[MainActivity]: reportNextDraw android.view.ViewRootImpl.performTraversals:4313 android.view.ViewRootImpl.doTraversal:2991 android.view.ViewRootImpl$TraversalRunnable.run:10665 android.view.Choreographer$CallbackRecord.run:1301 android.view.Choreographer$CallbackRecord.run:1309
08-30 18:43:51.423  2788  2788 D ViewRootImpl@83375f0[MainActivity]: Setup new sync id=0
08-30 18:43:51.423  2788  2788 D ViewRootImpl@83375f0[MainActivity]: Setting syncFrameCallback
08-30 18:43:51.423  2788  2788 D ViewRootImpl@83375f0[MainActivity]: registerCallbacksForSync syncBuffer=false
08-30 18:43:51.426  2788  2830 D ViewRootImpl@83375f0[MainActivity]: Received frameDrawingCallback syncResult=0 frameNum=1.
08-30 18:43:51.426  2788  2830 D ViewRootImpl@83375f0[MainActivity]: Setting up sync and frameCommitCallback
08-30 18:43:51.431  1054  1054 I Layer   : id=86942 removeFromCurrentState Surface(name=e0b30c0 StatusBar)/@0x15aa7e0 - animation-leash of insets_animation#86942 (128)
08-30 18:43:51.431  1054  1054 I Layer   : id=86943 removeFromCurrentState Surface(name=40811ff NavigationBar0)/@0x7c5593f - animation-leash of insets_animation#86943 (128)
08-30 18:43:51.431  1054  1054 I SurfaceFlinger: [e74e732 com.example.uianaliticsxml/com.example.uianaliticsxml.MainActivity#86955] FrameRatePriority: 1
08-30 18:43:51.431  1054  1054 D SurfaceFlinger: [input] inputWindowCommands.focusRequests size is 1
08-30 18:43:51.431  1054  1054 I SurfaceFlinger: id=86942 Removed Surface(name=e0b30c0 StatusBar)/@0x15aa7e0 - animation-leash of insets_animation#86942 (128)
08-30 18:43:51.431  1054  1054 I SurfaceFlinger: id=86943 Removed Surface(name=40811ff NavigationBar0)/@0x7c5593f - animation-leash of insets_animation#86943 (128)
08-30 18:43:51.431  1054  1054 I Layer   : id=86943 Destroyed Surface(name=40811ff NavigationBar0)/@0x7c5593f - animation-leash of insets_animation#86943
08-30 18:43:51.431  1054  1054 I Layer   : id=86942 Destroyed Surface(name=e0b30c0 StatusBar)/@0x15aa7e0 - animation-leash of insets_animation#86942
08-30 18:43:51.432  1054  1169 D SurfaceFlinger: [input] setFocusedWindow: e74e732 com.example.uianaliticsxml/com.example.uianaliticsxml.MainActivity
08-30 18:43:51.432  1408  4399 D InputDispatcher: Focus request (0): e74e732 com.example.uianaliticsxml/com.example.uianaliticsxml.MainActivity but waiting because NO_WINDOW
08-30 18:43:51.433  1054  1054 D SurfaceFlinger: Display 4633128672291735937 HWC layers:
08-30 18:43:51.433  1054  1054 D SurfaceFlinger:      DEVICE | 0xb4000070998c9410 | 0100 | RGBx_8888    |  660.0    0.0 1740.0 2400.0 |    0    0 1080 2400 | Wallpaper BBQ wrapper#80
08-30 18:43:51.433  1054  1054 D SurfaceFlinger:      DEVICE | 0xb4000070998bd390 | 0100 | RGBA_8888    |    0.0    0.0 1080.0 2400.0 |    0    0 1080 2400 | com.sec.android.app.launcher/com.sec[...]ivities.LauncherActivity$_2446#86941
08-30 18:43:51.433  1054  1054 D SurfaceFlinger:      DEVICE | 0xb4000070998c2950 | 0100 | RGBA_8888    |    0.0    0.0 1080.0 2400.0 |   14   31 1066 2369 | Splash Screen com.example.uianaliticsxml$_1872#86949
08-30 18:43:51.433  1054  1054 D SurfaceFlinger:      DEVICE | 0xb4000070998dd0d0 | 0100 | RGBA_8888    |    0.0    0.0 1080.0  144.0 |   14 2228 1066 2369 | NavigationBar0$_1872#87
08-30 18:43:51.433  1054  1054 D SurfaceFlinger:      DEVICE | 0xb4000070998c5a50 | 0100 | RGBA_8888    |    0.0    0.0 1080.0   80.0 |    0    0 1080   80 | StatusBar$_1872#94
08-30 18:43:51.433  1054  1054 D SurfaceFlinger:      DEVICE | 0xb4000070998c8d10 | 0100 | RGBA_8888    |    0.0    0.0   67.0  329.0 | 1013  384 1080  713 | com.samsung.android.app.cocktailbars[...]rvice.CocktailBarService$_4516#85627
08-30 18:43:51.433  1054  1054 D SurfaceFlinger:
08-30 18:43:51.474  1408  1438 W System  : A resource failed to call release.
08-30 18:43:51.483  2788  2813 D BLASTBufferQueue: [ViewRootImpl@83375f0[MainActivity]#0](f:0,a:0) onFrameAvailable the first frame is available
08-30 18:43:51.483  2788  2813 D ViewRootImpl@83375f0[MainActivity]: Received frameCommittedCallback lastAttemptedDrawFrameNum=1 didProduceBuffer=true
08-30 18:43:51.484  2788  2813 D OpenGLRenderer: CFMS:: SetUp Pid : 2788    Tid : 2813
08-30 18:43:51.485  2788  2813 W Parcel  : Expecting binder but got null!
08-30 18:43:51.485  2788  2788 D ViewRootImpl@83375f0[MainActivity]: onSyncComplete
08-30 18:43:51.485  2788  2788 D ViewRootImpl@83375f0[MainActivity]: setupSync seqId=0 mSyncId=0 fn=1 caller=android.view.ViewRootImpl$$ExternalSyntheticLambda11.accept:6 android.window.SurfaceSyncer.lambda$setupSync$1$android-window-SurfaceSyncer:128 android.window.SurfaceSyncer$$ExternalSyntheticLambda1.accept:8 android.window.SurfaceSyncer$SyncSet.checkIfSyncIsComplete:382 android.window.SurfaceSyncer$SyncSet.markSyncReady:359 android.window.SurfaceSyncer.markSyncReady:151 android.view.ViewRootImpl.performTraversals:4373
08-30 18:43:51.485  2788  2788 D ViewRootImpl@83375f0[MainActivity]: reportDrawFinished seqId=0 mSyncId=-1 fn=1 mSurfaceChangedTransaction=0xb4000076cbe11390
08-30 18:43:51.488  1054  1092 I SurfaceFlinger: id=86959 createSurf flag=24000, Surface(name=e74e732 com.example.uianaliticsxml/com.example.uianaliticsxml.MainActivity)/@0x32362c4 - animation-leash of starting_reveal#86959
08-30 18:43:51.490  1408  1483 I PkgPredictorService-SecIpmManagerServiceImpl: reportToNAP uid:10791 com.example.uianaliticsxml/com.example.uianaliticsxml.MainActivity thisTime:293
08-30 18:43:51.491  1408  1483 I ActivityTaskManager: Displayed com.example.uianaliticsxml/.MainActivity: +293ms
08-30 18:43:51.491  3345  3345 E pageboostd: Received HALT command code 2
08-30 18:43:51.496  1408 12401 D PkgPredictorService-IpmAdcpController: com.example.uianaliticsxml become forground, dex profile begin
08-30 18:43:51.498  1408  1665 D InputDispatcher: Focus entered window (0): e74e732 com.example.uianaliticsxml/com.example.uianaliticsxml.MainActivity
08-30 18:43:51.500  2788  2788 I ViewRootImpl@83375f0[MainActivity]: MSG_WINDOW_FOCUS_CHANGED 1 0
08-30 18:43:51.500  2788  2788 D ViewRootImpl@83375f0[MainActivity]: mThreadedRenderer.initializeIfNeeded()#2 mSurface={isValid=true 0xb40000779be4dbe0}
08-30 18:43:51.501  2788  2788 D InputMethodManager: startInputInner - Id : 0
08-30 18:43:51.501  2788  2788 I InputMethodManager: startInputInner - mService.startInputOrWindowGainedFocus
08-30 18:43:51.502  1408  1665 D InputMethodManagerService: DESKTOP MODE! : 2
08-30 18:43:51.502  1408  1665 D InputMethodManagerService: NOT IN KNOX DESKTOP MODE!
08-30 18:43:51.502  1408  1665 V InputMethodManagerService: getDisplayIdOfInputMethodWindowToBeAdded: displayId=0
08-30 18:43:51.502  1408  1665 D InputTransport: Input channel constructed: 'ClientS', fd=493
08-30 18:43:51.502  1408  1665 D InputTransport: Input channel constructed: 'ClientS', fd=582
08-30 18:43:51.503  1408  1665 D InputTransport: Input channel destroyed: 'ClientS', fd=582
08-30 18:43:51.504  1408  1665 D InputMethodManagerService: isImeSwitcherDisabledPackage : false
08-30 18:43:51.505  1408  1665 D InputMethodManagerService: checkDisplayOfStartInputAndUpdateKeyboard: displayId=0, mFocusedDisplayId=0
08-30 18:43:51.505  1408  1665 D InputTransport: Input channel constructed: 'ClientS', fd=582
08-30 18:43:51.505  1408  1665 D InputTransport: Input channel destroyed: 'ClientS', fd=582
08-30 18:43:51.505  2788  2788 D InputMethodManager: startInputInner - Id : 0
08-30 18:43:51.505  5015  5015 I HBD     : HoneyBoardService onFinishInput
08-30 18:43:51.506  5015  5015 I HBD     : a IC have been unbinding,  RemoteInputConnection{idHash=#94222bf}
08-30 18:43:51.506  1054  1848 I SurfaceFlinger: id=86960 createSurf flag=24004, Surface(name=2c93aa8 InputMethod)/@0xa6600a7 - animation-leash of insets_animation#86960
08-30 18:43:51.506  5015  5015 I HBD     : HoneyBoardService [PF_CL][onFinishInput]  1 ms
08-30 18:43:51.506  5015  5015 I HBD     : HoneyBoardService [IMI] onStartInput - caller pid : 2788 , caller uid : 10791
08-30 18:43:51.506  5015  5015 I HBD     : j updateConfigs
08-30 18:43:51.506  5015  5015 I HBD     : j isEnabledNightMode : true
08-30 18:43:51.506  5015  5015 I HBD     : a IC have been binding, RemoteInputConnection{idHash=#3c13cd5}
08-30 18:43:51.506  5015  5015 I HBD     : h [EditorInputType]setPrivateImeOptionsToTable privateImeOptions ( null )
08-30 18:43:51.506  5015  5015 I HBD     : b incognitoMode : false
08-30 18:43:51.506  5015  5015 I HBD     : a needOff = true , isForceOff = false, isNullInputClass : true
08-30 18:43:51.506  5015  5015 I HBD     : h getDefaultInputRange : UNKNOWN
08-30 18:43:51.506  5015  5015 I HBD     : h getDefaultInputRange : UNKNOWN
08-30 18:43:51.506  5015  5015 I HBD     : h getDefaultInputRange : UNKNOWN
08-30 18:43:51.507  5015  5015 I HBD     : a needOff = true , isForceOff = false, isNullInputClass : true
08-30 18:43:51.507  5015  5015 I HBD     : a update cached prediction status : false
08-30 18:43:51.507  5015  5015 I HBD     : h getDefaultInputRange : UNKNOWN
08-30 18:43:51.507  5015  5015 I HBD     : a currentState : 0
08-30 18:43:51.510  1054  1054 D SurfaceFlinger: Display 4633128672291735937 HWC layers:
08-30 18:43:51.510  1054  1054 D SurfaceFlinger:      DEVICE | 0xb4000070998c9410 | 0100 | RGBx_8888    |  660.0    0.0 1740.0 2400.0 |    0    0 1080 2400 | Wallpaper BBQ wrapper#80
08-30 18:43:51.510  1054  1054 D SurfaceFlinger:      DEVICE | 0xb4000070998bd390 | 0100 | RGBA_8888    |    0.0    0.0 1080.0 2400.0 |    0    0 1080 2400 | com.sec.android.app.launcher/com.sec[...]ivities.LauncherActivity$_2446#86941
08-30 18:43:51.510  1054  1054 D SurfaceFlinger:      DEVICE | 0xb4000070998b8bd0 | 0102 | RGBA_8888    |    0.0    0.0 1080.0 2400.0 |    5   11 1075 2389 | com.example.uianaliticsxml/com.examp[...]naliticsxml.MainActivity$_2788#86956
08-30 18:43:51.510  1054  1054 D SurfaceFlinger:      DEVICE | 0xb4000070998c2950 | 0100 | RGBA_8888    |    0.0    0.0 1080.0 2400.0 |    5   11 1075 2389 | Splash Screen com.example.uianaliticsxml$_1872#86949
08-30 18:43:51.510  1054  1054 D SurfaceFlinger:      DEVICE | 0xb4000070998dd0d0 | 0100 | RGBA_8888    |    0.0    0.0 1080.0  144.0 |    5 2247 1075 2389 | NavigationBar0$_1872#87
