08-30 18:43:51.805  2788  2788 D InsetsController: onStateChanged: InsetsState: {mDisplayFrame=Rect(0, 0 - 1080, 2400), mDisplayCutout=DisplayCutout{insets=Rect(0, 80 - 0, 0) waterfall=Insets{left=0, top=0, right=0, bottom=0} boundingRect={Bounds=[Rect(0, 0 - 0, 0), Rect(510, 0 - 570, 80), Rect(0, 0 - 0, 0), Rect(0, 0 - 0, 0)]} cutoutPathParserInfo={CutoutPathParserInfo{displayWidth=1080 displayHeight=2400 physicalDisplayWidth=1080 physicalDisplayHeight=2400 density={3.0} cutoutSpec={M 0,0 H -10 V 26.66666666666667 H 10 V 0 H 0 Z @dp} rotation={0} scale={1.0} physicalPixelDisplaySizeRatio={1.0}}}}, mRoundedCorners=RoundedCorners{[RoundedCorner{position=TopLeft, radius=96, center=Point(96, 96)}, RoundedCorner{position=TopRight, radius=96, center=Point(984, 96)}, RoundedCorner{position=BottomRight, radius=96, center=Point(984, 2304)}, RoundedCorner{position=BottomLeft, radius=96, center=Point(96, 2304)}]}  mRoundedCornerFrame=Rect(0, 0 - 1080, 2400), mPrivacyIndicatorBounds=PrivacyIndicatorBounds {static bounds=Rect(948, 0 - 1080, 80) rotation=0}, mSources= { InsetsSource: {mType=ITYPE_STATUS_BAR, mFrame=[0,0][1080,80], mVisible=true, mInsetsRoundedCornerFrame=false}, InsetsSource: {mType=ITYPE_NAVIGATION_BAR, mFrame=[0,2355][1080,2400], mVisible=true, mInsetsRoundedCornerFrame=false}, InsetsSource: {mType=ITYPE_LEFT_GESTURES, mFrame=[0,0][90,2400], mVisible=true, mInsetsRoundedCornerFrame=false}, InsetsSource: {mType=ITYPE_RIGHT_GESTURES, mFrame=[990,0][1080,2400], mVisible=true, mInsetsRoundedCornerFrame=false}, InsetsSource: {mType=ITYPE_TOP_MANDATORY_GESTURES, mFrame=[0,0][1080,116], mVisible=true, mInsetsRoundedCornerFrame=false}, InsetsSource: {mType=ITYPE_BOTTOM_MANDATORY_GESTURES, mFrame=[0,2304][1080,2400], mVisible=true, mInsetsRoundedCornerFrame=false}, InsetsSource: {mType=ITYPE_LEFT_DISPLAY_CUTOUT, mFrame=[0,0][-100000,2400], mVisible=true, mInsetsRoundedCornerFrame=false}, InsetsSource: {mType=ITYPE_TOP_DISPLAY_CUTOUT, mFrame=[0,0][1080,80], mVisible=true, mInsetsRoundedCornerFrame=false}, InsetsSource: {mType=ITYPE_RIGHT_DISPLAY_CUTOUT, mFrame=[100000,0][1080,2400], mVisible=true, mInsetsRoundedCornerFrame=false}, InsetsSource: {mType=ITYPE_BOTTOM_DISPLAY_CUTOUT, mFrame=[0,100000][1080,2400], mVisible=true, mInsetsRoundedCornerFrame=false}, InsetsSource: {mType=ITYPE_TOP_TAPPABLE_ELEMENT, mFrame=[0,0][1080,80], mVisible=true, mInsetsRoundedCornerFrame=false}, InsetsSource: {mType=ITYPE_BOTTOM_TAPPABLE_ELEMENT, mFrame=[0,0][0,0], mVisible=true, mInsetsRoundedCornerFrame=false}, InsetsSource: {mType=ITYPE_IME, mFrame=[0,0][0,0], mVisible=false, mInsetsRoundedCornerFrame=false} } host=com.example.uianaliticsxml/com.example.uianaliticsxml.DestinationDetailActivity from=android.view.ViewRootImpl.relayoutWindow:9590
08-30 18:43:51.806  2788  2788 D BLASTBufferQueue: new BLASTBufferQueue, mNativeObject= 0xb40000770be22bd0 name= ViewRootImpl@3e0e9db[DestinationDetailActivity] sc.mNativeObject= 0xb40000769be5a680 caller= android.view.ViewRootImpl.updateBlastSurfaceIfNeeded:2789 android.view.ViewRootImpl.relayoutWindow:9635 android.view.ViewRootImpl.performTraversals:3759 android.view.ViewRootImpl.doTraversal:2991 android.view.ViewRootImpl$TraversalRunnable.run:10665 android.view.Choreographer$CallbackRecord.run:1301 android.view.Choreographer$CallbackRecord.run:1309 android.view.Choreographer.doCallbacks:923 android.view.Choreographer.doFrame:852 android.view.Choreographer$FrameDisplayEventReceiver.run:1283
08-30 18:43:51.806  2788  2788 D BLASTBufferQueue: update, w= 1080 h= 2400 mNativeObject= 0xb40000770be22bd0 sc.mNativeObject= 0xb40000769be5a680 format= -1 caller= android.graphics.BLASTBufferQueue.<init>:76 android.view.ViewRootImpl.updateBlastSurfaceIfNeeded:2789 android.view.ViewRootImpl.relayoutWindow:9635 android.view.ViewRootImpl.performTraversals:3759 android.view.ViewRootImpl.doTraversal:2991 android.view.ViewRootImpl$TraversalRunnable.run:10665
08-30 18:43:51.806  2788  2788 I ViewRootImpl@3e0e9db[DestinationDetailActivity]: Relayout returned: old=(0,0,1080,2400) new=(0,0,1080,2400) req=(1080,2400)0 dur=5 res=0x3 s={true 0xb40000779be96200} ch=true seqId=0
08-30 18:43:51.806  2788  2788 D ViewRootImpl@3e0e9db[DestinationDetailActivity]: mThreadedRenderer.initialize() mSurface={isValid=true 0xb40000779be96200} hwInitialized=true
08-30 18:43:51.806  2788  2813 D OpenGLRenderer: eglCreateWindowSurface
08-30 18:43:51.807  2788  2788 D ViewRootImpl@3e0e9db[DestinationDetailActivity]: reportNextDraw android.view.ViewRootImpl.performTraversals:4313 android.view.ViewRootImpl.doTraversal:2991 android.view.ViewRootImpl$TraversalRunnable.run:10665 android.view.Choreographer$CallbackRecord.run:1301 android.view.Choreographer$CallbackRecord.run:1309
08-30 18:43:51.807  2788  2788 D ViewRootImpl@3e0e9db[DestinationDetailActivity]: Setup new sync id=0
08-30 18:43:51.807  2788  2788 D ViewRootImpl@3e0e9db[DestinationDetailActivity]: Setting syncFrameCallback
08-30 18:43:51.807  2788  2788 D ViewRootImpl@3e0e9db[DestinationDetailActivity]: registerCallbacksForSync syncBuffer=false
08-30 18:43:51.808  2788  2828 D ViewRootImpl@3e0e9db[DestinationDetailActivity]: Received frameDrawingCallback syncResult=0 frameNum=1.
08-30 18:43:51.808  2788  2828 D ViewRootImpl@3e0e9db[DestinationDetailActivity]: Setting up sync and frameCommitCallback
08-30 18:43:51.816  2788  2813 D BLASTBufferQueue: [ViewRootImpl@3e0e9db[DestinationDetailActivity]#1](f:0,a:0) onFrameAvailable the first frame is available
08-30 18:43:51.816  2788  2813 D ViewRootImpl@3e0e9db[DestinationDetailActivity]: Received frameCommittedCallback lastAttemptedDrawFrameNum=1 didProduceBuffer=true
08-30 18:43:51.817  2788  2813 D OpenGLRenderer: CFMS:: SetUp Pid : 2788    Tid : 2813
08-30 18:43:51.817  2788  2813 W Parcel  : Expecting binder but got null!
08-30 18:43:51.817  2788  2788 D ViewRootImpl@3e0e9db[DestinationDetailActivity]: onSyncComplete
08-30 18:43:51.817  2788  2788 D ViewRootImpl@3e0e9db[DestinationDetailActivity]: setupSync seqId=0 mSyncId=0 fn=1 caller=android.view.ViewRootImpl$$ExternalSyntheticLambda11.accept:6 android.window.SurfaceSyncer.lambda$setupSync$1$android-window-SurfaceSyncer:128 android.window.SurfaceSyncer$$ExternalSyntheticLambda1.accept:8 android.window.SurfaceSyncer$SyncSet.checkIfSyncIsComplete:382 android.window.SurfaceSyncer$SyncSet.markSyncReady:359 android.window.SurfaceSyncer.markSyncReady:151 android.view.ViewRootImpl.performTraversals:4373
08-30 18:43:51.817  2788  2788 D ViewRootImpl@3e0e9db[DestinationDetailActivity]: reportDrawFinished seqId=0 mSyncId=-1 fn=1 mSurfaceChangedTransaction=0xb4000076cbe29d50
08-30 18:43:51.817  2788  2788 I ViewRootImpl@83375f0[MainActivity]: MSG_WINDOW_FOCUS_CHANGED 0 0
08-30 18:43:51.819  1054  1092 I SurfaceFlinger: id=86966 createSurf flag=24000, Surface(name=ActivityRecord{a6b6655 u0 com.example.uianaliticsxml/.MainActivity})/@0x5c0f5ad - animation-leash of app_transition#86966
08-30 18:43:51.819  1054  2482 I SurfaceFlinger: id=86967 createSurf flag=80004, Surface(name=ActivityRecord{a6b6655 u0 com.example.uianaliticsxml/.MainActivity})/@0x5c0f5ad - animation-bounds#86967
08-30 18:43:51.820   944  2842 I HYPER-HAL: [ResourceManager.cpp]removeResource(): [CPUMinFreq] RemoveResource Request ID : 1020326
08-30 18:43:51.820   944  2842 I HYPER-HAL: [RequestManager.cpp]releaseLocked(): Released ID : 1020326
08-30 18:43:51.820  1054  1092 I SurfaceFlinger: id=86968 createSurf flag=20004, DimAnimationLayer for ActivityRecord{b225816 u0 com.example.uianaliticsxml/.DestinationDetailActivity} t26444}#86968
08-30 18:43:51.820  1054  1092 I SurfaceFlinger: id=86969 createSurf flag=24004, Surface(name=ActivityRecord{b225816 u0 com.example.uianaliticsxml/.DestinationDetailActivity})/@0xce8e8b9 - animation-leash of app_transition#86969
08-30 18:43:51.821  1054  1092 I SurfaceFlinger: id=86970 createSurf flag=80004, Surface(name=ActivityRecord{b225816 u0 com.example.uianaliticsxml/.DestinationDetailActivity})/@0xce8e8b9 - animation-bounds#86970
08-30 18:43:51.822  1408  1483 I ActivityTaskManager: Displayed com.example.uianaliticsxml/.DestinationDetailActivity: +50ms
08-30 18:43:51.822  3345  3345 E pageboostd: Received HALT command code 2
08-30 18:43:51.822  1054  1092 I SurfaceFlinger: id=86971 createSurf flag=80000, adb11d8 ActivityRecordInputSink com.example.uianaliticsxml/.DestinationDetailActivity#86971
08-30 18:43:51.823  1408  1665 I SemDvfsHyPerManager: acquire hyper - AMS_RESUME_TAIL/1408@20, type = -999
08-30 18:43:51.823  1408  1665 I SemDvfsHyPerManager: acquire hyper - AMS_ACT_LAZY/1408@21, type = -999
08-30 18:43:51.823   944   984 I HYPER-HAL: [RequestManager.cpp]acquire(): Acquired ID : 1020326  [1408 / 20]    HINT : AMS_RESUME_TAIL    list :
08-30 18:43:51.823   944   984 I HYPER-HAL: [ResourceManager.cpp]updateResource(): [CPUMinFreq] UpdateResource Request ID : 1020326    Value : 1768000
08-30 18:43:51.824   944   984 I HYPER-HAL: [ResourceManager.cpp]removeResource(): [CPUMinFreq] RemoveResource Request ID : 1017469
08-30 18:43:51.824   944   984 I HYPER-HAL: [RequestManager.cpp]releaseLocked(): Released ID : 1017469
08-30 18:43:51.831  1054  1054 I Layer   : id=86957 removeFromCurrentState Surface(name=e0b30c0 StatusBar)/@0x15aa7e0 - animation-leash of insets_animation#86957 (131)
08-30 18:43:51.831  1054  1054 I Layer   : id=86958 removeFromCurrentState Surface(name=40811ff NavigationBar0)/@0x7c5593f - animation-leash of insets_animation#86958 (131)
08-30 18:43:51.831  1054  1054 I SurfaceFlinger: [26b8e7c com.example.uianaliticsxml/com.example.uianaliticsxml.DestinationDetailActivity#86962] FrameRatePriority: 1
08-30 18:43:51.831  1054  1054 D SurfaceFlinger: [input] inputWindowCommands.focusRequests size is 1
08-30 18:43:51.831  1054  1054 I SurfaceFlinger: id=86957 Removed Surface(name=e0b30c0 StatusBar)/@0x15aa7e0 - animation-leash of insets_animation#86957 (131)
08-30 18:43:51.831  1054  1054 I SurfaceFlinger: id=86958 Removed Surface(name=40811ff NavigationBar0)/@0x7c5593f - animation-leash of insets_animation#86958 (131)
08-30 18:43:51.832  1054  1054 I Layer   : id=86957 Destroyed Surface(name=e0b30c0 StatusBar)/@0x15aa7e0 - animation-leash of insets_animation#86957
08-30 18:43:51.832  1054  1054 I Layer   : id=86958 Destroyed Surface(name=40811ff NavigationBar0)/@0x7c5593f - animation-leash of insets_animation#86958
08-30 18:43:51.832  1054  1169 D SurfaceFlinger: [input] setFocusedWindow: 26b8e7c com.example.uianaliticsxml/com.example.uianaliticsxml.DestinationDetailActivity
08-30 18:43:51.832  1408  1665 D InputDispatcher: Focus request (0): 26b8e7c com.example.uianaliticsxml/com.example.uianaliticsxml.DestinationDetailActivity but waiting because NO_WINDOW
08-30 18:43:51.848  1408  4399 D InputDispatcher: Focus entered window (0): 26b8e7c com.example.uianaliticsxml/com.example.uianaliticsxml.DestinationDetailActivity
08-30 18:43:51.849  2788  2788 I ViewRootImpl@3e0e9db[DestinationDetailActivity]: MSG_WINDOW_FOCUS_CHANGED 1 0
08-30 18:43:51.849  2788  2788 D ViewRootImpl@3e0e9db[DestinationDetailActivity]: mThreadedRenderer.initializeIfNeeded()#2 mSurface={isValid=true 0xb40000779be96200}
08-30 18:43:51.849  2788  2788 D InputMethodManager: startInputInner - Id : 0
08-30 18:43:51.849  2788  2788 I InputMethodManager: startInputInner - mService.startInputOrWindowGainedFocus
08-30 18:43:51.849  1054  1054 D SurfaceFlinger: Display 4633128672291735937 HWC layers:
08-30 18:43:51.849  1054  1054 D SurfaceFlinger:      DEVICE | 0xb4000070998c2250 | 0102 | RGBA_8888    |    0.0    8.0 1080.0 2400.0 |    0    0 1080 2392 | com.example.uianaliticsxml/com.examp[...]naliticsxml.MainActivity$_2788#86956
08-30 18:43:51.849  1054  1054 D SurfaceFlinger:      DEVICE | 0xb4000070998c56d0 | 0102 | RGBA_8888    |    0.0    0.0 1080.0 1997.0 |    0  403 1080 2400 | com.example.uianaliticsxml/com.examp[...]estinationDetailActivity$_2788#86963
08-30 18:43:51.849  1054  1054 D SurfaceFlinger:      DEVICE | 0xb4000070998c5a50 | 0100 | RGBA_8888    |    0.0    0.0 1080.0   80.0 |    0    0 1080   80 | StatusBar$_1872#94
08-30 18:43:51.849  1054  1054 D SurfaceFlinger:      DEVICE | 0xb4000070998c8d10 | 0100 | RGBA_8888    |    0.0    0.0   67.0  329.0 | 1013  384 1080  713 | com.samsung.android.app.cocktailbars[...]rvice.CocktailBarService$_4516#85627
08-30 18:43:51.849  1054  1054 D SurfaceFlinger:      DEVICE | 0xb4000070998dd0d0 | 0100 | RGBA_8888    |    0.0    0.0 1080.0  144.0 |    0 2256 1080 2400 | NavigationBar0$_1872#87
08-30 18:43:51.849  1054  1054 D SurfaceFlinger:
08-30 18:43:51.850  1408  4399 D InputMethodManagerService: DESKTOP MODE! : 2
08-30 18:43:51.850  1408  4399 D InputMethodManagerService: NOT IN KNOX DESKTOP MODE!
08-30 18:43:51.850  1408  4399 V InputMethodManagerService: getDisplayIdOfInputMethodWindowToBeAdded: displayId=0
08-30 18:43:51.850  1408  4399 D InputMethodManagerService: isImeSwitcherDisabledPackage : false
08-30 18:43:51.850  1408  4399 D InputMethodManagerService: checkDisplayOfStartInputAndUpdateKeyboard: displayId=0, mFocusedDisplayId=0
08-30 18:43:51.850  1408  4399 D InputTransport: Input channel constructed: 'ClientS', fd=921
08-30 18:43:51.850  1408  4399 D InputTransport: Input channel destroyed: 'ClientS', fd=921
08-30 18:43:51.851  5015  5015 I HBD     : HoneyBoardService onFinishInput
08-30 18:43:51.851  5015  5015 I HBD     : a IC have been unbinding,  RemoteInputConnection{idHash=#3c13cd5}
08-30 18:43:51.851  5015  5015 I HBD     : HoneyBoardService [PF_CL][onFinishInput]  0 ms
08-30 18:43:51.851  5015  5015 I HBD     : HoneyBoardService [IMI] onStartInput - caller pid : 2788 , caller uid : 10791
08-30 18:43:51.851  1054  1092 I SurfaceFlinger: id=86972 createSurf flag=24004, Surface(name=2c93aa8 InputMethod)/@0xa6600a7 - animation-leash of insets_animation#86972
08-30 18:43:51.851  5015  5015 I HBD     : j updateConfigs
08-30 18:43:51.851  5015  5015 I HBD     : j isEnabledNightMode : true
08-30 18:43:51.852  5015  5015 I HBD     : a IC have been binding, RemoteInputConnection{idHash=#3c13cd5}
08-30 18:43:51.852  5015  5015 I HBD     : h [EditorInputType]setPrivateImeOptionsToTable privateImeOptions ( null )
08-30 18:43:51.852  5015  5015 I HBD     : b incognitoMode : false
08-30 18:43:51.852  5015  5015 I HBD     : a needOff = true , isForceOff = false, isNullInputClass : true
08-30 18:43:51.852  5015  5015 I HBD     : h getDefaultInputRange : UNKNOWN
08-30 18:43:51.852  5015  5015 I HBD     : h getDefaultInputRange : UNKNOWN
08-30 18:43:51.852  5015  5015 I HBD     : h getDefaultInputRange : UNKNOWN
08-30 18:43:51.852  5015  5015 I HBD     : a needOff = true , isForceOff = false, isNullInputClass : true
08-30 18:43:51.852  5015  5015 I HBD     : a update cached prediction status : false
08-30 18:43:51.852  5015  5015 I HBD     : h getDefaultInputRange : UNKNOWN
08-30 18:43:51.853  5015  5015 I HBD     : a currentState : 0
08-30 18:43:51.855  5015  5015 I HBD     : h load selected json path : /data/data/com.samsung.android.honeyboard/files/selected.json
08-30 18:43:51.855  5015  5015 I HBD     : h load selected json info : {"version":"1.0","currentLanguageOrder":0,"selected":[{"activeOptionList":["auto_replace","auto_spacing"],"engName":"Serbian","id":3604480,"inputType":"qwertz","isUsed":true},{"activeOptionList":["auto_replace","auto_spacing"],"engName":"Serbian","id":52887552,"inputType":"qwerty","isUsed":true}]}
08-30 18:43:51.855  5015  5015 I HBD     : a [UpdatePolicy] [post] a: 0 cl: 3604480 kit: [0/1] vt: 0 ir: 1
08-30 18:43:51.855  5015  5015 I HBD     : a [NRIC] resetNoResponseState
08-30 18:43:51.855  5015  5015 I HBD     : a needOff = true , isForceOff = false, isNullInputClass : true
08-30 18:43:51.855  5015  5015 I HBD     : a update cached prediction status : false
08-30 18:43:51.856  5015  5015 I HBD     : HoneyBoardService [PF_OP][onStartInput]  5 ms
08-30 18:43:51.864  1054  1054 I Layer   : id=86960 removeFromCurrentState Surface(name=2c93aa8 InputMethod)/@0xa6600a7 - animation-leash of insets_animation#86960 (130)
08-30 18:43:51.865  1054  1092 I SurfaceFlinger: id=86960 Removed Surface(name=2c93aa8 InputMethod)/@0xa6600a7 - animation-leash of insets_animation#86960 (130)
08-30 18:43:51.865  1408  4399 D InputMethodManagerService: isImeSwitcherDisabledPackage : false
08-30 18:43:51.866  1054  1054 D SurfaceFlinger: Display 4633128672291735937 HWC layers:
08-30 18:43:51.866  1054  1054 D SurfaceFlinger:      DEVICE | 0xb4000070998c2250 | 0102 | RGBA_8888    |    0.0   19.0 1080.0 2400.0 |    0    0 1080 2381 | com.example.uianaliticsxml/com.examp[...]naliticsxml.MainActivity$_2788#86956
08-30 18:43:51.866  1054  1054 D SurfaceFlinger:  SOLID_COLOR |              | 0000 |  Unknown  |    0.0    0.0    0.0    0.0 |    0    0 1080 2400 | DimAnimationLayer for ActivityRecord[...]inationDetailActivity} t26444}#86968
08-30 18:43:51.866  1054  1054 D SurfaceFlinger:      DEVICE | 0xb4000070998c56d0 | 0102 | RGBA_8888    |    0.0    0.0 1080.0 2067.0 |    0  333 1080 2400 | com.example.uianaliticsxml/com.examp[...]estinationDetailActivity$_2788#86963
08-30 18:43:51.866  1054  1054 D SurfaceFlinger:      DEVICE | 0xb4000070998c5a50 | 0100 | RGBA_8888    |    0.0    0.0 1080.0   80.0 |    0    0 1080   80 | StatusBar$_1872#94
08-30 18:43:51.866  1054  1054 D SurfaceFlinger:      DEVICE | 0xb4000070998c8d10 | 0100 | RGBA_8888    |    0.0    0.0   67.0  329.0 | 1013  384 1080  713 | com.samsung.android.app.cocktailbars[...]rvice.CocktailBarService$_4516#85627
08-30 18:43:51.866  1054  1054 D SurfaceFlinger:      DEVICE | 0xb4000070998dd0d0 | 0100 | RGBA_8888    |    0.0    0.0 1080.0  144.0 |    0 2256 1080 2400 | Naviga
08-30 18:43:51.866  1054  1054 D SurfaceFlinger: tionBar0$_1872#87
08-30 18:43:51.866  1054  1054 D SurfaceFlinger:
08-30 18:43:51.866  5015  5015 I InputMethodService: removeImeSurface
08-30 18:43:51.867  5015  5015 I MSHandlerLifeCycle: check: return. pkg=com.samsung.android.honeyboard isActivity=false callers=com.android.internal.policy.DecorView.setVisibility:4378 android.app.Dialog.hide:771 android.inputmethodservice.InputMethodService.removeImeSurface:1290 android.inputmethodservice.InputMethodService.scheduleImeSurfaceRemoval:1279 android.inputmethodservice.InputMethodService.-$$Nest$mscheduleImeSurfaceRemoval:0
08-30 18:43:51.867  5015  5015 I MSHandlerLifeCycle: removeMultiSplitHandler: no exist. decor=DecorView@690e142[InputMethod]
08-30 18:43:51.881  1054  1054 I Layer   : id=86960 Destroyed Surface(name=2c93aa8 InputMethod)/@0xa6600a7 - animation-leash of insets_animation#86960
08-30 18:43:51.881  2446   708 I RecentModel: onTaskStackChangedBackground
08-30 18:43:51.894  8622  9442 I FontLog : (REDACTED) Received query %s, URI %s
08-30 18:43:51.895  8622  9442 I FontLog : (REDACTED) Query [%s] resolved to %s
08-30 18:43:51.896  8622  9442 I FontLog : (REDACTED) Fetch %s end status %s
08-30 18:43:51.897   944  2778 I HYPER-HAL: [ResourceManager.cpp]removeResource(): [CPUMinFreq] RemoveResource Request ID : 1038994
08-30 18:43:51.898   944  2778 I HYPER-HAL: [RequestManager.cpp]releaseLocked(): Released ID : 1038994
08-30 18:43:51.898  8622  9442 I FontLog : (REDACTED) Pulling font file for id = %d, cache size = %d
08-30 18:43:51.899  8622  9442 I FontLog : (REDACTED) Pulling font file for id = %d, cache size = %d
08-30 18:43:52.024 27008 27008 I dnxg    : onStop
08-30 18:43:52.067  1408  1408 I GestureDetector: handleMessage TAP
08-30 18:43:52.067  1408  1484 I GestureDetector: handleMessage TAP
08-30 18:43:52.092  4516  4516 I Utils   : isCurrentUser current = 0, ownerId = 0
08-30 18:43:52.092  4516  4516 I TrayVisibilityController: getComputedTrayVisible : keyguardState = 1
08-30 18:43:52.092  4516  4516 I TrayVisibilityController: updateTrayVisible: State=1 visible=1 mCurrentVisible=1 specificMode=0
08-30 18:43:52.092  4516  4516 I TrayStateController: onNotifyUpdateTray: state=0
08-30 18:43:52.124   944  2871 I HYPER-HAL: [ResourceManager.cpp]removeResource(): [CPUMinFreq] RemoveResource Request ID : 1020326
08-30 18:43:52.124   944  2871 I HYPER-HAL: [RequestManager.cpp]releaseLocked(): Released ID : 1020326
08-30 18:43:52.208   944  2781 I HYPER-HAL: [ResourceManager.cpp]removeResource(): [CPUMinFreq] RemoveResource Request ID : 1018897
08-30 18:43:52.214   944  2781 I HYPER-HAL: [RequestManager.cpp]releaseLocked(): Released ID : 1018897
08-30 18:43:52.219  2788  2788 I ViewRootImpl@83375f0[MainActivity]: handleAppVisibility mAppVisible = true visible = false
08-30 18:43:52.228  1054  1054 D SurfaceFlinger: Display 4633128672291735937 HWC layers:
08-30 18:43:52.228  1054  1054 D SurfaceFlinger:      DEVICE | 0xb4000070998ca050 | 0102 | RGBA_8888    |    0.0    0.0 1080.0 2400.0 |    0    0 1080 2400 | com.example.uianaliticsxml/com.examp[...]estinationDetailActivity$_2788#86963
08-30 18:43:52.228  1054  1054 D SurfaceFlinger:      DEVICE | 0xb4000070998c5a50 | 0100 | RGBA_8888    |    0.0    0.0 1080.0   80.0 |    0    0 1080   80 | StatusBar$_1872#94
08-30 18:43:52.228  1054  1054 D SurfaceFlinger:      DEVICE | 0xb4000070998c8d10 | 0100 | RGBA_8888    |    0.0    0.0   67.0  329.0 | 1013  384 1080  713 | com.samsung.android.app.cocktailbars[...]rvice.CocktailBarService$_4516#85627
08-30 18:43:52.228  1054  1054 D SurfaceFlinger:      DEVICE | 0xb4000070998dd0d0 | 0100 | RGBA_8888    |    0.0    0.0 1080.0  144.0 |    0 2256 1080 2400 | NavigationBar0$_1872#87
08-30 18:43:52.228  1054  1054 D SurfaceFlinger:
08-30 18:43:52.233  1054  1054 I Layer   : id=86966 removeFromCurrentState Surface(name=ActivityRecord{a6b6655 u0 com.example.uianaliticsxml/.MainActivity})/@0x5c0f5ad - animation-leash of app_transition#86966 (129)
08-30 18:43:52.234  1054  1054 I Layer   : id=86969 removeFromCurrentState Surface(name=ActivityRecord{b225816 u0 com.example.uianaliticsxml/.DestinationDetailActivity})/@0xce8e8b9 - animation-leash of app_transition#86969 (129)
08-30 18:43:52.234  1054  1054 I Layer   : id=86961 removeFromCurrentState ActivityRecord{b225816 u0 com.example.uianaliticsxml/.DestinationDetailActivity}#86961 (129)
08-30 18:43:52.234  1054  1054 I Layer   : id=86971 removeFromCurrentState adb11d8 ActivityRecordInputSink com.example.uianaliticsxml/.DestinationDetailActivity#86971 (129)
08-30 18:43:52.234  1054  1054 I Layer   : id=86962 removeFromCurrentState 26b8e7c com.example.uianaliticsxml/com.example.uianaliticsxml.DestinationDetailActivity#86962 (129)
08-30 18:43:52.234  1054  1054 I Layer   : id=86963 removeFromCurrentState com.example.uianaliticsxml/com.example.uianaliticsxml.DestinationDetailActivity$_2788#86963 (129)
08-30 18:43:52.234  1054  1054 I Layer   : id=16 removeFromCurrentState ImeContainer#16 (129)
08-30 18:43:52.234  1054  1054 I Layer   : id=120 removeFromCurrentState WindowToken{aef8769 type=2011 android.os.Binder@72675f0}#120 (129)
08-30 18:43:52.235  1054  1054 I Layer   : id=135 removeFromCurrentState WindowToken{be2a8ce type=2011 android.os.Binder@eb759c9}#135 (129)
08-30 18:43:52.235  1054  1054 I Layer   : id=86972 removeFromCurrentState Surface(name=2c93aa8 InputMethod)/@0xa6600a7 - animation-leash of insets_animation#86972 (129)
08-30 18:43:52.235  2788  2813 D OpenGLRenderer: setSurface called with nullptr
08-30 18:43:52.235  1054  1054 I Layer   : id=138 removeFromCurrentState 2c93aa8 InputMethod#138 (129)
08-30 18:43:52.235  2788  2813 D OpenGLRenderer: setSurface() destroyed EGLSurface
08-30 18:43:52.235  2788  2813 D OpenGLRenderer: destroyEglSurface
08-30 18:43:52.235  1054  1054 I Layer   : id=86967 removeFromCurrentState Surface(name=ActivityRecord{a6b6655 u0 com.example.uianaliticsxml/.MainActivity})/@0x5c0f5ad - animation-bounds#86967 (129)
08-30 18:43:52.235  1054  1054 I Layer   : id=86961 addToCurrentState ActivityRecord{b225816 u0 com.example.uianaliticsxml/.DestinationDetailActivity}#86961 (129)
08-30 18:43:52.235  1054  1054 I Layer   : id=86971 addToCurrentState adb11d8 ActivityRecordInputSink com.example.uianaliticsxml/.DestinationDetailActivity#86971 (129)
08-30 18:43:52.235  1054  1054 I Layer   : id=86962 addToCurrentState 26b8e7c com.example.uianaliticsxml/com.example.uianaliticsxml.DestinationDetailActivity#86962 (129)
08-30 18:43:52.235  1054  1054 I Layer   : id=86963 addToCurrentState com.example.uianaliticsxml/com.example.uianaliticsxml.DestinationDetailActivity$_2788#86963 (129)
08-30 18:43:52.235  1054  1054 I Layer   : id=16 addToCurrentState ImeContainer#16 (129)
08-30 18:43:52.235  1054  1054 I Layer   : id=120 addToCurrentState WindowToken{aef8769 type=2011 android.os.Binder@72675f0}#120 (129)
08-30 18:43:52.235  1054  1054 I Layer   : id=135 addToCurrentState WindowToken{be2a8ce type=2011 android.os.Binder@eb759c9}#135 (129)
08-30 18:43:52.235  1054  1054 I Layer   : id=86972 addToCurrentState Surface(name=2c93aa8 InputMethod)/@0xa6600a7 - animation-leash of insets_animation#86972 (129)
08-30 18:43:52.235  1054  1054 I Layer   : id=138 addToCurrentState 2c93aa8 InputMethod#138 (129)
08-30 18:43:52.235  1054  1054 I Layer   : id=86968 removeFromCurrentState DimAnimationLayer for ActivityRecord{b225816 u0 com.example.uianaliticsxml/.DestinationDetailActivity} t26444}#86968 (129)
08-30 18:43:52.235  1054  1054 I Layer   : id=86970 removeFromCurrentState Surface(name=ActivityRecord{b225816 u0 com.example.uianaliticsxml/.DestinationDetailActivity})/@0xce8e8b9 - animation-bounds#86970 (129)
08-30 18:43:52.236  1054  1054 I Layer   : Layer [com.example.uianaliticsxml/com.example.uianaliticsxml.MainActivity$_2788#86956] hidden!! flag(1)
08-30 18:43:52.236  1054  1054 I SurfaceFlinger: id=86967 Removed Surface(name=ActivityRecord{a6b6655 u0 com.example.uianaliticsxml/.MainActivity})/@0x5c0f5ad - animation-bounds#86967 (129)
08-30 18:43:52.236  1054  1054 I SurfaceFlinger: id=86968 Removed DimAnimationLayer for ActivityRecord{b225816 u0 com.example.uianaliticsxml/.DestinationDetailActivity} t26444}#86968 (129)
08-30 18:43:52.236  1054  1054 I SurfaceFlinger: id=86970 Removed Surface(name=ActivityRecord{b225816 u0 com.example.uianaliticsxml/.DestinationDetailActivity})/@0xce8e8b9 - animation-bounds#86970 (129)
08-30 18:43:52.236  1054  1054 I SurfaceFlinger: id=86969 Removed Surface(name=ActivityRecord{b225816 u0 com.example.uianaliticsxml/.DestinationDetailActivity})/@0xce8e8b9 - animation-leash of app_transition#86969 (129)
08-30 18:43:52.236  1054  1054 I SurfaceFlinger: id=86966 Removed Surface(name=ActivityRecord{a6b6655 u0 com.example.uianaliticsxml/.MainActivity})/@0x5c0f5ad - animation-leash of app_transition#86966 (129)
08-30 18:43:52.237  1054  1054 I Layer   : id=86967 Destroyed Surface(name=ActivityRecord{a6b6655 u0 com.example.uianaliticsxml/.MainActivity})/@0x5c0f5ad - animation-bounds#86967
08-30 18:43:52.237  1054  1054 I Layer   : id=86966 Destroyed Surface(name=ActivityRecord{a6b6655 u0 com.example.uianaliticsxml/.MainActivity})/@0x5c0f5ad - animation-leash of app_transition#86966
08-30 18:43:52.237  1054  1054 I Layer   : id=86970 Destroyed Surface(name=ActivityRecord{b225816 u0 com.example.uianaliticsxml/.DestinationDetailActivity})/@0xce8e8b9 - animation-bounds#86970
08-30 18:43:52.237  1054  1054 I Layer   : id=86969 Destroyed Surface(name=ActivityRecord{b225816 u0 com.example.uianaliticsxml/.DestinationDetailActivity})/@0xce8e8b9 - animation-leash of app_transition#86969
08-30 18:43:52.238  1054  1054 I Layer   : id=86968 Destroyed DimAnimationLayer for ActivityRecord{b225816 u0 com.example.uianaliticsxml/.DestinationDetailActivity} t26444}#86968
08-30 18:43:52.241  2788  2788 D ViewRootImpl@83375f0[MainActivity]: performTraversals mFirst=false windowShouldResize=false viewVisibilityChanged=true mForceNextWindowRelayout=false params=null
08-30 18:43:52.241  1408  2566 V WindowManager: Relayout Window{e74e732 u0 com.example.uianaliticsxml/com.example.uianaliticsxml.MainActivity}: viewVisibility=8 req=1080x2400 d0
08-30 18:43:52.244  1408  2566 V WindowManager: Relayout hash=e74e732, pid=2788, syncId=-1: mAttrs={(0,0)(fillxfill) sim={adjust=resize forwardNavigation} ty=BASE_APPLICATION wanim=0x1030309
08-30 18:43:52.244  1408  2566 V WindowManager:   fl=81810100
08-30 18:43:52.244  1408  2566 V WindowManager:   pfl=12020040
08-30 18:43:52.244  1408  2566 V WindowManager:   bhv=DEFAULT
08-30 18:43:52.244  1408  2566 V WindowManager:   fitSides= naviIconColor=0}
08-30 18:43:52.247  2788  2788 I ViewRootImpl@83375f0[MainActivity]: Relayout returned: old=(0,0,1080,2400) new=(0,0,1080,2400) req=(1080,2400)8 dur=4 res=0x2 s={false 0x0} ch=true seqId=0
08-30 18:43:52.248  2788  2788 I ViewRootImpl@83375f0[MainActivity]: stopped(true) old = false
08-30 18:43:52.248  2788  2788 D ViewRootImpl@83375f0[MainActivity]: WindowStopped on com.example.uianaliticsxml/com.example.uianaliticsxml.MainActivity set to true
08-30 18:43:52.253  2788  2788 I MSHandlerLifeCycle: removeMultiSplitHandler: no exist. decor=DecorView@270e2e2[MainActivity]
08-30 18:43:52.266  2788  2788 D ViewRootImpl@83375f0[MainActivity]: performTraversals mFirst=false windowShouldResize=false viewVisibilityChanged=false mForceNextWindowRelayout=false params={(0,0)(fillxfill) sim={adjust=pan} ty=BASE_APPLICATION wanim=0x1030309
08-30 18:43:52.266  2788  2788 D ViewRootImpl@83375f0[MainActivity]:   fl=81810100
08-30 18:43:52.266  2788  2788 D ViewRootImpl@83375f0[MainActivity]:   pfl=12020040
08-30 18:43:52.266  2788  2788 D ViewRootImpl@83375f0[MainActivity]:   bhv=DEFAULT
08-30 18:43:52.266  2788  2788 D ViewRootImpl@83375f0[MainActivity]:   fitSides= naviIconColor=0}
08-30 18:43:52.266  1408  2566 V WindowManager: Relayout Window{e74e732 u0 com.example.uianaliticsxml/com.example.uianaliticsxml.MainActivity}: viewVisibility=8 req=1080x2400 d0
08-30 18:43:52.273  1408  2566 V WindowManager: Relayout hash=e74e732, pid=2788, syncId=-1: mAttrs={(0,0)(fillxfill) sim={adjust=pan} ty=BASE_APPLICATION wanim=0x1030309
08-30 18:43:52.273  1408  2566 V WindowManager:   fl=81810100
08-30 18:43:52.273  1408  2566 V WindowManager:   pfl=12020040
08-30 18:43:52.273  1408  2566 V WindowManager:   bhv=DEFAULT
08-30 18:43:52.273  1408  2566 V WindowManager:   fitSides= naviIconColor=0}
08-30 18:43:52.274  2788  2788 I ViewRootImpl@83375f0[MainActivity]: Relayout returned: old=(0,0,1080,2400) new=(0,0,1080,2400) req=(1080,2400)8 dur=8 res=0x2 s={false 0x0} ch=false seqId=0
08-30 18:43:52.283  1054  1054 I Layer   : id=86956 removeFromCurrentState com.example.uianaliticsxml/com.example.uianaliticsxml.MainActivity$_2788#86956 (124)
08-30 18:43:52.284  1054  1054 I SurfaceFlinger: id=86956 Removed com.example.uianaliticsxml/com.example.uianaliticsxml.MainActivity$_2788#86956 (124)
08-30 18:43:52.285  1054  1054 I Layer   : id=86956 Destroyed com.example.uianaliticsxml/com.example.uianaliticsxml.MainActivity$_2788#86956
08-30 18:43:52.358   988   988 I sysinput:Touch: bypassCommand:136, OK set_grip_data,1,45,7,15,720,15,2400
08-30 18:43:52.359  1408  1681 D SysinputHAL_V1_3(V1_2): runTspCmdNoRead(1): set_grip_data,1,45,7,15,720,15,2400(0)
08-30 18:43:52.520 18584 18584 I ResourceOverlayService_0: waitAndQuit called
08-30 18:43:52.522 18584 18584 I ResourceOverlayService_0: activity user id 0 process id 0
08-30 18:43:52.706   944  2779 I HYPER-HAL: [ResourceManager.cpp]removeResource(): [CPUMaxFreq] RemoveResource Request ID : 9581265
08-30 18:43:52.706   944  2779 I HYPER-HAL: [RequestManager.cpp]releaseLocked(): Released ID : 9581265
08-30 18:43:52.787  1408  2566 D InputDispatcher: Inject motion (28134/2000): action=0x0, time=202512365000000, f=0x0, d=0 dsdx=1.000000 dtdx=0.000000
08-30 18:43:52.790  1408  1669 I InputDispatcher: Delivering touch to (1872): action: 0x4, f=0x0, d=0, '40811ff', t=1
08-30 18:43:52.790  1408  1669 I InputDispatcher: Delivering touch to (2788): action: 0x0, f=0x0, d=0, '26b8e7c', t=1
08-30 18:43:52.792  2788  2788 I ViewRootImpl@3e0e9db[DestinationDetailActivity]: ViewPostIme pointer 0
08-30 18:43:52.794  2446  2446 I TouchInteractionService: onInputEvent, inputConsumer = com.android.quickstep.d2@ed89d37
08-30 18:43:52.796  1408  1484 I GestureDetector: obtain mCurrentDownEvent. id: -51208784 caller: com.android.server.wm.SystemGesturesPointerEventListener.onPointerEvent:203 com.android.server.wm.PointerEventDispatcher.onInputEvent:53 android.view.InputEventReceiver.dispatchInputEvent:267
08-30 18:43:52.796  1408  1484 I GestureDetector: obtain mCurrentDownEvent. id: -51208784 caller: com.android.server.wm.SystemPerformancePointerEventListener.onPointerEvent:89 com.android.server.wm.PointerEventDispatcher.onInputEvent:53 android.view.InputEventReceiver.dispatchInputEvent:267
08-30 18:43:52.800  1408  2566 D InputDispatcher: Inject motion (28134/2000): action=0x1, time=202512365000000, f=0x0, d=0 dsdx=1.000000 dtdx=0.000000
08-30 18:43:52.801  1408  1669 I InputDispatcher: Delivering touch to (2788): action: 0x1, f=0x0, d=0, '26b8e7c', t=1
08-30 18:43:52.802  2446  2446 I TouchInteractionService: reset
08-30 18:43:52.802  2788  2788 I ViewRootImpl@3e0e9db[DestinationDetailActivity]: ViewPostIme pointer 1
08-30 18:43:52.803  1872  3276 V Navbar.Store: handleEvent(0) ResetBottomGestureHintVI(noArguments=true) [Module]
08-30 18:43:52.804  1872  3276 V Navbar.Store: [Band]GESTURE_PACK_RESET_HINT_VI
08-30 18:43:52.804  1872  3276 V Navbar.Store: apply(0) ResetHintVI
08-30 18:43:52.804  1408  4399 D PhoneWindowManagerExt: f.b. a=false id=50051 he=true ksno=false uid=10791 callingPackage=com.example.uianaliticsxml reason=null Caller=com.android.server.policy.PhoneWindowManager.performHapticFeedback:6506 com.android.server.wm.Session.performHapticFeedback:322 android.view.IWindowSession$Stub.onTransact:909 com.android.server.wm.Session.onTransact:188 android.os.Binder.execTransactInternal:1316
08-30 18:43:52.804  1408  1484 I GestureDetector: obtain mCurrentMotionEventRaw. action: 1 id: -729150098
08-30 18:43:52.807  1408  1484 I GestureDetector: obtain mCurrentMotionEventRaw. action: 1 id: -729150098
08-30 18:43:52.811  1408  1638 I VibratorController: vibratorPerformHapticEngine started
08-30 18:43:52.811   627   702 I servicemanager: Found android.hardware.vibrator.IVibrator/default in device VINTF manifest.
08-30 18:43:52.813  1408  1638 D VibratorController: duration (7).
08-30 18:43:52.813  1408  1638 D VibratorController: amplitude (1500).
08-30 18:43:52.813  1408  1638 D VibratorController: frequency (0).
08-30 18:43:52.813  1408  1638 D VibratorController: overdriving (0).
08-30 18:43:52.813  1408  1638 D VibratorController: duration (30).
08-30 18:43:52.813  1408  1638 D VibratorController: amplitude (0).
08-30 18:43:52.813  1408  1638 D VibratorController: frequency (0).
08-30 18:43:52.813  1408  1638 D VibratorController: overdriving (0).
08-30 18:43:52.813  1408  1638 D VibratorController: duration (60).
08-30 18:43:52.813  1408  1638 D VibratorController: amplitude (25).
08-30 18:43:52.813  1408  1638 D VibratorController: frequency (0).
08-30 18:43:52.813  1408  1638 D VibratorController: overdriving (0).
08-30 18:43:52.813  1408  1638 D VibratorController: duration (15).
08-30 18:43:52.813  1408  1638 D VibratorController: amplitude (0).
08-30 18:43:52.813  1408  1638 D VibratorController: frequency (0).
08-30 18:43:52.813  1408  1638 D VibratorController: overdriving (0).
08-30 18:43:52.813  1408  1638 D VibratorController: duration (7).
08-30 18:43:52.813  1408  1638 D VibratorController: amplitude (9000).
08-30 18:43:52.813  1408  1638 D VibratorController: frequency (0).
08-30 18:43:52.813  1408  1638 D VibratorController: overdriving (0).
08-30 18:43:52.813  1019  1019 E SecVibrator-HAL-AIDL-EXT: V_3_0: performHapticEngine
08-30 18:43:52.813  1019  1019 E SecVibrator-HAL-AIDL-EXT: V_3_0: performHapticEngine amplitude : 4000
08-30 18:43:52.813  1019  1019 E SecVibrator-HAL-AIDL-EXT: V_3_0: performHapticEngine packet_cnt : 5
08-30 18:43:52.813  1019  1019 E SecVibrator-HAL-AIDL-EXT: V_3_0: performHapticEngine total_size : 20
08-30 18:43:52.813  1019  1019 E SecVibrator-HAL-AIDL-EXT: V_3_0: performHapticEngine : 20 7 600 0 0 30 0 0 0 60 10 0 0 15 0 0 0 7 3600 0 0
08-30 18:43:52.815  1019  1019 E SecVibrator-HAL-AIDL-CORE: HW_API: do_on for timeoutMs: 1
08-30 18:43:52.815  1019  1019 E SecVibrator-HAL-AIDL-CORE: HW_API: >> writeNode node:/timed_output/vibrator/enable val:1
08-30 18:43:52.816  1019  1019 E SecVibrator-HAL-AIDL-CORE: HW_API: << writeNode node OK : 2
08-30 18:43:52.816  1019  1019 E SecVibrator-HAL-AIDL-EXT: V_3_0: performHapticEngine OK
08-30 18:43:52.816  1408  1638 D VibratorController: performHapticEngine aidl vendor : OK
08-30 18:43:53.035  1019  1019 E SecVibrator-HAL-AIDL-CORE: V_1_0: Vibrator off
08-30 18:43:53.036  1019  1019 E SecVibrator-HAL-AIDL-CORE: HW_API: >> writeNode node:/timed_output/vibrator/enable val:0
08-30 18:43:53.041  1019  1019 E SecVibrator-HAL-AIDL-CORE: HW_API: << writeNode node OK : 2
08-30 18:43:53.095  1408  1408 I GestureDetector: handleMessage TAP
08-30 18:43:53.096  1408  1484 I GestureDetector: handleMessage TAP
08-30 18:43:53.222  4365  4511 I SemDvfsHyPerManager: acquire hyper - SIOP_ARM_MAX/4365@2, type = 301993986
08-30 18:43:53.223   944   984 I HYPER-HAL: [RequestManager.cpp]acquire(): Acquired ID : 9537530  [4365 / 2]    HINT :      list : [CPUMaxFreq / 1456000]
08-30 18:43:53.224   944   984 I HYPER-HAL: [ResourceManager.cpp]updateResource(): [CPUMaxFreq] UpdateResource Request ID : 9537530    Value : 1456000
08-30 18:43:53.441  1408  2566 D InputDispatcher: Inject key (28134/2000): action=0, f=0x0, d=-1, time=202513007000000
08-30 18:43:53.441  1408  2566 D WindowManager: interceptKeyTq keycode=4 interactive=true keyguardActive=false policyFlags=2b000000
08-30 18:43:53.442  1408  2566 D PhoneWindowManagerExt: interceptKeyTq code=4 down=true repeatCount=0 displayId=-1 interactive=true
08-30 18:43:53.442  1408  2566 D WindowManager: interceptKeyTq interceptKeyResult=4
08-30 18:43:53.444  1408  1669 D WindowManager: interceptKeyTi keyCode=4 down=true repeatCount=0 keyguardOn=false canceled=false
08-30 18:43:53.444  1408  1669 D PhoneWindowManagerExt: interceptKeyTi code=4 down=true repeatCount=0 displayId=-1 interactive=true
08-30 18:43:53.445  1408  1669 I InputDispatcher: Delivering key to (2788): B action: 0x0 (0), f=0x0, m=0x0, d=0, '26b8e7c'
08-30 18:43:53.448  5015  5015 I HBD     : a skip onKeyDown as physical keyboard not connected
08-30 18:43:53.449  5015  5015 I HBD     : HoneyBoardService onKeyDown r:bdcf7d8d consumed:false
08-30 18:43:53.450  1408  3581 D SemWifiUsabilityStatsMonitor: onWifiUsabilityStats - seqNum 45971, isSameBssidAndFreq true
08-30 18:43:53.456  1408  1774 I SemWifiLinkQualityMonitor: Link Qos Query: 0.167 ms / 47.906 Mbps (130 / 0.015 / 2.182)
08-30 18:43:53.456  2788  2788 I ViewRootImpl@3e0e9db[DestinationDetailActivity]: ViewPostIme key 0
08-30 18:43:53.459  1408  2566 D InputDispatcher: Inject key (28134/2000): action=1, f=0x0, d=-1, time=202513007000000
08-30 18:43:53.459  1408  2566 D WindowManager: interceptKeyTq keycode=4 interactive=true keyguardActive=false policyFlags=2b000000
08-30 18:43:53.459  1408  2566 D PhoneWindowManagerExt: interceptKeyTq code=4 down=false repeatCount=0 displayId=-1 interactive=true
08-30 18:43:53.459  1408  2566 D WindowManager: interceptKeyTq interceptKeyResult=4
08-30 18:43:53.459  1408  1669 D WindowManager: interceptKeyTi keyCode=4 down=false repeatCount=0 keyguardOn=false canceled=false
08-30 18:43:53.459  1408  1669 D PhoneWindowManagerExt: interceptKeyTi code=4 down=false repeatCount=0 displayId=-1 interactive=true
08-30 18:43:53.460  1408  1669 I InputDispatcher: Delivering key to (2788): B action: 0x1 (0), f=0x0, m=0x0, d=0, '26b8e7c'
08-30 18:43:53.461  5015  5015 I HBD     : HoneyBoardService onKeyUp r:68c64fd5 consumed:false
08-30 18:43:53.462  2788  2788 I ViewRootImpl@3e0e9db[DestinationDetailActivity]: ViewPostIme key 1
08-30 18:43:53.479  1408  2566 I SemDvfsHyPerManager: acquire hyper - AMS_ACT_RESUME/1408@31, type = -999
08-30 18:43:53.479   944   984 I HYPER-HAL: [RequestManager.cpp]acquire(): Acquired ID : 1036111  [1408 / 31]    HINT : AMS_ACT_RESUME    list :
08-30 18:43:53.481  1408  2566 D InputDispatcher: Focused application(0): ActivityRecord{a6b6655 u0 com.example.uianaliticsxml/.MainActivity} t26444}
08-30 18:43:53.484   944   984 I HYPER-HAL: [ResourceManager.cpp]updateResource(): [CPUMinFreq] UpdateResource Request ID : 1036111    Value : 1664000
08-30 18:43:53.493  2788  2788 I ViewRootImpl@83375f0[MainActivity]: handleAppVisibility mAppVisible = false visible = true
08-30 18:43:53.493  2788  2788 I ViewRootImpl@83375f0[MainActivity]: stopped(false) old = true
08-30 18:43:53.493  2788  2788 D ViewRootImpl@83375f0[MainActivity]: WindowStopped on com.example.uianaliticsxml/com.example.uianaliticsxml.MainActivity set to false
08-30 18:43:53.495  2788  2788 I MSHandlerLifeCycle: removeMultiSplitHandler: no exist. decor=DecorView@270e2e2[MainActivity]
08-30 18:43:53.495  2788  2788 I ViewRootImpl@83375f0[MainActivity]: stopped(false) old = false
08-30 18:43:53.495  1408  1486 I SemPersonaManager: SecureFolder personaId = 150
08-30 18:43:53.495  2788  2788 I MSHandlerLifeCycle: removeMultiSplitHandler: no exist. decor=DecorView@270e2e2[MainActivity]
08-30 18:43:53.495  1408  1531 D AnalyticsContainerHandler: handleMessage : { when=0 what=1 target=com.android.server.knox.KnoxAnalyticsContainer$AnalyticsHandler }
08-30 18:43:53.501  1054  1054 I SurfaceFlinger: [26b8e7c com.example.uianaliticsxml/com.example.uianaliticsxml.DestinationDetailActivity#86962] FrameRatePriority: -1
08-30 18:43:53.502  2788  2788 D ViewRootImpl@83375f0[MainActivity]: performTraversals mFirst=false windowShouldResize=false viewVisibilityChanged=true mForceNextWindowRelayout=false params={(0,0)(fillxfill) sim={adjust=resize} ty=BASE_APPLICATION wanim=0x1030309
08-30 18:43:53.502  2788  2788 D ViewRootImpl@83375f0[MainActivity]:   fl=81810100
08-30 18:43:53.502  2788  2788 D ViewRootImpl@83375f0[MainActivity]:   pfl=12020040
08-30 18:43:53.502  2788  2788 D ViewRootImpl@83375f0[MainActivity]:   bhv=DEFAULT
08-30 18:43:53.502  2788  2788 D ViewRootImpl@83375f0[MainActivity]:   fitSides= naviIconColor=0}
08-30 18:43:53.502  1408  1665 D InputDispatcher: Focus left window (0): 26b8e7c com.example.uianaliticsxml/com.example.uianaliticsxml.DestinationDetailActivity
08-30 18:43:53.502  1408  2566 V WindowManager: Relayout Window{e74e732 u0 com.example.uianaliticsxml/com.example.uianaliticsxml.MainActivity}: viewVisibility=0 req=1080x2400 d0
08-30 18:43:53.503  1054  2920 I SurfaceFlinger: id=86973 createSurf flag=40004, com.example.uianaliticsxml/com.example.uianaliticsxml.MainActivity$_2788#86973
08-30 18:43:53.505  1408  1486 D EnterpriseDeviceManagerService: isMdmAdminPresentInternal() : MDM Admin Found - com.samsung.knox.securefolder
08-30 18:43:53.506  1054  2920 I SurfaceFlinger: id=86974 createSurf flag=24000, Surface(name=e0b30c0 StatusBar)/@0x15aa7e0 - animation-leash of insets_animation#86974
08-30 18:43:53.507  1054  2920 I SurfaceFlinger: id=86975 createSurf flag=24000, Surface(name=40811ff NavigationBar0)/@0x7c5593f - animation-leash of insets_animation#86975
08-30 18:43:53.508  1408  2566 V WindowManager: Relayout hash=e74e732, pid=2788, syncId=-1: mAttrs={(0,0)(fillxfill) sim={adjust=resize} ty=BASE_APPLICATION wanim=0x1030309
08-30 18:43:53.508  1408  2566 V WindowManager:   fl=81810100
08-30 18:43:53.508  1408  2566 V WindowManager:   pfl=12020040
08-30 18:43:53.508  1408  2566 V WindowManager:   bhv=DEFAULT
08-30 18:43:53.508  1408  2566 V WindowManager:   fitSides= naviIconColor=0}
08-30 18:43:53.509  1408  3212 I MediaSessionMonitor: Media session stopped : controllerList empty
08-30 18:43:53.510  2788  2788 D BLASTBufferQueue: new BLASTBufferQueue, mNativeObject= 0xb40000770be147b0 name= ViewRootImpl@83375f0[MainActivity] sc.mNativeObject= 0xb40000769be5d120 caller= android.view.ViewRootImpl.updateBlastSurfaceIfNeeded:2789 android.view.ViewRootImpl.relayoutWindow:9635 android.view.ViewRootImpl.performTraversals:3759 android.view.ViewRootImpl.doTraversal:2991 android.view.ViewRootImpl$TraversalRunnable.run:10665 android.view.Choreographer$CallbackRecord.run:1301 android.view.Choreographer$CallbackRecord.run:1309 android.view.Choreographer.doCallbacks:923 android.view.Choreographer.doFrame:852 android.view.Choreographer$FrameDisplayEventReceiver.run:1283
08-30 18:43:53.510  2788  2788 D BLASTBufferQueue: update, w= 1080 h= 2400 mNativeObject= 0xb40000770be147b0 sc.mNativeObject= 0xb40000769be5d120 format= -1 caller= android.graphics.BLASTBufferQueue.<init>:76 android.view.ViewRootImpl.updateBlastSurfaceIfNeeded:2789 android.view.ViewRootImpl.relayoutWindow:9635 android.view.ViewRootImpl.performTraversals:3759 android.view.ViewRootImpl.doTraversal:2991 android.view.ViewRootImpl$TraversalRunnable.run:10665
08-30 18:43:53.510  2788  2788 I ViewRootImpl@83375f0[MainActivity]: Relayout returned: old=(0,0,1080,2400) new=(0,0,1080,2400) req=(1080,2400)0 dur=7 res=0x3 s={true 0xb40000779be4dbe0} ch=true seqId=0
08-30 18:43:53.511  4516  4516 I ActivityUtils: HomePackage : com.sec.android.app.launcher, resumePackageName : com.example.uianaliticsxml
08-30 18:43:53.511  2788  2788 D ViewRootImpl@83375f0[MainActivity]: mThreadedRenderer.initialize() mSurface={isValid=true 0xb40000779be4dbe0} hwInitialized=true
08-30 18:43:53.512  2788  2813 D OpenGLRenderer: eglCreateWindowSurface
08-30 18:43:53.516  2788  2788 D ViewRootImpl@83375f0[MainActivity]: reportNextDraw android.view.ViewRootImpl.performTraversals:4313 android.view.ViewRootImpl.doTraversal:2991 android.view.ViewRootImpl$TraversalRunnable.run:10665 android.view.Choreographer$CallbackRecord.run:1301 android.view.Choreographer$CallbackRecord.run:1309
08-30 18:43:53.516  2788  2788 D ViewRootImpl@83375f0[MainActivity]: Setup new sync id=1
08-30 18:43:53.516  2788  2788 D ViewRootImpl@83375f0[MainActivity]: Setting syncFrameCallback
08-30 18:43:53.516  2788  2788 D ViewRootImpl@83375f0[MainActivity]: registerCallbacksForSync syncBuffer=false
08-30 18:43:53.520  2788  2830 D ViewRootImpl@83375f0[MainActivity]: Received frameDrawingCallback syncResult=0 frameNum=1.
08-30 18:43:53.520  2788  2830 D ViewRootImpl@83375f0[MainActivity]: Setting up sync and frameCommitCallback
08-30 18:43:53.523  2788  2813 D BLASTBufferQueue: [ViewRootImpl@83375f0[MainActivity]#2](f:0,a:0) onFrameAvailable the first frame is available
08-30 18:43:53.523  2788  2813 D ViewRootImpl@83375f0[MainActivity]: Received frameCommittedCallback lastAttemptedDrawFrameNum=1 didProduceBuffer=true
08-30 18:43:53.524  2788  2788 D ViewRootImpl@83375f0[MainActivity]: onSyncComplete
08-30 18:43:53.524  2788  2788 D ViewRootImpl@83375f0[MainActivity]: setupSync seqId=0 mSyncId=1 fn=1 caller=android.view.ViewRootImpl$$ExternalSyntheticLambda11.accept:6 android.window.SurfaceSyncer.lambda$setupSync$1$android-window-SurfaceSyncer:128 android.window.SurfaceSyncer$$ExternalSyntheticLambda1.accept:8 android.window.SurfaceSyncer$SyncSet.checkIfSyncIsComplete:382 android.window.SurfaceSyncer$SyncSet.markSyncReady:359 android.window.SurfaceSyncer.markSyncReady:151 android.view.ViewRootImpl.performTraversals:4373
08-30 18:43:53.524  2788  2788 D ViewRootImpl@83375f0[MainActivity]: reportDrawFinished seqId=0 mSyncId=-1 fn=1 mSurfaceChangedTransaction=0xb4000076cbe11390
08-30 18:43:53.525  2788  2788 I ViewRootImpl@3e0e9db[DestinationDetailActivity]: MSG_WINDOW_FOCUS_CHANGED 0 0
08-30 18:43:53.526 18584 18584 I ResourceOverlayService_0: waitAndQuit called
08-30 18:43:53.527 18584 18584 I ResourceOverlayService_0: activity user id 0 process id 0
08-30 18:43:53.527  1054  1092 I SurfaceFlinger: id=86976 createSurf flag=24000, Surface(name=ActivityRecord{b225816 u0 com.example.uianaliticsxml/.DestinationDetailActivity})/@0xce8e8b9 - animation-leash of app_transition#86976
08-30 18:43:53.528  1054  1092 I SurfaceFlinger: id=86977 createSurf flag=80004, Surface(name=ActivityRecord{b225816 u0 com.example.uianaliticsxml/.DestinationDetailActivity})/@0xce8e8b9 - animation-bounds#86977
08-30 18:43:53.529  1054  1092 I SurfaceFlinger: id=86978 createSurf flag=24004, Surface(name=ActivityRecord{a6b6655 u0 com.example.uianaliticsxml/.MainActivity})/@0x5c0f5ad - animation-leash of app_transition#86978
08-30 18:43:53.529  1054  1092 I SurfaceFlinger: id=86979 createSurf flag=80004, Surface(name=ActivityRecord{a6b6655 u0 com.example.uianaliticsxml/.MainActivity})/@0x5c0f5ad - animation-bounds#86979
08-30 18:43:53.536  1054  1054 I Layer   : id=86964 removeFromCurrentState Surface(name=e0b30c0 StatusBar)/@0x15aa7e0 - animation-leash of insets_animation#86964 (130)
08-30 18:43:53.536  1054  1054 I Layer   : id=86965 removeFromCurrentState Surface(name=40811ff NavigationBar0)/@0x7c5593f - animation-leash of insets_animation#86965 (130)
08-30 18:43:53.536  1054  1054 I SurfaceFlinger: [e74e732 com.example.uianaliticsxml/com.example.uianaliticsxml.MainActivity#86955] FrameRatePriority: 1
08-30 18:43:53.536  1054  1054 D SurfaceFlinger: [input] inputWindowCommands.focusRequests size is 1
08-30 18:43:53.537  1054  1054 I SurfaceFlinger: id=86964 Removed Surface(name=e0b30c0 StatusBar)/@0x15aa7e0 - animation-leash of insets_animation#86964 (130)
08-30 18:43:53.537  1054  1054 I SurfaceFlinger: id=86965 Removed Surface(name=40811ff NavigationBar0)/@0x7c5593f - animation-leash of insets_animation#86965 (130)
08-30 18:43:53.538  1054  1054 I Layer   : id=86964 Destroyed Surface(name=e0b30c0 StatusBar)/@0x15aa7e0 - animation-leash of insets_animation#86964
08-30 18:43:53.538  1054  1054 I Layer   : id=86965 Destroyed Surface(name=40811ff NavigationBar0)/@0x7c5593f - animation-leash of insets_animation#86965
08-30 18:43:53.540  1054  1169 D SurfaceFlinger: [input] setFocusedWindow: e74e732 com.example.uianaliticsxml/com.example.uianaliticsxml.MainActivity
08-30 18:43:53.540  1408  1665 D InputDispatcher: Focus entered window (0): e74e732 com.example.uianaliticsxml/com.example.uianaliticsxml.MainActivity
