08-30 18:43:41.702 30648 30680 I ENTM:Systemprocess: listeningToPackageRemovedforKLM().START - com.example.uianaliticsxml
08-30 18:43:41.702  1045 19070 D AF::TrackHandle: OpPlayAudio: track:3862 usage:2 not muted
08-30 18:43:41.702  8163  8163 I Finsky  : [2] vmm.g(1): vmm - Deduping intent android.intent.action.PACKAGE_FULLY_REMOVED
08-30 18:43:41.703  8163 31578 I Finsky  : [1298] olw.run(294): Frosting DB delete succeeded: false
08-30 18:43:41.703  1045  1045 D AF::TrackHandle: OpPlayAudio: track:2894 usage:6 not muted
08-30 18:43:41.703  8163  8163 I Finsky  : [2] afyk.c(66): VerifyApps: Install-time verification requested for package com.example.uianaliticsxml, id = 146
08-30 18:43:41.703  1045 23146 D AF::TrackHandle: OpPlayAudio: track:3878 usage:13 not muted
08-30 18:43:41.703  1045  4864 D AF::TrackHandle: OpPlayAudio: track:3106 usage:5 not muted
08-30 18:43:41.703  1045  4864 D AF::TrackHandle: OpPlayAudio: track:3106 usage:5 not muted
08-30 18:43:41.703  1045  1045 D AF::TrackHandle: OpPlayAudio: track:2894 usage:6 not muted
08-30 18:43:41.704  1045  4864 D AF::TrackHandle: OpPlayAudio: track:3106 usage:5 not muted
08-30 18:43:41.704  1045  1045 D AF::TrackHandle: OpPlayAudio: track:2894 usage:6 not muted
08-30 18:43:41.704  1045  1045 D AF::TrackHandle: OpPlayAudio: track:2894 usage:6 not muted
08-30 18:43:41.704  1045 23146 D AF::TrackHandle: OpPlayAudio: track:3878 usage:13 not muted
08-30 18:43:41.704  1045  4864 D AF::TrackHandle: OpPlayAudio: track:3106 usage:5 not muted
08-30 18:43:41.704  1045 23146 D AF::TrackHandle: OpPlayAudio: track:3878 usage:13 not muted
08-30 18:43:41.704  1045  1045 D AF::TrackHandle: OpPlayAudio: track:2894 usage:6 not muted
08-30 18:43:41.704  1045 23146 D AF::TrackHandle: OpPlayAudio: track:3878 usage:13 not muted
08-30 18:43:41.705  1045 23146 D AF::TrackHandle: OpPlayAudio: track:3878 usage:13 not muted
08-30 18:43:41.705  1045  1045 D AF::TrackHandle: OpPlayAudio: track:2894 usage:6 not muted
08-30 18:43:41.705  1045 23146 D AF::TrackHandle: OpPlayAudio: track:3878 usage:13 not muted
08-30 18:43:41.705  1045 23146 D AF::TrackHandle: OpPlayAudio: track:3878 usage:13 not muted
08-30 18:43:41.705  1045  4864 D AF::TrackHandle: OpPlayAudio: track:3106 usage:5 not muted
08-30 18:43:41.705  1045  4864 D AF::TrackHandle: OpPlayAudio: track:3106 usage:5 not muted
08-30 18:43:41.706  1045 19070 D AF::TrackHandle: OpPlayAudio: track:3862 usage:2 not muted
08-30 18:43:41.707 30648 30680 E ENTM:PackageInfoCollector: NameNotFoundException() - Can't find com.example.uianaliticsxml | 0
08-30 18:43:41.707  1045 19070 D AF::TrackHandle: OpPlayAudio: track:3862 usage:2 not muted
08-30 18:43:41.707  1055  1088 I heimdall: insert_task_to_group:67, insert tgid 1889 to group com.sec.android.app.chromecustomizations, ret = 0
08-30 18:43:41.707  1045 19070 D AF::TrackHandle: OpPlayAudio: track:3862 usage:2 not muted
08-30 18:43:41.707  1045 19070 D AF::TrackHandle: OpPlayAudio: track:3862 usage:2 not muted
08-30 18:43:41.708  1889  1889 D ActivityThread: setConscryptValidator
08-30 18:43:41.708  1889  1889 D ActivityThread: setConscryptValidator - put
08-30 18:43:41.708  1045  5616 D AF::TrackHandle: OpPlayAudio: track:3298 usage:13 not muted
08-30 18:43:41.708  1045  5616 D AF::TrackHandle: OpPlayAudio: track:3298 usage:13 not muted
08-30 18:43:41.710 10782  1892 I Blockstore: (REDACTED) [DataStoreImpl] Setting IsLastInstallationDataPerPackage bit to %s for package %s
08-30 18:43:41.711 30648 30680 E ENTM:PackageInfoCollector: NameNotFoundException() - Can't find com.example.uianaliticsxml | 150
08-30 18:43:41.711 30648 30680 I ENTM:LicenseEngine: processKLMSMessage().START
08-30 18:43:41.711 30648 30680 I ENTM:KLMDeactivationModule: processDeactivationRequest().START
08-30 18:43:41.711 30648 30680 I ENTM:DataBaseUtils: isSameTrackerIdInDeviceDB().START: com.example.uianaliticsxml
08-30 18:43:41.715  8163  8392 I Finsky  : [1100] xtg.accept(378): SCH: Scheduling phonesky job Id: 12-1, CT: 1693413821544, Constraints: [{ L: 15000, D: 86400000, C: 1, I: 1, N: 1 }]
08-30 18:43:41.725  8163  8384 I Finsky  : [1097] yuu.apply(681): SCH: Scheduling 1 system job(s)
08-30 18:43:41.725  8163  8384 I Finsky  : [1097] yvg.d(263): SCH: Scheduling system job Id: 9366, L: 14819, D: 53622062, C: false, I: false, N: 1
08-30 18:43:41.727 30648 30680 I ENTM:DataBaseUtils: isSameTrackerIdInDeviceDB().END
08-30 18:43:41.728 30648 30680 I ENTM:KLMDeactivationModule: processDeactivationRequest().END
08-30 18:43:41.728 30648 30680 I ENTM:LicenseEngine: processKLMSMessage().END
08-30 18:43:41.728 30648 30680 I ENTM:Systemprocess: listeningToPackageRemovedforKLM().END
08-30 18:43:41.728 30648 30680 I ENTM:Systemprocess: listeningToPackageRemoved().END
08-30 18:43:41.735  1889  1889 D CompatibilityChangeReporter: Compat change id reported: 171979766; UID 10066; state: ENABLED
08-30 18:43:41.750  8163  8309 I Finsky  : [1084] kjp.aei(99): [ContentSync] finished, scheduled=true
08-30 18:43:41.756  8163 30614 I Finsky  : [1289] VerifyAppsInstallTask.akD(58): VerifyApps: Anti-malware verification task started for package=com.example.uianaliticsxml
08-30 18:43:41.761  8163 30614 I Finsky  : [1289] agck.a(65): Single user settings service is not running, bind it now
08-30 18:43:41.769 10782  1976 W SQLiteLog: (28) double-quoted string literal: "com.example.uianaliticsxml"
08-30 18:43:41.786 10782 27933 I Icing   : doRemovePackageData com.example.uianaliticsxml
08-30 18:43:41.788  8163  8163 I Finsky  : [2] qbv.onServiceConnected(96): Single user settings service is connected
08-30 18:43:41.792 10782 10782 D BoundBrokerSvc: onBind: Intent { act=com.google.android.gms.common.BIND_SHARED_PREFS pkg=com.google.android.gms }
08-30 18:43:41.792 10782 10782 D BoundBrokerSvc: Loading bound service for intent: Intent { act=com.google.android.gms.common.BIND_SHARED_PREFS pkg=com.google.android.gms }
08-30 18:43:41.803 10782 10782 D BoundBrokerSvc: onUnbind: Intent { act=com.google.android.gms.common.BIND_SHARED_PREFS pkg=com.google.android.gms }
08-30 18:43:41.804  8163 30614 W Settings: Setting install_non_market_apps has moved from android.provider.Settings.Global to android.provider.Settings.Secure, returning read-only value.
08-30 18:43:41.812 10782 10900 I Icing   : IndexChimeraService.getServiceInterface callingPackage=com.google.android.gms componentName=AppsCorpus serviceId=36
08-30 18:43:41.813  6374  6374 D PersistedStoragePackageUninstalledReceiver: Received android.intent.action.PACKAGE_FULLY_REMOVED for com.example.uianaliticsxml for u0
08-30 18:43:41.822 12366 12366 I DWBAppTimerReceiver: android.intent.action.PACKAGE_FULLY_REMOVED received
08-30 18:43:41.824  4148  5338 I MediaProvider: Begin Intent { act=android.intent.action.PACKAGE_FULLY_REMOVED dat=package: flg=0x5000010 cmp=com.google.android.providers.media.module/com.android.providers.media.MediaService (has extras) }
08-30 18:43:41.827  2446 19702 I LauncherProvider: External provider call by package : com.samsung.android.app.galaxyfinder  for method : get_home_mode
08-30 18:43:41.828  2446 19702 I ExternalMethodFactory: get_home_mode
08-30 18:43:41.833  4148  5338 D MediaProvider: Deleted 0 Android/media items belonging to com.example.uianaliticsxml on /data/user/0/com.google.android.providers.media.module/databases/external.db
08-30 18:43:41.839 12366 12366 I DWBParentalUtils: isChild ? false
08-30 18:43:41.840  4148  5338 I MediaProvider: End Intent { act=android.intent.action.PACKAGE_FULLY_REMOVED dat=package: flg=0x5000010 cmp=com.google.android.providers.media.module/com.android.providers.media.MediaService (has extras) }
08-30 18:43:41.841 12366 12366 I SEP_UNION_SemUnionManager: getUnionService(semeventdelegator)
08-30 18:43:41.841  1408  4444 D SEP_UNION_SemDeviceInfoManagerService: clearPendingIntentAsUser() callingPackage = com.samsung.android.forest, userId = 0
08-30 18:43:41.848 28426 28426 E SPPClientServiceS: [PackageRemoveReceiver] android.intent.action.PACKAGE_FULLY_REMOVED
08-30 18:43:41.848 28426 28426 E SPPClientServiceS: [PackageRemoveReceiver] [handlePkgRemovedEvent] PackageName : com.example.uianaliticsxml
08-30 18:43:41.857 28426 28426 E SPPClientServiceS: [PackageRemoveReceiver] [handlePkgRemovedEvent] User : Owner, appId : null
08-30 18:43:41.857 10782 27933 I GmsCoreXrpcWrapper: (REDACTED) Returning a channel provider with trafficStatsTag=%d trafficStatsUid=%d
08-30 18:43:41.877 12555 12555 I SCS@AiSearch user 0: (ObserverWorker::AOSP_MP) [main] entering in startWork():
08-30 18:43:41.878 12555 12555 I SCS@AiSearch user 0: (BaseCollector::AOSP_MP) [main] entering in onChange():
08-30 18:43:41.878 12555 12603 I SCS@AiSearch user 0: (BaseCollector::AOSP_MP) [AOSP_MP-0] entering in collectChanges():
08-30 18:43:41.882  1408  4255 D PackageManager: setEnabledSetting : userId = 0 packageName = com.samsung.android.scs cmp = androidx.work.impl.background.systemalarm.RescheduleReceiver newState = 1 callingPackage = 10105/com.samsung.android.scs
08-30 18:43:41.883  1408  4255 D ApplicationPolicy: getApplicationStateEnabled : pkg = com.samsung.android.scs userId : 0
08-30 18:43:41.883  1408  4255 D ApplicationPolicy: getApplicationComponentState : pkg = com.samsung.android.scs userId : 0
08-30 18:43:41.888 10782 27933 I Icing   : Usage reports ok 0, Failed Usage reports 0, indexed 0, rejected 0
08-30 18:43:41.890 10782 27933 I Icing   : Indexing com.google.android.gms-apps from com.google.android.gms
08-30 18:43:41.897 12319 12319 I FILP/PackageIntentReceiver: action : com.samsung.android.provider.filterprovider.INTENT_PACKAGE_REMOVED
08-30 18:43:41.897 12319 12319 I FILP/PackageIntentReceiver: pkgName : com.example.uianaliticsxml
08-30 18:43:41.899 10782 27933 I Icing   : Indexing done com.google.android.gms-apps
08-30 18:43:41.901 27008 30618 I ezkc    : (REDACTED) soft deleting data for %s
08-30 18:43:41.902 12366 12366 I DWBAppTimerReceiver: com.samsung.android.forest.PACKAGE_REMOVED received
08-30 18:43:41.903 27008 30618 I bgep    : refreshDeviceAppInfoForAccount done.
08-30 18:43:41.913 12555 12603 I SCS@AiSearch user 0: (BaseCollector::AOSP_MP) fetchInternal values : maxSyncId: 1000010110 indexCount: 630 sourceCount: 630
08-30 18:43:41.915 12366 12366 I DWBParentalUtils: isChild ? false
08-30 18:43:41.915 27008 30618 I bgep    : refreshDeviceAppInfoForAccount done.
08-30 18:43:41.915 27008 30618 I bgep    : refreshDeviceAppInfoForAccount done.
08-30 18:43:41.916 12366 12366 I SEP_UNION_SemUnionManager: getUnionService(semeventdelegator)
08-30 18:43:41.916  1408  4255 D SEP_UNION_SemDeviceInfoManagerService: clearPendingIntentAsUser() callingPackage = com.samsung.android.forest, userId = 0
08-30 18:43:41.918  2446 19702 I LauncherProvider: External provider call by package : com.samsung.android.app.galaxyfinder  for method : get_home_mode
08-30 18:43:41.918  2446 19702 I ExternalMethodFactory: get_home_mode
08-30 18:43:41.919  4274  4498 W System.err: android.content.pm.PackageManager$NameNotFoundException: com.example.uianaliticsxml
08-30 18:43:41.919  4274  4498 W System.err: 	at android.app.ApplicationPackageManager.getPackageInfoAsUser(ApplicationPackageManager.java:304)
08-30 18:43:41.919  4274  4498 W System.err: 	at android.app.ApplicationPackageManager.getPackageInfo(ApplicationPackageManager.java:264)
08-30 18:43:41.919  4274  4498 W System.err: 	at android.app.ApplicationPackageManager.getPackageInfo(ApplicationPackageManager.java:258)
08-30 18:43:41.919  4274  4498 W System.err: 	at com.sec.android.diagmonagent.sa.datalogging.monitor.AppInstallationMonitor$AppInstallationBroadcastReceiver.b(SourceFile:11)
08-30 18:43:41.919  4274  4498 W System.err: 	at com.sec.android.diagmonagent.sa.datalogging.monitor.AppInstallationMonitor$AppInstallationBroadcastReceiver.c(Unknown Source:0)
08-30 18:43:41.919  4274  4498 W System.err: 	at com.sec.android.diagmonagent.sa.datalogging.monitor.AppInstallationMonitor$AppInstallationBroadcastReceiver.a(Unknown Source:0)
08-30 18:43:41.919  4274  4498 W System.err: 	at o0.a.run(Unknown Source:6)
08-30 18:43:41.919  4274  4498 W System.err: 	at android.os.Handler.handleCallback(Handler.java:942)
08-30 18:43:41.919  4274  4498 W System.err: 	at android.os.Handler.dispatchMessage(Handler.java:99)
08-30 18:43:41.919  4274  4498 W System.err: 	at android.os.Looper.loopOnce(Looper.java:226)
08-30 18:43:41.919  4274  4498 W System.err: 	at android.os.Looper.loop(Looper.java:313)
08-30 18:43:41.919  4274  4498 W System.err: 	at android.os.HandlerThread.run(HandlerThread.java:67)
08-30 18:43:41.920 12319  2006 I FILP/c  : uninstallFilters
08-30 18:43:41.920 12319  2006 I FILP/FilterProvider: query: X
08-30 18:43:41.922 12319  2006 I FILP/FilterProvider: query: E
08-30 18:43:41.924  6000  6172 I Rubin   : [1116] com.samsung.android.rubin.upload.util.runestonelog.RunestoneLogUtil.getAppVersion(SourceFile:2) : com.example.uianaliticsxml is not exist
08-30 18:43:41.924 11028 11056 I GOS:GameServiceReceiver: Task.doInBackground(), action : com.samsung.android.intent.action.PACKAGE_INSTALL_STARTED
08-30 18:43:41.925 11028 11056 I GOS:GameServiceReceiver:  PkgInstallStarted for com.example.uianaliticsxml UserID : 0
08-30 18:43:41.936 12319  2006 I FILP/c  : removeFromFS : com.example.uianaliticsxml, cursor size : 0
08-30 18:43:41.936 11028  2011 I GOS:GameIntentService: onHandleIntent. GameIntentService. type: 15, pkgName: null
08-30 18:43:41.937 12319  2006 I FILP/c  : Delete DB result : com.example.uianaliticsxml, 0
08-30 18:43:41.940 12555 12603 I SCS@AiSearch user 0: (IndexManager) [AOSP_MP-0] entering in addIndex():
08-30 18:43:41.941 12555 12603 I SCS@AiSearch user 0: (BaseCollector::AOSP_MP) fetch: fetching took  43 ms
08-30 18:43:41.941 12555 12603 I SCS@AiSearch user 0: (BaseCollector::AOSP_MP) fetchChanges: applied 0 items
08-30 18:43:41.941 12555 12603 I SCS@AiSearch user 0: (BaseCollector::AOSP_MP) Collect finished. Result: true
08-30 18:43:41.941 12555 12603 I SCS@AiSearch user 0: (BaseCollector::AOSP_MP) enqueue ObserverWorker name: com.sec.android.app.myfiles, policy: APPEND_OR_REPLACE
08-30 18:43:41.941 12555 12589 I WM-WorkerWrapper: Worker result SUCCESS for Work [ id=c5568daf-12ac-44ac-8276-0c6fa059994e, tags={ com.sec.android.app.myfiles, com.samsung.android.scs.ai.search.data.collector.ObserverWorker } ]
08-30 18:43:41.959  1408  4444 D PackageManager: setEnabledSetting : userId = 0 packageName = com.samsung.android.scs cmp = androidx.work.impl.background.systemalarm.RescheduleReceiver newState = 1 callingPackage = 10105/com.samsung.android.scs
08-30 18:43:41.960  1408  4444 D ApplicationPolicy: getApplicationStateEnabled : pkg = com.samsung.android.scs userId : 0
08-30 18:43:41.960  1408  4444 D ApplicationPolicy: getApplicationComponentState : pkg = com.samsung.android.scs userId : 0
08-30 18:43:42.001 11028  2011 W GOS:PackageUtil: isPackageInstalledAsUser(). Exception: android.content.pm.PackageManager$NameNotFoundException: com.example.uianaliticsxml
08-30 18:43:42.002 11028  2011 I GOS:GameIntentService: onPackageChanged(). extras: Bundle[{changeType=2, userId=0, type=15, packageName=com.example.uianaliticsxml}]
08-30 18:43:42.003 11028  2011 I GOS:GameIntentService: onPackageChanged(). changeType(INSTALL_STARTED), pkgName(com.example.uianaliticsxml), UserHandle(0), userId(0), Installed(false)
08-30 18:43:42.066  1889  1889 I Process : Sending signal. PID: 1889 SIG: 9
08-30 18:43:42.078  8163 30614 I Finsky  : [1289] oma.e(31): Task 7 requested foreground
08-30 18:43:42.078  8163 30614 I Finsky  : [1289] oma.e(90): Not entering foreground
08-30 18:43:42.102  1408  1496 I libprocessgroup: Successfully killed process cgroup uid 10066 pid 1889 in 0ms
08-30 18:43:42.103   911   911 I Zygote  : Process 1889 exited due to signal 9 (Killed)
08-30 18:43:42.107   944  1424 I HYPER-HAL: [ResourceManager.cpp]removeResource(): [CPUMaxFreq] RemoveResource Request ID : 9581265
08-30 18:43:42.107   944  1424 I HYPER-HAL: [RequestManager.cpp]releaseLocked(): Released ID : 9581265
08-30 18:43:42.108  4365  4511 I SemDvfsHyPerManager: acquire hyper - SIOP_ARM_MAX/4365@2, type = 301993986
08-30 18:43:42.108   944   984 I HYPER-HAL: [RequestManager.cpp]acquire(): Acquired ID : 9537530  [4365 / 2]    HINT :      list : [CPUMaxFreq / 1872000]
08-30 18:43:42.109   944   984 I HYPER-HAL: [ResourceManager.cpp]updateResource(): [CPUMaxFreq] UpdateResource Request ID : 9537530    Value : 1872000
08-30 18:43:42.131  1408  1493 I SettingsProvider: onPackageRemoved (userId 0) PackageName = com.example.uianaliticsxml
08-30 18:43:42.164  8163 30723 I Finsky  : [1294] afxo.f(77): VerifyApps: Verification package=com.example.uianaliticsxml, id=146, response=0, upload_requested=false
08-30 18:43:42.168  1872  2009 D MobileStatusTracker(0/2): onSignalStrengthsChanged level=4, vendorLevel=4
08-30 18:43:42.169  1872  2009 D MobileSignalController(0/2): notifyListener: enabled=true, connected=true, dataConnected=false, networkType=LTE (4G), emergencyOnly=false, roaming=false, isDefault=false, dataActivity=, level=4, ca=false, mmWave=false, disabledDataIcon=false, simCard=ETC
08-30 18:43:42.169  1872  2009 D NetworkController: SignalStrength from intent slotId=0
08-30 18:43:42.170  8163 30614 E Finsky  : [1289] VerifyPerSourceInstallationConsentInstallTask.d(20): Package name null is not an installed package
08-30 18:43:42.171  8163 30614 I Finsky  : [1289] VerifyPerSourceInstallationConsentInstallTask.akD(231): PSIC verification started with installer uid: 2000 package name: null, originating uid: -1
08-30 18:43:42.172  8163  8163 I Finsky  : [2] VerifyInstallTask.i(29): VerifyApps: Returning package verification result id=146, result=ALLOW
08-30 18:43:42.172  1408  1537 I PersonaServiceHelper: installStageForKnox(user:-1 installerUid:2000)
08-30 18:43:42.173  8163  8163 I Finsky  : [2] VerifyInstallTask.akC(53): VerifyApps: Verification complete: id=146, package_name=com.example.uianaliticsxml
08-30 18:43:42.177  1872  2009 D NetworkController: SignalStrength from intent slotId=0
08-30 18:43:42.177  1872  2009 D MobileStatusTracker(0/2): onSignalStrengthsChanged level=4, vendorLevel=4
08-30 18:43:42.177  1872  2009 D MobileSignalController(0/2): notifyListener: enabled=true, connected=true, dataConnected=false, networkType=LTE (4G), emergencyOnly=false, roaming=false, isDefault=false, dataActivity=, level=4, ca=false, mmWave=false, disabledDataIcon=false, simCard=ETC
08-30 18:43:42.178  1408  1538 W PackageManager: verifying app can be installed or not
08-30 18:43:42.178  1408  1538 D ApplicationPolicy: isApplicationInstallationEnabled
08-30 18:43:42.178  1408  1538 D ApplicationPolicy: isApplicationInstallationEnabled :  Checking PKG WL - false
08-30 18:43:42.178  1408  1538 D ApplicationPolicy: isApplicationInstallationEnabled :  Checking PKG BL - true
08-30 18:43:42.178  1408  1538 D ApplicationPolicy: isApplicationInstallationEnabled :  Checking PERM BL - true
08-30 18:43:42.178  1408  1538 D ApplicationPolicy: isApplicationInstallationEnabled :  Checking SIG BL - true
08-30 18:43:42.178  1408  1538 D ApplicationPolicy: isApplicationInstallationEnabled :  Checking PKG WL - false
08-30 18:43:42.178  1408  1538 D ApplicationPolicy: isApplicationInstallationEnabled :  Checking PKG BL - true
08-30 18:43:42.178  1408  1538 D ApplicationPolicy: isApplicationInstallationEnabled :  Checking PERM BL - true
08-30 18:43:42.178  1408  1538 D ApplicationPolicy: isApplicationInstallationEnabled :  Checking SIG BL - true
08-30 18:43:42.178  1408  1538 D ApplicationPolicy: isApplicationInstallationEnabled :  enabled true
08-30 18:43:42.178  1408  1538 D ApplicationPolicy: isApplicationInstallationEnabled
08-30 18:43:42.178  1408  1538 D ApplicationPolicy: isApplicationInstallationEnabled :  Checking PKG WL - false
08-30 18:43:42.181  1408  1538 D ApplicationPolicy: isApplicationInstallationEnabled :  Checking PKG BL - true
08-30 18:43:42.181  1408  1538 D ApplicationPolicy: isApplicationInstallationEnabled :  Checking PERM BL - true
08-30 18:43:42.181  1408  1538 D ApplicationPolicy: isApplicationInstallationEnabled :  Checking SIG BL - true
08-30 18:43:42.181  1408  1538 D ApplicationPolicy: isApplicationInstallationEnabled :  enabled true
08-30 18:43:42.188  1408  1538 D PersonaServiceHelper: in trim for persona 150 setting false null com.example.uianaliticsxml
08-30 18:43:42.196  1408  1538 D PackageManager: isAdbInstallDisallowed : false , currentUserId : 150
08-30 18:43:42.486  1408  1538 W EnterpriseLicenseService: updateAdminPermissions() :com.sec.android.app.shealth
08-30 18:43:42.486  1408  1538 I PackageManager: setLicensePermissions
08-30 18:43:42.486  1408  1538 I PackageManager: setLicensePermissions : packageName = com.sec.android.app.shealth(com.android.server.utils.WatchedArrayMap@577800b5)
08-30 18:43:42.487  1408  1538 D EnterpriseLicenseService: getPermissions() - deserializeObject
08-30 18:43:42.498 18584 18584 I ResourceOverlayService_0: waitAndQuit called
08-30 18:43:42.498 18584 18584 I ResourceOverlayService_0: activity user id 0 process id 0
08-30 18:43:42.590  1408  1483 W system_server: Long monitor contention with owner PackageManager (1538) at java.util.ArrayList com.android.server.pm.SharedLibrariesImpl.collectSharedLibraryInfos(java.util.List, long[], java.lang.String[][], java.lang.String, java.lang.String, boolean, int, java.util.ArrayList, java.util.Map, java.util.Map)(SharedLibrariesImpl.java:923) waiters=0 in com.android.server.pm.Computer com.android.server.pm.PackageManagerService.snapshotComputer() for 401ms
08-30 18:43:42.605  1408  4444 W system_server: Long monitor contention with owner android.fg (1483) at com.android.server.pm.Computer com.android.server.pm.PackageManagerService.snapshotComputer()(PackageManagerService.java:1343) waiters=0 in com.android.server.pm.Computer com.android.server.pm.PackageManagerService.snapshotComputer() for 411ms
08-30 18:43:42.605  1408  4260 W system_server: Long monitor contention with owner android.fg (1483) at com.android.server.pm.Computer com.android.server.pm.PackageManagerService.snapshotComputer()(PackageManagerService.java:1343) waiters=1 in com.android.server.pm.Computer com.android.server.pm.PackageManagerService.snapshotComputer() for 410ms
08-30 18:43:42.606  1408  1493 W system_server: Long monitor contention with owner android.fg (1483) at com.android.server.pm.Computer com.android.server.pm.PackageManagerService.snapshotComputer()(PackageManagerService.java:1343) waiters=2 in com.android.server.pm.Computer com.android.server.pm.PackageManagerService.snapshotComputer() for 400ms
08-30 18:43:42.609  1408  1538 D AASA_ASKSManager_RESTRICTED: There is no restricted rule.
08-30 18:43:42.609  1244 12888 E cutils  : Failed to open(/data/misc/profiles/cur/150/com.example.uianaliticsxml/primary.prof): No such file or directory
08-30 18:43:42.610  1244 12888 E installd: Failed to prepare /data/misc/profiles/cur/150/com.example.uianaliticsxml/primary.prof: No such file or directory
08-30 18:43:42.612  1408  1538 W ziparchive: Unable to open '/data/app/~~Aw2NXFNi2w0xwOOdS2fxBQ==/com.example.uianaliticsxml-TA3DSR0biO9HNNSlskWq_A==/base.dm': No such file or directory
08-30 18:43:42.612  1408  1538 I PackageDexOptimizer: Running dexopt (dexoptNeeded=1) on: /data/app/~~Aw2NXFNi2w0xwOOdS2fxBQ==/com.example.uianaliticsxml-TA3DSR0biO9HNNSlskWq_A==/base.apk pkg=com.example.uianaliticsxml isa=arm64 dexoptFlags=boot_complete,profile_guided,public,enable_hidden_api_checks targetFilter=speed-profile oatDir=/data/app/~~Aw2NXFNi2w0xwOOdS2fxBQ==/com.example.uianaliticsxml-TA3DSR0biO9HNNSlskWq_A==/oat classLoaderContext=PCL[]{}
08-30 18:43:42.613  1244 12888 V installd: DexInv: --- BEGIN '/data/app/~~Aw2NXFNi2w0xwOOdS2fxBQ==/com.example.uianaliticsxml-TA3DSR0biO9HNNSlskWq_A==/base.apk' ---
08-30 18:43:42.613  1244 12888 V installd: Running /apex/com.android.art/bin/dex2oat32 in=base.apk out=/data/app/~~Aw2NXFNi2w0xwOOdS2fxBQ==/com.example.uianaliticsxml-TA3DSR0biO9HNNSlskWq_A==/oat/arm64/base.odex
08-30 18:43:42.620  2021  2021 W libprocessgroup: Failed to open /dev/stune/background/tasks: No such file or directory
08-30 18:43:42.620  2021  2021 V libprocessgroup: Applying profile action SetCgroup failed
08-30 18:43:42.624  1408  1763 I ChimeraAggressivePolicyHandler: executePolicy() - triggerSource: TRIGGER_SOURCE_HOME_IDLE
08-30 18:43:42.625  1408  1763 I ChimeraAggressivePolicyHandler: available memory: 3063932, free memory target: 1992704, quit chimera
08-30 18:43:42.658  2021  2021 W dex2oat32: Mismatch between instruction set variant of device (ISA: Arm64 Feature string: -a53,crc,lse,fp16,dotprod,-sve) and features returned by the hardware (ISA: Arm64 Feature string: -a53,-crc,-lse,-fp16,-dotprod,-sve)
08-30 18:43:42.662  2021  2021 I dex2oat32: /apex/com.android.art/bin/dex2oat32 --input-vdex-fd=-1 --output-vdex-fd=10 --classpath-dir=/data/app/~~Aw2NXFNi2w0xwOOdS2fxBQ==/com.example.uianaliticsxml-TA3DSR0biO9HNNSlskWq_A== --class-loader-context=PCL[]{} --compact-dex-level=none --compiler-filter=speed-profile --compilation-reason=install --max-image-block-size=524288 --resolve-startup-const-strings=true --generate-mini-debug-info -j6
08-30 18:43:42.676  1408  1906 W system_server: Long monitor contention with owner android.bg (1493) at boolean com.android.server.accessibility.magnification.WindowMagnificationManager.requestConnection(boolean)(WindowMagnificationManager.java:308) waiters=0 in void com.android.server.accessibility.AccessibilityManagerService.sendAccessibilityEvent(android.view.accessibility.AccessibilityEvent, int) for 507ms
08-30 18:43:42.681  2245 19476 W BtGatt.GattService: unfreezeScan() - No AppScanStats found with uid: 10291
08-30 18:43:42.682  1408  3178 W LocationManagerService: onFreezeStateChanged, uid[10291]=false
08-30 18:43:42.683 11028  2023 I GOS:GameIntentService: onHandleIntent. GameIntentService. type: 15, pkgName: com.example.uianaliticsxml
08-30 18:43:42.713 11028  2023 I GOS:GameIntentService: onPackageChanged(). extras: Bundle[{changeType=1, userId=0, pkgName=com.example.uianaliticsxml, type=15, packageName=com.example.uianaliticsxml}]
08-30 18:43:42.714 11028  2023 I GOS:GameIntentService: onPackageChanged(). changeType(REMOVED), pkgName(com.example.uianaliticsxml), UserHandle(0), userId(0), Installed(true)
08-30 18:43:42.714 11028  2023 I GOS:GameIntentService: onPackageChanged(), skip removing if the package is being updated
08-30 18:43:42.904  1408  1438 W System  : A resource failed to call close.
08-30 18:43:43.029  1408  1493 D EnterpriseDeviceManagerService: Package has changed for user 0
08-30 18:43:43.029  1408  1493 D EnterpriseDeviceManagerService: Admin package name: com.samsung.android.kgclient
08-30 18:43:43.030  1408  1493 I SemExecuteManagerService: onSomePackagesChanged
08-30 18:43:43.030  2446  2446 I Launcher.Model: package removed received com.example.uianaliticsxml
08-30 18:43:43.032  2446  2878 I PackageUpdatedTask: Removing app iconcom.example.uianaliticsxml
08-30 18:43:43.038  4188  4419 D KnoxHelper: getActivityList callingUserId: 0, target user: 0
08-30 18:43:43.039  4188  4419 D KnoxHelper: getActivityList callingUserId: 0, target user: 0
08-30 18:43:43.039  4188  4419 D KnoxHelper: getActivityList callingUserId: 0, target user: 0
08-30 18:43:43.040  4188  4419 D KnoxHelper: getActivityList callingUserId: 0, target user: 0
08-30 18:43:43.041  4188  4419 D KnoxHelper: getActivityList callingUserId: 0, target user: 0
08-30 18:43:43.041  4188  4419 D KnoxHelper: getActivityList callingUserId: 0, target user: 0
08-30 18:43:43.042  4188  4419 D KnoxHelper: getActivityList callingUserId: 0, target user: 0
08-30 18:43:43.043  4188  4419 D KnoxHelper: getActivityList callingUserId: 0, target user: 0
08-30 18:43:43.044  4188  4419 D KnoxHelper: getActivityList callingUserId: 0, target user: 0
08-30 18:43:43.044  4188  4419 D KnoxHelper: getActivityList callingUserId: 0, target user: 0
08-30 18:43:43.045  4188  4419 D KnoxHelper: getActivityList callingUserId: 0, target user: 0
08-30 18:43:43.046  2446  2878 I SubUserItemPositionerImpl: check blockCreateShortcutKey : block_create_shortcut_0, blockCreate : false
08-30 18:43:43.046  2446  2878 I SubUserItemPositionerImpl: isAvailableCreateSubUserItemPositioner() is false, !myUserHandle().equals(user) : false, !(DualAppUtils.supportDualApp(context) && DualAppUtils.isDualAppId(user)true
08-30 18:43:43.046  2446  2878 I PackageUpdatedTask: mAllAppsList.removePackage com.example.uianaliticsxml
08-30 18:43:43.046  2446  2878 I PackageUpdatedTask: removed, appInfo : AppInfo(id=562 type=APP hidden=0 container=all_apps screen=5 rank=17 rankOfList=-1 user=UserHandle{0} title=UI Analitics XML componentName=ComponentInfo{com.example.uianaliticsxml/com.example.uianaliticsxml.MainActivity} screenType=0 runtimeStatusFlags=384 status=0)
08-30 18:43:43.046  2446  2878 I AppsModelWriter: deleteItems(start) > needToBind = true
08-30 18:43:43.046  2446  2878 I AppsModelWriter: deleteItems(start)> 0, 562, 0, -102, 5, 17, UserHandle{0}, 0, UI Analitics XML, -1, -1
08-30 18:43:43.046  2446  2878 I AppsModelWriter: normalizeVisibleItems : [matched = true] col = 4, raw : 5
08-30 18:43:43.047  2446  2878 I AppsModelWriter: normalizeVisibleItems(visibleItems)> 0, 33, 2, -102, 0, 0, UserHandle{0}, 0, Samsung, -1, -1
08-30 18:43:43.047  2446  2878 I AppsModelWriter: normalizeVisibleItems(visibleItems)> 0, 44, 2, -102, 0, 1, UserHandle{0}, 0, Google, -1, -1
08-30 18:43:43.047  2446  2878 I AppsModelWriter: normalizeVisibleItems(visibleItems)> 0, 57, 0, -102, 0, 2, UserHandle{0}, 0, OneDrive, -1, -1
08-30 18:43:43.047  2446  2878 I AppsModelWriter: normalizeVisibleItems(visibleItems)> 0, 61, 0, -102, 0, 3, UserHandle{0}, 0, Galaxy Store, -1, -1
08-30 18:43:43.047  2446  2878 I AppsModelWriter: normalizeVisibleItems(visibleItems)> 0, 62, 0, -102, 0, 4, UserHandle{0}, 0, Play Store, -1, -1
08-30 18:43:43.047  2446  2878 I AppsModelWriter: normalizeVisibleItems(visibleItems)> 0, 63, 0, -102, 0, 5, UserHandle{0}, 0, Facebook, -1, -1
08-30 18:43:43.047  2446  2878 I AppsModelWriter: normalizeVisibleItems(visibleItems)> 0, 65, 0, -102, 0, 6, UserHandle{0}, 0, Netflix, -1, -1
08-30 18:43:43.047  2446  2878 I AppsModelWriter: normalizeVisibleItems(visibleItems)> 0, 66, 0, -102, 0, 7, UserHandle{0}, 0, Phone, -1, -1
08-30 18:43:43.047  2446  2878 I AppsModelWriter: normalizeVisibleItems(visibleItems)> 0, 54, 0, -102, 0, 8, UserHandle{0}, 0, Messages, -1, -1
08-30 18:43:43.047  2446  2878 I AppsModelWriter: normalizeVisibleItems(visibleItems)> 0, 68, 0, -102, 0, 9, UserHandle{0}, 0, Camera, -1, -1
08-30 18:43:43.047  2446  2878 I AppsModelWriter: normalizeVisibleItems(visibleItems)> 0, 69, 0, -102, 0, 10, UserHandle{0}, 0, Gallery, -1, -1
08-30 18:43:43.047  2446  2878 I AppsModelWriter: normalizeVisibleItems(visibleItems)> 0, 70, 0, -102, 0, 11, UserHandle{0}, 0, Clock, -1, -1
08-30 18:43:43.047  2446  2878 I AppsModelWriter: normalizeVisibleItems(visibleItems)> 0, 71, 0, -102, 0, 12, UserHandle{0}, 0, Contacts, -1, -1
08-30 18:43:43.047  2446  2878 I AppsModelWriter: normalizeVisibleItems(visibleItems)> 0, 72, 0, -102, 0, 13, UserHandle{0}, 0, Settings, -1, -1
08-30 18:43:43.047  2446  2878 I AppsModelWriter: normalizeVisibleItems(visibleItems)> 0, 74, 0, -102, 0, 14, UserHandle{0}, 0, Tips, -1, -1
08-30 18:43:43.047  2446  2878 I AppsModelWriter: normalizeVisibleItems(visibleItems)> 0, 75, 0, -102, 0, 15, UserHandle{0}, 0, Calendar, -1, -1
08-30 18:43:43.047  2446  2878 I AppsModelWriter: normalizeVisibleItems(visibleItems)> 0, 78, 0, -102, 0, 16, UserHandle{0}, 0, Game Launcher, -1, -1
08-30 18:43:43.047  2446  2878 I AppsModelWriter: normalizeVisibleItems(visibleItems)> 0, 80, 0, -102, 0, 17, UserHandle{0}, 0, Samsung Free, -1, -1
08-30 18:43:43.047  2446  2878 I AppsModelWriter: normalizeVisibleItems(visibleItems)> 0, 82, 0, -102, 0, 18, UserHandle{0}, 0, A1, -1, -1
08-30 18:43:43.047  2446  2878 I AppsModelWriter: normalizeVisibleItems(visibleItems)> 0, 83, 0, -102, 0, 19, UserHandle{0}, 0, Block Puzzle Sudoku, -1, -1
08-30 18:43:43.047  2446  2878 I AppsModelWriter: normalizeVisibleItems(visibleItems)> 0, 84, 0, -102, 1, 0, UserHandle{0}, 0, Moj A1, -1, -1
08-30 18:43:43.047  2446  2878 I AppsModelWriter: normalizeVisibleItems(visibleItems)> 0, 85, 0, -102, 1, 1, UserHandle{0}, 0, A1 Cloud, -1, -1
08-30 18:43:43.047  2446  2878 I AppsModelWriter: normalizeVisibleItems(visibleItems)> 0, 86, 0, -102, 1, 2, UserHandle{0}, 0, Galaxy Wearable, -1, -1
08-30 18:43:43.047  2446  2878 I AppsModelWriter: normalizeVisibleItems(visibleItems)> 0, 87, 0, -102, 1, 3, UserHandle{0}, 0, Microsoft 365 (Office), -1, -1
08-30 18:43:43.047  2446  2878 I AppsModelWriter: normalizeVisibleItems(visibleItems)> 0, 88, 0, -102, 1, 4, UserHandle{0}, 0, LinkedIn, -1, -1
08-30 18:43:43.047  2446  2878 I AppsModelWriter: normalizeVisibleItems(visibleItems)> 0, 89, 0, -102, 1, 5, UserHandle{0}, 0, Samsung Global Goals, -1, -1
08-30 18:43:43.047  2446  2878 I AppsModelWriter: normalizeVisibleItems(visibleItems)> 0, 91, 0, -102, 1, 6, UserHandle{0}, 0, Calculator, -1, -1
08-30 18:43:43.047  2446  2878 I AppsModelWriter: normalizeVisibleItems(visibleItems)> 0, 92, 0, -102, 1, 7, UserHandle{0}, 0, Samsung Health, -1, -1
08-30 18:43:43.047  2446  2878 I AppsModelWriter: normalizeVisibleItems(visibleItems)> 0, 93, 0, -102, 1, 8, UserHandle{0}, 0, Internet, -1, -1
08-30 18:43:43.047  2446  2878 I AppsModelWriter: normalizeVisibleItems(visibleItems)> 0, 94, 0, -102, 1, 9, UserHandle{0}, 0, Samsung Notes, -1, -1
08-30 18:43:43.047  2446  2878 I AppsModelWriter: normalizeVisibleItems(visibleItems)> 0, 95, 0, -102, 1, 10, UserHandle{0}, 0, Samsung Members, -1, -1
08-30 18:43:43.047  2446  2878 I AppsModelWriter: normalizeVisibleItems(visibleItems)> 0, 96, 0, -102, 1, 11, UserHandle{0}, 0, Voice Recorder, -1, -1
08-30 18:43:43.047  2446  2878 I AppsModelWriter: normalizeVisibleItems(visibleItems)> 0, 97, 0, -102, 1, 12, UserHandle{0}, 0, SmartThings, -1, -1
08-30 18:43:43.047  2446  2878 I AppsModelWriter: normalizeVisibleItems(visibleItems)> 0, 98, 0, -102, 1, 13, UserHandle{0}, 0, Spotify, -1, -1
08-30 18:43:43.047  2446  2878 I AppsModelWriter: normalizeVisibleItems(visibleItems)> 0, 99, 0, -102, 1, 14, UserHandle{0}, 0, Drive, -1, -1
08-30 18:43:43.047  2446  2878 I AppsModelWriter: normalizeVisibleItems(visibleItems)> 0, 100, 0, -102, 1, 15, UserHandle{0}, 0, Photos, -1, -1
08-30 18:43:43.047  2446  2878 I AppsModelWriter: normalizeVisibleItems(visibleItems)> 0, 101, 0, -102, 1, 16, UserHandle{0}, 0, YT Music, -1, -1
08-30 18:43:43.047  2446  2878 I AppsModelWriter: normalizeVisibleItems(visibleItems)> 0, 102, 0, -102, 1, 17, UserHandle{0}, 0, Meet, -1, -1
08-30 18:43:43.047  2446  2878 I AppsModelWriter: normalizeVisibleItems(visibleItems)> 0, 103, 0, -102, 1, 18, UserHandle{0}, 0, WhatsApp, -1, -1
08-30 18:43:43.047  2446  2878 I AppsModelWriter: normalizeVisibleItems(visibleItems)> 0, 105, 0, -102, 2, 0, UserHandle{0}, 0, Skype, -1, -1
08-30 18:43:43.047  2446  2878 I AppsModelWriter: normalizeVisibleItems(visibleItems)> 0, 106, 0, -102, 2, 1, UserHandle{0}, 0, Teams, -1, -1
08-30 18:43:43.047  2446  2878 I AppsModelWriter: normalizeVisibleItems(visibleItems)> 0, 107, 0, -102, 2, 2, UserHandle{0}, 0, Zepp Life, -1, -1
08-30 18:43:43.047  2446  2878 I AppsModelWriter: normalizeVisibleItems(visibleItems)> 0, 108, 0, -102, 2, 3, UserHandle{0}, 0, Viber, -1, -1
08-30 18:43:43.047  2446  2878 I AppsModelWriter: normalizeVisibleItems(visibleItems)> 0, 109, 0, -102, 2, 4, UserHandle{0}, 0, Messenger, -1, -1
08-30 18:43:43.047  2446  2878 I AppsModelWriter: normalizeVisibleItems(visibleItems)> 0, 110, 0, -102, 2, 5, UserHandle{0}, 0, Authenticator, -1, -1
08-30 18:43:43.047  2446  2878 I AppsModelWriter: normalizeVisibleItems(visibleItems)> 0, 111, 0, -102, 2, 6, UserHandle{0}, 0, Authenticator, -1, -1
08-30 18:43:43.047  2446  2878 I AppsModelWriter: normalizeVisibleItems(visibleItems)> 0, 112, 0, -102, 2, 7, UserHandle{0}, 0, Snapchat, -1, -1
08-30 18:43:43.047  2446  2878 I AppsModelWriter: normalizeVisibleItems(visibleItems)> 0, 113, 0, -102, 2, 8, UserHandle{0}, 0, A1 mWallet, -1, -1
08-30 18:43:43.047  2446  2878 I AppsModelWriter: normalizeVisibleItems(visibleItems)> 0, 114, 0, -102, 2, 9, UserHandle{0}, 0, mBanking, -1, -1
08-30 18:43:43.047  2446  2878 I AppsModelWriter: normalizeVisibleItems(visibleItems)> 0, 116, 0, -102, 2, 10, UserHandle{0}, 0, Secure Folder, -1, -1
08-30 18:43:43.047  2446  2878 I AppsModelWriter: normalizeVisibleItems(visibleItems)> 0, 117, 0, -102, 2, 11, UserHandle{0}, 0, Color Grab, -1, -1
08-30 18:43:43.047  2446  2878 I AppsModelWriter: normalizeVisibleItems(visibleItems)> 0, 119, 0, -102, 2, 12, UserHandle{0}, 0, CoinGecko, -1, -1
08-30 18:43:43.047  2446  2878 I AppsModelWriter: normalizeVisibleItems(visibleItems)> 0, 148, 0, -102, 3, 0, UserHandle{0}, 0, Duo Mobile, -1, -1
08-30 18:43:43.047  2446  2878 I AppsModelWriter: normalizeVisibleItems(visibleItems)> 0, 149, 0, -102, 3, 1, UserHandle{0}, 0, Reminder, -1, -1
08-30 18:43:43.047  2446  2878 I AppsModelWriter: normalizeVisibleItems(visibleItems)> 0, 158, 0, -102, 3, 2, UserHandle{0}, 0, Lens, -1, -1
08-30 18:43:43.047  2446  2878 I AppsModelWriter: normalizeVisibleItems(visibleItems)> 0, 159, 0, -102, 3, 3, UserHandle{0}, 0, Glovo, -1, -1
08-30 18:43:43.047  2446  2878 I AppsModelWriter: normalizeVisibleItems(visibleItems)> 0, 160, 0, -102, 3, 4, UserHandle{0}, 0, Wolt, -1, -1
08-30 18:43:43.047  2446  2878 I AppsModelWriter: normalizeVisibleItems(visibleItems)> 0, 165, 0, -102, 3, 5, UserHandle{0}, 0, Habits, -1, -1
08-30 18:43:43.047  2446  2878 I AppsModelWriter: normalizeVisibleItems(visibleItems)> 0, 172, 0, -102, 3, 6, UserHandle{0}, 0, Booking.com, -1, -1
08-30 18:43:43.047  2446  2878 I AppsModelWriter: normalizeVisibleItems(visibleItems)> 0, 184, 0, -102, 3, 7, UserHandle{0}, 0, VOZZi, -1, -1
08-30 18:43:43.047  2446  2878 I AppsModelWriter: normalizeVisibleItems(visibleItems)> 0, 187, 0, -102, 3, 8, UserHandle{0}, 0, Calendar, -1, -1
08-30 18:43:43.047  2446  2878 I AppsModelWriter: normalizeVisibleItems(visibleItems)> 0, 188, 0, -102, 3, 9, UserHandle{0}, 0, Quick measure, -1, -1
08-30 18:43:43.047  2446  2878 I AppsModelWriter: normalizeVisibleItems(visibleItems)> 0, 204, 0, -102, 3, 10, UserHandle{0}, 0, PrviTaxi Ni, -1, -1
08-30 18:43:43.047  2446  2878 I AppsModelWriter: normalizeVisibleItems(visibleItems)> 0, 208, 0, -102, 3, 11, UserHandle{0}, 0, Jet, -1, -1
08-30 18:43:43.047  2446  2878 I AppsModelWriter: normalizeVisibleItems(visibleItems)> 0, 211, 0, -102, 4, 0, UserHandle{0}, 0, Wallet, -1, -1
08-30 18:43:43.047  2446  2878 I AppsModelWriter: normalizeVisibleItems(visibleItems)> 0, 215, 0, -102, 4, 1, UserHandle{0}, 0, Wizz Air, -1, -1
08-30 18:43:43.047  2446  2878 I AppsModelWriter: normalizeVisibleItems(visibleItems)> 0, 221, 0, -102, 4, 2, UserHandle{0}, 0, Mister D, -1, -1
08-30 18:43:43.047  2446  2878 I AppsModelWriter: normalizeVisibleItems(visibleItems)> 0, 224, 0, -102, 4, 3, UserHandle{0}, 0, Milioner, -1, -1
08-30 18:43:43.047  2446  2878 I AppsModelWriter: normalizeVisibleItems(visibleItems)> 0, 228, 0, -102, 4, 4, UserHandle{0}, 0, Slagalica, -1, -1
08-30 18:43:43.047  2446  2878 I AppsModelWriter: normalizeVisibleItems(visibleItems)> 0, 258, 0, -102, 4, 5, UserHandle{0}, 0, Dark Stories, -1, -1
08-30 18:43:43.047  2446  2878 I AppsModelWriter: normalizeVisibleItems(visibleItems)> 0, 269, 0, -102, 4, 6, UserHandle{0}, 0, Smart Life, -1, -1
08-30 18:43:43.047  2446  2878 I AppsModelWriter: normalizeVisibleItems(visibleItems)> 0, 272, 0, -102, 4, 7, UserHandle{0}, 0, Kiwi.com, -1, -1
08-30 18:43:43.047  2446  2878 I AppsModelWriter: normalizeVisibleItems(visibleItems)> 0, 283, 0, -102, 4, 8, UserHandle{0}, 0, Danfoss Link, -1, -1
08-30 18:43:43.047  2446  2878 I AppsModelWriter: normalizeVisibleItems(visibleItems)> 0, 290, 0, -102, 4, 9, UserHandle{0}, 0, UDP Monitor, -1, -1
08-30 18:43:43.047  2446  2878 I AppsModelWriter: normalizeVisibleItems(visibleItems)> 0, 293, 0, -102, 4, 10, UserHandle{0}, 0, Xiaomi Earbuds, -1, -1
08-30 18:43:43.047  2446  2878 I AppsModelWriter: normalizeVisibleItems(visibleItems)> 0, 308, 0, -102, 4, 11, UserHandle{0}, 0, AliExpress, -1, -1
08-30 18:43:43.047  2446  2878 I AppsModelWriter: normalizeVisibleItems(visibleItems)> 0, 310, 0, -102, 4, 12, UserHandle{0}, 0, Diversis, -1, -1
08-30 18:43:43.047  2446  2878 I AppsModelWriter: normalizeVisibleItems(visibleItems)> 0, 325, 0, -102, 4, 13, UserHandle{0}, 0, BlaBlaCar, -1, -1
08-30 18:43:43.047  2446  2878 I AppsModelWriter: normalizeVisibleItems(visibleItems)> 0, 334, 0, -102, 5, 0, UserHandle{0}, 0, Slagalica, -1, -1
08-30 18:43:43.047  2446  2878 I AppsModelWriter: normalizeVisibleItems(visibleItems)> 0, 370, 0, -102, 5, 1, UserHandle{0}, 0, HeartFrame, -1, -1
08-30 18:43:43.047  2446  2878 I AppsModelWriter: normalizeVisibleItems(visibleItems)> 0, 375, 0, -102, 5, 2, UserHandle{0}, 0, Loomis, -1, -1
08-30 18:43:43.047  2446  2878 I AppsModelWriter: normalizeVisibleItems(visibleItems)> 0, 376, 0, -102, 5, 3, UserHandle{0}, 0, EFR Connect, -1, -1
08-30 18:43:43.047  2446  2878 I AppsModelWriter: normalizeVisibleItems(visibleItems)> 0, 377, 0, -102, 5, 4, UserHandle{0}, 0, nRF Connect, -1, -1
08-30 18:43:43.047  2446  2878 I AppsModelWriter: normalizeVisibleItems(visibleItems)> 0, 104, 0, -102, 5, 5, UserHandle{0}, 0, Instagram, -1, -1
08-30 18:43:43.047  2446  2878 I AppsModelWriter: normalizeVisibleItems(visibleItems)> 0, 391, 0, -102, 5, 6, UserHandle{0}, 0, Danfoss Eco, -1, -1
08-30 18:43:43.047  2446  2878 I AppsModelWriter: normalizeVisibleItems(visibleItems)> 0, 392, 0, -102, 5, 7, UserHandle{0}, 0, Aura, -1, -1
08-30 18:43:43.047  2446  2878 I AppsModelWriter: normalizeVisibleItems(visibleItems)> 0, 394, 0, -102, 5, 8, UserHandle{0}, 0, ESP8266 SmartConfig, -1, -1
08-30 18:43:43.047  2446  2878 I AppsModelWriter: normalizeVisibleItems(visibleItems)> 0, 395, 0, -102, 5, 9, UserHandle{0}, 0, EspTouch, -1, -1
08-30 18:43:43.047  2446  2878 I AppsModelWriter: normalizeVisibleItems(visibleItems)> 0, 396, 0, -102, 5, 10, UserHandle{0}, 0, StayFree, -1, -1
08-30 18:43:43.047  2446  2878 I AppsModelWriter: normalizeVisibleItems(visibleItems)> 0, 401, 0, -102, 5, 11, UserHandle{0}, 0, Vysor, -1, -1
08-30 18:43:43.047  2446  2878 I AppsModelWriter: normalizeVisibleItems(visibleItems)> 0, 516, 0, -102, 5, 12, UserHandle{0}, 0, Danfoss TPOne, -1, -1
08-30 18:43:43.047  2446  2878 I AppsModelWriter: normalizeVisibleItems(visibleItems)> 0, 517, 0, -102, 5, 13, UserHandle{0}, 0, Danfoss TPOne, -1, -1
08-30 18:43:43.047  2446  2878 I AppsModelWriter: normalizeVisibleItems(visibleItems)> 0, 518, 0, -102, 5, 14, UserHandle{0}, 0, Moj Maxi, -1, -1
08-30 18:43:43.047  2446  2878 I AppsModelWriter: normalizeVisibleItems(visibleItems)> 0, 519, 0, -102, 5, 15, UserHandle{0}, 0, DEVI Control, -1, -1
08-30 18:43:43.047  2446  2878 I AppsModelWriter: normalizeVisibleItems(visibleItems)> 0, 559, 0, -102, 5, 16, UserHandle{0}, 0, UI Analitics Compose, -1, -1
08-30 18:43:43.048  2446  2878 I AppsModelWriter: removing items from db com.example.uianaliticsxml
08-30 18:43:43.048  4188  4419 D KnoxHelper: getActivityList callingUserId: 0, target user: 0
08-30 18:43:43.049  4188  4419 D KnoxHelper: getActivityList callingUserId: 0, target user: 0
08-30 18:43:43.049  4188  4419 D KnoxHelper: getActivityList callingUserId: 0, target user: 0
08-30 18:43:43.050  4188  4419 D KnoxHelper: getActivityList callingUserId: 0, target user: 0
08-30 18:43:43.051  4188  4419 D KnoxHelper: getActivityList callingUserId: 0, target user: 0
08-30 18:43:43.051  4188  4419 D KnoxHelper: getActivityList callingUserId: 0, target user: 0
08-30 18:43:43.052  4188  4419 D KnoxHelper: getActivityList callingUserId: 0, target user: 0
08-30 18:43:43.052  4188  4419 D KnoxHelper: getActivityList callingUserId: 0, target user: 0
08-30 18:43:43.053  4188  4419 D KnoxHelper: getActivityList callingUserId: 0, target user: 0
08-30 18:43:43.054  4188  4419 D KnoxHelper: getActivityList callingUserId: 0, target user: 0
08-30 18:43:43.055  4188  4419 D KnoxHelper: getActivityList callingUserId: 0, target user: 0
08-30 18:43:43.054  6615  2038 I AppsEdge.Service: changeItem() removed=true
08-30 18:43:43.055  6615  2038 I AppsEdge.DBHelper: getFavoriteItems : true
08-30 18:43:43.056  4188  4419 D KnoxHelper: getActivityList callingUserId: 0, target user: 0
08-30 18:43:43.056  4188  4419 D KnoxHelper: getActivityList callingUserId: 0, target user: 0
08-30 18:43:43.057  4188  4419 D KnoxHelper: getActivityList callingUserId: 0, target user: 0
08-30 18:43:43.057  4188  4419 D KnoxHelper: getActivityList callingUserId: 0, target user: 0
08-30 18:43:43.061  4188  4419 D KnoxHelper: getActivityList callingUserId: 0, target user: 0
08-30 18:43:43.063  4188  4419 D KnoxHelper: getActivityList callingUserId: 0, target user: 0
08-30 18:43:43.064  6615  2038 I AppsEdge.DBHelper: getFavoriteItems type = 0, pos = 0, id = 6, item = 0@com.android.chrome/com.google.android.apps.chrome.Main&0
08-30 18:43:43.064  4188  4419 D KnoxHelper: getActivityList callingUserId: 0, target user: 0
08-30 18:43:43.065  4188  4419 D KnoxHelper: getActivityList callingUserId: 0, target user: 0
08-30 18:43:43.065  4188  4419 D KnoxHelper: getActivityList callingUserId: 0, target user: 0
08-30 18:43:43.066  4188  4419 D KnoxHelper: getActivityList callingUserId: 0, target user: 0
08-30 18:43:43.066  4188  4419 D KnoxHelper: getActivityList callingUserId: 0, target user: 0
08-30 18:43:43.067  4188  4419 D KnoxHelper: getActivityList callingUserId: 0, target user: 0
08-30 18:43:43.067  6615  2038 I AppsEdge.DBHelper: getFavoriteItems type = 0, pos = 1, id = 7, item = 0@com.samsung.android.app.notes/com.samsung.android.app.notes.memolist.MemoListActivity&0
08-30 18:43:43.068  2446  2878 I AppsModelWriter: updateItemsInDataBase : Invalid updateItems
08-30 18:43:43.068  2446  2878 I AppsModelWriter: deleteItems(end) : deleteItem> 0, 562, 0, -102, 5, 17, UserHandle{0}, 0, UI Analitics XML, -1, -1
08-30 18:43:43.068  2446  2446 I AppsModelWriter: bindAppsItems() - visibleAddItems : 0, visibleUpdateItems : 0, removeItems : 1
08-30 18:43:43.068  2446  2446 I Launcher.AppsContainerView: bindAppsUpdates() => add: 0, update: 0, remove: 1
08-30 18:43:43.068  2446  2446 I Launcher.AppsPagedView: removeItems => id: 562, rank: 17, screenId: 5, cellX: 1, cellY: 4, container: -102, dirty: false, title: UI Analitics XML, isFolder: false, user: UserHandle{0}, disabled: false, screenType: 0
08-30 18:43:43.069  2446  2446 I MultiSelectorImpl: removeSelectedApp - id : 562
08-30 18:43:43.069  4188  4419 D KnoxHelper: getActivityList callingUserId: 0, target user: 0
08-30 18:43:43.069  2446  2446 W SuggestedAppsManager: pending predictedApps : 9
08-30 18:43:43.071  6615  2038 I AppsEdge.DBHelper: getFavoriteItems type = 0, pos = 2, id = 8, item = 0@com.google.android.calendar/com.android.calendar.AllInOneActivity&0
08-30 18:43:43.072  2446  2878 I ModelWriter: deleteItemsFromDatabase++
08-30 18:43:43.073  2446  2878 I ModelWriter: removing items from db
08-30 18:43:43.074  2446  2878 I ModelWriter: enqueueDeleteRunnable++ : mPreparingToUndo = false
08-30 18:43:43.083  2446  2446 I Launcher.AppsPagedView: setLayout(), l: 38, r: 38, b: 106, spacing: 39
08-30 18:43:43.083  2446  2446 I Launcher.AppsPagedView: setLayout(), l: 38, r: 38, b: 106, spacing: 39
08-30 18:43:43.083  2446  2446 I Launcher.AppsPagedView: setLayout(), l: 38, r: 38, b: 106, spacing: 39
08-30 18:43:43.083  2446  2446 I Launcher.AppsPagedView: setLayout(), l: 38, r: 38, b: 106, spacing: 39
08-30 18:43:43.083  2446  2446 I Launcher.AppsPagedView: setLayout(), l: 38, r: 38, b: 106, spacing: 39
08-30 18:43:43.084  2446  2446 I Launcher.AppsPagedView: setLayout(), l: 38, r: 38, b: 106, spacing: 39
08-30 18:43:43.085  2446  2446 I CapturePreview: sendMessageForCapture
08-30 18:43:43.134 23460  2057 I ProvidersCache: Provider returned no roots. Possibly naughty: com.microsoft.skydrive.content.StorageAccessProvider
08-30 18:43:43.190  2021  2021 I dex2oat32: dex2oat took 534.786ms (1.382s cpu) (threads: 6) arena alloc=0B (0B) java alloc=6584KB (6742688B) native alloc=7423KB (7601600B) free=2282KB (2337328B)
08-30 18:43:43.205  1244 12888 V installd: DexInv: --- END '/data/app/~~Aw2NXFNi2w0xwOOdS2fxBQ==/com.example.uianaliticsxml-TA3DSR0biO9HNNSlskWq_A==/base.apk' (success) ---
08-30 18:43:43.233 10782 10808 I Backup  : [GmsBackupTransport] New restore session, 2 apps
08-30 18:43:43.239 10782 10782 D BoundBrokerSvc: onBind: Intent { act=com.google.android.gms.common.BIND_SHARED_PREFS pkg=com.google.android.gms }
08-30 18:43:43.239 10782 10782 D BoundBrokerSvc: Loading bound service for intent: Intent { act=com.google.android.gms.common.BIND_SHARED_PREFS pkg=com.google.android.gms }
08-30 18:43:43.242 10782 10782 D BoundBrokerSvc: onUnbind: Intent { act=com.google.android.gms.common.BIND_SHARED_PREFS pkg=com.google.android.gms }
08-30 18:43:43.251 10782 10782 D BoundBrokerSvc: onBind: Intent { act=com.google.android.gms.common.BIND_SHARED_PREFS pkg=com.google.android.gms }
08-30 18:43:43.251 10782 10782 D BoundBrokerSvc: Loading bound service for intent: Intent { act=com.google.android.gms.common.BIND_SHARED_PREFS pkg=com.google.android.gms }
08-30 18:43:43.254 10782 10782 D BoundBrokerSvc: onUnbind: Intent { act=com.google.android.gms.common.BIND_SHARED_PREFS pkg=com.google.android.gms }
08-30 18:43:43.254 10782 10808 I Backup  : [BlacklistedInfoRequestProcessor] Attaching GetAppKeyBlacklistInfo request to restore request.
08-30 18:43:43.273 10782 10782 D BoundBrokerSvc: onBind: Intent { act=com.google.android.gms.common.BIND_SHARED_PREFS pkg=com.google.android.gms }
08-30 18:43:43.273 10782 10782 D BoundBrokerSvc: Loading bound service for intent: Intent { act=com.google.android.gms.common.BIND_SHARED_PREFS pkg=com.google.android.gms }
