08-30 18:42:15.898 28148 28169 I TestRunner: started: bottomNavigationTest(com.example.benchmark.ExampleStartupBenchmark)
08-30 18:42:15.898 27008 27008 D BLASTBufferQueue: new BLASTBufferQueue, mNativeObject= 0xb40000770be16d30 name= ViewRootImpl@c7010bb[LauncherActivity] sc.mNativeObject= 0xb40000769be5b0d0 caller= android.view.ViewRootImpl.updateBlastSurfaceIfNeeded:2789 android.view.ViewRootImpl.relayoutWindow:9635 android.view.ViewRootImpl.performTraversals:3759 android.view.ViewRootImpl.doTraversal:2991 android.view.ViewRootImpl$TraversalRunnable.run:10665 android.view.Choreographer$CallbackRecord.run:1301 android.view.Choreographer$CallbackRecord.run:1309 android.view.Choreographer.doCallbacks:923 android.view.Choreographer.doFrame:852 android.view.Choreographer$FrameDisplayEventReceiver.run:1283
08-30 18:42:15.898 27008 27008 D BLASTBufferQueue: update, w= 1080 h= 2400 mNativeObject= 0xb40000770be16d30 sc.mNativeObject= 0xb40000769be5b0d0 format= -2 caller= android.graphics.BLASTBufferQueue.<init>:76 android.view.ViewRootImpl.updateBlastSurfaceIfNeeded:2789 android.view.ViewRootImpl.relayoutWindow:9635 android.view.ViewRootImpl.performTraversals:3759 android.view.ViewRootImpl.doTraversal:2991 android.view.ViewRootImpl$TraversalRunnable.run:10665
08-30 18:42:15.899 27008 27008 I ViewRootImpl@c7010bb[LauncherActivity]: Relayout returned: old=(0,0,1080,2400) new=(0,0,1080,2400) req=(1080,2400)0 dur=5 res=0x3 s={true 0xb40000779be93ff0} ch=true seqId=0
08-30 18:42:15.899  1054  2920 I SurfaceFlinger: id=86483 createSurf flag=24000, Surface(name=e0b30c0 StatusBar)/@0x15aa7e0 - animation-leash of insets_animation#86483
08-30 18:42:15.899 27008 27008 I dnpy    : (REDACTED) onApplyWindowInsets: systemWindowInsets=%s
08-30 18:42:15.899 27008 27008 I dnpy    : (REDACTED) onApplyWindowInsets: systemWindowInsets=%s
08-30 18:42:15.899 27008 27008 D ViewRootImpl@c7010bb[LauncherActivity]: mThreadedRenderer.initialize() mSurface={isValid=true 0xb40000779be93ff0} hwInitialized=true
08-30 18:42:15.899 27008 27053 D OpenGLRenderer: eglCreateWindowSurface
08-30 18:42:15.899  1054  1848 I SurfaceFlinger: id=86484 createSurf flag=24000, Surface(name=40811ff NavigationBar0)/@0x7c5593f - animation-leash of insets_animation#86484
08-30 18:42:15.899 27008 27008 D ViewRootImpl@c7010bb[LauncherActivity]: reportNextDraw android.view.ViewRootImpl.performTraversals:4313 android.view.ViewRootImpl.doTraversal:2991 android.view.ViewRootImpl$TraversalRunnable.run:10665 android.view.Choreographer$CallbackRecord.run:1301 android.view.Choreographer$CallbackRecord.run:1309
08-30 18:42:15.899 27008 27008 D ViewRootImpl@c7010bb[LauncherActivity]: Setup new sync id=119
08-30 18:42:15.900 27008 27008 D ViewRootImpl@c7010bb[LauncherActivity]: Setting syncFrameCallback
08-30 18:42:15.900 27008 27008 D ViewRootImpl@c7010bb[LauncherActivity]: registerCallbacksForSync syncBuffer=false
08-30 18:42:15.900 27008 27071 D ViewRootImpl@c7010bb[LauncherActivity]: Received frameDrawingCallback syncResult=0 frameNum=1.
08-30 18:42:15.900 27008 27071 D ViewRootImpl@c7010bb[LauncherActivity]: Setting up sync and frameCommitCallback
08-30 18:42:15.900  1408  4366 V WindowManager: Relayout hash=4d13dc, pid=2446, syncId=-1: mAttrs={(0,0)(fillxfill) sim={adjust=nothing forwardNavigation} layoutInDisplayCutoutMode=shortEdges ty=BASE_APPLICATION fmt=TRANSPARENT wanim=0x10302f4
08-30 18:42:15.900  1408  4366 V WindowManager:   fl=81910100
08-30 18:42:15.900  1408  4366 V WindowManager:   pfl=1e020040
08-30 18:42:15.900  1408  4366 V WindowManager:   vsysui=1700
08-30 18:42:15.900  1408  4366 V WindowManager:   bhv=SHOW_TRANSIENT_BARS_BY_SWIPE
08-30 18:42:15.900  1408  4366 V WindowManager:   fitSides= screenDimDuration=100000 naviIconColor=0}
08-30 18:42:15.902  4516  4516 I ActivityUtils: HomePackage : com.sec.android.app.launcher, resumePackageName : com.sec.android.app.launcher
08-30 18:42:15.903 27008 27053 D BLASTBufferQueue: [ViewRootImpl@c7010bb[LauncherActivity]#177](f:0,a:0) onFrameAvailable the first frame is available
08-30 18:42:15.903 27008 27053 D ViewRootImpl@c7010bb[LauncherActivity]: Received frameCommittedCallback lastAttemptedDrawFrameNum=1 didProduceBuffer=true
08-30 18:42:15.903 27008 27008 D ViewRootImpl@c7010bb[LauncherActivity]: onSyncComplete
08-30 18:42:15.903 27008 27008 D ViewRootImpl@c7010bb[LauncherActivity]: setupSync seqId=0 mSyncId=119 fn=1 caller=android.view.ViewRootImpl$$ExternalSyntheticLambda11.accept:6 android.window.SurfaceSyncer.lambda$setupSync$1$android-window-SurfaceSyncer:128 android.window.SurfaceSyncer$$ExternalSyntheticLambda1.accept:8 android.window.SurfaceSyncer$SyncSet.checkIfSyncIsComplete:382 android.window.SurfaceSyncer$SyncSet.markSyncReady:359 android.window.SurfaceSyncer.markSyncReady:151 android.view.ViewRootImpl.performTraversals:4373
08-30 18:42:15.903 27008 27008 D ViewRootImpl@c7010bb[LauncherActivity]: reportDrawFinished seqId=0 mSyncId=-1 fn=1 mSurfaceChangedTransaction=0xb4000076cbe36110
08-30 18:42:15.904 27008 27008 I dnxg    : onStart
08-30 18:42:15.904  2446  2880 I LiveIconUpdateEventHandler: cancelDateChangeAlarm
08-30 18:42:15.904  2446  2446 I ViewRootImpl@e5a6e97[LauncherActivity]: Relayout returned: old=(0,0,1080,2400) new=(0,0,1080,2400) req=(1080,2400)0 dur=10 res=0x3 s={true 0xb40000779c0b7200} ch=true seqId=0
08-30 18:42:15.906  2446  2880 I LiveIconUpdateEventHandler: setDateChangeAlarm Thu Aug 31 00:00:00 GMT+02:00 2023
08-30 18:42:15.906  1872  1872 D SamsungLightBarControlHelper: onStatusBarAppearanceChanged() -  sbModeChanged:false, statusBarMode:MODE_TRANSPARENT, barState:SHADE, isKeyguardShowing:false, navbarColorManagedByIme:false, stackAppearancesChanged:true, (), packageName:com.sec.android.app.launcher
08-30 18:42:15.907  2446 20596 I TouchInteractionService: onSystemUiStateChanged, stateFlags : 0 |
08-30 18:42:15.908  6000  6172 I Rubin   : [1116] t9.a.c(SourceFile:1) : Notify com.samsung.android.rubin.inferenceengine.contextanalytics.engine.loggers.d's database is updated.
08-30 18:42:15.909  4188  4419 D KnoxHelper: getActivityList callingUserId: 0, target user: 0
08-30 18:42:15.909  1054  1054 I Layer   : id=86474 removeFromCurrentState Surface(name=e0b30c0 StatusBar)/@0x15aa7e0 - animation-leash of insets_animation#86474 (140)
08-30 18:42:15.909  1054  1054 I Layer   : id=86475 removeFromCurrentState Surface(name=40811ff NavigationBar0)/@0x7c5593f - animation-leash of insets_animation#86475 (140)
08-30 18:42:15.909  1054  1054 I SurfaceFlinger: [4d13dc com.sec.android.app.launcher/com.sec.android.app.launcher.activities.LauncherActivity#124] FrameRatePriority: 1
08-30 18:42:15.909  1054  1054 D SurfaceFlinger: [input] inputWindowCommands.focusRequests size is 1
08-30 18:42:15.910  1054  1169 D SurfaceFlinger: [input] setFocusedWindow: 4d13dc com.sec.android.app.launcher/com.sec.android.app.launcher.activities.LauncherActivity
08-30 18:42:15.910  1408  4366 D InputDispatcher: Focus request (0): 4d13dc com.sec.android.app.launcher/com.sec.android.app.launcher.activities.LauncherActivity but waiting because NO_WINDOW
08-30 18:42:15.910  2285  2285 E ApduServiceInfo: Not adding <aid-group> with empty or invalid AIDs
08-30 18:42:15.911  2285  2285 I NfcKnoxUtil: isNFCAllowed is called for userId - 0
08-30 18:42:15.911  2285  2285 D NfcKnoxUtil: NFC checking for 0
08-30 18:42:15.911  2285  2285 W NfcKnoxUtil:  container manager null for 0
08-30 18:42:15.911  2285  2285 I NfcKnoxUtil: allow NFC for 0
08-30 18:42:15.911  2285  2285 D RegisteredOtherServicesCache: invalidate : 0
08-30 18:42:15.912  4188  4419 D KnoxHelper: getActivityList callingUserId: 0, target user: 0
08-30 18:42:15.912  2446  2446 I RecentsView: onTaskRemoved() taskId : 26436
08-30 18:42:15.913  2446  2446 I TopTaskTracker: onTaskRemoved : taskId = 26436
08-30 18:42:15.913  2446  2446 I RecentsView: onTaskRemoved() taskId : 26436
08-30 18:42:15.913  2446  2446 I TopTaskTracker: onTaskRemoved : taskId = 26436
08-30 18:42:15.913  2446  2446 I PopupDataProvider: onNotificationFullRefresh prev dotInfoSize : 4
08-30 18:42:15.913  2446  2446 I PopupDataProvider: refresh badge  package : com.xiaomi.hm.health count : 1
08-30 18:42:15.913  2446  2446 I PopupDataProvider: refresh badge  package : android count : 1
08-30 18:42:15.913  2446  2446 I PopupDataProvider: refresh badge  package : com.wssyncmldm count : 1
08-30 18:42:15.913  2446  2446 I PopupDataProvider: refresh badge  package : com.viber.voip count : 3
08-30 18:42:15.913  2446  2446 I IconView: applyDotState itemInfo : Zepp Life display : 1 count : 1
08-30 18:42:15.913  4188  4419 D KnoxHelper: getActivityList callingUserId: 0, target user: 0
08-30 18:42:15.913  2446  2446 I IconView: applyDotState itemInfo : Viber display : 1 count : 3
08-30 18:42:15.913  2446  2446 I RecentsAnimationDeviceState: setSystemUiFlags, stateFlags : 0
08-30 18:42:15.913  2446  2446 I TouchInteractionService: onSystemUiFlagsChanged, lastSysUIFlags : 131072
08-30 18:42:15.914  2446  2880 I LiveIconViewUpdater: onUpdateLiveIcon - id : 75, itemType : 0
08-30 18:42:15.914  4188  4419 D KnoxHelper: getActivityList callingUserId: 0, target user: 0
08-30 18:42:15.914 27008 27008 I dnxg    : onResume
08-30 18:42:15.914  6000  6172 I Rubin   : [1116] ha.e.m(SourceFile:6) : isSatisfiedByCmh is false
08-30 18:42:15.916  2446  2880 I SPayUpdater: updateSpayHandler, show = true, defaultPage = true
08-30 18:42:15.916  1872  2875 D WallpaperService: dispatchAppVisibility onVisibilityChanged(): true
08-30 18:42:15.917  1872  1872 D WallpaperService: updateSurface forceRelayout=true forceReport=false redrawNeeded=false myWidth=2400 myHeight=2400 fixedSize=true x = 0 y = 0 mWidth=2400 mHeight=2400 mIsSleepMode=false
08-30 18:42:15.917  1872  1872 D WallpaperService: mDeviceHeight : 2400, mDeviceWidth : 1080,mDeviceRotation  : 0
08-30 18:42:15.918  1054  1093 I SurfaceFlinger: id=86485 createSurf flag=24004, Surface(name=Task=1)/@0x7bcb610 - animation-leash of app_transition#86485
08-30 18:42:15.920  4188  4419 D KnoxHelper: getActivityList callingUserId: 0, target user: 0
08-30 18:42:15.921 28622 28622 I gmcf    : (REDACTED) received broadcast: %s
08-30 18:42:15.921 28622 28677 I gmci    : (REDACTED) received broadcast: %s
08-30 18:42:15.921 28622 28677 I glxg    : (REDACTED) #onConfigUpdate. requester: %s
08-30 18:42:15.921 28622 28677 I glxg    : #onConfigUpdate inside sequencer
08-30 18:42:15.921 28622 28677 I glua    : (REDACTED) Voice Match (Speaker-id) supported : %b
08-30 18:42:15.921 28622 28677 I glua    : (REDACTED) hotword enrollment state is enrolled:  %b, speakerId model exist: %b. Voice Match supported : %b
08-30 18:42:15.921 28622 28677 I glua    : (REDACTED) isHotwordAvailable():  %b, isHotwordEnabled() %b
08-30 18:42:15.921 28622 28677 I glua    : (REDACTED) isHotwordAvailable():  %b, isHotwordEnabled() %b
08-30 18:42:15.921 28622 28677 I glua    : (REDACTED) Hotword enrollment state : %s.
08-30 18:42:15.921 28622 28677 I glua    : (REDACTED) Voice Match (Speaker-id) supported : %b
08-30 18:42:15.921 28622 28677 I glua    : (REDACTED) Voice Match (Speaker-id) supported : %b
08-30 18:42:15.921 28622 28677 I glua    : (REDACTED) hotword enrollment state is enrolled:  %b, speakerId model exist: %b, voice match supported : %b
08-30 18:42:15.921 28622 28677 I glua    : (REDACTED) Hotword isNonVoiceMatchHotwordEnabled: %b, isHotwordAvailable : %b, isHotwordEnabled : %b, isVoiceMatchSupported: %b, isHotwordEnrolled: %b.
08-30 18:42:15.921 28622 28677 I glxg    : (REDACTED) Ignore the legacy hotword request. voice match enabled %b, isHotwordSupported %b, isIncompleteEnrollmentState %b, nonVoiceMatchHotwordEnabled %b
08-30 18:42:15.922  1872  1900 D Bubbles : onLocusVisibilityChanged: LocusId[17_chars] visible=true
08-30 18:42:15.922  1408  4388 V WindowManager: Relayout Window{8b0d3d u0 com.android.systemui.ImageWallpaper}: viewVisibility=0 req=2400x2400 d0
08-30 18:42:15.922  2285  2285 I RegisteredOtherServicesCache: current user: 0, is managed profile : false, is dual profile : false
08-30 18:42:15.923  1408  2566 D InputTransport: Input channel destroyed: 'ClientS', fd=734
08-30 18:42:15.923  1054  1093 I SurfaceFlinger: id=86474 Removed Surface(name=e0b30c0 StatusBar)/@0x15aa7e0 - animation-leash of insets_animation#86474 (141)
08-30 18:42:15.923  1054  1093 I SurfaceFlinger: id=86475 Removed Surface(name=40811ff NavigationBar0)/@0x7c5593f - animation-leash of insets_animation#86475 (141)
08-30 18:42:15.924  1408  4388 V WindowManager: Relayout hash=8b0d3d, pid=1872, syncId=-1: mAttrs={(0,0)(2400x2400) gr=TOP START CENTER layoutInDisplayCutoutMode=always ty=WALLPAPER fmt=RGBX_8888 wanim=0x103031a
08-30 18:42:15.924  1408  4388 V WindowManager:   fl=14318
08-30 18:42:15.924  1408  4388 V WindowManager:   pfl=2000014
08-30 18:42:15.924  1408  4388 V WindowManager:   bhv=DEFAULT naviIconColor=0
08-30 18:42:15.924  1408  4388 V WindowManager:   sfl=8}
08-30 18:42:15.924  2285  2285 I CardEmulationManager: current user id : 0, is managed profile : false, is dual profile : false verify install : false
08-30 18:42:15.924  1872  1872 D BLASTBufferQueue: update, w= 2400 h= 2400 mNativeObject= 0xb40000770be44b90 sc.mNativeObject= 0xb40000769bec3ae0 format= 2 caller= android.service.wallpaper.WallpaperService$Engine.getOrCreateBLASTSurface:2537 android.service.wallpaper.WallpaperService$Engine.updateSurface:1496 android.service.wallpaper.WallpaperService$Engine.reportVisibility:1871 android.service.wallpaper.WallpaperService$Engine.doVisibilityChanged:1841 android.service.wallpaper.WallpaperService$IWallpaperEngineWrapper.executeMessage:2798 com.android.internal.os.HandlerCaller$MyHandler.handleMessage:44
08-30 18:42:15.924  1872  1872 D WallpaperService: reportVisibility onVisibilityChanged visible: true
08-30 18:42:15.924  1872  2118 I ImageWallpaper[GLEngine]:  onVisibilityChanged true , 0
08-30 18:42:15.925  1872  1872 D SamsungLightBarControlHelper: onStatusBarAppearanceChanged() -  sbModeChanged:false, statusBarMode:MODE_TRANSPARENT, barState:SHADE, isKeyguardShowing:false, navbarColorManagedByIme:false, stackAppearancesChanged:true, (AppearanceRegion{ bounds=[0,0][1080,2400]}, ), packageName:com.sec.android.app.launcher
08-30 18:42:15.925  1872  2118 I ImageWallpaperRenderer: updateWallpaperOffset 0 lastCropOffset 0 wp Type , 0 , rotation == 0 Do not change Display offset 0
08-30 18:42:15.925  1054  1093 I SurfaceFlinger: id=86473 Removed com.example.uianaliticsxml/com.example.uianaliticsxml.MainActivity$_30345#86473 (141)
08-30 18:42:15.925  1054  1093 I SurfaceFlinger: id=86478 Removed Surface(name=2c93aa8 InputMethod)/@0xa6600a7 - animation-leash of insets_animation#86478 (141)
08-30 18:42:15.925  2446  2878 I LiveIconUtil: getLiveIcon was called in ClockPackage
08-30 18:42:15.926  1054  1054 I Layer   : Layer [com.sec.android.app.launcher/com.sec.android.app.launcher.activities.LauncherActivity$_27008#86481] hidden!! flag(0)
08-30 18:42:15.926  1054  1054 I Layer   : id=86478 Destroyed Surface(name=2c93aa8 InputMethod)/@0xa6600a7 - animation-leash of insets_animation#86478
08-30 18:42:15.926  1054  1054 I Layer   : id=86475 Destroyed Surface(name=40811ff NavigationBar0)/@0x7c5593f - animation-leash of insets_animation#86475
08-30 18:42:15.926  1054  1054 I Layer   : id=86474 Destroyed Surface(name=e0b30c0 StatusBar)/@0x15aa7e0 - animation-leash of insets_animation#86474
08-30 18:42:15.926  1054  1054 E BpTransactionCompletedListener: Failed to transact (-32)
08-30 18:42:15.926  1054  1054 I Layer   : id=86473 Destroyed com.example.uianaliticsxml/com.example.uianaliticsxml.MainActivity$_30345#86473
08-30 18:42:15.926   911   911 I Zygote  : Process 30345 exited due to signal 9 (Killed)
08-30 18:42:15.927  2446  2878 I LiveIconUtil: getLiveIcon res = com.sec.android.app.clockpackage
08-30 18:42:15.927  2446  2878 I LiveIconUtil: stdIconSize : 144 , targetIconSize : 174
08-30 18:42:15.927  2446  2878 I LiveIconUtil: mIconDpi : 640 , mTargetIconDpi : 480
08-30 18:42:15.928  1054  1054 D SurfaceFlinger: Display 4633128672291735937 HWC layers:
08-30 18:42:15.928  1054  1054 D SurfaceFlinger:      DEVICE | 0xb4000070998c9410 | 0100 | RGBx_8888    |  660.0    0.0 1740.0 2400.0 |    0    0 1080 2400 | Wallpaper BBQ wrapper#80
08-30 18:42:15.928  1054  1054 D SurfaceFlinger:      DEVICE | 0xb4000070998c5a50 | 0100 | RGBA_8888    |    0.0    0.0 1080.0   80.0 |    0    0 1080   80 | StatusBar$_1872#94
08-30 18:42:15.928  1054  1054 D SurfaceFlinger:      DEVICE | 0xb4000070998c8d10 | 0100 | RGBA_8888    |    0.0    0.0   67.0  329.0 | 1013  384 1080  713 | com.samsung.android.app.cocktailbars[...]rvice.CocktailBarService$_4516#85627
08-30 18:42:15.928  1054  1054 D SurfaceFlinger:      DEVICE | 0xb4000070998dd0d0 | 0100 | RGBA_8888    |    0.0    0.0 1080.0  144.0 |    0 2256 1080 2400 | NavigationBar0$_1872#87
08-30 18:42:15.928  1054  1054 D SurfaceFlinger:
08-30 18:42:15.930  4188  4419 D KnoxHelper: getActivityList callingUserId: 0, target user: 0
08-30 18:42:15.931  4188  4419 D KnoxHelper: getActivityList callingUserId: 0, target user: 0
08-30 18:42:15.931  4188  4419 D KnoxHelper: getActivityList callingUserId: 0, target user: 0
08-30 18:42:15.931 28148 28169 I GrantPermissionCallable: Permission: android.permission.READ_EXTERNAL_STORAGE is already granted!
08-30 18:42:15.931  4188  4419 D KnoxHelper: getActivityList callingUserId: 0, target user: 0
08-30 18:42:15.932  4188  4419 D KnoxHelper: getActivityList callingUserId: 0, target user: 0
08-30 18:42:15.932 28148 28169 I GrantPermissionCallable: Permission: android.permission.WRITE_EXTERNAL_STORAGE is already granted!
08-30 18:42:15.933  2285  2285 I RegisteredAidCache:  user id = 0
08-30 18:42:15.933  2285  2285 I RegisteredAidCache:  user id = 150
08-30 18:42:15.934  4188  4419 D KnoxHelper: getActivityList callingUserId: 0, target user: 0
08-30 18:42:15.934  4188  4419 D KnoxHelper: getActivityList callingUserId: 0, target user: 0
08-30 18:42:15.934  4188  4419 D KnoxHelper: getActivityList callingUserId: 0, target user: 0
08-30 18:42:15.935  4188  4419 D KnoxHelper: getActivityList callingUserId: 0, target user: 0
08-30 18:42:15.935  4188  4419 D KnoxHelper: getActivityList callingUserId: 0, target user: 0
08-30 18:42:15.935  4188  4419 D KnoxHelper: getActivityList callingUserId: 0, target user: 0
08-30 18:42:15.936  4188  4419 D KnoxHelper: getActivityList callingUserId: 0, target user: 0
08-30 18:42:15.936  4188  4419 D KnoxHelper: getActivityList callingUserId: 0, target user: 0
08-30 18:42:15.936  4188  4419 D KnoxHelper: getActivityList callingUserId: 0, target user: 0
08-30 18:42:15.937  4188  4419 D KnoxHelper: getActivityList callingUserId: 0, target user: 0
08-30 18:42:15.937  4188  4419 D KnoxHelper: getActivityList callingUserId: 0, target user: 0
08-30 18:42:15.937  4188  4419 D KnoxHelper: getActivityList callingUserId: 0, target user: 0
08-30 18:42:15.938  4188  4419 D KnoxHelper: getActivityList callingUserId: 0, target user: 0
08-30 18:42:15.938  4188  4419 D KnoxHelper: getActivityList callingUserId: 0, target user: 0
08-30 18:42:15.938  4188  4419 D KnoxHelper: getActivityList callingUserId: 0, target user: 0
08-30 18:42:15.940  4188  4419 D KnoxHelper: getActivityList callingUserId: 0, target user: 0
08-30 18:42:15.941  4188  4419 D KnoxHelper: getActivityList callingUserId: 0, target user: 0
08-30 18:42:15.943  4188  4419 D KnoxHelper: getActivityList callingUserId: 0, target user: 0
08-30 18:42:15.944  4188  4419 D KnoxHelper: getActivityList callingUserId: 0, target user: 0
08-30 18:42:15.946  4188  4419 D KnoxHelper: getActivityList callingUserId: 0, target user: 0
08-30 18:42:15.947  4188  4419 D KnoxHelper: getActivityList callingUserId: 0, target user: 0
08-30 18:42:15.950 28148 28169 D Benchmark: Killing process com.example.uianaliticsxml
08-30 18:42:15.950  4188  4419 D KnoxHelper: getActivityList callingUserId: 0, target user: 0
08-30 18:42:15.950  2285  2285 I RegisteredAidCache: aidInfo: 0
08-30 18:42:15.950  2285  2285 I RegisteredAidCache: aidInfo: 0
08-30 18:42:15.950  2285  2285 I RegisteredAidCache: aidInfo: 0
08-30 18:42:15.950  2285  2285 I RegisteredAidCache: aidInfo: 0
08-30 18:42:15.950  2285  2285 I RegisteredAidCache: aidInfo: 0
08-30 18:42:15.950  2285  2285 I RegisteredAidCache: aidInfo: 0
08-30 18:42:15.950  2285  2285 D AidRoutingManager: support iso7816 protocol route
08-30 18:42:15.950  2285  2285 D AidRoutingManager: getRouteForNfcExecutionEnvironment : SIM1
08-30 18:42:15.950  2285  2285 D AidRoutingManager: defaultRoute(this) : 0x2, defaultRoute(Cache) : 0x2
08-30 18:42:15.950  2285  2285 D AidRoutingManager: [seList] - add default route : 0x2
08-30 18:42:15.950  2285  2285 D AidRoutingManager: [seList] - add route : 0x0
08-30 18:42:15.951  2285  2285 D AidRoutingManager: entry changed : false
08-30 18:42:15.951  2285  2285 D AidRoutingManager: power changed : false
08-30 18:42:15.951  2285  2285 D AidRoutingManager: route changed : false
08-30 18:42:15.951  2285  2285 D AidRoutingManager: routing update is not required
08-30 18:42:15.951  4188  4419 D KnoxHelper: getActivityList callingUserId: 0, target user: 0
08-30 18:42:15.951  2446  2878 I AppIconSolution: load= live icon for com.sec.android.app.clockpackage, from overlay = false
08-30 18:42:15.951  2446  2878 I LauncherActivityInfo: Load live icon for com.sec.android.app.clockpackage
08-30 18:42:15.951  2446  2878 I LauncherActivityInfo: packageName: com.sec.android.app.clockpackage, useThemeIcon: false, height: 288, width: 288, density: 640
08-30 18:42:15.952  2285  2285 D RegisteredNfcFServicesCache: Service unchanged, not updating
08-30 18:42:15.952  4188  4419 D KnoxHelper: getActivityList callingUserId: 0, target user: 0
08-30 18:42:15.952  2321  2338 I SecureElementService: SEReader getReaders()
08-30 18:42:15.952  2321  2338 D SecureElementService: getReaders() for com.android.nfc
08-30 18:42:15.952  2321  2338 I SecureElementService: SEReader getReaders()
08-30 18:42:15.952  2321  2338 D SecureElementService: getReaders() for com.android.nfc
08-30 18:42:15.955  2321  2338 I SecureElementService: SEReader getReaders()
08-30 18:42:15.955  2321  2338 D SecureElementService: getReaders() for com.android.nfc
08-30 18:42:15.955  2321  2338 I SecureElementService: SEReader getReaders()
08-30 18:42:15.955  2321  2338 D SecureElementService: getReaders() for com.android.nfc
08-30 18:42:15.957  2446  2878 I LiveIconLoader: [Calendar] LiveIcon - stdIconSize : 144 , targetIconSize : 174
08-30 18:42:15.957  2446  2878 I LiveIconLoader: [Calendar] LiveIcon - sIconDpi : 640 , targetIconDpi : 480
08-30 18:42:15.958  2446  2878 W LiveIconLoader: System font not found, reverting to Roboto.
08-30 18:42:15.959  2446  2878 I LiveIconLoader: [Calendar] getLiveIcon - Date: 30
08-30 18:42:15.959  2446  2878 I AppIconSolution: load= live icon for com.samsung.android.calendar, from overlay = false
08-30 18:42:15.959  2446  2878 I LauncherActivityInfo: Load live icon for com.samsung.android.calendar
08-30 18:42:15.959  2446  2878 I LauncherActivityInfo: packageName: com.samsung.android.calendar, useThemeIcon: false, height: 288, width: 288, density: 640
08-30 18:42:15.964  1408  1438 W System  : A resource failed to call release.
08-30 18:42:15.981  1852  1852 D CarrierSvcBindHelper: onHandleForceStop: [com.example.uianaliticsxml]
08-30 18:42:15.982  1852  1852 D CarrierSvcBindHelper: No carrier app for: 0
08-30 18:42:15.982  1852  1852 D CarrierSvcBindHelper: No carrier app for: 1
08-30 18:42:15.982 28148 28169 D Benchmark: Resetting com.example.uianaliticsxml
08-30 18:42:15.983  2285  2285 D RegisteredServicesCache: invalidateCache : 0
08-30 18:42:15.984  4148 29742 W MediaProvider: isAppCloneUserPair for user 0: false
08-30 18:42:15.984  2285  2285 E ApduServiceInfo: Not adding <aid-group> with empty or invalid AIDs
08-30 18:42:15.985  2285  2285 I NfcKnoxUtil: isNFCAllowed is called for userId - 0
08-30 18:42:15.985  2285  2285 D NfcKnoxUtil: NFC checking for 0
08-30 18:42:15.985  2285  2285 W NfcKnoxUtil:  container manager null for 0
08-30 18:42:15.985  2285  2285 I NfcKnoxUtil: allow NFC for 0
08-30 18:42:15.985  2285  2285 D RegisteredOtherServicesCache: invalidate : 0
08-30 18:42:15.985  4148 29742 V MediaProvider: Inserted id:1000011085 less than next row id backup:1000012000.
08-30 18:42:15.985  2285  2285 I RegisteredOtherServicesCache: current user: 0, is managed profile : false, is dual profile : false
08-30 18:42:15.986  2285  2285 I CardEmulationManager: current user id : 0, is managed profile : false, is dual profile : false verify install : false
08-30 18:42:15.986  2285  2285 I RegisteredAidCache:  user id = 0
08-30 18:42:15.986  2285  2285 I RegisteredAidCache:  user id = 150
08-30 18:42:15.986  2285  2285 I RegisteredAidCache: aidInfo: 0
08-30 18:42:15.986  2285  2285 I RegisteredAidCache: aidInfo: 0
08-30 18:42:15.986  2285  2285 I RegisteredAidCache: aidInfo: 0
08-30 18:42:15.986  2285  2285 I RegisteredAidCache: aidInfo: 0
08-30 18:42:15.986  2285  2285 I RegisteredAidCache: aidInfo: 0
08-30 18:42:15.986  2285  2285 I RegisteredAidCache: aidInfo: 0
08-30 18:42:15.986  2285  2285 D AidRoutingManager: support iso7816 protocol route
08-30 18:42:15.986  2285  2285 D AidRoutingManager: getRouteForNfcExecutionEnvironment : SIM1
08-30 18:42:15.986  2285  2285 D AidRoutingManager: defaultRoute(this) : 0x2, defaultRoute(Cache) : 0x2
08-30 18:42:15.986  2285  2285 D AidRoutingManager: [seList] - add default route : 0x2
08-30 18:42:15.986  2285  2285 D AidRoutingManager: [seList] - add route : 0x0
08-30 18:42:15.986  2285  2285 D AidRoutingManager: entry changed : false
08-30 18:42:15.986  2285  2285 D AidRoutingManager: power changed : false
08-30 18:42:15.986  2285  2285 D AidRoutingManager: route changed : false
08-30 18:42:15.987  2285  2285 D AidRoutingManager: routing update is not required
08-30 18:42:15.987  2285  2285 D RegisteredNfcFServicesCache: Service unchanged, not updating
08-30 18:42:15.987  2321  2338 I SecureElementService: SEReader getReaders()
08-30 18:42:15.987  2321  2338 D SecureElementService: getReaders() for com.android.nfc
08-30 18:42:15.987  2321  2338 I SecureElementService: SEReader getReaders()
08-30 18:42:15.987  2321  2338 D SecureElementService: getReaders() for com.android.nfc
08-30 18:42:15.988  2321  2338 I SecureElementService: SEReader getReaders()
08-30 18:42:15.988  2321  2338 D SecureElementService: getReaders() for com.android.nfc
08-30 18:42:15.988  2321  2338 I SecureElementService: SEReader getReaders()
08-30 18:42:15.988  2321  2338 D SecureElementService: getReaders() for com.android.nfc
08-30 18:42:15.990  1408  4347 D SyncManager: userId - 0 auto - true
08-30 18:42:15.993  1408  4347 D InputDispatcher: Focus entered window (0): 4d13dc com.sec.android.app.launcher/com.sec.android.app.launcher.activities.LauncherActivity
08-30 18:42:15.994  2446  2446 I ViewRootImpl@e5a6e97[LauncherActivity]: MSG_WINDOW_FOCUS_CHANGED 1 0
08-30 18:42:15.994  2446  2446 I BaseActivity: addActivityFlags, flags : 8
08-30 18:42:15.995  2446  2446 I InputMethodManager: startInputInner - mService.startInputOrWindowGainedFocus
08-30 18:42:15.995  1054  1054 D SurfaceFlinger: Display 4633128672291735937 HWC layers:
08-30 18:42:15.995  1054  1054 D SurfaceFlinger:      DEVICE | 0xb4000070998c9410 | 0100 | RGBx_8888    |  660.0    0.0 1740.0 2400.0 |    0    0 1080 2400 | Wallpaper BBQ wrapper#80
08-30 18:42:15.995  1054  1054 D SurfaceFlinger:      DEVICE | 0xb4000070998c4550 | 0100 | RGBA_8888    |  269.0  599.0  811.0 1801.0 |    0    0 1080 2400 | com.sec.android.app.launcher/com.sec[...]ivities.LauncherActivity$_2446#86482
08-30 18:42:15.995  1054  1054 D SurfaceFlinger:      DEVICE | 0xb4000070998c5a50 | 0100 | RGBA_8888    |    0.0    0.0 1080.0   80.0 |    0    0 1080   80 | StatusBar$_1872#94
08-30 18:42:15.995  1054  1054 D SurfaceFlinger:      DEVICE | 0xb4000070998c8d10 | 0100 | RGBA_8888    |    0.0    0.0   67.0  329.0 | 1013  384 1080  713 | com.samsung.android.app.cocktailbars[...]rvice.CocktailBarService$_4516#85627
08-30 18:42:15.995  1054  1054 D SurfaceFlinger:      DEVICE | 0xb4000070998dd0d0 | 0100 | RGBA_8888    |    0.0    0.0 1080.0  144.0 |    0 2256 1080 2400 | NavigationBar0$_1872#87
08-30 18:42:15.995  1054  1054 D SurfaceFlinger:
08-30 18:42:15.996  1408  4347 D InputMethodManagerService: DESKTOP MODE! : 2
08-30 18:42:15.996  1408  4347 D InputMethodManagerService: NOT IN KNOX DESKTOP MODE!
08-30 18:42:15.996  1408  4347 V InputMethodManagerService: getDisplayIdOfInputMethodWindowToBeAdded: displayId=0
08-30 18:42:15.996  1408  4347 D InputMethodManagerService: isImeSwitcherDisabledPackage : false
08-30 18:42:15.996  1408  4347 D InputMethodManagerService: checkDisplayOfStartInputAndUpdateKeyboard: displayId=0, mFocusedDisplayId=0
08-30 18:42:15.996  1408  4347 D InputTransport: Input channel constructed: 'ClientS', fd=827
08-30 18:42:15.996  1408  4347 D InputTransport: Input channel destroyed: 'ClientS', fd=827
08-30 18:42:15.997   939   939 I Sensors : batch(19) - light_cct_sensor try to batching with 200000000
08-30 18:42:15.997  5015  5015 I HBD     : HoneyBoardService onFinishInput
08-30 18:42:15.997   939   939 I Sensors : LightCCT_Sensor old sensor_state 279040, new sensor_state : 1409595381924352 en : 1
08-30 18:42:15.997  5015  5015 I HBD     : a IC have been unbinding,  RemoteInputConnection{idHash=#dd2aef7}
08-30 18:42:15.997  5015  5015 I HBD     : HoneyBoardService [PF_CL][onFinishInput]  0 ms
08-30 18:42:15.997  5015  5015 I HBD     : HoneyBoardService [IMI] onStartInput - caller pid : 2446 , caller uid : 10134
08-30 18:42:15.997  5015  5015 I HBD     : j updateConfigs
08-30 18:42:15.998  5015  5015 I HBD     : j isEnabledNightMode : true
08-30 18:42:15.998  1054  1092 I SurfaceFlinger: id=86486 createSurf flag=24004, Surface(name=2c93aa8 InputMethod)/@0xa6600a7 - animation-leash of insets_animation#86486
08-30 18:42:15.998  5015  5015 I HBD     : a IC have been binding, RemoteInputConnection{idHash=#2d46fcd}
08-30 18:42:15.998  5015  5015 I HBD     : h [EditorInputType]setPrivateImeOptionsToTable privateImeOptions ( null )
08-30 18:42:15.998  5015  5015 I HBD     : b incognitoMode : false
08-30 18:42:15.998  5015  5015 I HBD     : a needOff = true , isForceOff = false, isNullInputClass : true
08-30 18:42:15.998  5015  5015 I HBD     : h getDefaultInputRange : UNKNOWN
08-30 18:42:15.998  5015  5015 I HBD     : h getDefaultInputRange : UNKNOWN
08-30 18:42:15.998  5015  5015 I HBD     : h getDefaultInputRange : UNKNOWN
08-30 18:42:15.999  5015  5015 I HBD     : a needOff = true , isForceOff = false, isNullInputClass : true
08-30 18:42:15.999  5015  5015 I HBD     : a update cached prediction status : false
08-30 18:42:15.999  5015  5015 I HBD     : h getDefaultInputRange : UNKNOWN
08-30 18:42:15.999  5015  5015 I HBD     : a currentState : 0
08-30 18:42:16.000  5015  5015 I HBD     : h load selected json path : /data/data/com.samsung.android.honeyboard/files/selected.json
08-30 18:42:16.000  5015  5015 I HBD     : h load selected json info : {"version":"1.0","currentLanguageOrder":0,"selected":[{"activeOptionList":["auto_replace","auto_spacing"],"engName":"Serbian","id":3604480,"inputType":"qwertz","isUsed":true},{"activeOptionList":["auto_replace","auto_spacing"],"engName":"Serbian","id":52887552,"inputType":"qwerty","isUsed":true}]}
08-30 18:42:16.001  5015  5015 I HBD     : a [UpdatePolicy] [post] a: 0 cl: 3604480 kit: [0/1] vt: 0 ir: 1
08-30 18:42:16.001  5015  5015 I HBD     : a [NRIC] resetNoResponseState
08-30 18:42:16.001  5015  5015 I HBD     : a needOff = true , isForceOff = false, isNullInputClass : true
08-30 18:42:16.001  5015  5015 I HBD     : a update cached prediction status : false
08-30 18:42:16.001  5015  5015 I HBD     : HoneyBoardService [PF_OP][onStartInput]  4 ms
08-30 18:42:16.002   939   939 I Sensors : enable:: light_cct_sensor(19)
08-30 18:42:16.002  1408  2178 D SensorManager: registerListener :: 33, TMD4912 Light CCT, 200000, 0, com.samsung.android.displaysolution.EyeComfortSolutionService$2@7377b63
08-30 18:42:16.002   939   939 I Sensors : flush light_cct_sensor
08-30 18:42:16.002   939   939 I Sensors : MetaEvent:: reportMetaEvent
08-30 18:42:16.002   939   939 I Sensors : wakeMessage
08-30 18:42:16.002   939  1602 E Sensors : MetaEvent:: 33
08-30 18:42:16.002   939  1602 E Sensors : MetaEvent: hasPendingEvent+++(1)
08-30 18:42:16.002  1408  2178 D SensorManager: registerListener :: 33, TMD4912 Light CCT, 200000, 0, com.samsung.android.displaysolution.EyeComfortSolutionService$1@3f8bdb3
08-30 18:42:16.009  1054  1054 I Layer   : id=86479 removeFromCurrentState Surface(name=2c93aa8 InputMethod)/@0xa6600a7 - animation-leash of insets_animation#86479 (138)
08-30 18:42:16.011  1408  4347 D InputMethodManagerService: isImeSwitcherDisabledPackage : false
08-30 18:42:16.012  5015  5015 I InputMethodService: removeImeSurface
08-30 18:42:16.012  5015  5015 I MSHandlerLifeCycle: check: return. pkg=com.samsung.android.honeyboard isActivity=false callers=com.android.internal.policy.DecorView.setVisibility:4378 android.app.Dialog.hide:771 android.inputmethodservice.InputMethodService.removeImeSurface:1290 android.inputmethodservice.InputMethodService.scheduleImeSurfaceRemoval:1279 android.inputmethodservice.InputMethodService.-$$Nest$mscheduleImeSurfaceRemoval:0
08-30 18:42:16.012  5015  5015 I MSHandlerLifeCycle: removeMultiSplitHandler: no exist. decor=DecorView@690e142[InputMethod]
08-30 18:42:16.028   939  1602 I Sensors : lux = 1, CCT = 0, r = 51, g = 17, b = 49, c = 16, atime = 2060, again = 4096, lux_raw = 1, brightness = 18, time = 535379199826855
08-30 18:42:16.028  1408  2178 D SensorService: Calling activate off 33
08-30 18:42:16.029   939   939 I Sensors : batch(19) - light_cct_sensor try to batching with 200000000
08-30 18:42:16.029  1408  2178 D SensorManager: unregisterListener :: com.samsung.android.displaysolution.EyeComfortSolutionService$2@7377b63
08-30 18:42:16.029  1408  2178 D SensorService: Calling activate off 33
08-30 18:42:16.029   939   939 I Sensors : LightCCT_Sensor old sensor_state 279040, new sensor_state : 1409591086957056 en : 0
08-30 18:42:16.032   939   939 I Sensors : disable:: light_cct_sensor(19)
08-30 18:42:16.032  1408  2178 D SensorManager: unregisterListener :: com.samsung.android.displaysolution.EyeComfortSolutionService$1@3f8bdb3
08-30 18:42:16.062  4148 30236 I MediaProvider: Deleted 0 0 0 0 0 0 1 items on external_primary due to com.example.benchmark
08-30 18:42:16.062  1408  4347 D SyncManager: userId - 0 auto - true
08-30 18:42:16.077 28148 28169 D Benchmark: Copying APK to /data/local/tmp/com.example.uianaliticsxml-1693413736077.apk
08-30 18:42:16.080  4148 29457 W MediaProvider: isAppCloneUserPair for user 0: false
08-30 18:42:16.081  4148 29457 V MediaProvider: Inserted id:1000011086 less than next row id backup:1000012000.
08-30 18:42:16.084  1408  4347 D SyncManager: userId - 0 auto - true
08-30 18:42:16.146  1408  4347 D SyncManager: userId - 0 auto - true
08-30 18:42:16.146  4148 15461 I MediaProvider: Deleted 0 0 0 0 0 0 1 items on external_primary due to com.example.benchmark
08-30 18:42:16.164 28148 28169 D Benchmark: Uninstalling com.example.uianaliticsxml
08-30 18:42:16.165  4148 29745 W MediaProvider: isAppCloneUserPair for user 0: false
08-30 18:42:16.166  4148 29745 V MediaProvider: Inserted id:1000011087 less than next row id backup:1000012000.
08-30 18:42:16.170  1408  4347 D SyncManager: userId - 0 auto - true
08-30 18:42:16.207 18584 18584 I ResourceOverlayService_0: waitAndQuit called
08-30 18:42:16.207 18584 18584 I ResourceOverlayService_0: activity user id 0 process id 0
08-30 18:42:16.234  1408  1538 D ApplicationPolicy: getApplicationUninstallationEnabled
08-30 18:42:16.234  1408  1538 D ApplicationPolicy: getApplicationUninstallationEnabled :  enabled true
08-30 18:42:16.235  1408  1538 D ApplicationPolicy: getApplicationUninstallationEnabled
08-30 18:42:16.235  1408  1538 D ApplicationPolicy: getApplicationUninstallationEnabled :  enabled true
08-30 18:42:16.254  1244 11786 D installd: Found valid user 150
08-30 18:42:16.255  1408  1538 D PackageManager.SDP: Try removing package directory
08-30 18:42:16.255  1408  1538 D PackageManager.SDP: not Sdp package...
08-30 18:42:16.360  1408  1538 W EnterpriseLicenseService: updateAdminPermissions() :com.sec.android.app.shealth
08-30 18:42:16.360  1408  1538 I PackageManager: setLicensePermissions
08-30 18:42:16.360  1408  1538 I PackageManager: setLicensePermissions : packageName = com.sec.android.app.shealth(com.android.server.utils.WatchedArrayMap@cf805205)
08-30 18:42:16.361  1408  1538 D EnterpriseLicenseService: getPermissions() - deserializeObject
08-30 18:42:16.411  2446  2446 W Launcher: onEnterAnimationComplete
08-30 18:42:16.427  1054  1054 I Layer   : id=86485 removeFromCurrentState Surface(name=Task=1)/@0x7bcb610 - animation-leash of app_transition#86485 (138)
08-30 18:42:16.427  1054  1054 I SurfaceFlinger: id=86485 Removed Surface(name=Task=1)/@0x7bcb610 - animation-leash of app_transition#86485 (138)
08-30 18:42:16.427  1054  1054 I Layer   : id=86485 Destroyed Surface(name=Task=1)/@0x7bcb610 - animation-leash of app_transition#86485
08-30 18:42:16.478  1408  1528 E JavaBinder: *** Uncaught remote exception!  (Exceptions are not yet supported across processes.)
08-30 18:42:16.478  1408  1528 E JavaBinder: java.lang.RuntimeException: android.os.RemoteException: No packages for uid
08-30 18:42:16.478  1408  1528 E JavaBinder: 	at android.os.Parcel.writeException(Parcel.java:2808)
08-30 18:42:16.478  1408  1528 E JavaBinder: 	at android.os.Binder.execTransactInternal(Binder.java:1340)
08-30 18:42:16.478  1408  1528 E JavaBinder: 	at android.os.Binder.execTransact(Binder.java:1280)
08-30 18:42:16.478  1408  1528 E JavaBinder: 	at android.os.BinderProxy.transactNative(Native Method)
08-30 18:42:16.478  1408  1528 E JavaBinder: 	at android.os.BinderProxy.transact(BinderProxy.java:653)
08-30 18:42:16.478  1408  1528 E JavaBinder: 	at android.security.maintenance.IKeystoreMaintenance$Stub$Proxy.clearNamespace(IKeystoreMaintenance.java:396)
08-30 18:42:16.478  1408  1528 E JavaBinder: 	at android.security.AndroidKeyStoreMaintenance.clearNamespace(AndroidKeyStoreMaintenance.java:121)
08-30 18:42:16.478  1408  1528 E JavaBinder: 	at com.android.server.pm.AppDataHelper.clearKeystoreData(AppDataHelper.java:683)
08-30 18:42:16.478  1408  1528 E JavaBinder: 	at com.android.server.pm.RemovePackageHelper.lambda$removePackageDataLIF$0(RemovePackageHelper.java:365)
08-30 18:42:16.478  1408  1528 E JavaBinder: 	at com.android.server.pm.RemovePackageHelper.$r8$lambda$CdLjf7T74SGi80Vbl4vCfcOfajM(Unknown Source:0)
08-30 18:42:16.478  1408  1528 E JavaBinder: 	at com.android.server.pm.RemovePackageHelper$$ExternalSyntheticLambda0.run(Unknown Source:4)
08-30 18:42:16.478  1408  1528 E JavaBinder: 	at android.os.Handler.handleCallback(Handler.java:942)
08-30 18:42:16.478  1408  1528 E JavaBinder: 	at android.os.Handler.dispatchMessage(Handler.java:99)
08-30 18:42:16.478  1408  1528 E JavaBinder: 	at android.os.Looper.loopOnce(Looper.java:226)
08-30 18:42:16.478  1408  1528 E JavaBinder: 	at android.os.Looper.loop(Looper.java:313)
08-30 18:42:16.478  1408  1528 E JavaBinder: 	at android.os.HandlerThread.run(HandlerThread.java:67)
08-30 18:42:16.478  1408  1528 E JavaBinder: 	at com.android.server.ServiceThread.run(ServiceThread.java:44)
08-30 18:42:16.478  1408  1528 E JavaBinder: Caused by: android.os.RemoteException: No packages for uid
08-30 18:42:16.478  1408  1528 E JavaBinder: 	at com.android.server.security.KeyAttestationApplicationIdProviderService.getKeyAttestationApplicationId(KeyAttestationApplicationIdProviderService.java:59)
08-30 18:42:16.478  1408  1528 E JavaBinder: 	at android.security.keymaster.IKeyAttestationApplicationIdProvider$Stub.onTransact(IKeyAttestationApplicationIdProvider.java:94)
08-30 18:42:16.478  1408  1528 E JavaBinder: 	at android.os.Binder.execTransactInternal(Binder.java:1321)
08-30 18:42:16.478  1408  1528 E JavaBinder: 	... 15 more
08-30 18:42:16.479   689   700 W keystore_att_id: get_package_name : 10788, status is Status(-129, EX_TRANSACTION_FAILED): 'UNKNOWN_TRANSACTION: ', exception=-129
08-30 18:42:16.479   689   700 D keystore_att_id: mpm == null
08-30 18:42:16.481  1408  1528 E JavaBinder: *** Uncaught remote exception!  (Exceptions are not yet supported across processes.)
08-30 18:42:16.481  1408  1528 E JavaBinder: java.lang.RuntimeException: android.os.RemoteException: No packages for uid
08-30 18:42:16.481  1408  1528 E JavaBinder: 	at android.os.Parcel.writeException(Parcel.java:2808)
08-30 18:42:16.481  1408  1528 E JavaBinder: 	at android.os.Binder.execTransactInternal(Binder.java:1340)
08-30 18:42:16.481  1408  1528 E JavaBinder: 	at android.os.Binder.execTransact(Binder.java:1280)
08-30 18:42:16.481  1408  1528 E JavaBinder: 	at android.os.BinderProxy.transactNative(Native Method)
08-30 18:42:16.481  1408  1528 E JavaBinder: 	at android.os.BinderProxy.transact(BinderProxy.java:653)
08-30 18:42:16.481  1408  1528 E JavaBinder: 	at android.security.maintenance.IKeystoreMaintenance$Stub$Proxy.clearNamespace(IKeystoreMaintenance.java:396)
08-30 18:42:16.481  1408  1528 E JavaBinder: 	at android.security.AndroidKeyStoreMaintenance.clearNamespace(AndroidKeyStoreMaintenance.java:121)
08-30 18:42:16.481  1408  1528 E JavaBinder: 	at com.android.server.pm.AppDataHelper.clearKeystoreData(AppDataHelper.java:683)
08-30 18:42:16.481  1408  1528 E JavaBinder: 	at com.android.server.pm.RemovePackageHelper.lambda$removePackageDataLIF$0(RemovePackageHelper.java:365)
08-30 18:42:16.481  1408  1528 E JavaBinder: 	at com.android.server.pm.RemovePackageHelper.$r8$lambda$CdLjf7T74SGi80Vbl4vCfcOfajM(Unknown Source:0)
08-30 18:42:16.481  1408  1528 E JavaBinder: 	at com.android.server.pm.RemovePackageHelper$$ExternalSyntheticLambda0.run(Unknown Source:4)
08-30 18:42:16.481  1408  1528 E JavaBinder: 	at android.os.Handler.handleCallback(Handler.java:942)
08-30 18:42:16.481  1408  1528 E JavaBinder: 	at android.os.Handler.dispatchMessage(Handler.java:99)
08-30 18:42:16.481  1408  1528 E JavaBinder: 	at android.os.Looper.loopOnce(Looper.java:226)
08-30 18:42:16.481  1408  1528 E JavaBinder: 	at android.os.Looper.loop(Looper.java:313)
08-30 18:42:16.481  1408  1528 E JavaBinder: 	at android.os.HandlerThread.run(HandlerThread.java:67)
08-30 18:42:16.481  1408  1528 E JavaBinder: 	at com.android.server.ServiceThread.run(ServiceThread.java:44)
08-30 18:42:16.481  1408  1528 E JavaBinder: Caused by: android.os.RemoteException: No packages for uid
08-30 18:42:16.481  1408  1528 E JavaBinder: 	at com.android.server.security.KeyAttestationApplicationIdProviderService.getKeyAttestationApplicationId(KeyAttestationApplicationIdProviderService.java:59)
08-30 18:42:16.481  1408  1528 E JavaBinder: 	at android.security.keymaster.IKeyAttestationApplicationIdProvider$Stub.onTransact(IKeyAttestationApplicationIdProvider.java:94)
08-30 18:42:16.481  1408  1528 E JavaBinder: 	at android.os.Binder.execTransactInternal(Binder.java:1321)
08-30 18:42:16.481  1408  1528 E JavaBinder: 	... 15 more
08-30 18:42:16.481   689   700 W keystore_att_id: package manager request for key attestation ID failed with:  -129
08-30 18:42:16.486  1408  1528 E JavaBinder: *** Uncaught remote exception!  (Exceptions are not yet supported across processes.)
08-30 18:42:16.486  1408  1528 E JavaBinder: java.lang.RuntimeException: android.os.RemoteException: No packages for uid
08-30 18:42:16.486  1408  1528 E JavaBinder: 	at android.os.Parcel.writeException(Parcel.java:2808)
08-30 18:42:16.486  1408  1528 E JavaBinder: 	at android.os.Binder.execTransactInternal(Binder.java:1340)
08-30 18:42:16.486  1408  1528 E JavaBinder: 	at android.os.Binder.execTransact(Binder.java:1280)
08-30 18:42:16.486  1408  1528 E JavaBinder: 	at android.os.BinderProxy.transactNative(Native Method)
08-30 18:42:16.486  1408  1528 E JavaBinder: 	at android.os.BinderProxy.transact(BinderProxy.java:653)
08-30 18:42:16.486  1408  1528 E JavaBinder: 	at android.security.maintenance.IKeystoreMaintenance$Stub$Proxy.clearNamespace(IKeystoreMaintenance.java:396)
08-30 18:42:16.486  1408  1528 E JavaBinder: 	at android.security.AndroidKeyStoreMaintenance.clearNamespace(AndroidKeyStoreMaintenance.java:121)
08-30 18:42:16.486  1408  1528 E JavaBinder: 	at com.android.server.pm.AppDataHelper.clearKeystoreData(AppDataHelper.java:683)
08-30 18:42:16.486  1408  1528 E JavaBinder: 	at com.android.server.pm.RemovePackageHelper.lambda$removePackageDataLIF$0(RemovePackageHelper.java:365)
08-30 18:42:16.486  1408  1528 E JavaBinder: 	at com.android.server.pm.RemovePackageHelper.$r8$lambda$CdLjf7T74SGi80Vbl4vCfcOfajM(Unknown Source:0)
08-30 18:42:16.486  1408  1528 E JavaBinder: 	at com.android.server.pm.RemovePackageHelper$$ExternalSyntheticLambda0.run(Unknown Source:4)
08-30 18:42:16.486  1408  1528 E JavaBinder: 	at android.os.Handler.handleCallback(Handler.java:942)
08-30 18:42:16.486  1408  1528 E JavaBinder: 	at android.os.Handler.dispatchMessage(Handler.java:99)
08-30 18:42:16.486  1408  1528 E JavaBinder: 	at android.os.Looper.loopOnce(Looper.java:226)
08-30 18:42:16.486  1408  1528 E JavaBinder: 	at android.os.Looper.loop(Looper.java:313)
08-30 18:42:16.486  1408  1528 E JavaBinder: 	at android.os.HandlerThread.run(HandlerThread.java:67)
08-30 18:42:16.486  1408  1528 E JavaBinder: 	at com.android.server.ServiceThread.run(ServiceThread.java:44)
08-30 18:42:16.486  1408  1528 E JavaBinder: Caused by: android.os.RemoteException: No packages for uid
08-30 18:42:16.486  1408  1528 E JavaBinder: 	at com.android.server.security.KeyAttestationApplicationIdProviderService.getKeyAttestationApplicationId(KeyAttestationApplicationIdProviderService.java:59)
08-30 18:42:16.486  1408  1528 E JavaBinder: 	at android.security.keymaster.IKeyAttestationApplicationIdProvider$Stub.onTransact(IKeyAttestationApplicationIdProvider.java:94)
08-30 18:42:16.486  1408  1528 E JavaBinder: 	at android.os.Binder.execTransactInternal(Binder.java:1321)
08-30 18:42:16.486  1408  1528 E JavaBinder: 	... 15 more
08-30 18:42:16.487   689   700 W keystore_att_id: get_package_name : 15010788, status is Status(-129, EX_TRANSACTION_FAILED): 'UNKNOWN_TRANSACTION: ', exception=-129
08-30 18:42:16.487   689   700 D keystore_att_id: mpm == null
08-30 18:42:16.488  1408  1528 E JavaBinder: *** Uncaught remote exception!  (Exceptions are not yet supported across processes.)
08-30 18:42:16.488  1408  1528 E JavaBinder: java.lang.RuntimeException: android.os.RemoteException: No packages for uid
08-30 18:42:16.488  1408  1528 E JavaBinder: 	at android.os.Parcel.writeException(Parcel.java:2808)
08-30 18:42:16.488  1408  1528 E JavaBinder: 	at android.os.Binder.execTransactInternal(Binder.java:1340)
08-30 18:42:16.488  1408  1528 E JavaBinder: 	at android.os.Binder.execTransact(Binder.java:1280)
08-30 18:42:16.488  1408  1528 E JavaBinder: 	at android.os.BinderProxy.transactNative(Native Method)
08-30 18:42:16.488  1408  1528 E JavaBinder: 	at android.os.BinderProxy.transact(BinderProxy.java:653)
08-30 18:42:16.488  1408  1528 E JavaBinder: 	at android.security.maintenance.IKeystoreMaintenance$Stub$Proxy.clearNamespace(IKeystoreMaintenance.java:396)
08-30 18:42:16.488  1408  1528 E JavaBinder: 	at android.security.AndroidKeyStoreMaintenance.clearNamespace(AndroidKeyStoreMaintenance.java:121)
08-30 18:42:16.488  1408  1528 E JavaBinder: 	at com.android.server.pm.AppDataHelper.clearKeystoreData(AppDataHelper.java:683)
08-30 18:42:16.488  1408  1528 E JavaBinder: 	at com.android.server.pm.RemovePackageHelper.lambda$removePackageDataLIF$0(RemovePackageHelper.java:365)
08-30 18:42:16.488  1408  1528 E JavaBinder: 	at com.android.server.pm.RemovePackageHelper.$r8$lambda$CdLjf7T74SGi80Vbl4vCfcOfajM(Unknown Source:0)
08-30 18:42:16.488  1408  1528 E JavaBinder: 	at com.android.server.pm.RemovePackageHelper$$ExternalSyntheticLambda0.run(Unknown Source:4)
08-30 18:42:16.488  1408  1528 E JavaBinder: 	at android.os.Handler.handleCallback(Handler.java:942)
08-30 18:42:16.488  1408  1528 E JavaBinder: 	at android.os.Handler.dispatchMessage(Handler.java:99)
08-30 18:42:16.488  1408  1528 E JavaBinder: 	at android.os.Looper.loopOnce(Looper.java:226)
08-30 18:42:16.488  1408  1528 E JavaBinder: 	at android.os.Looper.loop(Looper.java:313)
08-30 18:42:16.488  1408  1528 E JavaBinder: 	at android.os.HandlerThread.run(HandlerThread.java:67)
08-30 18:42:16.488  1408  1528 E JavaBinder: 	at com.android.server.ServiceThread.run(ServiceThread.java:44)
08-30 18:42:16.488  1408  1528 E JavaBinder: Caused by: android.os.RemoteException: No packages for uid
08-30 18:42:16.488  1408  1528 E JavaBinder: 	at com.android.server.security.KeyAttestationApplicationIdProviderService.getKeyAttestationApplicationId(KeyAttestationApplicationIdProviderService.java:59)
08-30 18:42:16.488  1408  1528 E JavaBinder: 	at android.security.keymaster.IKeyAttestationApplicationIdProvider$Stub.onTransact(IKeyAttestationApplicationIdProvider.java:94)
08-30 18:42:16.488  1408  1528 E JavaBinder: 	at android.os.Binder.execTransactInternal(Binder.java:1321)
08-30 18:42:16.488  1408  1528 E JavaBinder: 	... 15 more
08-30 18:42:16.488   689   700 W keystore_att_id: package manager request for key attestation ID failed with:  -129
08-30 18:42:16.489   691   691 I android.hardware.keymaster@4.0-impl_strong: StrongBox: hardware/samsung_slsi/exynos/ssp/strongbox_keymaster/strongbox_device/StrongboxKeymaster4Device.cpp: addRngEntropy: 320
08-30 18:42:16.498  1408  1538 D PackageManager: result of delete: 1{10736608}
08-30 18:42:16.502   988   988 I sysinput:Touch: bypassCommand:136, OK set_grip_data,1,45,7,24,720,24,2400
08-30 18:42:16.502  1408  1681 D SysinputHAL_V1_3(V1_2): runTspCmdNoRead(1): set_grip_data,1,45,7,24,720,24,2400(0)
