08-30 18:40:32.822  1408  1751 I WifiConnectivityMonitor.NCC: sNetworkCallback(oCC) FULL : 142(true/false)[ Transports: WIFI Capabilities: NOT_METERED&INTERNET&NOT_RESTRICTED&TRUSTED&NOT_VPN&VALIDATED&NOT_ROAMING&FOREGROUND&NOT_CONGESTED&NOT_SUSPENDED&NOT_VCN_MANAGED LinkUpBandwidth>=8936Kbps LinkDnBandwidth>=31756Kbps TransportInfo: <SSID: <unknown ssid>, BSSID: 02:00:00:**:**:00, MAC: 02:00:00:**:**:00, IP: /192.168.1.4, Security type: 2, Supplicant state: COMPLETED, Wi-Fi standard: 5, RSSI: -66, Link speed: 117Mbps, Tx Link speed: 117Mbps, Max Supported Tx Link speed: 866Mbps, Rx Link speed: 130Mbps, Max Supported Rx Link speed: 866Mbps, Frequency: 5180MHz, Net ID: -1, Metered hint: false, score: 60, isUsable: true, CarrierMerged: false, SubscriptionId: -1, IsPrimary: 1, Trusted: true, Restricted: false, Ephemeral: false, OEM paid: false, OEM private: false, OSU AP: false, FQDN: <none>, Provider friendly name: <none>, Requesting package name: <none><none>MLO Information: , AP MLD Address: <none>, AP MLO Link Id: <none>, AP MLO Affiliated links: <none>> SignalStrength: -66 AdminUids: [1000] SSID: "TS-y8C9" UnderlyingNetworks: Null]
08-30 18:40:32.823  4516  4516 I TrayVisibilityController: getComputedTrayVisible : keyguardState = 1
08-30 18:40:32.823  4516  4516 I TrayVisibilityController: updateTrayVisible: State=1 visible=1 mCurrentVisible=1 specificMode=0
08-30 18:40:32.823  4516  4516 I TrayStateController: onNotifyUpdateTray: state=0
08-30 18:40:32.823  1408  1790 D WifiConnectivityMonitor: Updating secure settings - mPoorNetworkDetectionEnabled/mUIEnabled/mAggressiveModeEnabled : false/true/false
08-30 18:40:32.823  1408  1790 I WifiConnectivityMonitor: current mode : 1
08-30 18:40:32.823  1408  1790 I WifiConnectivityMonitor: current mode : 1
08-30 18:40:32.823  1408  1790 D OpenNetworkQos[4.00]: updateBssidNoInternet: mBssidNoInternet = false
08-30 18:40:32.823  1408  1790 D OpenNetworkQos[4.00]: getOpenNetworkQosNoInternetStatus: false
08-30 18:40:32.823  1408  1790 D OpenNetworkQos[4.00]: getOpenNetworkQosScores: 30 26 26
08-30 18:40:32.823  1408  1790 I WifiProfileShare: network QoS data was changed (internet), updateQoSData networkType: true, qosData: false
08-30 18:40:32.824  1408  1766 D SemCellularStateManager: handleWifiStateChanged is called(5).
08-30 18:40:32.824  1408  1766 D SemSupplicantStaIfaceHalHidlImpl: updateCellularCapabilities called
08-30 18:40:32.825  1408  3249 I [MCFSDK_android_1.2.4010]_4_b: isNetworkEnabled - type : 1 ret : true
08-30 18:40:32.825  1408  3249 D WifiProfileShare.McfCast: -ME--- mIsNetworkEnabled :true
08-30 18:40:32.825  1408  3249 D WifiProfileShare.McfCast: updateQoSData ignored, same contents
08-30 18:40:32.825  1408  3249 D WifiProfileShare.MCF: success update QosData !
08-30 18:40:32.825  1408  1788 D SemWifiSwitchForIndividualAppsService: stopTCPMonitoring : already stopped
08-30 18:40:32.825  3720  3873 I BugleRcsEngine: [586] bulc.i: No RCS Configuration was found in Bugle for simID: redacted-pii:sim_id[chars:19,last3:532]
08-30 18:40:32.825  3720  3873 I BugleRcsEngine: [586] bunt.handleMessage: RcsEngineImpl[DUAL_REG]:[d3663300-641e]>Handler: handleMessage processing message:[NOTIFY_UPTIME_IGNORE_STATE_CHANGED] with [non-null]:RcsEngineImpl reference
08-30 18:40:32.825  3720  3873 W BugleRcsEngine: [586] bvey.h: Cannot use CS.apk as it's battery optimized
08-30 18:40:32.826  1408  1766 D SemRoamingAssistant2.5:  [wlan0] wifiStateChangeEvent[2]["TS-y8C9"WPA_PSK][5180]
08-30 18:40:32.827  1408  3249 I [MCFSDK_android_1.2.4010]_4_b: isNetworkEnabled - type : 1 ret : true
08-30 18:40:32.827  1408  3249 D WifiProfileShare.McfCast: -ME--- mIsNetworkEnabled :true
08-30 18:40:32.827  1408  3249 D WifiProfileShare.McfCast: -ME--- updatePasswordDate pwdData size:3
08-30 18:40:32.827  1408  3249 V WifiProfileShare.Caster: update wips network, size: 0
08-30 18:40:32.827  1408  3249 D WifiProfileShare: nearby scanning settings run
08-30 18:40:32.828  1408  3249 D WifiProfileShare: network score provider settings enabled
08-30 18:40:32.828  1408  3249 D OpenNetworkQos[4.00]: getOpenNetworkQosScores: 30 26 26
08-30 18:40:32.828  1408  3249 D OpenNetworkQos[4.00]: getOpenNetworkQosNoInternetStatus: false
08-30 18:40:32.828  1408  3249 I WifiProfileShare.Caster: current network type: 0, score: [30, 26, 26]
08-30 18:40:32.828  1408  3249 V WifiProfileShare.Cache: update network score 00:e4:06:**:**:ac
08-30 18:40:32.828  1408  3249 D WifiProfileShare.ScanMatcher: getMcfDataList size:3
08-30 18:40:32.828  1408  3249 I WifiProfileShare.Caster: qos data was updated , before:type:QOS, pBssid:1e:26:ac, qosData:7c after:type:QOS, pBssid:1e:26:ac, qosData:7c
08-30 18:40:32.829   627   969 I servicemanager: Could not find android.hardware.graphics.allocator.IAllocator/default in the VINTF manifest.
08-30 18:40:32.829 25716 25747 I MobileWips: MWIPS set wifi state 17
08-30 18:40:32.829 25716 25747 I MobileWips: EVENT_CONNECTION_COMPLETED mRoaming true
08-30 18:40:32.830  5015  6476 I HBD     : g onCapabilitiesChanged network : 142 current network state : invalid
08-30 18:40:32.831  1408  3249 I [MCFSDK_android_1.2.4010]_4_b: isNetworkEnabled - type : 1 ret : true
08-30 18:40:32.831  1408  3249 D WifiProfileShare.McfCast: -ME--- mIsNetworkEnabled :true
08-30 18:40:32.831  3720  3873 I BugleRcsEngine: [586] bulc.i: No RCS Configuration was found in Bugle for simID: redacted-pii:sim_id[chars:19,last3:532]
08-30 18:40:32.831  1408  3249 D WifiProfileShare.McfCast: updateQoSData ignored, same contents
08-30 18:40:32.831  1408  3249 D WifiProfileShare.MCF: success update QosData !
08-30 18:40:32.831  1408  3249 I [MCFSDK_android_1.2.4010]_4_b: isNetworkEnabled - type : 1 ret : true
08-30 18:40:32.831  1408  3249 D WifiProfileShare.McfCast: -ME--- mIsNetworkEnabled :true
08-30 18:40:32.831  1408  3249 D WifiProfileShare.McfCast: -ME--- updatePasswordDate pwdData size:3
08-30 18:40:32.832  3720  3873 I BugleRcsEngine: [586] bunt.handleMessage: RcsEngineImpl[DUAL_REG]:[d3663300-641e]>Handler: handleMessage processing message:[NOTIFY_UPTIME_IGNORE_STATE_CHANGED] with [non-null]:RcsEngineImpl reference
08-30 18:40:32.832  3720  3780 I BugleRcsEngine: [571] btuf.c: Connected state: [1], networkType: [WIFI]
08-30 18:40:32.832  3720  3873 W BugleRcsEngine: [586] bvey.h: Cannot use CS.apk as it's battery optimized
08-30 18:40:32.840  1872  2009 D NetworkController.WifiSignalController: notifyListener: visible=true, connected=true, inetCondition=1, isDefault=true, wifiTestReported=true, receivedInetCondition=-1, hideDuringMobileSwitching=false
08-30 18:40:32.841  8622 11115 I ChimeraSrvcProxy: NullBinder for android.net.action.RECOMMEND_NETWORKS triggering remote TransactionTooLargeException due to Service without Chimera impl
08-30 18:40:32.841  8622 11115 W .gms.persistent: Large reply transaction of 1056768 bytes, interface descriptor , code 1
08-30 18:40:32.843 18584 18584 I ResourceOverlayService_0: waitAndQuit called
08-30 18:40:32.844  3720  3729 W s.messaging:rcs: Reducing the number of considered missed Gc histogram windows from 103 to 100
08-30 18:40:32.844 25716 25747 I MobileWips::dm: MobileWips updateAndProtect
08-30 18:40:32.845  1408  4342 D SemMobileWipsFrameworkService: ISemMobileWipsFramework msg = 32
08-30 18:40:32.848  3720  3873 I BugleRcsEngine: [586] bulc.i: No RCS Configuration was found in Bugle for simID: redacted-pii:sim_id[chars:19,last3:532]
08-30 18:40:32.849 18584 18584 I ResourceOverlayService_0: activity user id 0 process id 0
08-30 18:40:32.852  8622 11115 I ChimeraSrvcProxy: NullBinder for android.net.action.RECOMMEND_NETWORKS triggering remote TransactionTooLargeException due to Service without Chimera impl
08-30 18:40:32.852  8622 11115 W .gms.persistent: Large reply transaction of 1056768 bytes, interface descriptor , code 1
08-30 18:40:32.869 25716 25747 I MobileWips::BssManager: setCurrentBss a843f4e5893d1b749d284af469f0c4e982efd447b790d60ff399b9d5489ae0c0 isBeacon false
08-30 18:40:32.871  1408  4342 D SemMobileWipsFrameworkService: ISemMobileWipsFramework msg = 49
08-30 18:40:32.873 25716 25747 I MobileWips::BSS: Set isEnterprise : false
08-30 18:40:32.873 25716 25747 I MobileWips::BSS: CativePortal status : 0, isException : false
08-30 18:40:32.873 25716 25747 I MobileWips: MWIPS wifi state changed 9
08-30 18:40:32.873 25716 25762 I MobileWips::f: Start by roaming completed wifi
08-30 18:40:32.873 25716 25763 I MobileWips::ds: disable/enable by roaming
08-30 18:40:32.873 25716 25763 I MobileWips::ds: Stop DnsSpoofingDetector
08-30 18:40:32.873 25716 25763 I MobileWips::ds: Start DnsSpoofingDetector
08-30 18:40:32.874 25716 25761 I MobileWips::k: mFssid = 54532d7938433900273610ad(len: 10) efa8c298a1ea140b7548cda4d4a611a63073143c86419486bcaab9d445d6d896
08-30 18:40:32.874 25716 25761 I MobileWips::k: insertSpecialSsid triggered
08-30 18:40:32.876 25716 25760 W MobileWips::a: ARP table check but gateway mac not set yet
08-30 18:40:32.877  1408  3220 D SemMobileWipsFrameworkService: ISemMobileWipsFramework msg = 42
08-30 18:40:32.878  1408  4342 D SemMobileWipsFrameworkService: ISemMobileWipsFramework msg = 51
08-30 18:40:32.878 25716 25762 I MobileWips::f::h: CheckForAndroid : false
08-30 18:40:32.879 25716 25766 I MobileWips::sa: [Start] Probe Resp. Analysis for 3e88f2cfe79087f314d32e38546abecaa093ed43663fa3bf6049683b9fe12803 [a843f4e5893d1b749d284af469f0c4e982efd447b790d60ff399b9d5489ae0c0] : 5180Hz
08-30 18:40:32.879 25716 25762 I MobileWips::DetectionResult: setDetectionStatus id hotspotandroid value NOT_DETECTED key da33af883cedc016d5292a98669fd1d0235d598085fd3e21efc9d2b307e2bc38
08-30 18:40:32.879 25716 25762 I MobileWips::f::h: CheckForIos : false
08-30 18:40:32.880 25716 25766 I MobileWips::sa: HW vs SW model information
08-30 18:40:32.880 25716 25766 I MobileWips::sa: BirthTime: 1593555410783 Date: Wed Jul 01 00:16:50 GMT+02:00 2020 Version: 1.0.13
08-30 18:40:32.880 25716 25762 I MobileWips::DetectionResult: setDetectionStatus id hotspotios value NOT_DETECTED key da33af883cedc016d5292a98669fd1d0235d598085fd3e21efc9d2b307e2bc38
08-30 18:40:32.882 25716 25766 I MobileWips::sa: HW vs SW model input: 1,1,1,1,0,1,1,0,0,0,0,0,0,0,0,0,1,1,1,0,1,1,1,1,1,1,1,1,1,1,1,1,1,1,1,1,1,1,1,1,1,1,0,0,0,0,0,0,0,1,1,0,1,0,0,1,0,0,1,0,0,0,0,0,0,0,0,0,0,0,0,0,0,0,0,0,1,0,0,1,0,0,1,1,1,0,0,1,1,0,0,0,0,0,0,0,0,0,0,0,0,0,1,0,0,0,0,0,0,0,0,0,0,0,0,0,0,0,0,1,0,0,0,0,0,1,0,0,0,0,0,0,0,0,0,0,0,0,0,0,0,0,0,0,0,0,0,0,0,0,0,0,0,0,0,0,0,0,0,0,1,0,2,2,2,2,2,2,2,2,2,2,1,0,1,0,0,0,1,0,0,0,0,0,0,0,0,0,0,0,0,0,0,1,0,0,0,0,1,0,0,0,0,0,1,0,0,0,0,0,0,0,0,0,0,0,1,0,0,0,0,0,0,0,1,1,1,0,0,0,4,8,0,1,0,0,0,10,0,0,0,0,0,0,0,0,0,26,24,0,0,0,0,2,22,0,0,5,0,0,0,0,0,0,0,8,0,0,0,0,0,0,0,12,5,4,0,0,196,16,323
08-30 18:40:32.883 25716 25766 I MobileWips::sa: Classification over HW vs SW model: [label=hardware, reliability=88.88888888888889, threshold=91.1, reliable=true]
08-30 18:40:32.884 25716 25766 I MobileWips::sa: Soft ap classification final result: [ssid=3e88f2cfe79087f314d32e38546abecaa093ed43663fa3bf6049683b9fe12803, class=unknown, reliability=88.88888888888889, threshold=91.1]
08-30 18:40:32.884 25716 25766 I MobileWips::sa: CURRENT : [ssid=3e88f2cfe79087f314d32e38546abecaa093ed43663fa3bf6049683b9fe12803, class=unknown, reliability=88.88888888888889, threshold=91.1]
08-30 18:40:32.884 25716 25766 I MobileWips::sa: [End] Probe Resp. Analysis
08-30 18:40:32.912  1054  2482 I SurfaceFlinger: id=86369 createSurf flag=24004, Surface(name=Task=26431)/@0x9a9e6f2 - animation-leash of app_transition#86369
08-30 18:40:32.913  1054  2482 I SurfaceFlinger: id=86370 createSurf flag=80000, 3eb6236 ActivityRecordInputSink com.example.uianaliticsxml/.MainActivity#86370
08-30 18:40:32.931  5015  5015 E HBD     : g activeNetwork is null
08-30 18:40:33.034  1408  1766 D SemClientModeManager: notifyNetworkConnectionEvent wlan0 networkInfoFromCm:[type: WIFI[], state: CONNECTED/CONNECTED, reason: (unspecified), extra: , failover: false, available: true, roaming: false]
08-30 18:40:33.037  1408  1766 V SemClientModeManager: primary interface is not changed wlan0
08-30 18:40:33.108  1408  1772 D SemNscXgbMsL1: Probability - Cloud gaming: [0.114717364]
08-30 18:40:33.108  1408  1772 D SemNscXgbMsL1: Probability - Real time: [0.38535938]
08-30 18:40:33.109  1408  1772 D SemNscXgbMsL1: Probability - Non real time: [0.80868644]
08-30 18:40:33.109  1408  1772 D SemNscXgbMsL1: 1 sample inference time: 0.211538 msecs
08-30 18:40:33.109  1408  1772 D SemNscXgbL2Rt: L2 RT 1 sample inference time: 0.422577 msecs
08-30 18:40:33.109  1408  1772 D SemNscXgbL2Nrt: L2 NRT 1 sample inference time: 0.397269 msecs
08-30 18:40:33.181  1408  1438 W System  : A resource failed to call release.
08-30 18:40:33.208 11028 28457 I GOS:SystemEventReactor: addPkgDataFromServer(), use server category: unknown
08-30 18:40:33.213 11028 28457 I GOS:SystemEventReactor: addPkgDataFromServer(), A package was added : com.example.uianaliticsxml as unknown
08-30 18:40:33.214  1408  3220 D MobileWips::FrameworkPktSender: sendArp null
08-30 18:40:33.214 25716 25760 I MobileWips::a: set gmac af671dfbdc383a939845299ff06b1e7bc058bc6e77a60c67aef25a026abf0104
08-30 18:40:33.216 11028 28457 I GOS:GameIntentService: onHandleIntent. GameIntentService. type: 16, pkgName: null
08-30 18:40:33.216 11028 28457 I GOS:AlarmController: onUpdateAlarm(), start!, IntentType: WIFI_CONNECTED
08-30 18:40:33.217 11028 28457 I GOS:AlarmController: onUpdateAlarm() - too early. skip update. millisFromLastUpdate: 85176606
08-30 18:40:33.228  1408  1496 I libprocessgroup: Successfully killed process cgroup uid 10141 pid 23798 in 5ms
08-30 18:40:33.254  8622 11115 I FontLog : (REDACTED) Received query %s, URI %s
08-30 18:40:33.255  8622 11115 I FontLog : (REDACTED) Query [%s] resolved to %s
08-30 18:40:33.256  8622 11115 I FontLog : (REDACTED) Fetch %s end status %s
08-30 18:40:33.260  8622 11115 I FontLog : (REDACTED) Pulling font file for id = %d, cache size = %d
08-30 18:40:33.262  8622 11115 I FontLog : (REDACTED) Pulling font file for id = %d, cache size = %d
08-30 18:40:33.276  1408  5159 D ConnectivityService: ConnectivityService NetworkRequestInfo binderDied(uid/pid:10141/23798, [NetworkRequest [ LISTEN id=10038, [ Capabilities: INTERNET&NOT_RESTRICTED&TRUSTED&NOT_VPN&NOT_VCN_MANAGED Uid: 10141 RequestorUid: 10141 RequestorPkg: com.microsoft.appmanager UnderlyingNetworks: Null] ]], android.os.BinderProxy@11997d9)
08-30 18:40:33.277   911   911 I Zygote  : Process 23798 exited due to signal 9 (Killed)
08-30 18:40:33.319  1054  1054 I Layer   : id=86369 removeFromCurrentState Surface(name=Task=26431)/@0x9a9e6f2 - animation-leash of app_transition#86369 (145)
08-30 18:40:33.319  1054  1054 I SurfaceFlinger: id=86369 Removed Surface(name=Task=26431)/@0x9a9e6f2 - animation-leash of app_transition#86369 (145)
08-30 18:40:33.320  1054  1054 I Layer   : id=86369 Destroyed Surface(name=Task=26431)/@0x9a9e6f2 - animation-leash of app_transition#86369
08-30 18:40:33.610  1408  1772 D SemNscXgbMsL1: Probability - Cloud gaming: [0.032806054]
08-30 18:40:33.610  1408  1772 D SemNscXgbMsL1: Probability - Real time: [0.14116953]
08-30 18:40:33.610  1408  1772 D SemNscXgbMsL1: Probability - Non real time: [0.7295075]
08-30 18:40:33.610  1408  1772 D SemNscXgbMsL1: 1 sample inference time: 0.361231 msecs
08-30 18:40:33.611  1408  1772 D SemNscXgbL2Rt: L2 RT 1 sample inference time: 0.442231 msecs
08-30 18:40:33.611  1408  1772 D SemNscXgbL2Nrt: L2 NRT 1 sample inference time: 0.400423 msecs
08-30 18:40:33.852 18584 18584 I ResourceOverlayService_0: waitAndQuit called
08-30 18:40:33.853 18584 18584 I ResourceOverlayService_0: activity user id 0 process id 0
08-30 18:40:34.112  1408  1772 D SemNscXgbMsL1: Probability - Cloud gaming: [0.077925935]
08-30 18:40:34.112  1408  1772 D SemNscXgbMsL1: Probability - Real time: [0.19613995]
08-30 18:40:34.112  1408  1772 D SemNscXgbMsL1: Probability - Non real time: [0.7798088]
08-30 18:40:34.112  1408  1772 D SemNscXgbMsL1: 1 sample inference time: 0.349193 msecs
08-30 18:40:34.113  1408  1772 D SemNscXgbL2Rt: L2 RT 1 sample inference time: 0.567154 msecs
08-30 18:40:34.114  1408  1772 D SemNscXgbL2Nrt: L2 NRT 1 sample inference time: 0.5895 msecs
08-30 18:40:34.412  1408  1538 I Process : Sending signal. PID: 28496 SIG: 10
08-30 18:40:34.463 28566 28566 I spqr    : Size: 1389, waiting time: 41ms
08-30 18:40:34.484  1036  1206 I EDEN    : [Exynos][EDEN][v1.6.20][SERVICE] processAliveMointorMain:190: Try to check pid=(971)...
08-30 18:40:34.513 28566 28566 I spqr    : dm saved, spqr v4.2s took 91ms
08-30 18:40:34.524  1872  1872 I AODTileStateController: onDisplayRemoved: 20
08-30 18:40:34.524  1872  1872 I AODTileStateController: requestListeningState:
08-30 18:40:34.524  1872  1872 D DisplayLifecycle: removeDisplay id = 20
08-30 18:40:34.525  1408  1494 D InputTransport: Input channel destroyed: '3231106', fd=734
08-30 18:40:34.525  1408  1494 W InputManager-JNI: Input channel object '3231106 com.example.uianaliticsxml/com.example.uianaliticsxml.MainActivity (client)' was disposed without first being removed with the input manager!
08-30 18:40:34.525  1408  1494 D InputTransport: Input channel destroyed: '3231106', fd=831
08-30 18:40:34.525  1872  1872 D TileServices: Couldn't find tile for ComponentInfo{com.samsung.android.app.aodservice/com.samsung.android.app.aodservice.settings.AODTileService}
08-30 18:40:34.525  1872  1872 D TileServices: Couldn't find tile for ComponentInfo{com.samsung.android.app.aodservice/com.samsung.android.app.aodservice.settings.AODTileService}
08-30 18:40:34.525  1872  1872 D TileServices: Couldn't find tile for ComponentInfo{com.samsung.android.app.aodservice/com.samsung.android.app.aodservice.settings.AODTileService}
08-30 18:40:34.525  1872  1872 D TileServices: Couldn't find tile for ComponentInfo{com.samsung.android.app.aodservice/com.samsung.android.app.aodservice.settings.AODTileService}
08-30 18:40:34.525  1872  1872 D TileServices: Couldn't find tile for ComponentInfo{com.samsung.android.app.aodservice/com.samsung.android.app.aodservice.settings.AODTileService}
08-30 18:40:34.525  1872  1872 D TileServices: Couldn't find tile for ComponentInfo{com.samsung.android.app.aodservice/com.samsung.android.app.aodservice.settings.AODTileService}
08-30 18:40:34.526  1872  1872 D TileServices: Couldn't find tile for ComponentInfo{com.samsung.android.app.aodservice/com.samsung.android.app.aodservice.settings.AODTileService}
08-30 18:40:34.526  1872  1872 D TileServices: Couldn't find tile for ComponentInfo{com.samsung.android.app.aodservice/com.samsung.android.app.aodservice.settings.AODTileService}
08-30 18:40:34.526  1872  1872 D TileServices: Couldn't find tile for ComponentInfo{com.samsung.android.app.aodservice/com.samsung.android.app.aodservice.settings.AODTileService}
08-30 18:40:34.527  1054  1848 I SurfaceFlinger: id=86370 Removed 3eb6236 ActivityRecordInputSink com.example.uianaliticsxml/.MainActivity#86370 (144)
08-30 18:40:34.528  1054  1848 I SurfaceFlinger: id=86371 createSurf flag=24004, Task=26431#86371
08-30 18:40:34.528  1054  1054 I Layer   : Layer [com.example.uianaliticsxml/com.example.uianaliticsxml.MainActivity$_28496#86368] hidden!! flag(1)
08-30 18:40:34.528  1054  1054 I Layer   : id=86368 removeFromCurrentState com.example.uianaliticsxml/com.example.uianaliticsxml.MainActivity$_28496#86368 (145)
08-30 18:40:34.528  1054  1054 I Layer   : id=86367 removeFromCurrentState 3231106 com.example.uianaliticsxml/com.example.uianaliticsxml.MainActivity#86367 (145)
08-30 18:40:34.528  1054  1054 I SurfaceFlinger: id=86367 Removed 3231106 com.example.uianaliticsxml/com.example.uianaliticsxml.MainActivity#86367 (145)
08-30 18:40:34.529  1054  1054 I Layer   : id=86367 Destroyed 3231106 com.example.uianaliticsxml/com.example.uianaliticsxml.MainActivity#86367
08-30 18:40:34.531  1408  1496 I libprocessgroup: Successfully killed process cgroup uid 10788 pid 28496 in 10ms
08-30 18:40:34.533  1408  1484 D InputTransport: Input channel destroyed: 'Pointer', fd=943
08-30 18:40:34.533  1408  1669 D InputTransport: Input channel destroyed: 'Pointer', fd=936
08-30 18:40:34.533  1244 11786 D installd: Found valid user 150
08-30 18:40:34.533  1054  2482 I SurfaceFlinger: id=86364 Removed Display Overlays#86364 (144)
08-30 18:40:34.535  1408  1486 I InputManager-JNI: Viewport [0] to add: local:4633128672291735937, isActive: true
08-30 18:40:34.535  1408  1486 D InputManager-JNI: Viewport [0] type:1, displayId=0, uniqueId=local:4633128672291735937, orientation=0, logicalFrame=[0, 0][1080, 2400], physicalFrame=[0, 0][1080, 2400], deviceSize=[1080, 2400]
08-30 18:40:34.537  1408  1670 I InputReader: Reconfiguring input devices, changes=DISPLAY_INFO |
08-30 18:40:34.538  1408  1670 I InputReader: support feature by TSP : 0x1031d
08-30 18:40:34.542  2446  2446 I RecentsView: onTaskRemoved() taskId : 26431
08-30 18:40:34.542  2446  2446 I TopTaskTracker: onTaskRemoved : taskId = 26431
08-30 18:40:34.542  2446  2446 I RecentsView: onTaskRemoved() taskId : 26431
08-30 18:40:34.542  2446  2446 I TopTaskTracker: onTaskRemoved : taskId = 26431
08-30 18:40:34.544   910   965 E OemNetd : spegRestrictNetworkConnection
08-30 18:40:34.552  1054  1054 I Layer   : id=86355 removeFromCurrentState splitScreenDividerAnchor#86355 (144)
08-30 18:40:34.552  1054  1054 I Layer   : id=86356 removeFromCurrentState NaturalSwitchingAnchor#86356 (144)
08-30 18:40:34.552  1054  1054 I Layer   : id=86357 removeFromCurrentState ChangeAnimationLayer#86357 (144)
08-30 18:40:34.552  1054  1054 I Layer   : id=86358 removeFromCurrentState ChangeAnimationBoostedLayer#86358 (144)
08-30 18:40:34.552  1054  1054 I Layer   : id=86359 removeFromCurrentState FreeformAnimationLayer#86359 (144)
08-30 18:40:34.552  1054  1054 I Layer   : id=86363 removeFromCurrentState RootWrapper#86363 (144)
08-30 18:40:34.552  1054  1054 I Layer   : id=86352 removeFromCurrentState Display 20 name="SpegVirtualDisplay"#86352 (144)
08-30 18:40:34.553  1054  1054 I Layer   : id=86353 removeFromCurrentState Leaf:0:1#86353 (144)
08-30 18:40:34.553  1054  1054 I Layer   : id=86354 removeFromCurrentState DefaultTaskDisplayArea#86354 (144)
08-30 18:40:34.553  1054  1054 I Layer   : id=86365 removeFromCurrentState Task=26431#86365 (144)
08-30 18:40:34.553  1054  1054 I Layer   : id=86366 removeFromCurrentState ActivityRecord{fc9da3c u0 com.example.uianaliticsxml/.MainActivity}#86366 (144)
08-30 18:40:34.553  1054  1054 I Layer   : id=86370 removeFromCurrentState 3eb6236 ActivityRecordInputSink com.example.uianaliticsxml/.MainActivity#86370 (144)
08-30 18:40:34.553  1054  1054 I Layer   : id=86360 removeFromCurrentState Leaf:3:12#86360 (144)
08-30 18:40:34.553  1054  1054 I Layer   : id=86362 removeFromCurrentState Leaf:15:36#86362 (144)
08-30 18:40:34.553  1054  1054 I Layer   : id=86361 removeFromCurrentState ImeContainer#86361 (144)
08-30 18:40:34.553  1054  1054 I Layer   : id=86364 removeFromCurrentState Display Overlays#86364 (144)
08-30 18:40:34.553  1054  1054 I Layer   : id=86353 removeFromCurrentState Leaf:0:1#86353 (144)
08-30 18:40:34.553  1054  1054 I Layer   : id=86354 removeFromCurrentState DefaultTaskDisplayArea#86354 (144)
08-30 18:40:34.553  1054  1054 I Layer   : id=86365 removeFromCurrentState Task=26431#86365 (144)
08-30 18:40:34.553  1054  1054 I Layer   : id=86366 removeFromCurrentState ActivityRecord{fc9da3c u0 com.example.uianaliticsxml/.MainActivity}#86366 (144)
08-30 18:40:34.553  1054  1054 I Layer   : id=86370 removeFromCurrentState 3eb6236 ActivityRecordInputSink com.example.uianaliticsxml/.MainActivity#86370 (144)
08-30 18:40:34.553  1054  1054 I Layer   : id=86360 removeFromCurrentState Leaf:3:12#86360 (144)
08-30 18:40:34.553  1054  1054 I Layer   : id=86361 removeFromCurrentState ImeContainer#86361 (144)
08-30 18:40:34.553  1054  1054 I Layer   : id=86362 removeFromCurrentState Leaf:15:36#86362 (144)
08-30 18:40:34.553  1054  1054 I Layer   : id=86371 removeFromCurrentState Task=26431#86371 (144)
08-30 18:40:34.553  1054  1054 I Layer   : id=86365 removeFromCurrentState Task=26431#86365 (144)
08-30 18:40:34.553  1054  1054 I Layer   : id=86366 removeFromCurrentState ActivityRecord{fc9da3c u0 com.example.uianaliticsxml/.MainActivity}#86366 (144)
08-30 18:40:34.553  1054  1054 I Layer   : id=86370 removeFromCurrentState 3eb6236 ActivityRecordInputSink com.example.uianaliticsxml/.MainActivity#86370 (144)
08-30 18:40:34.553  1054  1054 I Layer   : id=86366 removeFromCurrentState ActivityRecord{fc9da3c u0 com.example.uianaliticsxml/.MainActivity}#86366 (144)
08-30 18:40:34.553  1054  1054 I Layer   : id=86370 removeFromCurrentState 3eb6236 ActivityRecordInputSink com.example.uianaliticsxml/.MainActivity#86370 (144)
08-30 18:40:34.553  1054  1054 I SurfaceFlinger: id=86363 Removed RootWrapper#86363 (144)
08-30 18:40:34.553  1054  1054 I SurfaceFlinger: id=86353 Removed Leaf:0:1#86353 (144)
08-30 18:40:34.553  1054  1054 I SurfaceFlinger: id=86354 Removed DefaultTaskDisplayArea#86354 (144)
08-30 18:40:34.553  1054  1054 I SurfaceFlinger: id=86360 Removed Leaf:3:12#86360 (144)
08-30 18:40:34.553  1054  1054 I SurfaceFlinger: id=86361 Removed ImeContainer#86361 (144)
08-30 18:40:34.553  1054  1054 I SurfaceFlinger: id=86362 Removed Leaf:15:36#86362 (144)
08-30 18:40:34.553  1054  1054 I SurfaceFlinger: id=86366 Removed ActivityRecord{fc9da3c u0 com.example.uianaliticsxml/.MainActivity}#86366 (144)
08-30 18:40:34.554  1054  1054 I SurfaceFlinger: id=86359 Removed FreeformAnimationLayer#86359 (144)
08-30 18:40:34.554  1054  1054 I SurfaceFlinger: id=86358 Removed ChangeAnimationBoostedLayer#86358 (144)
08-30 18:40:34.554  1054  1054 I SurfaceFlinger: id=86357 Removed ChangeAnimationLayer#86357 (144)
08-30 18:40:34.554  1054  1054 I SurfaceFlinger: id=86356 Removed NaturalSwitchingAnchor#86356 (144)
08-30 18:40:34.554  1054  1054 I SurfaceFlinger: id=86355 Removed splitScreenDividerAnchor#86355 (144)
08-30 18:40:34.554  1054  1054 I SurfaceFlinger: id=86371 Removed Task=26431#86371 (144)
08-30 18:40:34.554   911   911 I Zygote  : Process 28496 exited due to signal 9 (Killed)
08-30 18:40:34.554  1054  1054 I Layer   : id=86366 Destroyed ActivityRecord{fc9da3c u0 com.example.uianaliticsxml/.MainActivity}#86366
08-30 18:40:34.554  1054  1054 I Layer   : id=86370 Destroyed 3eb6236 ActivityRecordInputSink com.example.uianaliticsxml/.MainActivity#86370
08-30 18:40:34.554  1054  1054 I Layer   : id=86355 Destroyed splitScreenDividerAnchor#86355
08-30 18:40:34.554  1054  1054 I Layer   : id=86357 Destroyed ChangeAnimationLayer#86357
08-30 18:40:34.554  1054  1054 I Layer   : id=86358 Destroyed ChangeAnimationBoostedLayer#86358
08-30 18:40:34.554  1054  1054 I Layer   : id=86359 Destroyed FreeformAnimationLayer#86359
08-30 18:40:34.555  1054  1054 I Layer   : id=86356 Destroyed NaturalSwitchingAnchor#86356
08-30 18:40:34.555  1054  1054 I Layer   : id=86353 Destroyed Leaf:0:1#86353
08-30 18:40:34.555  1054  1054 I Layer   : id=86354 Destroyed DefaultTaskDisplayArea#86354
08-30 18:40:34.555  1054  1054 I Layer   : id=86360 Destroyed Leaf:3:12#86360
08-30 18:40:34.555  1054  1054 I Layer   : id=86362 Destroyed Leaf:15:36#86362
08-30 18:40:34.555  1054  1054 I Layer   : id=86361 Destroyed ImeContainer#86361
08-30 18:40:34.555  1054  1054 I Layer   : id=86371 Destroyed Task=26431#86371
08-30 18:40:34.555  1054  1054 I Layer   : id=86363 Destroyed RootWrapper#86363
08-30 18:40:34.555  1054  1054 I Layer   : id=86364 Destroyed Display Overlays#86364
08-30 18:40:34.555  1054  2920 I SurfaceFlinger: id=86368 Removed com.example.uianaliticsxml/com.example.uianaliticsxml.MainActivity$_28496#86368 (129)
08-30 18:40:34.557  1408  3220 D InputDispatcher: removing all handles on display 20
08-30 18:40:34.558  1408  1487 I InputManager: Not applying additional properties for display 20 because the pointer is currently targeting display 0.
08-30 18:40:34.558  1408  1487 D InputDispatcher: removing all handles on display 20
08-30 18:40:34.570  1054  1054 E BpTransactionCompletedListener: Failed to transact (-32)
08-30 18:40:34.571  1054  1054 I Layer   : id=86368 Destroyed com.example.uianaliticsxml/com.example.uianaliticsxml.MainActivity$_28496#86368
08-30 18:40:34.615  1408  1772 D SemNscXgbMsL1: Probability - Cloud gaming: [0.03947105]
08-30 18:40:34.615  1408  1772 D SemNscXgbMsL1: Probability - Real time: [0.056341514]
08-30 18:40:34.615  1408  1772 D SemNscXgbMsL1: Probability - Non real time: [0.65672916]
08-30 18:40:34.615  1408  1772 D SemNscXgbMsL1: 1 sample inference time: 1.007846 msecs
08-30 18:40:34.618  1408  1772 D SemNscXgbL2Rt: L2 RT 1 sample inference time: 2.186308 msecs
08-30 18:40:34.620  1408  1772 D SemNscXgbL2Nrt: L2 NRT 1 sample inference time: 1.7795 msecs
08-30 18:40:34.625  1244 11786 E cutils  : Failed to open(/data/misc/profiles/cur/150/com.example.uianaliticsxml/primary.prof): No such file or directory
08-30 18:40:34.625  1244 11786 E installd: Failed to prepare /data/misc/profiles/cur/150/com.example.uianaliticsxml/primary.prof: No such file or directory
08-30 18:40:34.628  1408  1538 I system_server: No primary.vdex file in DexMetadata archive. Not doing fast verification.
08-30 18:40:34.629  1408  1538 I PackageDexOptimizer: Running dexopt (dexoptNeeded=1) on: /data/app/~~zZgDZ5KxelDzVkb1RSXoHg==/com.example.uianaliticsxml-Q9k5fmef1Lt2my-83WglFg==/base.apk pkg=com.example.uianaliticsxml isa=arm64 dexoptFlags=boot_complete,profile_guided,public,enable_hidden_api_checks targetFilter=speed-profile oatDir=/data/app/~~zZgDZ5KxelDzVkb1RSXoHg==/com.example.uianaliticsxml-Q9k5fmef1Lt2my-83WglFg==/oat classLoaderContext=PCL[]{}
08-30 18:40:34.630  1244 11786 V installd: DexInv: --- BEGIN '/data/app/~~zZgDZ5KxelDzVkb1RSXoHg==/com.example.uianaliticsxml-Q9k5fmef1Lt2my-83WglFg==/base.apk' ---
08-30 18:40:34.630  1244 11786 V installd: Running /apex/com.android.art/bin/dex2oat32 in=base.apk out=/data/app/~~zZgDZ5KxelDzVkb1RSXoHg==/com.example.uianaliticsxml-Q9k5fmef1Lt2my-83WglFg==/oat/arm64/base.odex
08-30 18:40:34.632  2446 20596 I RecentModel: onTaskStackChangedBackground
08-30 18:40:34.640 28569 28569 W libprocessgroup: Failed to open /dev/stune/background/tasks: No such file or directory
08-30 18:40:34.640 28569 28569 V libprocessgroup: Applying profile action SetCgroup failed
08-30 18:40:34.660 28569 28569 W dex2oat32: Mismatch between instruction set variant of device (ISA: Arm64 Feature string: -a53,crc,lse,fp16,dotprod,-sve) and features returned by the hardware (ISA: Arm64 Feature string: -a53,-crc,-lse,-fp16,-dotprod,-sve)
08-30 18:40:34.663 28569 28569 I dex2oat32: No primary.vdex file in DexMetadata archive. Not doing fast verification.
08-30 18:40:34.663 28569 28569 I dex2oat32: /apex/com.android.art/bin/dex2oat32 --input-vdex-fd=-1 --output-vdex-fd=10 --dm-fd=14 --profile-file-fd=12 --classpath-dir=/data/app/~~zZgDZ5KxelDzVkb1RSXoHg==/com.example.uianaliticsxml-Q9k5fmef1Lt2my-83WglFg== --class-loader-context=PCL[]{} --compiler-filter=speed-profile --compilation-reason=install-speg-dm --max-image-block-size=524288 --resolve-startup-const-strings=true --generate-mini-debug-info -j6
08-30 18:40:34.668  1872  1872 D SecPowerUI.Notification: showChargingNotice oldChargingType : 11 / currentChargingType : 11, oldChargingTime : 3958000 / mChargingTime : 3958000
08-30 18:40:34.668  1872  1872 D SecPowerUI.Notification: There is no change about charging status, so return!
08-30 18:40:34.854 18584 18584 I ResourceOverlayService_0: waitAndQuit called
08-30 18:40:34.862 18584 18584 I ResourceOverlayService_0: activity user id 0 process id 0
08-30 18:40:34.885  1408 28572 D TrafficStats: tagSocket(831) with statsTag=0xffffff42, statsUid=-1
08-30 18:40:34.903 25716 25763 I MobileWips::ds: Exec time to receive the responses: 21 ms
08-30 18:40:34.903 25716 25763 I MobileWips::ds: Dns server responded
08-30 18:40:34.915  1408 28573 D TrafficStats: tagSocket(831) with statsTag=0xffffff42, statsUid=-1
08-30 18:40:34.915  1408 28575 D TrafficStats: tagSocket(943) with statsTag=0xffffff42, statsUid=-1
08-30 18:40:34.916  1408 28576 D TrafficStats: tagSocket(953) with statsTag=0xffffff42, statsUid=-1
08-30 18:40:34.916  1408 28574 D TrafficStats: tagSocket(961) with statsTag=0xffffff42, statsUid=-1
08-30 18:40:34.916  1408 28577 D TrafficStats: tagSocket(984) with statsTag=0xffffff42, statsUid=-1
08-30 18:40:34.916  1408 28580 D TrafficStats: tagSocket(991) with statsTag=0xffffff42, statsUid=-1
08-30 18:40:34.916  1408 28578 D TrafficStats: tagSocket(1003) with statsTag=0xffffff42, statsUid=-1
08-30 18:40:34.916  1408 28579 D TrafficStats: tagSocket(1006) with statsTag=0xffffff42, statsUid=-1
08-30 18:40:34.916  1408 28581 D TrafficStats: tagSocket(1008) with statsTag=0xffffff42, statsUid=-1
08-30 18:40:34.931  1408 28576 D TrafficStats: tagSocket(951) with statsTag=0xffffff42, statsUid=-1
08-30 18:40:34.931  1408  1697 E NetlinkListener: Error on NetlinkListener(SkDestroyListen) fd=383: No buffer space available
08-30 18:40:34.935  1408 28574 D TrafficStats: tagSocket(961) with statsTag=0xffffff42, statsUid=-1
08-30 18:40:34.935  1408 28578 D TrafficStats: tagSocket(1035) with statsTag=0xffffff42, statsUid=-1
08-30 18:40:34.942  1408 28575 D TrafficStats: tagSocket(943) with statsTag=0xffffff42, statsUid=-1
08-30 18:40:34.944  1408 28579 D TrafficStats: tagSocket(993) with statsTag=0xffffff42, statsUid=-1
08-30 18:40:34.945  1408 28573 D TrafficStats: tagSocket(1005) with statsTag=0xffffff42, statsUid=-1
08-30 18:40:34.947  1408 28576 D TrafficStats: tagSocket(936) with statsTag=0xffffff42, statsUid=-1
08-30 18:40:34.948  1408 28581 D TrafficStats: tagSocket(973) with statsTag=0xffffff42, statsUid=-1
08-30 18:40:34.951  1408 28577 D TrafficStats: tagSocket(953) with statsTag=0xffffff42, statsUid=-1
08-30 18:40:34.973  1408 28580 D TrafficStats: tagSocket(991) with statsTag=0xffffff42, statsUid=-1
08-30 18:40:34.974  1408  3581 D SemWifiUsabilityStatsMonitor: onWifiUsabilityStats - seqNum 45907, isSameBssidAndFreq false
08-30 18:40:34.974  1408  1718 D ConnectivityService: notifyType CALLBACK_CAP_CHANGED for [142 WIFI]
08-30 18:40:34.976  1408  1751 D SemWifiSwitchForIndividualAppsService: stopTCPMonitoring : already stopped
08-30 18:40:34.977  1408  1751 I WifiConnectivityMonitor.NCC: sNetworkCallback(oCC) FULL : 142(true/false)[ Transports: WIFI Capabilities: NOT_METERED&INTERNET&NOT_RESTRICTED&TRUSTED&NOT_VPN&VALIDATED&NOT_ROAMING&FOREGROUND&NOT_CONGESTED&NOT_SUSPENDED&NOT_VCN_MANAGED LinkUpBandwidth>=17451Kbps LinkDnBandwidth>=46721Kbps TransportInfo: <SSID: <unknown ssid>, BSSID: 02:00:00:**:**:00, MAC: 02:00:00:**:**:00, IP: /192.168.1.4, Security type: 2, Supplicant state: COMPLETED, Wi-Fi standard: 5, RSSI: -71, Link speed: 526Mbps, Tx Link speed: 526Mbps, Max Supported Tx Link speed: 866Mbps, Rx Link speed: 6Mbps, Max Supported Rx Link speed: 866Mbps, Frequency: 5180MHz, Net ID: -1, Metered hint: false, score: 60, isUsable: true, CarrierMerged: false, SubscriptionId: -1, IsPrimary: 1, Trusted: true, Restricted: false, Ephemeral: false, OEM paid: false, OEM private: false, OSU AP: false, FQDN: <none>, Provider friendly name: <none>, Requesting package name: <none><none>MLO Information: , AP MLD Address: <none>, AP MLO Link Id: <none>, AP MLO Affiliated links: <none>> SignalStrength: -71 AdminUids: [1000] SSID: "TS-y8C9" UnderlyingNetworks: Null]
08-30 18:40:34.985  5015  6476 I HBD     : g onCapabilitiesChanged network : 142 current network state : invalid
08-30 18:40:34.987  1408  1790 I WifiConnectivityMonitor: current mode : 1
08-30 18:40:34.987  1408  1790 D OpenNetworkQos[4.00]: updateBssidNoInternet: mBssidNoInternet = false
08-30 18:40:34.987  1408  1790 D OpenNetworkQos[4.00]: getOpenNetworkQosNoInternetStatus: false
08-30 18:40:34.987  1408  1790 D OpenNetworkQos[4.00]: getOpenNetworkQosScores: 30 26 26
08-30 18:40:34.987  1408  1790 I WifiProfileShare: network QoS data was changed (internet), updateQoSData networkType: true, qosData: false
08-30 18:40:34.987  1408  3249 V WifiProfileShare.Caster: update wips network, size: 0
08-30 18:40:34.987  1408  3249 D WifiProfileShare: nearby scanning settings run
08-30 18:40:34.987  1408  3249 D WifiProfileShare: network score provider settings enabled
08-30 18:40:34.987  1408  3249 D OpenNetworkQos[4.00]: getOpenNetworkQosScores: 30 26 26
08-30 18:40:34.987  1408  3249 D OpenNetworkQos[4.00]: getOpenNetworkQosNoInternetStatus: false
08-30 18:40:34.987  1408  3249 I WifiProfileShare.Caster: current network type: 0, score: [30, 26, 26]
08-30 18:40:34.987  1408  3249 V WifiProfileShare.Cache: update network score 00:e4:06:**:**:ac
08-30 18:40:34.988  1408  3249 D WifiProfileShare.ScanMatcher: getMcfDataList size:3
08-30 18:40:34.988  1408  3249 I WifiProfileShare.Caster: qos data was updated , before:type:QOS, pBssid:1e:26:ac, qosData:7c after:type:QOS, pBssid:1e:26:ac, qosData:7c
08-30 18:40:34.988  1408  3249 I [MCFSDK_android_1.2.4010]_4_b: isNetworkEnabled - type : 1 ret : true
08-30 18:40:34.988  1408  3249 D WifiProfileShare.McfCast: -ME--- mIsNetworkEnabled :true
08-30 18:40:34.988  1408  3249 D WifiProfileShare.McfCast: updateQoSData ignored, same contents
08-30 18:40:34.988  1408  3249 D WifiProfileShare.MCF: success update QosData !
08-30 18:40:34.989  1408  3249 I [MCFSDK_android_1.2.4010]_4_b: isNetworkEnabled - type : 1 ret : true
08-30 18:40:34.989  1408  3249 D WifiProfileShare.McfCast: -ME--- mIsNetworkEnabled :true
08-30 18:40:34.989  1408  3249 D WifiProfileShare.McfCast: -ME--- updatePasswordDate pwdData size:3
08-30 18:40:34.990  3720  3780 I BugleRcsEngine: [571] btuf.c: Connected state: [1], networkType: [WIFI]
08-30 18:40:34.990  1408 28574 D TrafficStats: tagSocket(954) with statsTag=0xffffff42, statsUid=-1
08-30 18:40:34.991  3720  3873 I BugleRcsEngine: [586] bunt.handleMessage: RcsEngineImpl[DUAL_REG]:[d3663300-641e]>Handler: handleMessage processing message:[NOTIFY_UPTIME_IGNORE_STATE_CHANGED] with [non-null]:RcsEngineImpl reference
08-30 18:40:34.991  3720  3873 W BugleRcsEngine: [586] bvey.h: Cannot use CS.apk as it's battery optimized
08-30 18:40:34.996  8622 10325 I ChimeraSrvcProxy: NullBinder for android.net.action.RECOMMEND_NETWORKS triggering remote TransactionTooLargeException due to Service without Chimera impl
08-30 18:40:34.996  8622 10325 W .gms.persistent: Large reply transaction of 1056768 bytes, interface descriptor , code 1
08-30 18:40:34.996  1408 28575 D TrafficStats: tagSocket(1008) with statsTag=0xffffff42, statsUid=-1
08-30 18:40:34.998  1872  2009 D NetworkController.WifiSignalController: notifyListener: visible=true, connected=true, inetCondition=1, isDefault=true, wifiTestReported=true, receivedInetCondition=-1, hideDuringMobileSwitching=false
08-30 18:40:34.999  1408 28577 D TrafficStats: tagSocket(984) with statsTag=0xffffff42, statsUid=-1
08-30 18:40:35.006  3720  3873 I BugleRcsEngine: [586] bulc.i: No RCS Configuration was found in Bugle for simID: redacted-pii:sim_id[chars:19,last3:532]
08-30 18:40:35.055 25716 25763 I MobileWips::ds: Exec time to receive the responses: 141 ms
08-30 18:40:35.056 25716 25763 I MobileWips::ds: Exec time to extract features: 1 ms
08-30 18:40:35.056 25716 25763 I MobileWips::ds: [Start] DNS Spoofing Analysis
08-30 18:40:35.057 25716 25763 I MobileWips::ds: Dns spoofing model information
08-30 18:40:35.057 25716 25763 I MobileWips::ds: BirthTime: 1602698287634 Date: Wed Oct 14 19:58:07 GMT+02:00 2020 Version: 1.0.22
08-30 18:40:35.057 25716 25763 I MobileWips::ds: Dns spoofing model input: 1,0,0,0,0,1,1,0,0,1,0,0,0,0,1,0,0,1,1,0,0,1,0,0,1,0,0,1,0,0,1,0,0,0,0,1,0,0,1,0,0,1,0,0,1,1,0,0,1,0,0,0,0,1,0,0,1,1,0,0,1,0,0,1,0,0,1,0,0
08-30 18:40:35.057 25716 25763 I MobileWips::ds: Classification over dns spoofing model: [label=normal, reliability=100.0, threshold=75.0, reliable=true]
08-30 18:40:35.057 25716 25763 I MobileWips::ds: Exec time to classify: 1 ms
08-30 18:40:35.057 25716 25763 I MobileWips::ds: [End] DNS Spoofing Analysis
08-30 18:40:35.090  5015  5015 E HBD     : g activeNetwork is null
08-30 18:40:35.121  1408  1772 D SemNscXgbMsL1: Probability - Cloud gaming: [0.03175165]
08-30 18:40:35.121  1408  1772 D SemNscXgbMsL1: Probability - Real time: [0.5273039]
08-30 18:40:35.121  1408  1772 D SemNscXgbMsL1: Probability - Non real time: [0.6224058]
08-30 18:40:35.121  1408  1772 D SemNscXgbMsL1: 1 sample inference time: 0.777961 msecs
08-30 18:40:35.123  1408  1772 D SemNscXgbL2Rt: L2 RT 1 sample inference time: 1.340154 msecs
08-30 18:40:35.124  1408  1772 D SemNscXgbL2Nrt: L2 NRT 1 sample inference time: 1.057962 msecs
08-30 18:40:35.375  1408  1483 I system_server: No primary.vdex file in DexMetadata archive. Not doing fast verification.
08-30 18:40:35.376  1408  1483 I PkgPredictorService-SecIpmManagerServiceImpl: reportToNAP uid:10788 com.example.uianaliticsxml/com.example.uianaliticsxml.MainActivity thisTime:521
08-30 18:40:35.377  1408 12401 D PkgPredictorService-IpmAdcpController: com.example.uianaliticsxml become forground, dex profile begin
08-30 18:40:35.377  1408 12401 E PkgPredictorService-IpmAdcpController: file not found:java.io.FileNotFoundException: /sys/fs/cgroup/uid_10788/pid_28496/cgroup.procs: open failed: ENOENT (No such file or directory)
08-30 18:40:35.382  1408  1483 I ActivityTaskManager: Displayed com.example.uianaliticsxml/.MainActivity: +521ms
08-30 18:40:35.382  3345  3345 E pageboostd: Received HALT command code 2
08-30 18:40:35.407  8622  8622 D BoundBrokerSvc: onBind: Intent { act=com.google.android.gms.udc.service.START dat=chimera-action:/... cmp=com.google.android.gms/.chimera.PersistentApiService }
08-30 18:40:35.407  8622  8622 D BoundBrokerSvc: Loading bound service for intent: Intent { act=com.google.android.gms.udc.service.START dat=chimera-action:/... cmp=com.google.android.gms/.chimera.PersistentApiService }
08-30 18:40:35.508   939   939 I Sensors : batch(19) - light_cct_sensor try to batching with 200000000
08-30 18:40:35.509   939   939 I Sensors : LightCCT_Sensor old sensor_state 279040, new sensor_state : 1409595381924352 en : 1
08-30 18:40:35.512   939   939 I Sensors : enable:: light_cct_sensor(19)
08-30 18:40:35.512  1408  2178 D SensorManager: registerListener :: 33, TMD4912 Light CCT, 200000, 0, com.samsung.android.displaysolution.EyeComfortSolutionService$2@7377b63
08-30 18:40:35.513   939   939 I Sensors : flush light_cct_sensor
08-30 18:40:35.513   939   939 I Sensors : MetaEvent:: reportMetaEvent
08-30 18:40:35.513   939   939 I Sensors : wakeMessage
08-30 18:40:35.513   939  1602 E Sensors : MetaEvent:: 33
08-30 18:40:35.513   939  1602 E Sensors : MetaEvent: hasPendingEvent+++(1)
08-30 18:40:35.514  1408  2178 D SensorManager: registerListener :: 33, TMD4912 Light CCT, 200000, 0, com.samsung.android.displaysolution.EyeComfortSolutionService$1@3f8bdb3
08-30 18:40:35.536   939  1602 I Sensors : lux = 1, CCT = 0, r = 58, g = 20, b = 90, c = 24, atime = 2060, again = 4096, lux_raw = 1, brightness = 18, time = 535278707622697
08-30 18:40:35.537  1408  2178 D SensorService: Calling activate off 33
08-30 18:40:35.537   939   939 I Sensors : batch(19) - light_cct_sensor try to batching with 200000000
08-30 18:40:35.538  1408  2178 D SensorManager: unregisterListener :: com.samsung.android.displaysolution.EyeComfortSolutionService$1@3f8bdb3
08-30 18:40:35.538  1408  2178 D SensorService: Calling activate off 33
08-30 18:40:35.538   939   939 I Sensors : LightCCT_Sensor old sensor_state 279040, new sensor_state : 1409591086957056 en : 0
08-30 18:40:35.541   939   939 I Sensors : disable:: light_cct_sensor(19)
08-30 18:40:35.542  1408  2178 D SensorManager: unregisterListener :: com.samsung.android.displaysolution.EyeComfortSolutionService$2@7377b63
08-30 18:40:35.542 28569 28569 W dex2oat32: Could not reserve sentinel fault page
08-30 18:40:35.864 18584 18584 I ResourceOverlayService_0: waitAndQuit called
08-30 18:40:35.866 18584 18584 I ResourceOverlayService_0: activity user id 0 process id 0
08-30 18:40:36.068 28569 28569 I dex2oat32: Explicit concurrent copying GC freed 22610(6473KB) AllocSpace objects, 0(0B) LOS objects, 86% free, 232KB/1768KB, paused 26us,6us total 4.286ms
08-30 18:40:36.112  1408  1772 D SemNscXgbMsL1: Probability - Cloud gaming: [0.066255875]
08-30 18:40:36.113  1408  1772 D SemNscXgbMsL1: Probability - Real time: [0.7615471]
08-30 18:40:36.113  1408  1772 D SemNscXgbMsL1: Probability - Non real time: [0.6145257]
08-30 18:40:36.113  1408  1772 D SemNscXgbMsL1: 1 sample inference time: 1.403038 msecs
08-30 18:40:36.115  1408  1772 D SemNscXgbL2Rt: L2 RT 1 sample inference time: 1.700846 msecs
08-30 18:40:36.117  1408  1772 D SemNscXgbL2Nrt: L2 NRT 1 sample inference time: 1.392154 msecs
08-30 18:40:36.139 28569 28569 I dex2oat32: dex2oat took 1.481s (2.770s cpu) (threads: 6) arena alloc=1938KB (1984560B) java alloc=232KB (238080B) native alloc=10MB (11289088B) free=60MB (63242704B)
08-30 18:40:36.164  1244 11786 V installd: DexInv: --- END '/data/app/~~zZgDZ5KxelDzVkb1RSXoHg==/com.example.uianaliticsxml-Q9k5fmef1Lt2my-83WglFg==/base.apk' (success) ---
08-30 18:40:36.204 10782 16994 I Backup  : [GmsBackupTransport] New restore session, 2 apps
08-30 18:40:36.209 10782 10782 D BoundBrokerSvc: onBind: Intent { act=com.google.android.gms.common.BIND_SHARED_PREFS pkg=com.google.android.gms }
08-30 18:40:36.209 10782 10782 D BoundBrokerSvc: Loading bound service for intent: Intent { act=com.google.android.gms.common.BIND_SHARED_PREFS pkg=com.google.android.gms }
08-30 18:40:36.214 10782 10782 D BoundBrokerSvc: onUnbind: Intent { act=com.google.android.gms.common.BIND_SHARED_PREFS pkg=com.google.android.gms }
08-30 18:40:36.230 10782 10782 D BoundBrokerSvc: onBind: Intent { act=com.google.android.gms.common.BIND_SHARED_PREFS pkg=com.google.android.gms }
08-30 18:40:36.230 10782 10782 D BoundBrokerSvc: Loading bound service for intent: Intent { act=com.google.android.gms.common.BIND_SHARED_PREFS pkg=com.google.android.gms }
08-30 18:40:36.234 10782 10782 D BoundBrokerSvc: onUnbind: Intent { act=com.google.android.gms.common.BIND_SHARED_PREFS pkg=com.google.android.gms }
08-30 18:40:36.237 10782 16994 I Backup  : [BlacklistedInfoRequestProcessor] Attaching GetAppKeyBlacklistInfo request to restore request.
08-30 18:40:36.267  8622  8622 D BoundBrokerSvc: onBind: Intent { act=com.google.android.gms.auth.account.workaccount.START dat=chimera-action:/... cmp=com.google.android.gms/.chimera.PersistentApiService }
08-30 18:40:36.267  8622  8622 D BoundBrokerSvc: Loading bound service for intent: Intent { act=com.google.android.gms.auth.account.workaccount.START dat=chimera-action:/... cmp=com.google.android.gms/.chimera.PersistentApiService }
08-30 18:40:36.280 10782 10782 D BoundBrokerSvc: onBind: Intent { act=com.google.android.gms.common.BIND_SHARED_PREFS pkg=com.google.android.gms }
08-30 18:40:36.280 10782 10782 D BoundBrokerSvc: Loading bound service for intent: Intent { act=com.google.android.gms.common.BIND_SHARED_PREFS pkg=com.google.android.gms }
08-30 18:40:36.284 10782 10782 D BoundBrokerSvc: onUnbind: Intent { act=com.google.android.gms.common.BIND_SHARED_PREFS pkg=com.google.android.gms }
08-30 18:40:36.321 10782 16994 D TrafficStats: tagSocket(200) with statsTag=0xffffff03, statsUid=10788
08-30 18:40:36.321  1408  1808 D NetdEventListenerService: DNS Requested by : 142, 10230
08-30 18:40:36.381 10782 16994 W Conscrypt: Could not set socket write timeout: java.net.SocketException: Socket closed
08-30 18:40:36.381 10782 16994 W Conscrypt: 	at com.google.android.gms.org.conscrypt.Platform.setSocketWriteTimeout(:com.google.android.gms@233116045@23.31.16 (190408-555695945):226)
08-30 18:40:36.381 10782 16994 W Conscrypt: 	at com.google.android.gms.org.conscrypt.ConscryptFileDescriptorSocket.setSoWriteTimeout(:com.google.android.gms@233116045@23.31.16 (190408-555695945):4)
08-30 18:40:36.424 10782 16994 W Conscrypt: Could not set socket write timeout: java.net.SocketException: Socket closed
08-30 18:40:36.424 10782 16994 W Conscrypt: 	at com.google.android.gms.org.conscrypt.Platform.setSocketWriteTimeout(:com.google.android.gms@233116045@23.31.16 (190408-555695945):226)
08-30 18:40:36.424 10782 16994 W Conscrypt: 	at com.google.android.gms.org.conscrypt.ConscryptFileDescriptorSocket.setSoWriteTimeout(:com.google.android.gms@233116045@23.31.16 (190408-555695945):4)
08-30 18:40:36.617  1408  1772 D SemNscXgbMsL1: Probability - Cloud gaming: [0.05337463]
08-30 18:40:36.618  1408  1772 D SemNscXgbMsL1: Probability - Real time: [0.50449437]
08-30 18:40:36.618  1408  1772 D SemNscXgbMsL1: Probability - Non real time: [0.8604365]
08-30 18:40:36.618  1408  1772 D SemNscXgbMsL1: 1 sample inference time: 0.896384 msecs
08-30 18:40:36.620  1408  1772 D SemNscXgbL2Rt: L2 RT 1 sample inference time: 1.895807 msecs
08-30 18:40:36.622  1408  1772 D SemNscXgbL2Nrt: L2 NRT 1 sample inference time: 1.794539 msecs
08-30 18:40:36.622  1408  1772 I SemWifiServiceDetector: NSD results: [1, 1, 1, 0, 1, 1, 1, 1, 0] Traff. type 1 Thr 13
08-30 18:40:36.624  1408  1775 D SemWifiOptimizer: enable=1 state=0x10 prev=0x00 new=0x10 force=0 mode=0
08-30 18:40:36.768 10782 16994 I Backup  : [BackupHttpRequestUtil] Http Response Code: 200
08-30 18:40:36.771 10782 16994 I Backup  : [GmsBackupTransport] Got kv restore package: @pm@
08-30 18:40:36.780 10782 16994 I Backup  : [GmsBackupTransport] Encrypted kv restore of @pm@
08-30 18:40:36.786  1408  1665 I RecoverableAppKeyStore: Get 0/10230/com.google.android.gms.backup/folsom/C5F18DFA8E28096A8E0467ABFBF7A104
08-30 18:40:36.802   690   690 W keymaster_tee: [WRN]begin req PARAMS: A32 B32 P1
08-30 18:40:36.830 10782 16994 E GmsConnectionFactory: UID for network attribution might be misset for tag -252 [CONTEXT service_id=39 ]
08-30 18:40:36.830 10782 16994 E GmsConnectionFactory: dqvx: FULL
08-30 18:40:36.830 10782 16994 E GmsConnectionFactory: 	at a.P(:com.google.android.gms@233116045@23.31.16 (190408-555695945):9)
