08-30 18:43:40.631 28148 28169 I TestRunner: started: addToVisitedTest(com.example.benchmark.ExampleStartupBenchmark)
08-30 18:43:40.631  1054  1054 I Layer   : id=86937 Destroyed Surface(name=2c93aa8 InputMethod)/@0xa6600a7 - animation-leash of insets_animation#86937
08-30 18:43:40.631  1054  1054 E BpTransactionCompletedListener: Failed to transact (-32)
08-30 18:43:40.631  1054  1054 I Layer   : id=86930 Destroyed com.example.uianaliticsxml/com.example.uianaliticsxml.MainActivity$_1209#86930
08-30 18:43:40.631  1054  1169 D SurfaceFlinger: [input] setFocusedWindow: <null>
08-30 18:43:40.633 27008 27071 D ViewRootImpl@c7010bb[LauncherActivity]: Received frameDrawingCallback syncResult=0 frameNum=1.
08-30 18:43:40.633 27008 27071 D ViewRootImpl@c7010bb[LauncherActivity]: Setting up sync and frameCommitCallback
08-30 18:43:40.634  2285  2285 D RegisteredServicesCache: invalidateCache : 0
08-30 18:43:40.636 27008 27053 D BLASTBufferQueue: [ViewRootImpl@c7010bb[LauncherActivity]#183](f:0,a:0) onFrameAvailable the first frame is available
08-30 18:43:40.636  1852  1852 D CarrierSvcBindHelper: onHandleForceStop: [com.example.uianaliticsxml]
08-30 18:43:40.636  1852  1852 D CarrierSvcBindHelper: No carrier app for: 0
08-30 18:43:40.636  1852  1852 D CarrierSvcBindHelper: No carrier app for: 1
08-30 18:43:40.636 27008 27053 D ViewRootImpl@c7010bb[LauncherActivity]: Received frameCommittedCallback lastAttemptedDrawFrameNum=1 didProduceBuffer=true
08-30 18:43:40.636 27008 27008 D ViewRootImpl@c7010bb[LauncherActivity]: onSyncComplete
08-30 18:43:40.637 27008 27008 D ViewRootImpl@c7010bb[LauncherActivity]: setupSync seqId=0 mSyncId=125 fn=1 caller=android.view.ViewRootImpl$$ExternalSyntheticLambda11.accept:6 android.window.SurfaceSyncer.lambda$setupSync$1$android-window-SurfaceSyncer:128 android.window.SurfaceSyncer$$ExternalSyntheticLambda1.accept:8 android.window.SurfaceSyncer$SyncSet.checkIfSyncIsComplete:382 android.window.SurfaceSyncer$SyncSet.markSyncReady:359 android.window.SurfaceSyncer.markSyncReady:151 android.view.ViewRootImpl.performTraversals:4373
08-30 18:43:40.637 27008 27008 D ViewRootImpl@c7010bb[LauncherActivity]: reportDrawFinished seqId=0 mSyncId=-1 fn=1 mSurfaceChangedTransaction=0xb4000076cbe36110
08-30 18:43:40.637  1408  1486 D EnterpriseDeviceManagerService: isMdmAdminPresentInternal() : MDM Admin Found - com.samsung.knox.securefolder
08-30 18:43:40.637  2446  2880 I LiveIconUpdateEventHandler: setMinuteChangeAlarm Wed Aug 30 18:44:00 GMT+02:00 2023
08-30 18:43:40.637 27008 27008 I dnxg    : onStart
08-30 18:43:40.638  2446  2446 I RecentsView: onTaskRemoved() taskId : 26443
08-30 18:43:40.638  2446  2446 I TopTaskTracker: onTaskRemoved : taskId = 26443
08-30 18:43:40.638  2446  2446 I RecentsView: onTaskRemoved() taskId : 26443
08-30 18:43:40.638  2446  2446 I TopTaskTracker: onTaskRemoved : taskId = 26443
08-30 18:43:40.638  2446  2446 I BaseActivity: addActivityFlags, flags : 4
08-30 18:43:40.638  2446  2446 I Launcher: onDeferredResumed
08-30 18:43:40.638  2446  2446 I InstallShortcutReceiver: flushInstallQueue 0
08-30 18:43:40.638  2446  2446 I Launcher.NotificationListener: registerObserver this is not notificationService!!
08-30 18:43:40.638  2446  2446 I Launcher.NotificationListener: onNotificationFullRefresh
08-30 18:43:40.638  2446  2446 I BadgeCountUpdaterImpl: onNotificationsChangedConnected
08-30 18:43:40.638  2446  2446 W LauncherAppWidgetHost: setShouldListenFlag, mFlags:6 flag:resume on:true isFront:false
08-30 18:43:40.638  2446  2878 I InstallShortcutReceiver: flushQueueInBackground 0
08-30 18:43:40.638 28148 28169 I GrantPermissionCallable: Permission: android.permission.READ_EXTERNAL_STORAGE is already granted!
08-30 18:43:40.638  1408  1665 I AppWidgetServiceImpl: startListening callbacks : com.android.internal.appwidget.IAppWidgetHost$Stub$Proxy@eb57813
08-30 18:43:40.639  1872  1887 D WallpaperService: dispatchAppVisibility onVisibilityChanged(): true
08-30 18:43:40.639  2446  2446 W LauncherAppWidgetHost: startListening, mFlags:15 isFront:false
08-30 18:43:40.639  2446  2446 I RecentsAnimationDeviceState: setSystemUiFlags, stateFlags : 0
08-30 18:43:40.639  2446  2446 I TouchInteractionService: onSystemUiFlagsChanged, lastSysUIFlags : 131072
08-30 18:43:40.639  1872  1872 D WallpaperService: updateSurface forceRelayout=true forceReport=false redrawNeeded=false myWidth=2400 myHeight=2400 fixedSize=true x = 0 y = 0 mWidth=2400 mHeight=2400 mIsSleepMode=false
08-30 18:43:40.639  1872  1872 D WallpaperService: mDeviceHeight : 2400, mDeviceWidth : 1080,mDeviceRotation  : 0
08-30 18:43:40.639 28148 28169 I GrantPermissionCallable: Permission: android.permission.WRITE_EXTERNAL_STORAGE is already granted!
08-30 18:43:40.640  2446  2880 I LiveIconViewUpdater: onUpdateLiveIcon - id : 70, itemType : 0
08-30 18:43:40.641  1054  1848 I SurfaceFlinger: id=86944 createSurf flag=24004, Surface(name=Task=1)/@0x7bcb610 - animation-leash of app_transition#86944
08-30 18:43:40.641  6000  6172 I Rubin   : [1116] ha.e.m(SourceFile:6) : isSatisfiedByCmh is false
08-30 18:43:40.642  2446  2880 I LiveIconUpdateEventHandler: cancelDateChangeAlarm
08-30 18:43:40.643  1408  1904 V WindowManager: Relayout Window{8b0d3d u0 com.android.systemui.ImageWallpaper}: viewVisibility=0 req=2400x2400 d0
08-30 18:43:40.643  1872  1900 D Bubbles : onLocusVisibilityChanged: LocusId[17_chars] visible=true
08-30 18:43:40.644  1408  1904 V WindowManager: Relayout hash=8b0d3d, pid=1872, syncId=-1: mAttrs={(0,0)(2400x2400) gr=TOP START CENTER layoutInDisplayCutoutMode=always ty=WALLPAPER fmt=RGBX_8888 wanim=0x103031a
08-30 18:43:40.644  1408  1904 V WindowManager:   fl=14318
08-30 18:43:40.644  1408  1904 V WindowManager:   pfl=2000014
08-30 18:43:40.644  1408  1904 V WindowManager:   bhv=DEFAULT naviIconColor=0
08-30 18:43:40.644  1408  1904 V WindowManager:   sfl=8}
08-30 18:43:40.644  2446  2880 I LiveIconUpdateEventHandler: setDateChangeAlarm Thu Aug 31 00:00:00 GMT+02:00 2023
08-30 18:43:40.644  2285  2285 E ApduServiceInfo: Not adding <aid-group> with empty or invalid AIDs
08-30 18:43:40.644  2285  2285 I NfcKnoxUtil: isNFCAllowed is called for userId - 0
08-30 18:43:40.645  2285  2285 D NfcKnoxUtil: NFC checking for 0
08-30 18:43:40.645  2446  2878 I Launcher.NotificationListener: notificationIsValidForUI : com.wssyncmldm missingTitleAndText : false isGroupHeader : false
08-30 18:43:40.645  2446  2878 I Launcher.NotificationListener: notificationIsValidForUI : android missingTitleAndText : false isGroupHeader : false
08-30 18:43:40.645  2446  2878 I Launcher.NotificationListener: notificationIsValidForUI : com.viber.voip missingTitleAndText : false isGroupHeader : true
08-30 18:43:40.645  2446  2878 I Launcher.NotificationListener: notificationIsValidForUI : com.viber.voip missingTitleAndText : false isGroupHeader : false
08-30 18:43:40.645  2446  2878 I Launcher.NotificationListener: notificationIsValidForUI : com.viber.voip missingTitleAndText : false isGroupHeader : false
08-30 18:43:40.646  2446  2878 I Launcher.NotificationListener: notificationIsValidForUI : com.viber.voip missingTitleAndText : false isGroupHeader : false
08-30 18:43:40.646  2446  2878 I Launcher.NotificationListener: notificationIsValidForUI : com.xiaomi.hm.health missingTitleAndText : false isGroupHeader : false
08-30 18:43:40.646  2446  2878 I Launcher.NotificationListener: Full refresh isConnected : true active size : 6
08-30 18:43:40.646  2446  2446 I PopupDataProvider: onNotificationFullRefresh prev dotInfoSize : 4
08-30 18:43:40.646  2446  2446 I PopupDataProvider: refresh badge  package : com.xiaomi.hm.health count : 1
08-30 18:43:40.646  2446  2446 I PopupDataProvider: refresh badge  package : android count : 1
08-30 18:43:40.646  2446  2446 I PopupDataProvider: refresh badge  package : com.wssyncmldm count : 1
08-30 18:43:40.646  2446  2446 I PopupDataProvider: refresh badge  package : com.viber.voip count : 3
08-30 18:43:40.646  2446  2446 I IconView: applyDotState itemInfo : Zepp Life display : 1 count : 1
08-30 18:43:40.646  2446  2446 I IconView: applyDotState itemInfo : Viber display : 1 count : 3
08-30 18:43:40.646  2285  2285 W NfcKnoxUtil:  container manager null for 0
08-30 18:43:40.646  2285  2285 I NfcKnoxUtil: allow NFC for 0
08-30 18:43:40.646  2285  2285 D RegisteredOtherServicesCache: invalidate : 0
08-30 18:43:40.647  2285  2285 I RegisteredOtherServicesCache: current user: 0, is managed profile : false, is dual profile : false
08-30 18:43:40.647  1054  1054 I Layer   : id=86931 removeFromCurrentState Surface(name=e0b30c0 StatusBar)/@0x15aa7e0 - animation-leash of insets_animation#86931 (129)
08-30 18:43:40.647  1054  1054 I Layer   : id=86932 removeFromCurrentState Surface(name=40811ff NavigationBar0)/@0x7c5593f - animation-leash of insets_animation#86932 (129)
08-30 18:43:40.647  1054  1054 I Layer   : id=69 removeFromCurrentState 40811ff NavigationBar0#69 (129)
08-30 18:43:40.647  1054  1054 I Layer   : id=87 removeFromCurrentState NavigationBar0$_1872#87 (129)
08-30 18:43:40.647  1054  1054 I Layer   : id=69 addToCurrentState 40811ff NavigationBar0#69 (129)
08-30 18:43:40.648  1054  1054 I Layer   : id=87 addToCurrentState NavigationBar0$_1872#87 (129)
08-30 18:43:40.648  1054  1054 I SurfaceFlinger: [4d13dc com.sec.android.app.launcher/com.sec.android.app.launcher.activities.LauncherActivity#124] FrameRatePriority: 1
08-30 18:43:40.648  1054  1054 D SurfaceFlinger: [input] inputWindowCommands.focusRequests size is 1
08-30 18:43:40.648  1054  1054 I SurfaceFlinger: id=86931 Removed Surface(name=e0b30c0 StatusBar)/@0x15aa7e0 - animation-leash of insets_animation#86931 (129)
08-30 18:43:40.648  1054  1054 I SurfaceFlinger: id=86932 Removed Surface(name=40811ff NavigationBar0)/@0x7c5593f - animation-leash of insets_animation#86932 (129)
08-30 18:43:40.648  1054  1054 I Layer   : id=86931 Destroyed Surface(name=e0b30c0 StatusBar)/@0x15aa7e0 - animation-leash of insets_animation#86931
08-30 18:43:40.648  1054  1054 I Layer   : id=86932 Destroyed Surface(name=40811ff NavigationBar0)/@0x7c5593f - animation-leash of insets_animation#86932
08-30 18:43:40.648  1054  1169 D SurfaceFlinger: [input] setFocusedWindow: 4d13dc com.sec.android.app.launcher/com.sec.android.app.launcher.activities.LauncherActivity
08-30 18:43:40.648  1408  3212 I MediaSessionMonitor: Media session stopped : controllerList empty
08-30 18:43:40.649  1408  4444 D InputDispatcher: Focus request (0): 4d13dc com.sec.android.app.launcher/com.sec.android.app.launcher.activities.LauncherActivity but waiting because NO_WINDOW
08-30 18:43:40.650  1054  1054 D SurfaceFlinger: Display 4633128672291735937 HWC layers:
08-30 18:43:40.650  1054  1054 D SurfaceFlinger:      DEVICE | 0xb4000070998c9410 | 0100 | RGBx_8888    |  660.0    0.0 1740.0 2400.0 |    0    0 1080 2400 | Wallpaper BBQ wrapper#80
08-30 18:43:40.650  1054  1054 D SurfaceFlinger:      DEVICE | 0xb4000070998af1d0 | 0100 | RGBA_8888    |    0.0    0.0 1080.0   80.0 |    0    0 1080   80 | StatusBar$_1872#94
08-30 18:43:40.650  1054  1054 D SurfaceFlinger:      DEVICE | 0xb4000070998c8d10 | 0100 | RGBA_8888    |    0.0    0.0   67.0  329.0 | 1013  384 1080  713 | com.samsung.android.app.cocktailbars[...]rvice.CocktailBarService$_4516#85627
08-30 18:43:40.650  1054  1054 D SurfaceFlinger:      DEVICE | 0xb4000070998dd0d0 | 0100 | RGBA_8888    |    0.0    0.0 1080.0  144.0 |    0 2256 1080 2400 | NavigationBar0$_1872#87
08-30 18:43:40.650  1054  1054 D SurfaceFlinger:
08-30 18:43:40.650  2285  2285 I CardEmulationManager: current user id : 0, is managed profile : false, is dual profile : false verify install : false
08-30 18:43:40.650  4188  4419 D KnoxHelper: getActivityList callingUserId: 0, target user: 0
08-30 18:43:40.651  1872  1872 D BLASTBufferQueue: update, w= 2400 h= 2400 mNativeObject= 0xb40000770be44b90 sc.mNativeObject= 0xb40000769bec3ae0 format= 2 caller= android.service.wallpaper.WallpaperService$Engine.getOrCreateBLASTSurface:2537 android.service.wallpaper.WallpaperService$Engine.updateSurface:1496 android.service.wallpaper.WallpaperService$Engine.reportVisibility:1871 android.service.wallpaper.WallpaperService$Engine.doVisibilityChanged:1841 android.service.wallpaper.WallpaperService$IWallpaperEngineWrapper.executeMessage:2798 com.android.internal.os.HandlerCaller$MyHandler.handleMessage:44
08-30 18:43:40.651  1872  1872 D WallpaperService: reportVisibility onVisibilityChanged visible: true
08-30 18:43:40.651  1872  2118 I ImageWallpaper[GLEngine]:  onVisibilityChanged true , 0
08-30 18:43:40.652  1872  2118 I ImageWallpaperRenderer: updateWallpaperOffset 0 lastCropOffset 0 wp Type , 0 , rotation == 0 Do not change Display offset 0
08-30 18:43:40.652  1872  1872 D SamsungLightBarControlHelper: onStatusBarAppearanceChanged() -  sbModeChanged:false, statusBarMode:MODE_TRANSPARENT, barState:SHADE, isKeyguardShowing:false, navbarColorManagedByIme:false, stackAppearancesChanged:true, (AppearanceRegion{ bounds=[0,0][1080,2400]}, ), packageName:com.sec.android.app.launcher
08-30 18:43:40.652  4516  4516 I ActivityUtils: HomePackage : com.sec.android.app.launcher, resumePackageName : com.sec.android.app.launcher
08-30 18:43:40.652  4188  4419 D KnoxHelper: getActivityList callingUserId: 0, target user: 0
08-30 18:43:40.652  4188  4419 D KnoxHelper: getActivityList callingUserId: 0, target user: 0
08-30 18:43:40.653  2446  2880 I LiveIconViewUpdater: onUpdateLiveIcon - id : 75, itemType : 0
08-30 18:43:40.653 27008 27008 I dnxg    : onResume
08-30 18:43:40.653  2446  2880 I SPayUpdater: updateSpayHandler, show = true, defaultPage = true
08-30 18:43:40.653  4188  4419 D KnoxHelper: getActivityList callingUserId: 0, target user: 0
08-30 18:43:40.653  2285  2285 I RegisteredAidCache:  user id = 0
08-30 18:43:40.654  2285  2285 I RegisteredAidCache:  user id = 150
08-30 18:43:40.654  4188  4419 D KnoxHelper: getActivityList callingUserId: 0, target user: 0
08-30 18:43:40.654  4188  4419 D KnoxHelper: getActivityList callingUserId: 0, target user: 0
08-30 18:43:40.655 28622 28622 I gmcf    : (REDACTED) received broadcast: %s
08-30 18:43:40.655 28622 28677 I gmci    : (REDACTED) received broadcast: %s
08-30 18:43:40.655 28622 28677 I glxg    : (REDACTED) #onConfigUpdate. requester: %s
08-30 18:43:40.655 28622 28677 I glxg    : #onConfigUpdate inside sequencer
08-30 18:43:40.655 28622 28677 I glua    : (REDACTED) Voice Match (Speaker-id) supported : %b
08-30 18:43:40.655 28622 28677 I glua    : (REDACTED) hotword enrollment state is enrolled:  %b, speakerId model exist: %b. Voice Match supported : %b
08-30 18:43:40.655 28622 28677 I glua    : (REDACTED) isHotwordAvailable():  %b, isHotwordEnabled() %b
08-30 18:43:40.655 28622 28677 I glua    : (REDACTED) isHotwordAvailable():  %b, isHotwordEnabled() %b
08-30 18:43:40.655 28622 28677 I glua    : (REDACTED) Hotword enrollment state : %s.
08-30 18:43:40.655 28622 28677 I glua    : (REDACTED) Voice Match (Speaker-id) supported : %b
08-30 18:43:40.655 28622 28677 I glua    : (REDACTED) Voice Match (Speaker-id) supported : %b
08-30 18:43:40.655 28622 28677 I glua    : (REDACTED) hotword enrollment state is enrolled:  %b, speakerId model exist: %b, voice match supported : %b
08-30 18:43:40.655 28622 28677 I glua    : (REDACTED) Hotword isNonVoiceMatchHotwordEnabled: %b, isHotwordAvailable : %b, isHotwordEnabled : %b, isVoiceMatchSupported: %b, isHotwordEnrolled: %b.
08-30 18:43:40.655 28622 28677 I glxg    : (REDACTED) Ignore the legacy hotword request. voice match enabled %b, isHotwordSupported %b, isIncompleteEnrollmentState %b, nonVoiceMatchHotwordEnabled %b
08-30 18:43:40.655  4188  4419 D KnoxHelper: getActivityList callingUserId: 0, target user: 0
08-30 18:43:40.655  2446  2878 I LiveIconUtil: getLiveIcon was called in ClockPackage
08-30 18:43:40.655  4188  4419 D KnoxHelper: getActivityList callingUserId: 0, target user: 0
08-30 18:43:40.656  2446  2878 I LiveIconUtil: getLiveIcon res = com.sec.android.app.clockpackage
08-30 18:43:40.657  2446  2878 I LiveIconUtil: stdIconSize : 144 , targetIconSize : 174
08-30 18:43:40.657  2446  2878 I LiveIconUtil: mIconDpi : 640 , mTargetIconDpi : 480
08-30 18:43:40.658  2285  2285 I RegisteredAidCache: aidInfo: 0
08-30 18:43:40.658  2285  2285 I RegisteredAidCache: aidInfo: 0
08-30 18:43:40.658  2285  2285 I RegisteredAidCache: aidInfo: 0
08-30 18:43:40.658  2285  2285 I RegisteredAidCache: aidInfo: 0
08-30 18:43:40.658  2285  2285 I RegisteredAidCache: aidInfo: 0
08-30 18:43:40.658  2285  2285 I RegisteredAidCache: aidInfo: 0
08-30 18:43:40.658  2285  2285 D AidRoutingManager: support iso7816 protocol route
08-30 18:43:40.658  2285  2285 D AidRoutingManager: getRouteForNfcExecutionEnvironment : SIM1
08-30 18:43:40.658  2285  2285 D AidRoutingManager: defaultRoute(this) : 0x2, defaultRoute(Cache) : 0x2
08-30 18:43:40.658  2285  2285 D AidRoutingManager: [seList] - add default route : 0x2
08-30 18:43:40.658  2285  2285 D AidRoutingManager: [seList] - add route : 0x0
08-30 18:43:40.658  2285  2285 D AidRoutingManager: entry changed : false
08-30 18:43:40.658  2285  2285 D AidRoutingManager: power changed : false
08-30 18:43:40.658  2285  2285 D AidRoutingManager: route changed : false
08-30 18:43:40.658 28148 28169 D Benchmark: Killing process com.example.uianaliticsxml
08-30 18:43:40.658  2285  2285 D AidRoutingManager: routing update is not required
08-30 18:43:40.658  4188  4419 D KnoxHelper: getActivityList callingUserId: 0, target user: 0
08-30 18:43:40.659  4188  4419 D KnoxHelper: getActivityList callingUserId: 0, target user: 0
08-30 18:43:40.659  2285  2285 D RegisteredNfcFServicesCache: Service unchanged, not updating
08-30 18:43:40.659  4188  4419 D KnoxHelper: getActivityList callingUserId: 0, target user: 0
08-30 18:43:40.659  2321  2338 I SecureElementService: SEReader getReaders()
08-30 18:43:40.659  2321  2338 D SecureElementService: getReaders() for com.android.nfc
08-30 18:43:40.659  2321  2338 I SecureElementService: SEReader getReaders()
08-30 18:43:40.659  2321  2338 D SecureElementService: getReaders() for com.android.nfc
08-30 18:43:40.660  4188  4419 D KnoxHelper: getActivityList callingUserId: 0, target user: 0
08-30 18:43:40.660  4188  4419 D KnoxHelper: getActivityList callingUserId: 0, target user: 0
08-30 18:43:40.661  4188  4419 D KnoxHelper: getActivityList callingUserId: 0, target user: 0
08-30 18:43:40.662  4188  4419 D KnoxHelper: getActivityList callingUserId: 0, target user: 0
08-30 18:43:40.662  2321  2338 I SecureElementService: SEReader getReaders()
08-30 18:43:40.662  2321  2338 D SecureElementService: getReaders() for com.android.nfc
08-30 18:43:40.662  2321  2338 I SecureElementService: SEReader getReaders()
08-30 18:43:40.662  4188  4419 D KnoxHelper: getActivityList callingUserId: 0, target user: 0
08-30 18:43:40.662  2321  2338 D SecureElementService: getReaders() for com.android.nfc
08-30 18:43:40.663  4188  4419 D KnoxHelper: getActivityList callingUserId: 0, target user: 0
08-30 18:43:40.664  4188  4419 D KnoxHelper: getActivityList callingUserId: 0, target user: 0
08-30 18:43:40.666  4188  4419 D KnoxHelper: getActivityList callingUserId: 0, target user: 0
08-30 18:43:40.667  4188  4419 D KnoxHelper: getActivityList callingUserId: 0, target user: 0
08-30 18:43:40.667  4188  4419 D KnoxHelper: getActivityList callingUserId: 0, target user: 0
08-30 18:43:40.668  4188  4419 D KnoxHelper: getActivityList callingUserId: 0, target user: 0
08-30 18:43:40.669  4188  4419 D KnoxHelper: getActivityList callingUserId: 0, target user: 0
08-30 18:43:40.669  4188  4419 D KnoxHelper: getActivityList callingUserId: 0, target user: 0
08-30 18:43:40.669  4188  4419 D KnoxHelper: getActivityList callingUserId: 0, target user: 0
08-30 18:43:40.670  4188  4419 D KnoxHelper: getActivityList callingUserId: 0, target user: 0
08-30 18:43:40.672  4188  4419 D KnoxHelper: getActivityList callingUserId: 0, target user: 0
08-30 18:43:40.673  4188  4419 D KnoxHelper: getActivityList callingUserId: 0, target user: 0
08-30 18:43:40.673  4188  4419 D KnoxHelper: getActivityList callingUserId: 0, target user: 0
08-30 18:43:40.674  4188  4419 D KnoxHelper: getActivityList callingUserId: 0, target user: 0
08-30 18:43:40.674  4188  4419 D KnoxHelper: getActivityList callingUserId: 0, target user: 0
08-30 18:43:40.676  4188  4419 D KnoxHelper: getActivityList callingUserId: 0, target user: 0
08-30 18:43:40.676  4188  4419 D KnoxHelper: getActivityList callingUserId: 0, target user: 0
08-30 18:43:40.677  4188  4419 D KnoxHelper: getActivityList callingUserId: 0, target user: 0
08-30 18:43:40.677  4188  4419 D KnoxHelper: getActivityList callingUserId: 0, target user: 0
08-30 18:43:40.679  2446  2878 I AppIconSolution: load= live icon for com.sec.android.app.clockpackage, from overlay = false
08-30 18:43:40.679  2446  2878 I LauncherActivityInfo: Load live icon for com.sec.android.app.clockpackage
08-30 18:43:40.679  2446  2878 I LauncherActivityInfo: packageName: com.sec.android.app.clockpackage, useThemeIcon: false, height: 288, width: 288, density: 640
08-30 18:43:40.685  2446  2878 I LiveIconLoader: [Calendar] LiveIcon - stdIconSize : 144 , targetIconSize : 174
08-30 18:43:40.685  2446  2878 I LiveIconLoader: [Calendar] LiveIcon - sIconDpi : 640 , targetIconDpi : 480
08-30 18:43:40.685  2446  2878 W LiveIconLoader: System font not found, reverting to Roboto.
08-30 18:43:40.686  2446  2878 I LiveIconLoader: [Calendar] getLiveIcon - Date: 30
08-30 18:43:40.687  2446  2878 I AppIconSolution: load= live icon for com.samsung.android.calendar, from overlay = false
08-30 18:43:40.687  2446  2878 I LauncherActivityInfo: Load live icon for com.samsung.android.calendar
08-30 18:43:40.687  2446  2878 I LauncherActivityInfo: packageName: com.samsung.android.calendar, useThemeIcon: false, height: 288, width: 288, density: 640
08-30 18:43:40.700 28148 28169 D Benchmark: Resetting com.example.uianaliticsxml
08-30 18:43:40.700  1852  1852 D CarrierSvcBindHelper: onHandleForceStop: [com.example.uianaliticsxml]
08-30 18:43:40.700  1852  1852 D CarrierSvcBindHelper: No carrier app for: 0
08-30 18:43:40.700  1852  1852 D CarrierSvcBindHelper: No carrier app for: 1
08-30 18:43:40.701  2285  2285 D RegisteredServicesCache: invalidateCache : 0
08-30 18:43:40.702  2285  2285 E ApduServiceInfo: Not adding <aid-group> with empty or invalid AIDs
08-30 18:43:40.702  2285  2285 I NfcKnoxUtil: isNFCAllowed is called for userId - 0
08-30 18:43:40.703  2285  2285 D NfcKnoxUtil: NFC checking for 0
08-30 18:43:40.703  2285  2285 W NfcKnoxUtil:  container manager null for 0
08-30 18:43:40.703  2285  2285 I NfcKnoxUtil: allow NFC for 0
08-30 18:43:40.703  2285  2285 D RegisteredOtherServicesCache: invalidate : 0
08-30 18:43:40.703  2285  2285 I RegisteredOtherServicesCache: current user: 0, is managed profile : false, is dual profile : false
08-30 18:43:40.703  2285  2285 I CardEmulationManager: current user id : 0, is managed profile : false, is dual profile : false verify install : false
08-30 18:43:40.703  2285  2285 I RegisteredAidCache:  user id = 0
08-30 18:43:40.704  2285  2285 I RegisteredAidCache:  user id = 150
08-30 18:43:40.704  2285  2285 I RegisteredAidCache: aidInfo: 0
08-30 18:43:40.704  2285  2285 I RegisteredAidCache: aidInfo: 0
08-30 18:43:40.704  2285  2285 I RegisteredAidCache: aidInfo: 0
08-30 18:43:40.704  2285  2285 I RegisteredAidCache: aidInfo: 0
08-30 18:43:40.704  2285  2285 I RegisteredAidCache: aidInfo: 0
08-30 18:43:40.704  2285  2285 I RegisteredAidCache: aidInfo: 0
08-30 18:43:40.704  2285  2285 D AidRoutingManager: support iso7816 protocol route
08-30 18:43:40.704  2285  2285 D AidRoutingManager: getRouteForNfcExecutionEnvironment : SIM1
08-30 18:43:40.704  2285  2285 D AidRoutingManager: defaultRoute(this) : 0x2, defaultRoute(Cache) : 0x2
08-30 18:43:40.704  2285  2285 D AidRoutingManager: [seList] - add default route : 0x2
08-30 18:43:40.704  2285  2285 D AidRoutingManager: [seList] - add route : 0x0
08-30 18:43:40.704  2285  2285 D AidRoutingManager: entry changed : false
08-30 18:43:40.704  2285  2285 D AidRoutingManager: power changed : false
08-30 18:43:40.704  2285  2285 D AidRoutingManager: route changed : false
08-30 18:43:40.704  2285  2285 D AidRoutingManager: routing update is not required
08-30 18:43:40.705  2285  2285 D RegisteredNfcFServicesCache: Service unchanged, not updating
08-30 18:43:40.705  2321  2338 I SecureElementService: SEReader getReaders()
08-30 18:43:40.705  2321  2338 D SecureElementService: getReaders() for com.android.nfc
08-30 18:43:40.705  2321  2338 I SecureElementService: SEReader getReaders()
08-30 18:43:40.705  2321  2338 D SecureElementService: getReaders() for com.android.nfc
08-30 18:43:40.706  4148 31458 W MediaProvider: isAppCloneUserPair for user 0: false
08-30 18:43:40.706  4148 31458 V MediaProvider: Inserted id:1000011123 less than next row id backup:1000012000.
08-30 18:43:40.706  2321  2338 I SecureElementService: SEReader getReaders()
08-30 18:43:40.706  2321  2338 D SecureElementService: getReaders() for com.android.nfc
08-30 18:43:40.706  2321  2338 I SecureElementService: SEReader getReaders()
08-30 18:43:40.706  2321  2338 D SecureElementService: getReaders() for com.android.nfc
08-30 18:43:40.710  1408  4344 D SyncManager: userId - 0 auto - true
08-30 18:43:40.715  1408  4344 D InputDispatcher: Focus entered window (0): 4d13dc com.sec.android.app.launcher/com.sec.android.app.launcher.activities.LauncherActivity
08-30 18:43:40.716  2446  2446 I ViewRootImpl@e5a6e97[LauncherActivity]: MSG_WINDOW_FOCUS_CHANGED 1 0
08-30 18:43:40.716  2446  2446 I BaseActivity: addActivityFlags, flags : 8
08-30 18:43:40.717  1054  1054 D SurfaceFlinger: Display 4633128672291735937 HWC layers:
08-30 18:43:40.717  1054  1054 D SurfaceFlinger:      DEVICE | 0xb4000070998c9410 | 0100 | RGBx_8888    |  660.0    0.0 1740.0 2400.0 |    0    0 1080 2400 | Wallpaper BBQ wrapper#80
08-30 18:43:40.717  1054  1054 D SurfaceFlinger:      DEVICE | 0xb4000070998d5810 | 0100 | RGBA_8888    |  269.0  599.0  811.0 1801.0 |    0    0 1080 2400 | com.sec.android.app.launcher/com.sec[...]ivities.LauncherActivity$_2446#86941
08-30 18:43:40.717  1054  1054 D SurfaceFlinger:      DEVICE | 0xb4000070998af1d0 | 0100 | RGBA_8888    |    0.0    0.0 1080.0   80.0 |    0    0 1080   80 | StatusBar$_1872#94
08-30 18:43:40.717  1054  1054 D SurfaceFlinger:      DEVICE | 0xb4000070998c8d10 | 0100 | RGBA_8888    |    0.0    0.0   67.0  329.0 | 1013  384 1080  713 | com.samsung.android.app.cocktailbars[...]rvice.CocktailBarService$_4516#85627
08-30 18:43:40.717  1054  1054 D SurfaceFlinger:      DEVICE | 0xb4000070998dd0d0 | 0100 | RGBA_8888    |    0.0    0.0 1080.0  144.0 |    0 2256 1080 2400 | NavigationBar0$_1872#87
08-30 18:43:40.717  1054  1054 D SurfaceFlinger:
08-30 18:43:40.717  2446  2446 I InputMethodManager: startInputInner - mService.startInputOrWindowGainedFocus
08-30 18:43:40.717  1408  4344 D InputMethodManagerService: DESKTOP MODE! : 2
08-30 18:43:40.717  1408  4344 D InputMethodManagerService: NOT IN KNOX DESKTOP MODE!
08-30 18:43:40.717  1408  4344 V InputMethodManagerService: getDisplayIdOfInputMethodWindowToBeAdded: displayId=0
08-30 18:43:40.717  1408  4344 D InputMethodManagerService: isImeSwitcherDisabledPackage : false
08-30 18:43:40.718  1408  4344 D InputMethodManagerService: checkDisplayOfStartInputAndUpdateKeyboard: displayId=0, mFocusedDisplayId=0
08-30 18:43:40.718  1408  4344 D InputTransport: Input channel constructed: 'ClientS', fd=908
08-30 18:43:40.718  1408  4344 D InputTransport: Input channel destroyed: 'ClientS', fd=908
08-30 18:43:40.718  5015  5015 I HBD     : HoneyBoardService onFinishInput
08-30 18:43:40.718  5015  5015 I HBD     : a IC have been unbinding,  RemoteInputConnection{idHash=#571b363}
08-30 18:43:40.718  5015  5015 I HBD     : HoneyBoardService [PF_CL][onFinishInput]  0 ms
08-30 18:43:40.718  5015  5015 I HBD     : HoneyBoardService [IMI] onStartInput - caller pid : 2446 , caller uid : 10134
08-30 18:43:40.718  5015  5015 I HBD     : j updateConfigs
08-30 18:43:40.718  1054  2920 I SurfaceFlinger: id=86945 createSurf flag=24004, Surface(name=2c93aa8 InputMethod)/@0xa6600a7 - animation-leash of insets_animation#86945
08-30 18:43:40.718  5015  5015 I HBD     : j isEnabledNightMode : true
08-30 18:43:40.719  5015  5015 I HBD     : a IC have been binding, RemoteInputConnection{idHash=#94222bf}
08-30 18:43:40.719  5015  5015 I HBD     : h [EditorInputType]setPrivateImeOptionsToTable privateImeOptions ( null )
08-30 18:43:40.719  5015  5015 I HBD     : b incognitoMode : false
08-30 18:43:40.719  5015  5015 I HBD     : a needOff = true , isForceOff = false, isNullInputClass : true
08-30 18:43:40.719  5015  5015 I HBD     : h getDefaultInputRange : UNKNOWN
08-30 18:43:40.719  5015  5015 I HBD     : h getDefaultInputRange : UNKNOWN
08-30 18:43:40.719  5015  5015 I HBD     : h getDefaultInputRange : UNKNOWN
08-30 18:43:40.719  5015  5015 I HBD     : a needOff = true , isForceOff = false, isNullInputClass : true
08-30 18:43:40.719  5015  5015 I HBD     : a update cached prediction status : false
08-30 18:43:40.719  5015  5015 I HBD     : h getDefaultInputRange : UNKNOWN
08-30 18:43:40.719  5015  5015 I HBD     : a currentState : 0
08-30 18:43:40.720  5015  5015 I HBD     : h load selected json path : /data/data/com.samsung.android.honeyboard/files/selected.json
08-30 18:43:40.720  5015  5015 I HBD     : h load selected json info : {"version":"1.0","currentLanguageOrder":0,"selected":[{"activeOptionList":["auto_replace","auto_spacing"],"engName":"Serbian","id":3604480,"inputType":"qwertz","isUsed":true},{"activeOptionList":["auto_replace","auto_spacing"],"engName":"Serbian","id":52887552,"inputType":"qwerty","isUsed":true}]}
08-30 18:43:40.721  5015  5015 I HBD     : a [UpdatePolicy] [post] a: 0 cl: 3604480 kit: [0/1] vt: 0 ir: 1
08-30 18:43:40.721  5015  5015 I HBD     : a [NRIC] resetNoResponseState
08-30 18:43:40.721  5015  5015 I HBD     : a needOff = true , isForceOff = false, isNullInputClass : true
08-30 18:43:40.721  5015  5015 I HBD     : a update cached prediction status : false
08-30 18:43:40.721  5015  5015 I HBD     : HoneyBoardService [PF_OP][onStartInput]  3 ms
08-30 18:43:40.731  1054  1054 I Layer   : id=86938 removeFromCurrentState Surface(name=2c93aa8 InputMethod)/@0xa6600a7 - animation-leash of insets_animation#86938 (128)
08-30 18:43:40.733  1408  4344 D InputMethodManagerService: isImeSwitcherDisabledPackage : false
08-30 18:43:40.733  5015  5015 I InputMethodService: removeImeSurface
08-30 18:43:40.734  5015  5015 I MSHandlerLifeCycle: check: return. pkg=com.samsung.android.honeyboard isActivity=false callers=com.android.internal.policy.DecorView.setVisibility:4378 android.app.Dialog.hide:771 android.inputmethodservice.InputMethodService.removeImeSurface:1290 android.inputmethodservice.InputMethodService.scheduleImeSurfaceRemoval:1279 android.inputmethodservice.InputMethodService.-$$Nest$mscheduleImeSurfaceRemoval:0
08-30 18:43:40.734  5015  5015 I MSHandlerLifeCycle: removeMultiSplitHandler: no exist. decor=DecorView@690e142[InputMethod]
08-30 18:43:40.796  4148 31473 I MediaProvider: Deleted 0 0 0 0 0 0 1 items on external_primary due to com.example.benchmark
08-30 18:43:40.796  1408  4344 D SyncManager: userId - 0 auto - true
08-30 18:43:40.814 28148 28169 D Benchmark: Copying APK to /data/local/tmp/com.example.uianaliticsxml-1693413820814.apk
08-30 18:43:40.816  4148 31467 W MediaProvider: isAppCloneUserPair for user 0: false
08-30 18:43:40.817  4148 31467 V MediaProvider: Inserted id:1000011124 less than next row id backup:1000012000.
08-30 18:43:40.843  4148 31467 W SQLiteLog: (28) walCheckpoint: eMode(0), mxFrame(1280), /data/user/0/com.google.android.providers.media.module/databases/external.db-wal
08-30 18:43:40.843  1408  4255 D SyncManager: userId - 0 auto - true
08-30 18:43:40.924  1408  4344 D SyncManager: userId - 0 auto - true
08-30 18:43:40.928  4148 31472 I MediaProvider: Deleted 0 0 0 0 0 0 1 items on external_primary due to com.example.benchmark
08-30 18:43:40.936 28148 28169 D Benchmark: Uninstalling com.example.uianaliticsxml
08-30 18:43:40.937  4148 31466 W MediaProvider: isAppCloneUserPair for user 0: false
08-30 18:43:40.938  4148 31466 V MediaProvider: Inserted id:1000011125 less than next row id backup:1000012000.
08-30 18:43:40.954  1408  4344 D SyncManager: userId - 0 auto - true
08-30 18:43:41.005  1408  1538 D ApplicationPolicy: getApplicationUninstallationEnabled
08-30 18:43:41.005  1408  1538 D ApplicationPolicy: getApplicationUninstallationEnabled :  enabled true
08-30 18:43:41.005  1408  1538 D ApplicationPolicy: getApplicationUninstallationEnabled
08-30 18:43:41.006  1408  1538 D ApplicationPolicy: getApplicationUninstallationEnabled :  enabled true
08-30 18:43:41.027  1244  1613 D installd: Found valid user 150
08-30 18:43:41.027  1408  1538 D PackageManager.SDP: Try removing package directory
08-30 18:43:41.027  1408  1538 D PackageManager.SDP: not Sdp package...
08-30 18:43:41.124  1408  1438 W System  : A resource failed to call release.
08-30 18:43:41.127  1408  3581 D SemWifiUsabilityStatsMonitor: onWifiUsabilityStats - seqNum 45967, isSameBssidAndFreq true
08-30 18:43:41.127  1872  1872 D NetworkController.WifiSignalController: notifyListener: visible=true, connected=true, inetCondition=1, isDefault=true, wifiTestReported=true, receivedInetCondition=-1, hideDuringMobileSwitching=false
08-30 18:43:41.132  2446  2446 W Launcher: onEnterAnimationComplete
08-30 18:43:41.148  1054  1054 I Layer   : id=86944 removeFromCurrentState Surface(name=Task=1)/@0x7bcb610 - animation-leash of app_transition#86944 (128)
08-30 18:43:41.148  1054  1054 I SurfaceFlinger: id=86944 Removed Surface(name=Task=1)/@0x7bcb610 - animation-leash of app_transition#86944 (128)
08-30 18:43:41.148  1054  1054 I Layer   : id=86944 Destroyed Surface(name=Task=1)/@0x7bcb610 - animation-leash of app_transition#86944
08-30 18:43:41.158  1408  1538 W EnterpriseLicenseService: updateAdminPermissions() :com.sec.android.app.shealth
08-30 18:43:41.158  1408  1538 I PackageManager: setLicensePermissions
08-30 18:43:41.158  1408  1538 I PackageManager: setLicensePermissions : packageName = com.sec.android.app.shealth(com.android.server.utils.WatchedArrayMap@cf805205)
08-30 18:43:41.159  1408  1538 D EnterpriseLicenseService: getPermissions() - deserializeObject
08-30 18:43:41.215  1408  1774 I SemWifiLinkQualityMonitor: Link Qos query: inf. ms / 0 Mbps
08-30 18:43:41.221   988   988 I sysinput:Touch: bypassCommand:136, OK set_grip_data,1,45,7,24,720,24,2400
08-30 18:43:41.221  1408  1681 D SysinputHAL_V1_3(V1_2): runTspCmdNoRead(1): set_grip_data,1,45,7,24,720,24,2400(0)
08-30 18:43:41.250  1408  1528 E JavaBinder: *** Uncaught remote exception!  (Exceptions are not yet supported across processes.)
08-30 18:43:41.250  1408  1528 E JavaBinder: java.lang.RuntimeException: android.os.RemoteException: No packages for uid
08-30 18:43:41.250  1408  1528 E JavaBinder: 	at android.os.Parcel.writeException(Parcel.java:2808)
08-30 18:43:41.250  1408  1528 E JavaBinder: 	at android.os.Binder.execTransactInternal(Binder.java:1340)
08-30 18:43:41.250  1408  1528 E JavaBinder: 	at android.os.Binder.execTransact(Binder.java:1280)
08-30 18:43:41.250  1408  1528 E JavaBinder: 	at android.os.BinderProxy.transactNative(Native Method)
08-30 18:43:41.250  1408  1528 E JavaBinder: 	at android.os.BinderProxy.transact(BinderProxy.java:653)
08-30 18:43:41.250  1408  1528 E JavaBinder: 	at android.security.maintenance.IKeystoreMaintenance$Stub$Proxy.clearNamespace(IKeystoreMaintenance.java:396)
08-30 18:43:41.250  1408  1528 E JavaBinder: 	at android.security.AndroidKeyStoreMaintenance.clearNamespace(AndroidKeyStoreMaintenance.java:121)
08-30 18:43:41.250  1408  1528 E JavaBinder: 	at com.android.server.pm.AppDataHelper.clearKeystoreData(AppDataHelper.java:683)
08-30 18:43:41.250  1408  1528 E JavaBinder: 	at com.android.server.pm.RemovePackageHelper.lambda$removePackageDataLIF$0(RemovePackageHelper.java:365)
08-30 18:43:41.250  1408  1528 E JavaBinder: 	at com.android.server.pm.RemovePackageHelper.$r8$lambda$CdLjf7T74SGi80Vbl4vCfcOfajM(Unknown Source:0)
08-30 18:43:41.250  1408  1528 E JavaBinder: 	at com.android.server.pm.RemovePackageHelper$$ExternalSyntheticLambda0.run(Unknown Source:4)
08-30 18:43:41.250  1408  1528 E JavaBinder: 	at android.os.Handler.handleCallback(Handler.java:942)
08-30 18:43:41.250  1408  1528 E JavaBinder: 	at android.os.Handler.dispatchMessage(Handler.java:99)
08-30 18:43:41.250  1408  1528 E JavaBinder: 	at android.os.Looper.loopOnce(Looper.java:226)
08-30 18:43:41.250  1408  1528 E JavaBinder: 	at android.os.Looper.loop(Looper.java:313)
08-30 18:43:41.250  1408  1528 E JavaBinder: 	at android.os.HandlerThread.run(HandlerThread.java:67)
08-30 18:43:41.250  1408  1528 E JavaBinder: 	at com.android.server.ServiceThread.run(ServiceThread.java:44)
08-30 18:43:41.250  1408  1528 E JavaBinder: Caused by: android.os.RemoteException: No packages for uid
08-30 18:43:41.250  1408  1528 E JavaBinder: 	at com.android.server.security.KeyAttestationApplicationIdProviderService.getKeyAttestationApplicationId(KeyAttestationApplicationIdProviderService.java:59)
08-30 18:43:41.250  1408  1528 E JavaBinder: 	at android.security.keymaster.IKeyAttestationApplicationIdProvider$Stub.onTransact(IKeyAttestationApplicationIdProvider.java:94)
08-30 18:43:41.250  1408  1528 E JavaBinder: 	at android.os.Binder.execTransactInternal(Binder.java:1321)
08-30 18:43:41.250  1408  1528 E JavaBinder: 	... 15 more
08-30 18:43:41.254   689   700 W keystore_att_id: get_package_name : 10790, status is Status(-129, EX_TRANSACTION_FAILED): 'UNKNOWN_TRANSACTION: ', exception=-129
08-30 18:43:41.254   689   700 D keystore_att_id: mpm == null
08-30 18:43:41.254  1408  1528 E JavaBinder: *** Uncaught remote exception!  (Exceptions are not yet supported across processes.)
08-30 18:43:41.254  1408  1528 E JavaBinder: java.lang.RuntimeException: android.os.RemoteException: No packages for uid
08-30 18:43:41.254  1408  1528 E JavaBinder: 	at android.os.Parcel.writeException(Parcel.java:2808)
08-30 18:43:41.254  1408  1528 E JavaBinder: 	at android.os.Binder.execTransactInternal(Binder.java:1340)
08-30 18:43:41.254  1408  1528 E JavaBinder: 	at android.os.Binder.execTransact(Binder.java:1280)
08-30 18:43:41.254  1408  1528 E JavaBinder: 	at android.os.BinderProxy.transactNative(Native Method)
08-30 18:43:41.254  1408  1528 E JavaBinder: 	at android.os.BinderProxy.transact(BinderProxy.java:653)
08-30 18:43:41.254  1408  1528 E JavaBinder: 	at android.security.maintenance.IKeystoreMaintenance$Stub$Proxy.clearNamespace(IKeystoreMaintenance.java:396)
08-30 18:43:41.254  1408  1528 E JavaBinder: 	at android.security.AndroidKeyStoreMaintenance.clearNamespace(AndroidKeyStoreMaintenance.java:121)
08-30 18:43:41.254  1408  1528 E JavaBinder: 	at com.android.server.pm.AppDataHelper.clearKeystoreData(AppDataHelper.java:683)
08-30 18:43:41.254  1408  1528 E JavaBinder: 	at com.android.server.pm.RemovePackageHelper.lambda$removePackageDataLIF$0(RemovePackageHelper.java:365)
08-30 18:43:41.254  1408  1528 E JavaBinder: 	at com.android.server.pm.RemovePackageHelper.$r8$lambda$CdLjf7T74SGi80Vbl4vCfcOfajM(Unknown Source:0)
08-30 18:43:41.254  1408  1528 E JavaBinder: 	at com.android.server.pm.RemovePackageHelper$$ExternalSyntheticLambda0.run(Unknown Source:4)
08-30 18:43:41.254  1408  1528 E JavaBinder: 	at android.os.Handler.handleCallback(Handler.java:942)
08-30 18:43:41.254  1408  1528 E JavaBinder: 	at android.os.Handler.dispatchMessage(Handler.java:99)
08-30 18:43:41.254  1408  1528 E JavaBinder: 	at android.os.Looper.loopOnce(Looper.java:226)
08-30 18:43:41.254  1408  1528 E JavaBinder: 	at android.os.Looper.loop(Looper.java:313)
08-30 18:43:41.254  1408  1528 E JavaBinder: 	at android.os.HandlerThread.run(HandlerThread.java:67)
08-30 18:43:41.254  1408  1528 E JavaBinder: 	at com.android.server.ServiceThread.run(ServiceThread.java:44)
08-30 18:43:41.254  1408  1528 E JavaBinder: Caused by: android.os.RemoteException: No packages for uid
08-30 18:43:41.254  1408  1528 E JavaBinder: 	at com.android.server.security.KeyAttestationApplicationIdProviderService.getKeyAttestationApplicationId(KeyAttestationApplicationIdProviderService.java:59)
08-30 18:43:41.254  1408  1528 E JavaBinder: 	at android.security.keymaster.IKeyAttestationApplicationIdProvider$Stub.onTransact(IKeyAttestationApplicationIdProvider.java:94)
08-30 18:43:41.254  1408  1528 E JavaBinder: 	at android.os.Binder.execTransactInternal(Binder.java:1321)
08-30 18:43:41.254  1408  1528 E JavaBinder: 	... 15 more
08-30 18:43:41.254   689   700 W keystore_att_id: package manager request for key attestation ID failed with:  -129
08-30 18:43:41.258  1408  1528 E JavaBinder: *** Uncaught remote exception!  (Exceptions are not yet supported across processes.)
08-30 18:43:41.258  1408  1528 E JavaBinder: java.lang.RuntimeException: android.os.RemoteException: No packages for uid
08-30 18:43:41.258  1408  1528 E JavaBinder: 	at android.os.Parcel.writeException(Parcel.java:2808)
08-30 18:43:41.258  1408  1528 E JavaBinder: 	at android.os.Binder.execTransactInternal(Binder.java:1340)
08-30 18:43:41.258  1408  1528 E JavaBinder: 	at android.os.Binder.execTransact(Binder.java:1280)
08-30 18:43:41.258  1408  1528 E JavaBinder: 	at android.os.BinderProxy.transactNative(Native Method)
08-30 18:43:41.258  1408  1528 E JavaBinder: 	at android.os.BinderProxy.transact(BinderProxy.java:653)
08-30 18:43:41.258  1408  1528 E JavaBinder: 	at android.security.maintenance.IKeystoreMaintenance$Stub$Proxy.clearNamespace(IKeystoreMaintenance.java:396)
08-30 18:43:41.258  1408  1528 E JavaBinder: 	at android.security.AndroidKeyStoreMaintenance.clearNamespace(AndroidKeyStoreMaintenance.java:121)
08-30 18:43:41.258  1408  1528 E JavaBinder: 	at com.android.server.pm.AppDataHelper.clearKeystoreData(AppDataHelper.java:683)
08-30 18:43:41.258  1408  1528 E JavaBinder: 	at com.android.server.pm.RemovePackageHelper.lambda$removePackageDataLIF$0(RemovePackageHelper.java:365)
08-30 18:43:41.258  1408  1528 E JavaBinder: 	at com.android.server.pm.RemovePackageHelper.$r8$lambda$CdLjf7T74SGi80Vbl4vCfcOfajM(Unknown Source:0)
08-30 18:43:41.258  1408  1528 E JavaBinder: 	at com.android.server.pm.RemovePackageHelper$$ExternalSyntheticLambda0.run(Unknown Source:4)
08-30 18:43:41.258  1408  1528 E JavaBinder: 	at android.os.Handler.handleCallback(Handler.java:942)
08-30 18:43:41.258  1408  1528 E JavaBinder: 	at android.os.Handler.dispatchMessage(Handler.java:99)
08-30 18:43:41.258  1408  1528 E JavaBinder: 	at android.os.Looper.loopOnce(Looper.java:226)
08-30 18:43:41.258  1408  1528 E JavaBinder: 	at android.os.Looper.loop(Looper.java:313)
08-30 18:43:41.258  1408  1528 E JavaBinder: 	at android.os.HandlerThread.run(HandlerThread.java:67)
08-30 18:43:41.258  1408  1528 E JavaBinder: 	at com.android.server.ServiceThread.run(ServiceThread.java:44)
08-30 18:43:41.258  1408  1528 E JavaBinder: Caused by: android.os.RemoteException: No packages for uid
08-30 18:43:41.258  1408  1528 E JavaBinder: 	at com.android.server.security.KeyAttestationApplicationIdProviderService.getKeyAttestationApplicationId(KeyAttestationApplicationIdProviderService.java:59)
08-30 18:43:41.258  1408  1528 E JavaBinder: 	at android.security.keymaster.IKeyAttestationApplicationIdProvider$Stub.onTransact(IKeyAttestationApplicationIdProvider.java:94)
08-30 18:43:41.258  1408  1528 E JavaBinder: 	at android.os.Binder.execTransactInternal(Binder.java:1321)
08-30 18:43:41.258  1408  1528 E JavaBinder: 	... 15 more
08-30 18:43:41.258   689   700 W keystore_att_id: get_package_name : 15010790, status is Status(-129, EX_TRANSACTION_FAILED): 'UNKNOWN_TRANSACTION: ', exception=-129
08-30 18:43:41.258   689   700 D keystore_att_id: mpm == null
08-30 18:43:41.259  1408  1528 E JavaBinder: *** Uncaught remote exception!  (Exceptions are not yet supported across processes.)
08-30 18:43:41.259  1408  1528 E JavaBinder: java.lang.RuntimeException: android.os.RemoteException: No packages for uid
08-30 18:43:41.259  1408  1528 E JavaBinder: 	at android.os.Parcel.writeException(Parcel.java:2808)
08-30 18:43:41.259  1408  1528 E JavaBinder: 	at android.os.Binder.execTransactInternal(Binder.java:1340)
08-30 18:43:41.259  1408  1528 E JavaBinder: 	at android.os.Binder.execTransact(Binder.java:1280)
08-30 18:43:41.259  1408  1528 E JavaBinder: 	at android.os.BinderProxy.transactNative(Native Method)
08-30 18:43:41.259  1408  1528 E JavaBinder: 	at android.os.BinderProxy.transact(BinderProxy.java:653)
08-30 18:43:41.259  1408  1528 E JavaBinder: 	at android.security.maintenance.IKeystoreMaintenance$Stub$Proxy.clearNamespace(IKeystoreMaintenance.java:396)
08-30 18:43:41.259  1408  1528 E JavaBinder: 	at android.security.AndroidKeyStoreMaintenance.clearNamespace(AndroidKeyStoreMaintenance.java:121)
08-30 18:43:41.259  1408  1528 E JavaBinder: 	at com.android.server.pm.AppDataHelper.clearKeystoreData(AppDataHelper.java:683)
08-30 18:43:41.259  1408  1528 E JavaBinder: 	at com.android.server.pm.RemovePackageHelper.lambda$removePackageDataLIF$0(RemovePackageHelper.java:365)
08-30 18:43:41.259  1408  1528 E JavaBinder: 	at com.android.server.pm.RemovePackageHelper.$r8$lambda$CdLjf7T74SGi80Vbl4vCfcOfajM(Unknown Source:0)
08-30 18:43:41.259  1408  1528 E JavaBinder: 	at com.android.server.pm.RemovePackageHelper$$ExternalSyntheticLambda0.run(Unknown Source:4)
08-30 18:43:41.259  1408  1528 E JavaBinder: 	at android.os.Handler.handleCallback(Handler.java:942)
08-30 18:43:41.259  1408  1528 E JavaBinder: 	at android.os.Handler.dispatchMessage(Handler.java:99)
08-30 18:43:41.259  1408  1528 E JavaBinder: 	at android.os.Looper.loopOnce(Looper.java:226)
08-30 18:43:41.259  1408  1528 E JavaBinder: 	at android.os.Looper.loop(Looper.java:313)
08-30 18:43:41.259  1408  1528 E JavaBinder: 	at android.os.HandlerThread.run(HandlerThread.java:67)
08-30 18:43:41.259  1408  1528 E JavaBinder: 	at com.android.server.ServiceThread.run(ServiceThread.java:44)
08-30 18:43:41.259  1408  1528 E JavaBinder: Caused by: android.os.RemoteException: No packages for uid
08-30 18:43:41.259  1408  1528 E JavaBinder: 	at com.android.server.security.KeyAttestationApplicationIdProviderService.getKeyAttestationApplicationId(KeyAttestationApplicationIdProviderService.java:59)
08-30 18:43:41.259  1408  1528 E JavaBinder: 	at android.security.keymaster.IKeyAttestationApplicationIdProvider$Stub.onTransact(IKeyAttestationApplicationIdProvider.java:94)
08-30 18:43:41.259  1408  1528 E JavaBinder: 	at android.os.Binder.execTransactInternal(Binder.java:1321)
08-30 18:43:41.259  1408  1528 E JavaBinder: 	... 15 more
08-30 18:43:41.259   689   700 W keystore_att_id: package manager request for key attestation ID failed with:  -129
08-30 18:43:41.261   691   691 I android.hardware.keymaster@4.0-impl_strong: StrongBox: hardware/samsung_slsi/exynos/ssp/strongbox_keymaster/strongbox_device/StrongboxKeymaster4Device.cpp: addRngEntropy: 320
08-30 18:43:41.273  1408  1538 D PackageManager: result of delete: 1{116370134}
08-30 18:43:41.280   691   691 I StrongBox: StrongBox: ssp_hwctl_enable done. refcount(1)
08-30 18:43:41.306   691   691 I StrongBox: StrongBox: ssp_hwctl_disable done. refcount(0)
08-30 18:43:41.319  1408  4255 D SyncManager: userId - 0 auto - true
08-30 18:43:41.321  4148 31467 I MediaProvider: Deleted 0 0 0 0 0 0 1 items on external_primary due to com.example.benchmark
08-30 18:43:41.349 28148 28169 D Benchmark: Installing com.example.uianaliticsxml
08-30 18:43:41.357  4148 29751 W MediaProvider: isAppCloneUserPair for user 0: false
08-30 18:43:41.359  4148 29751 V MediaProvider: Inserted id:1000011126 less than next row id backup:1000012000.
08-30 18:43:41.368  1408  1665 D SyncManager: userId - 0 auto - true
08-30 18:43:41.383  1872  1924 D OpenGLRenderer: setSurface called with nullptr
08-30 18:43:41.383  1054  1848 I SurfaceFlinger: id=86916 Removed Surface(name=188df8 com.example.uianaliticsxml/com.example.uianaliticsxml.MainActivity)/@0x6f6a01a - animation-leash of starting_reveal#86916 (127)
08-30 18:43:41.383  1054  2920 I SurfaceFlinger: id=86873 Removed Surface(name=f523ff2 com.example.uianaliticsxml/com.example.uianaliticsxml.MainActivity)/@0x3d18bd8 - animation-leash of starting_reveal#86873 (127)
08-30 18:43:41.383  1872  1924 D OpenGLRenderer: setSurface called with nullptr
08-30 18:43:41.385  1054  1848 I SurfaceFlinger: id=86830 Removed Surface(name=d921b34 com.example.uianaliticsxml/com.example.uianaliticsxml.MainActivity)/@0x4da5391 - animation-leash of starting_reveal#86830 (127)
08-30 18:43:41.385  1872  1924 D OpenGLRenderer: setSurface called with nullptr
08-30 18:43:41.386  1054  1848 I SurfaceFlinger: id=86787 Removed Surface(name=cbbb762 com.example.uianaliticsxml/com.example.uianaliticsxml.MainActivity)/@0xa44bd12 - animation-leash of starting_reveal#86787 (127)
08-30 18:43:41.386  1872  1924 D OpenGLRenderer: setSurface called with nullptr
08-30 18:43:41.387  1054  1848 I SurfaceFlinger: id=86744 Removed Surface(name=dd54c53 com.example.uianaliticsxml/com.example.uianaliticsxml.MainActivity)/@0x8033b3e - animation-leash of starting_reveal#86744 (127)
08-30 18:43:41.388  1872  1924 D OpenGLRenderer: setSurface called with nullptr
08-30 18:43:41.390  1872  1883 W System  : A resource failed to call release.
08-30 18:43:41.391  1054  1848 I SurfaceFlinger: id=86903 Removed Task=26443#86903 (127)
08-30 18:43:41.392  2446 11470 I RecentModel: onTaskStackChangedBackground
08-30 18:43:41.394  1872  1883 W System  : A resource failed to call release.
08-30 18:43:41.394  1054  1848 I SurfaceFlinger: id=86860 Removed Task=26442#86860 (127)
08-30 18:43:41.395  1872  1883 W System  : A resource failed to call release.
08-30 18:43:41.395  1054  1848 I SurfaceFlinger: id=86817 Removed Task=26441#86817 (127)
