08-30 18:40:39.013  2446  2878 I AppsModelWriter: normalizeVisibleItems(visibleItems)> 0, 269, 0, -102, 4, 6, UserHandle{0}, 0, Smart Life, -1, -1
08-30 18:40:39.013  2446  2878 I AppsModelWriter: normalizeVisibleItems(visibleItems)> 0, 272, 0, -102, 4, 7, UserHandle{0}, 0, Kiwi.com, -1, -1
08-30 18:40:39.013  2446  2878 I AppsModelWriter: normalizeVisibleItems(visibleItems)> 0, 283, 0, -102, 4, 8, UserHandle{0}, 0, Danfoss Link, -1, -1
08-30 18:40:39.013  2446  2878 I AppsModelWriter: normalizeVisibleItems(visibleItems)> 0, 290, 0, -102, 4, 9, UserHandle{0}, 0, UDP Monitor, -1, -1
08-30 18:40:39.013  2446  2878 I AppsModelWriter: normalizeVisibleItems(visibleItems)> 0, 293, 0, -102, 4, 10, UserHandle{0}, 0, Xiaomi Earbuds, -1, -1
08-30 18:40:39.013  2446  2878 I AppsModelWriter: normalizeVisibleItems(visibleItems)> 0, 308, 0, -102, 4, 11, UserHandle{0}, 0, AliExpress, -1, -1
08-30 18:40:39.013  2446  2878 I AppsModelWriter: normalizeVisibleItems(visibleItems)> 0, 310, 0, -102, 4, 12, UserHandle{0}, 0, Diversis, -1, -1
08-30 18:40:39.013  2446  2878 I AppsModelWriter: normalizeVisibleItems(visibleItems)> 0, 325, 0, -102, 4, 13, UserHandle{0}, 0, BlaBlaCar, -1, -1
08-30 18:40:39.013  2446  2878 I AppsModelWriter: normalizeVisibleItems(visibleItems)> 0, 334, 0, -102, 5, 0, UserHandle{0}, 0, Slagalica, -1, -1
08-30 18:40:39.013  2446  2878 I AppsModelWriter: normalizeVisibleItems(visibleItems)> 0, 370, 0, -102, 5, 1, UserHandle{0}, 0, HeartFrame, -1, -1
08-30 18:40:39.013  2446  2878 I AppsModelWriter: normalizeVisibleItems(visibleItems)> 0, 375, 0, -102, 5, 2, UserHandle{0}, 0, Loomis, -1, -1
08-30 18:40:39.013  2446  2878 I AppsModelWriter: normalizeVisibleItems(visibleItems)> 0, 376, 0, -102, 5, 3, UserHandle{0}, 0, EFR Connect, -1, -1
08-30 18:40:39.013  2446  2878 I AppsModelWriter: normalizeVisibleItems(visibleItems)> 0, 377, 0, -102, 5, 4, UserHandle{0}, 0, nRF Connect, -1, -1
08-30 18:40:39.013  4188  4419 D KnoxHelper: getActivityList callingUserId: 0, target user: 0
08-30 18:40:39.013  2446  2878 I AppsModelWriter: normalizeVisibleItems(visibleItems)> 0, 104, 0, -102, 5, 5, UserHandle{0}, 0, Instagram, -1, -1
08-30 18:40:39.013  2446  2878 I AppsModelWriter: normalizeVisibleItems(visibleItems)> 0, 391, 0, -102, 5, 6, UserHandle{0}, 0, Danfoss Eco, -1, -1
08-30 18:40:39.013  2446  2878 I AppsModelWriter: normalizeVisibleItems(visibleItems)> 0, 392, 0, -102, 5, 7, UserHandle{0}, 0, Aura, -1, -1
08-30 18:40:39.013  2446  2878 I AppsModelWriter: normalizeVisibleItems(visibleItems)> 0, 394, 0, -102, 5, 8, UserHandle{0}, 0, ESP8266 SmartConfig, -1, -1
08-30 18:40:39.013  2446  2878 I AppsModelWriter: normalizeVisibleItems(visibleItems)> 0, 395, 0, -102, 5, 9, UserHandle{0}, 0, EspTouch, -1, -1
08-30 18:40:39.013  2446  2878 I AppsModelWriter: normalizeVisibleItems(visibleItems)> 0, 396, 0, -102, 5, 10, UserHandle{0}, 0, StayFree, -1, -1
08-30 18:40:39.013  2446  2878 I AppsModelWriter: normalizeVisibleItems(visibleItems)> 0, 401, 0, -102, 5, 11, UserHandle{0}, 0, Vysor, -1, -1
08-30 18:40:39.013  2446  2878 I AppsModelWriter: normalizeVisibleItems(visibleItems)> 0, 516, 0, -102, 5, 12, UserHandle{0}, 0, Danfoss TPOne, -1, -1
08-30 18:40:39.013  2446  2878 I AppsModelWriter: normalizeVisibleItems(visibleItems)> 0, 517, 0, -102, 5, 13, UserHandle{0}, 0, Danfoss TPOne, -1, -1
08-30 18:40:39.013  2446  2878 I AppsModelWriter: normalizeVisibleItems(visibleItems)> 0, 518, 0, -102, 5, 14, UserHandle{0}, 0, Moj Maxi, -1, -1
08-30 18:40:39.013  2446  2878 I AppsModelWriter: normalizeVisibleItems(visibleItems)> 0, 519, 0, -102, 5, 15, UserHandle{0}, 0, DEVI Control, -1, -1
08-30 18:40:39.013  2446  2878 I AppsModelWriter: normalizeVisibleItems(visibleItems)> 0, 559, 0, -102, 5, 16, UserHandle{0}, 0, UI Analitics Compose, -1, -1
08-30 18:40:39.013  2446  2878 I AppsModelWriter: normalizeVisibleItems(visibleItems)> 0, 560, 0, -102, 5, 17, UserHandle{0}, 0, UI Analitics XML, -1, -1
08-30 18:40:39.014  4188  4419 D KnoxHelper: getActivityList callingUserId: 0, target user: 0
08-30 18:40:39.015  2446  2878 I AppsModelWriter: updateItemsInDataBase : Invalid updateItems
08-30 18:40:39.015  2446  2878 I AppsModelWriter: addItems(end) : addItem> 0, 560, 0, -102, 5, 17, UserHandle{0}, 0, UI Analitics XML, -1, -1
08-30 18:40:39.015  2446  2878 I PostPositionOperator: addAllItems() - All
08-30 18:40:39.015  2446  2446 I AppsModelWriter: bindAppsItems() - visibleAddItems : 1, visibleUpdateItems : 0, removeItems : 0
08-30 18:40:39.015  2446  2878 I PostPositionOperator: addItem() - , isWidgetOnly : false
08-30 18:40:39.015  2446  2446 I Launcher.AppsContainerView: bindAppsUpdates() => add: 1, update: 0, remove: 0
08-30 18:40:39.015  4188  4419 D KnoxHelper: getActivityList callingUserId: 0, target user: 0
08-30 18:40:39.015  2446  2446 I Launcher.AppsPagedView: addItems => id: 560, rank: 17, screenId: 5, cellX: 1, cellY: 4, container: -102, dirty: false, title: UI Analitics XML, isFolder: false, user: UserHandle{0}, disabled: false, screenType: 0
08-30 18:40:39.017  2446  2878 I WidgetsModel: EasyModeWidget will be excluded on WidgetList.
08-30 18:40:39.017  4188  4419 D KnoxHelper: getActivityList callingUserId: 0, target user: 0
08-30 18:40:39.017  6615 28849 I AppsEdge.DBHelper: getFavoriteItems type = 0, pos = 0, id = 6, item = 0@com.android.chrome/com.google.android.apps.chrome.Main&0
08-30 18:40:39.019  4188  4419 D KnoxHelper: getActivityList callingUserId: 0, target user: 0
08-30 18:40:39.020 11028 28827 I GOS:SystemEventReactor: checkReservedCategory() - reservedList is null or empty!
08-30 18:40:39.020  4188  4419 D KnoxHelper: getActivityList callingUserId: 0, target user: 0
08-30 18:40:39.020  2446  2446 I Launcher.AppsPagedView: setLayout(), l: 38, r: 38, b: 106, spacing: 39
08-30 18:40:39.020  2446  2446 I Launcher.AppsPagedView: setLayout(), l: 38, r: 38, b: 106, spacing: 39
08-30 18:40:39.020  2446  2446 I Launcher.AppsPagedView: setLayout(), l: 38, r: 38, b: 106, spacing: 39
08-30 18:40:39.021  2446  2446 I Launcher.AppsPagedView: setLayout(), l: 38, r: 38, b: 106, spacing: 39
08-30 18:40:39.021  2446  2446 I Launcher.AppsPagedView: setLayout(), l: 38, r: 38, b: 106, spacing: 39
08-30 18:40:39.021  2446  2878 I AppIconSolution: return adaptive icon for com.example.uianaliticsxml, isNight = true
08-30 18:40:39.023  6615 28849 I AppsEdge.DBHelper: getFavoriteItems type = 0, pos = 1, id = 7, item = 0@com.samsung.android.app.notes/com.samsung.android.app.notes.memolist.MemoListActivity&0
08-30 18:40:39.023  4188  4419 D KnoxHelper: getActivityList callingUserId: 0, target user: 0
08-30 18:40:39.023  2446  2446 I Launcher.AppsPagedView: setLayout(), l: 38, r: 38, b: 106, spacing: 39
08-30 18:40:39.023 28742 28742 D CompatibilityChangeReporter: Compat change id reported: 183155436; UID 10141; state: ENABLED
08-30 18:40:39.024  4188  4419 D KnoxHelper: getActivityList callingUserId: 0, target user: 0
08-30 18:40:39.025  4188  4419 D KnoxHelper: getActivityList callingUserId: 0, target user: 0
08-30 18:40:39.026  4188  4419 D KnoxHelper: getActivityList callingUserId: 0, target user: 0
08-30 18:40:39.027  4188  4419 D KnoxHelper: getActivityList callingUserId: 0, target user: 0
08-30 18:40:39.029  4188  4419 D KnoxHelper: getActivityList callingUserId: 0, target user: 0
08-30 18:40:39.030  4188  4419 D KnoxHelper: getActivityList callingUserId: 0, target user: 0
08-30 18:40:39.033  1408  1436 I system_server: Background concurrent copying GC freed 997135(48MB) AllocSpace objects, 36(1704KB) LOS objects, 16% free, 118MB/142MB, paused 359us,306us total 397.661ms
08-30 18:40:39.037  2446  2878 I PostPositionOperator: addItem() - com.example.uianaliticsxml, isWidgetOnly : true
08-30 18:40:39.038  6615 28849 I AppsEdge.DBHelper: getFavoriteItems type = 0, pos = 2, id = 8, item = 0@com.google.android.calendar/com.android.calendar.AllInOneActivity&0
08-30 18:40:39.038  1408  1438 W System  : A resource failed to call end.
08-30 18:40:39.038  2446  2878 I AppInfo : set ComponentInfo{com.instagram.android/com.instagram.android.activity.MainTabActivity} app progress level to 100
08-30 18:40:39.040  2446  2878 I AppInfo : set ComponentInfo{com.facebook.orca/com.facebook.orca.auth.StartScreenActivity} app progress level to 100
08-30 18:40:39.040 25716 25762 I MobileWips::f::p: BeaconInfo(#21):   SSID: 3e88f2cfe79087f314d32e38546abecaa093ed43663fa3bf6049683b9fe12803  BSSID: a843f4e5893d1b749d284af469f0c4e982efd447b790d60ff399b9d5489ae0c0  Frequency: 5180  BcnInterval: 100  BcnTimestamp: 74468864064  SysTimestamp: 535282214923
08-30 18:40:39.041  2446  2878 I AppInfo : set ComponentInfo{com.whatsapp/com.whatsapp.Main} app progress level to 100
08-30 18:40:39.041  2446  2878 I AppInfo : set ComponentInfo{com.example.uianaliticsxml/com.example.uianaliticsxml.MainActivity} app progress level to 100
08-30 18:40:39.042  2446  2878 I AppInfo : set ComponentInfo{com.google.android.youtube/com.google.android.youtube.app.honeycomb.Shell$HomeActivity} app progress level to 100
08-30 18:40:39.042  2446  2878 I AppInfo : set ComponentInfo{com.danfoss.lotto.integration/com.danfoss.lotto.ui.activity.SplashScreen} app progress level to 100
08-30 18:40:39.043  2446  2878 I AppInfo : set ComponentInfo{com.skype.raider/com.skype4life.MainActivity} app progress level to 100
08-30 18:40:39.043  2446  2878 I AppInfo : set ComponentInfo{com.alibaba.aliexpresshd/com.aliexpress.app.FirstActivity} app progress level to 100
08-30 18:40:39.044  2446  2878 I AppInfo : set ComponentInfo{com.android.chrome/com.google.android.apps.chrome.Main} app progress level to 100
08-30 18:40:39.045  2446  2446 W SuggestedAppsManager: pending predictedApps : 9
08-30 18:40:39.052  2446  2878 I GameLauncherManagerImp: game launcher is restricted.
08-30 18:40:39.052  2446  2878 I SuggestedItemsFacade: updateItems : 9
08-30 18:40:39.052  2446  2878 I SuggestedItemsFacade: DPS items : Instagram, ComponentInfo{com.instagram.android/com.instagram.android.activity.MainTabActivity}
08-30 18:40:39.052  2446  2878 I SuggestedItemsFacade: DPS items : Messenger, ComponentInfo{com.facebook.orca/com.facebook.orca.auth.StartScreenActivity}
08-30 18:40:39.052  2446  2878 I SuggestedItemsFacade: DPS items : WhatsApp, ComponentInfo{com.whatsapp/com.whatsapp.Main}
08-30 18:40:39.052  2446  2878 I SuggestedItemsFacade: DPS items : UI Analitics XML, ComponentInfo{com.example.uianaliticsxml/com.example.uianaliticsxml.MainActivity}
08-30 18:40:39.052  2446  2878 I SuggestedItemsFacade: DPS items : YouTube, ComponentInfo{com.google.android.youtube/com.google.android.youtube.app.honeycomb.Shell$HomeActivity}
08-30 18:40:39.052  2446  2878 I SuggestedItemsFacade: DPS items : DEVI Control, ComponentInfo{com.danfoss.lotto.integration/com.danfoss.lotto.ui.activity.SplashScreen}
08-30 18:40:39.052  2446  2878 I SuggestedItemsFacade: DPS items : Skype, ComponentInfo{com.skype.raider/com.skype4life.MainActivity}
08-30 18:40:39.052  2446  2878 I SuggestedItemsFacade: DPS items : AliExpress, ComponentInfo{com.alibaba.aliexpresshd/com.aliexpress.app.FirstActivity}
08-30 18:40:39.052  2446  2878 I SuggestedItemsFacade: DPS items : Chrome, ComponentInfo{com.android.chrome/com.google.android.apps.chrome.Main}
08-30 18:40:39.054  1408  1438 W System  : A resource failed to call release.
08-30 18:40:39.054  1054  2920 I SurfaceFlinger: id=86207 Removed Display 19 name="SpegVirtualDisplay"#86207 (128)
08-30 18:40:39.060  1054  1054 I Layer   : id=86207 Destroyed Display 19 name="SpegVirtualDisplay"#86207
08-30 18:40:39.060 12282 28838 I Routine@Ui[4.0.02.2]: NotificationUpdateService: computeEnabledRoutine : routineList.size=0, mRoutineNotiInfoList=0
08-30 18:40:39.060 12282 28838 I Routine@Ui[4.0.02.2]: NotificationUpdateService: updateNotificationImpl
08-30 18:40:39.060 12282 28838 I Routine@Ui[4.0.02.2]: Pref: putSharedPrefsData() key=update_noti_time
08-30 18:40:39.074 12282 28838 I Routine@Ui[4.0.02.2]: NotificationUpdateService: updateNotificationImpl: no running routines, then noti cancel
08-30 18:40:39.074 12282 28838 I Routine@Ui[4.0.02.2]: NotificationUpdateService: requestUpdateFaceWidget: 1
08-30 18:40:39.096  2446 20596 I LauncherProvider: External provider call by package : com.samsung.android.app.galaxyfinder  for method : get_home_mode
08-30 18:40:39.096  2446 20596 I ExternalMethodFactory: get_home_mode
08-30 18:40:39.097 12282 28838 I Routine@Ui[4.0.02.2]: Pref: putSharedPrefsData() key=running_face_widget_ids
08-30 18:40:39.099 12282 28838 I Routine@Ui[4.0.02.2]: RoutineFaceWidgetUpdateImpl: updateFaceWidget: changeCurrentPage=false
08-30 18:40:39.100  1872  1872 D KeyguardUpdateMonitor: received broadcast com.samsung.android.intent.action.RESPONSE_SERVICEBOX_REMOTEVIEWS
08-30 18:40:39.100  1872  1872 D FaceWidgetRemoteViewsManager: updateRemoteViewsResponseMap(FaceWidgetKey{packageName='com.samsung.android.app.routines#dashboard', location=FULLSCREEN}) removed response map
08-30 18:40:39.100  1872  1872 D FaceWidgetRemoteViewsManager: updateRemoteViewsResponseMap(FaceWidgetKey{packageName='com.samsung.android.app.routines#dashboard', location=LOCKSCREEN}) removed response map
08-30 18:40:39.100  1872  1872 D FaceWidgetRemoteViewsManager: onUpdateFaceWidgetRemoteViews() item = FaceWidgetRemoteViewsItem [com.samsung.android.app.routines, FaceWidgetRemoteInfo [pkgName - com.samsung.android.app.routines, packageNamePageId - com.samsung.android.app.routines#dashboard, pageId - dashboard, isShowing - true, remoteviews - [(LOCKSCREEN,android.widget.RemoteViews@c5b8e10),(FULLSCREEN,android.widget.RemoteViews@8a48d09),,,,,], additionalView - null] com.samsung.android.app.facewidget.pages.remoteview.g@efefb0e] com.samsung.android.app.facewidget.pages.remoteview.k@18f62d3
08-30 18:40:39.100  1872  1872 D FaceWidgetRemoteViewsManager: updateFaceWidgetRemoteViewsPage() info = FaceWidgetRemoteInfo [pkgName - com.samsung.android.app.routines, packageNamePageId - com.samsung.android.app.routines#dashboard, pageId - dashboard, isShowing - true, remoteviews - [(LOCKSCREEN,android.widget.RemoteViews@c5b8e10),(FULLSCREEN,android.widget.RemoteViews@8a48d09),,,,,], additionalView - null] com.samsung.android.app.facewidget.pages.remoteview.g@efefb0e
08-30 18:40:39.101  1872  1872 D FaceWidgetRemoteViewsItem: updateFaceWidgetRemoteViewsInfo FaceWidgetRemoteInfo [pkgName - com.samsung.android.app.routines, packageNamePageId - com.samsung.android.app.routines#dashboard, pageId - dashboard, isShowing - true, remoteviews - [(LOCKSCREEN,android.widget.RemoteViews@c5b8e10),(FULLSCREEN,android.widget.RemoteViews@8a48d09),,,,,], additionalView - null] com.samsung.android.app.facewidget.pages.remoteview.g@efefb0e
08-30 18:40:39.101  1872  1872 D FaceWidgetRemoteViewsItem: updateFaceWidgetRemoteViewsInfo FaceWidgetRemoteInfo [pkgName - com.samsung.android.app.routines, packageNamePageId - com.samsung.android.app.routines#dashboard, pageId - dashboard, isShowing - true, remoteviews - [(LOCKSCREEN,android.widget.RemoteViews@c5b8e10),(FULLSCREEN,android.widget.RemoteViews@8a48d09),,,,,], additionalView - null] com.samsung.android.app.facewidget.pages.remoteview.g@efefb0e
08-30 18:40:39.101 12282 28838 I Routine@Ui[4.0.02.2]: NotificationUpdateService: Stop no more task
08-30 18:40:39.101  1872  1872 D FaceWidgetViewModel: updateAdditionalInfoView no view
08-30 18:40:39.101  1872  1872 D FaceWidgetViewModel: updateInfoParameters(additional info) isAODState = false, clockSidePadding = (72, 72), musicSidePadding = (30, 30)
08-30 18:40:39.101  1872  1872 D FaceWidgetDashBoardViewModel: reorderPages false
08-30 18:40:39.101  1872  1872 D FaceWidgetDashBoardObserver: onChanged  pagesOrder=[servicebox_music, servicebox_alarm, com.samsung.android.app.routines#dashboard], mIsNeedReorder=false
08-30 18:40:39.101  1872  1872 D FaceWidgetContainerObserver: onChanged() FaceWidgetContainerLiveData{mIsContainerVisible=false, mClipLayoutVisibility=0, mRotation=0, mIsOwnerVisible=8, mOwnerInfoGravity=17, mAdditionalInfoGravity=17, mClockSideStartPadding=72, mClockSideEndPadding=72, mMusicSideStartPadding=30, mMusicSideEndPadding=30, mInfoSideStartPadding=72, mInfoSideEndPadding=72, mClipLayoutWidth = -1, mIsUpdateOwnerInfoText=false, mAdditionalInfoRemoteView=null, mHasCMAS=false, mIsAdditionalViewGoingToSleep=false, mConfig=CustomConfiguration{fontScale=1.0, screenLayout=268435810, orientation=1, screenWidthDp=360, screenHeightDp=758, smallestScreenWidthDp=360, densityDpi=480, uiMode=33, isRTL=false, mConfiguration={1.0 220mcc5mnc [en_US,da_DK,ru_RU,sr_RS] ldltr sw360dp w360dp h758dp 480dpi nrml long port night finger -keyb/v/h -nav/h winConfig={ mBounds=Rect(0, 0 - 1080, 2400) mAppBounds=Rect(0, 80 - 1080, 2355) mMaxBounds=Rect(0, 0 - 1080, 2400) mDisplayRotation=ROTATION_0 mWindowingMode=fullscreen mDisplayWindowingMode=fullscreen mActivityType=undefined mAlwaysOnTop=undefined mRotation=ROTATION_0 mPopOver=undefined mStageConfig=undefined mFreeformTaskPinningState=undefined mFreeformStashState=undefined} s.24991 fontWeightAdjustment=0 ff=0 bf=0 bts=0 desktop/d dm/n ?dc ?dcui themeSeq=0}}}
08-30 18:40:39.101  1872  1872 D FaceWidgetOwnerInfoView: updateOwnerInfo(hasCMAS): 0
08-30 18:40:39.101  1872  1872 D FaceWidgetOwnerInfoManager: getOwnerInfo() bottom concept
08-30 18:40:39.101  1872  1872 D FaceWidgetPagesController: onGravityChanged()
08-30 18:40:39.101  1872  1872 D FaceWidgetClockPage: setClockGravity() gravity = 49
08-30 18:40:39.107  1408  4450 D PackageManager: setEnabledSetting : userId = 0 packageName = com.microsoft.appmanager cmp = com.microsoft.appmanager.quicksettings.WindowsLinkTileService newState = 2 callingPackage = 10141/com.microsoft.appmanager
08-30 18:40:39.111  2446 20596 I LauncherProvider: External provider call by package : com.samsung.android.app.galaxyfinder  for method : get_home_mode
08-30 18:40:39.111  2446 20596 I ExternalMethodFactory: get_home_mode
08-30 18:40:39.116  1408  1772 D SemNscXgbMsL1: Probability - Cloud gaming: [0.06522963]
08-30 18:40:39.116  1408  1772 D SemNscXgbMsL1: Probability - Real time: [0.025432851]
08-30 18:40:39.116  1408  1772 D SemNscXgbMsL1: Probability - Non real time: [0.9713698]
08-30 18:40:39.116  1408  1772 D SemNscXgbMsL1: 1 sample inference time: 0.180269 msecs
08-30 18:40:39.116  1408  1772 D SemNscXgbL2Rt: L2 RT 1 sample inference time: 0.368923 msecs
08-30 18:40:39.117  1408  1772 D SemNscXgbL2Nrt: L2 NRT 1 sample inference time: 0.331654 msecs
08-30 18:40:39.122  1408  4349 D PackageManager: setEnabledSetting : userId = 0 packageName = com.microsoft.appmanager cmp = androidx.work.impl.background.systemjob.SystemJobService newState = 1 callingPackage = 10141/com.microsoft.appmanager
08-30 18:40:39.122  1408  4349 D ApplicationPolicy: getApplicationStateEnabled : pkg = com.microsoft.appmanager userId : 0
08-30 18:40:39.122  1408  4349 D ApplicationPolicy: getApplicationComponentState : pkg = com.microsoft.appmanager userId : 0
08-30 18:40:39.129  1872  2009 D MobileStatusTracker(0/2): onSignalStrengthsChanged level=4, vendorLevel=4
08-30 18:40:39.129  1872  2009 D MobileSignalController(0/2): notifyListener: enabled=true, connected=true, dataConnected=false, networkType=LTE (4G), emergencyOnly=false, roaming=false, isDefault=false, dataActivity=, level=4, ca=false, mmWave=false, disabledDataIcon=false, simCard=ETC
08-30 18:40:39.129  1872  2009 D NetworkController: SignalStrength from intent slotId=0
08-30 18:40:39.141  1408  1493 D EnterpriseDeviceManagerService: Package has changed for user 0
08-30 18:40:39.141  1408  1493 D EnterpriseDeviceManagerService: Admin package name: com.samsung.android.kgclient
08-30 18:40:39.141  4516  4516 I AppsEdge.PanelContainer: onPackageChanged
08-30 18:40:39.141  2446  2446 I Launcher.Model: isValidStateInKnoxMode:false user:UserHandle{0}
08-30 18:40:39.141  2446  2878 I PackageUpdatedTask: mAllAppsList.updatePackage com.example.uianaliticsxml
08-30 18:40:39.142  1408  1493 I SemExecuteManagerService: onPackageModified
08-30 18:40:39.142  1408  1493 I SemExecuteManagerService: onSomePackagesChanged
08-30 18:40:39.145  6615 28908 I AppsEdge.Service: changeItem() removed=false
08-30 18:40:39.147  6615 28908 I AppsEdge.DBHelper: getFavoriteItems : true
08-30 18:40:39.148  2446  2878 I AppIconSolution: getThemeIconWithBG called with public API, pkg = com.example.uianaliticsxml, mode = 48
08-30 18:40:39.148  2446  2878 I AppIconSolution: return adaptive icon for com.example.uianaliticsxml, isNight = true
08-30 18:40:39.148  2446  2878 I LauncherActivityInfo: packageName: com.example.uianaliticsxml, useThemeIcon: false, height: 216, width: 216, density: 640
08-30 18:40:39.150  1872  1872 D BubblesManager: onNotificationChannelModified : pkg=com.samsung.android.app.routines ,modificationType:3
08-30 18:40:39.151  1872  1872 D BubblesManager: onNotificationChannelModified : pkg=com.samsung.android.app.routines ,modificationType:1
08-30 18:40:39.153  6615 28908 I AppsEdge.DBHelper: getFavoriteItems type = 0, pos = 0, id = 6, item = 0@com.android.chrome/com.google.android.apps.chrome.Main&0
08-30 18:40:39.157  6615 28908 I AppsEdge.DBHelper: getFavoriteItems type = 0, pos = 1, id = 7, item = 0@com.samsung.android.app.notes/com.samsung.android.app.notes.memolist.MemoListActivity&0
08-30 18:40:39.160  6615 28908 I AppsEdge.DBHelper: getFavoriteItems type = 0, pos = 2, id = 8, item = 0@com.google.android.calendar/com.android.calendar.AllInOneActivity&0
08-30 18:40:39.162  2446  2878 I HsAllAppsList: set ComponentInfo{com.example.uianaliticsxml/com.example.uianaliticsxml.MainActivity} app progress level to 100
08-30 18:40:39.164  2446  2878 I WidgetsModel: EasyModeWidget will be excluded on WidgetList.
08-30 18:40:39.166  2446  2878 I AppIconSolution: return adaptive icon for com.example.uianaliticsxml, isNight = true
08-30 18:40:39.175 28742 28906 D CompatibilityChangeReporter: Compat change id reported: 160794467; UID 10141; state: ENABLED
08-30 18:40:39.177  2446  2878 I PackageUpdatedTask: modified, appInfo : AppInfo(id=560 type=APP hidden=0 container=all_apps screen=5 rank=17 rankOfList=-1 user=UserHandle{0} title=UI Analitics XML componentName=ComponentInfo{com.example.uianaliticsxml/com.example.uianaliticsxml.MainActivity} screenType=0 runtimeStatusFlags=384 status=0)
08-30 18:40:39.178  2446  2878 I AppsModelWriter: updateItems(start) : needToNormalize = true
08-30 18:40:39.178  2446  2878 I AppsModelWriter: updateItems(start) > needToBind = true
08-30 18:40:39.178  2446  2878 I AppsModelWriter: updateItems(start)> 0, 560, 0, -102, 5, 17, UserHandle{0}, 0, UI Analitics XML, -1, -1
08-30 18:40:39.178  2446  2878 I AppsModelWriter: normalizeVisibleItems : [matched = true] col = 4, raw : 5
08-30 18:40:39.178  2446  2878 I AppsModelWriter: normalizeVisibleItems(visibleItems)> 0, 33, 2, -102, 0, 0, UserHandle{0}, 0, Samsung, -1, -1
08-30 18:40:39.178  2446  2878 I AppsModelWriter: normalizeVisibleItems(visibleItems)> 0, 44, 2, -102, 0, 1, UserHandle{0}, 0, Google, -1, -1
08-30 18:40:39.178  2446  2878 I AppsModelWriter: normalizeVisibleItems(visibleItems)> 0, 57, 0, -102, 0, 2, UserHandle{0}, 0, OneDrive, -1, -1
08-30 18:40:39.178  2446  2878 I AppsModelWriter: normalizeVisibleItems(visibleItems)> 0, 61, 0, -102, 0, 3, UserHandle{0}, 0, Galaxy Store, -1, -1
08-30 18:40:39.178  2446  2878 I AppsModelWriter: normalizeVisibleItems(visibleItems)> 0, 62, 0, -102, 0, 4, UserHandle{0}, 0, Play Store, -1, -1
08-30 18:40:39.178  2446  2878 I AppsModelWriter: normalizeVisibleItems(visibleItems)> 0, 63, 0, -102, 0, 5, UserHandle{0}, 0, Facebook, -1, -1
08-30 18:40:39.178  2446  2878 I AppsModelWriter: normalizeVisibleItems(visibleItems)> 0, 65, 0, -102, 0, 6, UserHandle{0}, 0, Netflix, -1, -1
08-30 18:40:39.178  2446  2878 I AppsModelWriter: normalizeVisibleItems(visibleItems)> 0, 66, 0, -102, 0, 7, UserHandle{0}, 0, Phone, -1, -1
08-30 18:40:39.178  2446  2878 I AppsModelWriter: normalizeVisibleItems(visibleItems)> 0, 54, 0, -102, 0, 8, UserHandle{0}, 0, Messages, -1, -1
08-30 18:40:39.178  2446  2878 I AppsModelWriter: normalizeVisibleItems(visibleItems)> 0, 68, 0, -102, 0, 9, UserHandle{0}, 0, Camera, -1, -1
08-30 18:40:39.178  2446  2878 I AppsModelWriter: normalizeVisibleItems(visibleItems)> 0, 69, 0, -102, 0, 10, UserHandle{0}, 0, Gallery, -1, -1
08-30 18:40:39.178  2446  2878 I AppsModelWriter: normalizeVisibleItems(visibleItems)> 0, 70, 0, -102, 0, 11, UserHandle{0}, 0, Clock, -1, -1
08-30 18:40:39.178  2446  2878 I AppsModelWriter: normalizeVisibleItems(visibleItems)> 0, 71, 0, -102, 0, 12, UserHandle{0}, 0, Contacts, -1, -1
08-30 18:40:39.178  2446  2878 I AppsModelWriter: normalizeVisibleItems(visibleItems)> 0, 72, 0, -102, 0, 13, UserHandle{0}, 0, Settings, -1, -1
08-30 18:40:39.178  2446  2878 I AppsModelWriter: normalizeVisibleItems(visibleItems)> 0, 74, 0, -102, 0, 14, UserHandle{0}, 0, Tips, -1, -1
08-30 18:40:39.178  2446  2878 I AppsModelWriter: normalizeVisibleItems(visibleItems)> 0, 75, 0, -102, 0, 15, UserHandle{0}, 0, Calendar, -1, -1
08-30 18:40:39.178  2446  2878 I AppsModelWriter: normalizeVisibleItems(visibleItems)> 0, 78, 0, -102, 0, 16, UserHandle{0}, 0, Game Launcher, -1, -1
08-30 18:40:39.178  2446  2878 I AppsModelWriter: normalizeVisibleItems(visibleItems)> 0, 80, 0, -102, 0, 17, UserHandle{0}, 0, Samsung Free, -1, -1
08-30 18:40:39.178  2446  2878 I AppsModelWriter: normalizeVisibleItems(visibleItems)> 0, 82, 0, -102, 0, 18, UserHandle{0}, 0, A1, -1, -1
08-30 18:40:39.178  2446  2878 I AppsModelWriter: normalizeVisibleItems(visibleItems)> 0, 83, 0, -102, 0, 19, UserHandle{0}, 0, Block Puzzle Sudoku, -1, -1
08-30 18:40:39.178  2446  2878 I AppsModelWriter: normalizeVisibleItems(visibleItems)> 0, 84, 0, -102, 1, 0, UserHandle{0}, 0, Moj A1, -1, -1
08-30 18:40:39.178  2446  2878 I AppsModelWriter: normalizeVisibleItems(visibleItems)> 0, 85, 0, -102, 1, 1, UserHandle{0}, 0, A1 Cloud, -1, -1
08-30 18:40:39.178  2446  2878 I AppsModelWriter: normalizeVisibleItems(visibleItems)> 0, 86, 0, -102, 1, 2, UserHandle{0}, 0, Galaxy Wearable, -1, -1
08-30 18:40:39.178  2446  2878 I AppsModelWriter: normalizeVisibleItems(visibleItems)> 0, 87, 0, -102, 1, 3, UserHandle{0}, 0, Microsoft 365 (Office), -1, -1
08-30 18:40:39.178  2446  2878 I AppsModelWriter: normalizeVisibleItems(visibleItems)> 0, 88, 0, -102, 1, 4, UserHandle{0}, 0, LinkedIn, -1, -1
08-30 18:40:39.178  2446  2878 I AppsModelWriter: normalizeVisibleItems(visibleItems)> 0, 89, 0, -102, 1, 5, UserHandle{0}, 0, Samsung Global Goals, -1, -1
08-30 18:40:39.178  2446  2878 I AppsModelWriter: normalizeVisibleItems(visibleItems)> 0, 91, 0, -102, 1, 6, UserHandle{0}, 0, Calculator, -1, -1
08-30 18:40:39.178  2446  2878 I AppsModelWriter: normalizeVisibleItems(visibleItems)> 0, 92, 0, -102, 1, 7, UserHandle{0}, 0, Samsung Health, -1, -1
08-30 18:40:39.178  2446  2878 I AppsModelWriter: normalizeVisibleItems(visibleItems)> 0, 93, 0, -102, 1, 8, UserHandle{0}, 0, Internet, -1, -1
08-30 18:40:39.178  2446  2878 I AppsModelWriter: normalizeVisibleItems(visibleItems)> 0, 94, 0, -102, 1, 9, UserHandle{0}, 0, Samsung Notes, -1, -1
08-30 18:40:39.178  2446  2878 I AppsModelWriter: normalizeVisibleItems(visibleItems)> 0, 95, 0, -102, 1, 10, UserHandle{0}, 0, Samsung Members, -1, -1
08-30 18:40:39.178  2446  2878 I AppsModelWriter: normalizeVisibleItems(visibleItems)> 0, 96, 0, -102, 1, 11, UserHandle{0}, 0, Voice Recorder, -1, -1
08-30 18:40:39.178  2446  2878 I AppsModelWriter: normalizeVisibleItems(visibleItems)> 0, 97, 0, -102, 1, 12, UserHandle{0}, 0, SmartThings, -1, -1
08-30 18:40:39.178  2446  2878 I AppsModelWriter: normalizeVisibleItems(visibleItems)> 0, 98, 0, -102, 1, 13, UserHandle{0}, 0, Spotify, -1, -1
08-30 18:40:39.178  2446  2878 I AppsModelWriter: normalizeVisibleItems(visibleItems)> 0, 99, 0, -102, 1, 14, UserHandle{0}, 0, Drive, -1, -1
08-30 18:40:39.178  2446  2878 I AppsModelWriter: normalizeVisibleItems(visibleItems)> 0, 100, 0, -102, 1, 15, UserHandle{0}, 0, Photos, -1, -1
08-30 18:40:39.178  2446  2878 I AppsModelWriter: normalizeVisibleItems(visibleItems)> 0, 101, 0, -102, 1, 16, UserHandle{0}, 0, YT Music, -1, -1
08-30 18:40:39.178  2446  2878 I AppsModelWriter: normalizeVisibleItems(visibleItems)> 0, 102, 0, -102, 1, 17, UserHandle{0}, 0, Meet, -1, -1
08-30 18:40:39.178  2446  2878 I AppsModelWriter: normalizeVisibleItems(visibleItems)> 0, 103, 0, -102, 1, 18, UserHandle{0}, 0, WhatsApp, -1, -1
08-30 18:40:39.178  2446  2878 I AppsModelWriter: normalizeVisibleItems(visibleItems)> 0, 105, 0, -102, 2, 0, UserHandle{0}, 0, Skype, -1, -1
08-30 18:40:39.178  2446  2878 I AppsModelWriter: normalizeVisibleItems(visibleItems)> 0, 106, 0, -102, 2, 1, UserHandle{0}, 0, Teams, -1, -1
08-30 18:40:39.178  2446  2878 I AppsModelWriter: normalizeVisibleItems(visibleItems)> 0, 107, 0, -102, 2, 2, UserHandle{0}, 0, Zepp Life, -1, -1
08-30 18:40:39.178  2446  2878 I AppsModelWriter: normalizeVisibleItems(visibleItems)> 0, 108, 0, -102, 2, 3, UserHandle{0}, 0, Viber, -1, -1
08-30 18:40:39.178  2446  2878 I AppsModelWriter: normalizeVisibleItems(visibleItems)> 0, 109, 0, -102, 2, 4, UserHandle{0}, 0, Messenger, -1, -1
08-30 18:40:39.178  2446  2878 I AppsModelWriter: normalizeVisibleItems(visibleItems)> 0, 110, 0, -102, 2, 5, UserHandle{0}, 0, Authenticator, -1, -1
08-30 18:40:39.178  2446  2878 I AppsModelWriter: normalizeVisibleItems(visibleItems)> 0, 111, 0, -102, 2, 6, UserHandle{0}, 0, Authenticator, -1, -1
08-30 18:40:39.178  2446  2878 I AppsModelWriter: normalizeVisibleItems(visibleItems)> 0, 112, 0, -102, 2, 7, UserHandle{0}, 0, Snapchat, -1, -1
08-30 18:40:39.178  2446  2878 I AppsModelWriter: normalizeVisibleItems(visibleItems)> 0, 113, 0, -102, 2, 8, UserHandle{0}, 0, A1 mWallet, -1, -1
08-30 18:40:39.178  2446  2878 I AppsModelWriter: normalizeVisibleItems(visibleItems)> 0, 114, 0, -102, 2, 9, UserHandle{0}, 0, mBanking, -1, -1
08-30 18:40:39.178  2446  2878 I AppsModelWriter: normalizeVisibleItems(visibleItems)> 0, 116, 0, -102, 2, 10, UserHandle{0}, 0, Secure Folder, -1, -1
08-30 18:40:39.178  2446  2878 I AppsModelWriter: normalizeVisibleItems(visibleItems)> 0, 117, 0, -102, 2, 11, UserHandle{0}, 0, Color Grab, -1, -1
08-30 18:40:39.178  2446  2878 I AppsModelWriter: normalizeVisibleItems(visibleItems)> 0, 119, 0, -102, 2, 12, UserHandle{0}, 0, CoinGecko, -1, -1
08-30 18:40:39.178  2446  2878 I AppsModelWriter: normalizeVisibleItems(visibleItems)> 0, 148, 0, -102, 3, 0, UserHandle{0}, 0, Duo Mobile, -1, -1
08-30 18:40:39.178  2446  2878 I AppsModelWriter: normalizeVisibleItems(visibleItems)> 0, 149, 0, -102, 3, 1, UserHandle{0}, 0, Reminder, -1, -1
08-30 18:40:39.179  2446  2878 I AppsModelWriter: normalizeVisibleItems(visibleItems)> 0, 158, 0, -102, 3, 2, UserHandle{0}, 0, Lens, -1, -1
08-30 18:40:39.179  2446  2878 I AppsModelWriter: normalizeVisibleItems(visibleItems)> 0, 159, 0, -102, 3, 3, UserHandle{0}, 0, Glovo, -1, -1
08-30 18:40:39.179  2446  2878 I AppsModelWriter: normalizeVisibleItems(visibleItems)> 0, 160, 0, -102, 3, 4, UserHandle{0}, 0, Wolt, -1, -1
08-30 18:40:39.179  2446  2878 I AppsModelWriter: normalizeVisibleItems(visibleItems)> 0, 165, 0, -102, 3, 5, UserHandle{0}, 0, Habits, -1, -1
08-30 18:40:39.179  2446  2878 I AppsModelWriter: normalizeVisibleItems(visibleItems)> 0, 172, 0, -102, 3, 6, UserHandle{0}, 0, Booking.com, -1, -1
08-30 18:40:39.179  2446  2878 I AppsModelWriter: normalizeVisibleItems(visibleItems)> 0, 184, 0, -102, 3, 7, UserHandle{0}, 0, VOZZi, -1, -1
08-30 18:40:39.179  2446  2878 I AppsModelWriter: normalizeVisibleItems(visibleItems)> 0, 187, 0, -102, 3, 8, UserHandle{0}, 0, Calendar, -1, -1
08-30 18:40:39.179  2446  2878 I AppsModelWriter: normalizeVisibleItems(visibleItems)> 0, 188, 0, -102, 3, 9, UserHandle{0}, 0, Quick measure, -1, -1
08-30 18:40:39.179  2446  2878 I AppsModelWriter: normalizeVisibleItems(visibleItems)> 0, 204, 0, -102, 3, 10, UserHandle{0}, 0, PrviTaxi Ni, -1, -1
08-30 18:40:39.179  2446  2878 I AppsModelWriter: normalizeVisibleItems(visibleItems)> 0, 208, 0, -102, 3, 11, UserHandle{0}, 0, Jet, -1, -1
08-30 18:40:39.179  2446  2878 I AppsModelWriter: normalizeVisibleItems(visibleItems)> 0, 211, 0, -102, 4, 0, UserHandle{0}, 0, Wallet, -1, -1
08-30 18:40:39.179  2446  2878 I AppsModelWriter: normalizeVisibleItems(visibleItems)> 0, 215, 0, -102, 4, 1, UserHandle{0}, 0, Wizz Air, -1, -1
08-30 18:40:39.179  2446  2878 I AppsModelWriter: normalizeVisibleItems(visibleItems)> 0, 221, 0, -102, 4, 2, UserHandle{0}, 0, Mister D, -1, -1
08-30 18:40:39.179  2446  2878 I AppsModelWriter: normalizeVisibleItems(visibleItems)> 0, 224, 0, -102, 4, 3, UserHandle{0}, 0, Milioner, -1, -1
08-30 18:40:39.179  2446  2878 I AppsModelWriter: normalizeVisibleItems(visibleItems)> 0, 228, 0, -102, 4, 4, UserHandle{0}, 0, Slagalica, -1, -1
08-30 18:40:39.179  2446  2878 I AppsModelWriter: normalizeVisibleItems(visibleItems)> 0, 258, 0, -102, 4, 5, UserHandle{0}, 0, Dark Stories, -1, -1
08-30 18:40:39.179  2446  2878 I AppsModelWriter: normalizeVisibleItems(visibleItems)> 0, 269, 0, -102, 4, 6, UserHandle{0}, 0, Smart Life, -1, -1
08-30 18:40:39.179  2446  2878 I AppsModelWriter: normalizeVisibleItems(visibleItems)> 0, 272, 0, -102, 4, 7, UserHandle{0}, 0, Kiwi.com, -1, -1
08-30 18:40:39.179  2446  2878 I AppsModelWriter: normalizeVisibleItems(visibleItems)> 0, 283, 0, -102, 4, 8, UserHandle{0}, 0, Danfoss Link, -1, -1
08-30 18:40:39.179  2446  2878 I AppsModelWriter: normalizeVisibleItems(visibleItems)> 0, 290, 0, -102, 4, 9, UserHandle{0}, 0, UDP Monitor, -1, -1
08-30 18:40:39.179  2446  2878 I AppsModelWriter: normalizeVisibleItems(visibleItems)> 0, 293, 0, -102, 4, 10, UserHandle{0}, 0, Xiaomi Earbuds, -1, -1
08-30 18:40:39.179  2446  2878 I AppsModelWriter: normalizeVisibleItems(visibleItems)> 0, 308, 0, -102, 4, 11, UserHandle{0}, 0, AliExpress, -1, -1
08-30 18:40:39.179  2446  2878 I AppsModelWriter: normalizeVisibleItems(visibleItems)> 0, 310, 0, -102, 4, 12, UserHandle{0}, 0, Diversis, -1, -1
08-30 18:40:39.179  2446  2878 I AppsModelWriter: normalizeVisibleItems(visibleItems)> 0, 325, 0, -102, 4, 13, UserHandle{0}, 0, BlaBlaCar, -1, -1
08-30 18:40:39.179  2446  2878 I AppsModelWriter: normalizeVisibleItems(visibleItems)> 0, 334, 0, -102, 5, 0, UserHandle{0}, 0, Slagalica, -1, -1
08-30 18:40:39.179  2446  2878 I AppsModelWriter: normalizeVisibleItems(visibleItems)> 0, 370, 0, -102, 5, 1, UserHandle{0}, 0, HeartFrame, -1, -1
08-30 18:40:39.179  2446  2878 I AppsModelWriter: normalizeVisibleItems(visibleItems)> 0, 375, 0, -102, 5, 2, UserHandle{0}, 0, Loomis, -1, -1
08-30 18:40:39.179  2446  2878 I AppsModelWriter: normalizeVisibleItems(visibleItems)> 0, 376, 0, -102, 5, 3, UserHandle{0}, 0, EFR Connect, -1, -1
08-30 18:40:39.179  2446  2878 I AppsModelWriter: normalizeVisibleItems(visibleItems)> 0, 377, 0, -102, 5, 4, UserHandle{0}, 0, nRF Connect, -1, -1
08-30 18:40:39.179  2446  2878 I AppsModelWriter: normalizeVisibleItems(visibleItems)> 0, 104, 0, -102, 5, 5, UserHandle{0}, 0, Instagram, -1, -1
08-30 18:40:39.179  2446  2878 I AppsModelWriter: normalizeVisibleItems(visibleItems)> 0, 391, 0, -102, 5, 6, UserHandle{0}, 0, Danfoss Eco, -1, -1
08-30 18:40:39.179  2446  2878 I AppsModelWriter: normalizeVisibleItems(visibleItems)> 0, 392, 0, -102, 5, 7, UserHandle{0}, 0, Aura, -1, -1
08-30 18:40:39.179  2446  2878 I AppsModelWriter: normalizeVisibleItems(visibleItems)> 0, 394, 0, -102, 5, 8, UserHandle{0}, 0, ESP8266 SmartConfig, -1, -1
08-30 18:40:39.179  2446  2878 I AppsModelWriter: normalizeVisibleItems(visibleItems)> 0, 395, 0, -102, 5, 9, UserHandle{0}, 0, EspTouch, -1, -1
08-30 18:40:39.179  2446  2878 I AppsModelWriter: normalizeVisibleItems(visibleItems)> 0, 396, 0, -102, 5, 10, UserHandle{0}, 0, StayFree, -1, -1
08-30 18:40:39.179  2446  2878 I AppsModelWriter: normalizeVisibleItems(visibleItems)> 0, 401, 0, -102, 5, 11, UserHandle{0}, 0, Vysor, -1, -1
08-30 18:40:39.179  2446  2878 I AppsModelWriter: normalizeVisibleItems(visibleItems)> 0, 516, 0, -102, 5, 12, UserHandle{0}, 0, Danfoss TPOne, -1, -1
08-30 18:40:39.179  2446  2878 I AppsModelWriter: normalizeVisibleItems(visibleItems)> 0, 517, 0, -102, 5, 13, UserHandle{0}, 0, Danfoss TPOne, -1, -1
08-30 18:40:39.179  2446  2878 I AppsModelWriter: normalizeVisibleItems(visibleItems)> 0, 518, 0, -102, 5, 14, UserHandle{0}, 0, Moj Maxi, -1, -1
08-30 18:40:39.179  2446  2878 I AppsModelWriter: normalizeVisibleItems(visibleItems)> 0, 519, 0, -102, 5, 15, UserHandle{0}, 0, DEVI Control, -1, -1
08-30 18:40:39.179  2446  2878 I AppsModelWriter: normalizeVisibleItems(visibleItems)> 0, 559, 0, -102, 5, 16, UserHandle{0}, 0, UI Analitics Compose, -1, -1
08-30 18:40:39.179  2446  2878 I AppsModelWriter: normalizeVisibleItems(visibleItems)> 0, 560, 0, -102, 5, 17, UserHandle{0}, 0, UI Analitics XML, -1, -1
08-30 18:40:39.180  2446  2878 I AppsModelWriter: updateItems(end) : updateItem> 0, 560, 0, -102, 5, 17, UserHandle{0}, 0, UI Analitics XML, -1, -1
08-30 18:40:39.180  2446  2878 I PostPositionOperator: addAllItems() - All
08-30 18:40:39.180  2446  2446 I AppsModelWriter: bindAppsItems() - visibleAddItems : 0, visibleUpdateItems : 1, removeItems : 0
08-30 18:40:39.180  2446  2878 I PostPositionOperator: addItem() - , isWidgetOnly : false
08-30 18:40:39.180  2446  2446 I Launcher.AppsContainerView: bindAppsUpdates() => add: 0, update: 1, remove: 0
08-30 18:40:39.180  2446  2446 I Launcher.AppsPagedView: UpdateItems => id: 560, rank: 17, screenId: 5, cellX: 1, cellY: 4, container: -102, dirty: false, title: UI Analitics XML, isFolder: false, user: UserHandle{0}, disabled: false, screenType: 0
08-30 18:40:39.185  2446  2878 I PackageUpdatedTask: set null app progress level to 100
08-30 18:40:39.188  2446  2878 I WidgetsModel: EasyModeWidget will be excluded on WidgetList.
08-30 18:40:39.190  2446  2878 I PostPositionOperator: addItem() - com.example.uianaliticsxml, isWidgetOnly : true
08-30 18:40:39.190  2446  2878 W PackageUpdatedTask: refreshSearchLayout return, operation is not matched
08-30 18:40:39.193  2446  2446 I Launcher.AppsPagedView: setLayout(), l: 38, r: 38, b: 106, spacing: 39
08-30 18:40:39.193  2446  2446 I Launcher.AppsPagedView: setLayout(), l: 38, r: 38, b: 106, spacing: 39
08-30 18:40:39.193  2446  2446 I Launcher.AppsPagedView: setLayout(), l: 38, r: 38, b: 106, spacing: 39
08-30 18:40:39.193  2446  2446 I Launcher.AppsPagedView: setLayout(), l: 38, r: 38, b: 106, spacing: 39
08-30 18:40:39.193  2446  2446 I Launcher.AppsPagedView: setLayout(), l: 38, r: 38, b: 106, spacing: 39
08-30 18:40:39.194  2446  2446 I Launcher.AppsPagedView: setLayout(), l: 38, r: 38, b: 106, spacing: 39
08-30 18:40:39.195  2446  2446 W SuggestedAppsManager: pending predictedApps : 9
08-30 18:40:39.195  2446  2878 I SuggestedItemsFacade: updateItems : 9
08-30 18:40:39.195  2446  2878 I SuggestedItemsFacade: DPS items : Instagram, ComponentInfo{com.instagram.android/com.instagram.android.activity.MainTabActivity}
08-30 18:40:39.195  2446  2878 I SuggestedItemsFacade: DPS items : Messenger, ComponentInfo{com.facebook.orca/com.facebook.orca.auth.StartScreenActivity}
08-30 18:40:39.195  2446  2878 I SuggestedItemsFacade: DPS items : WhatsApp, ComponentInfo{com.whatsapp/com.whatsapp.Main}
08-30 18:40:39.195  2446  2878 I SuggestedItemsFacade: DPS items : UI Analitics XML, ComponentInfo{com.example.uianaliticsxml/com.example.uianaliticsxml.MainActivity}
08-30 18:40:39.195  2446  2878 I SuggestedItemsFacade: DPS items : YouTube, ComponentInfo{com.google.android.youtube/com.google.android.youtube.app.honeycomb.Shell$HomeActivity}
08-30 18:40:39.195  2446  2878 I SuggestedItemsFacade: DPS items : DEVI Control, ComponentInfo{com.danfoss.lotto.integration/com.danfoss.lotto.ui.activity.SplashScreen}
08-30 18:40:39.195  2446  2878 I SuggestedItemsFacade: DPS items : Skype, ComponentInfo{com.skype.raider/com.skype4life.MainActivity}
08-30 18:40:39.195  2446  2878 I SuggestedItemsFacade: DPS items : AliExpress, ComponentInfo{com.alibaba.aliexpresshd/com.aliexpress.app.FirstActivity}
08-30 18:40:39.195  2446  2878 I SuggestedItemsFacade: DPS items : Chrome, ComponentInfo{com.android.chrome/com.google.android.apps.chrome.Main}
08-30 18:40:39.195  1408  1671 D BluetoothManagerService: mDisableBleCallbacks count 19
08-30 18:40:39.195 28742 28742 I BluetoothAdapter: BluetoothAdapter() : com.microsoft.appmanager
08-30 18:40:39.208 23947 28846 I WindowsLink: (YpcSignatureChecker) isSignatureAllowed in
08-30 18:40:39.210 23947 28846 I WindowsLink: (BaseContentProvider) call: method = capability_get_last_anr / subMethod = capability_get_last_anr
08-30 18:40:39.210 23947 28846 I WindowsLink: (BaseContentProvider) call: method = capability_get_last_anr / subMethod = capability_get_last_anr
08-30 18:40:39.211  1408  4349 D [RAMS]RemoteAppModeService: isAllowed = true
08-30 18:40:39.211 28742 28923 D ConnectivityManager: StackLog: [android.net.ConnectivityManager.sendRequestForNetwork(ConnectivityManager.java:4188)] [android.net.ConnectivityManager.sendRequestForNetwork(ConnectivityManager.java:4230)] [android.net.ConnectivityManager.registerNetworkCallback(ConnectivityManager.java:4612)] [android.net.ConnectivityManager.registerNetworkCallback(ConnectivityManager.java:4582)] [com.microsoft.appcenter.utils.NetworkStateHelper.reopen(NetworkStateHelper.java:26)] [com.microsoft.appcenter.utils.NetworkStateHelper.<init>(NetworkStateHelper.java:28)] [com.microsoft.appcenter.utils.NetworkStateHelper.getSharedInstance(NetworkStateHelper.java:10)] [com.microsoft.appcenter.http.HttpUtils.createHttpClientWithoutRetryer(HttpUtils.java:6)] [com.microsoft.appcenter.http.HttpUtils.createHttpClient(HttpUtils.java:2)] [com.microsoft.appcenter.http.HttpUtils.createHttpClient(HttpUtils.java:1)] [com.microsoft.appcenter.AppCenter.finishConfiguration(AppCenter.java:44)] [com.microsoft.appcenter.AppCenter.f(AppCenter.java:1)] [com.microsoft.appcenter.AppCenter$5.run(AppCenter.java:5)]
08-30 18:40:39.213  1408  1718 D ConnectivityService: Rematched networks [computed 1ms] [applied 0ms] [issued 1]
08-30 18:40:39.213  1408  1718 D ConnectivityService: NetworkReassignment : no changes
08-30 18:40:39.214 23947 28846 I WindowsLink: (YpcSignatureChecker) isSignatureAllowed in
08-30 18:40:39.215 23947 28846 I WindowsLink: (BaseContentProvider) call: method = DeviceInfo@getLastAnr / subMethod = getLastAnr
08-30 18:40:39.215  1408  4349 D [RAMS]RemoteAppModeService: isAllowed = true
08-30 18:40:39.216  1408  3284 I AnrCollector: isAnrFileModifiedLater - anr_2023-08-23-11-38-20-362lastModified : 1692783521000, lastTimestamp : 1693413010648
08-30 18:40:39.216  1408  3284 I AnrCollector: isAnrFileModifiedLater - trace_00lastModified : 1692783531000, lastTimestamp : 1693413010648
08-30 18:40:39.216  1408  3284 I AnrCollector: isAnrFileModifiedLater - anr_2023-08-23-11-53-59-538lastModified : 1692784453000, lastTimestamp : 1693413010648
08-30 18:40:39.217  1408  3284 I AnrCollector: gatLastAnr - lastAnrFile : null
08-30 18:40:39.218  1408 28932 I AnrCollector: write : 0
08-30 18:40:39.218  1408 28932 I AnrCollector: mOut.close()
08-30 18:40:39.218   885   885 E audit   : type=1400 audit(1693413639.213:96120): avc:  denied  { getopt } for  pid=1408 comm="WriteANRInfoThr" scontext=u:r:system_server:s0 tcontext=u:r:priv_app:s0:c512,c768 tclass=unix_stream_socket permissive=0 SEPF_SM-G991B_12_0001 audit_filtered
08-30 18:40:39.218   885   885 E audit   : type=1300 audit(1693413639.213:96120): arch=c00000b7 syscall=209 success=no exit=-13 a0=405 a1=1 a2=27 a3=743a4c8644 items=0 ppid=911 pid=1408 auid=4294967295 uid=1000 gid=1000 euid=1000 suid=1000 fsuid=1000 egid=1000 sgid=1000 fsgid=1000 tty=(none) ses=4294967295 comm="WriteANRInfoThr" exe="/system/bin/app_process64" subj=u:r:system_server:s0 key=(null)
08-30 18:40:39.218   885   885 E audit   : type=1327 audit(1693413639.213:96120): proctitle="system_server"
08-30 18:40:39.225 28775 28775 I Process : Sending signal. PID: 28775 SIG: 9
08-30 18:40:39.256  1408  1496 I libprocessgroup: Successfully killed process cgroup uid 10066 pid 28775 in 0ms
08-30 18:40:39.257   911   911 I Zygote  : Process 28775 exited due to signal 9 (Killed)
08-30 18:40:39.258 23947 28846 I WindowsLink: (YpcSignatureChecker) isSignatureAllowed in
08-30 18:40:39.260 23947 28846 I WindowsLink: (BaseContentProvider) call: method = capability_android_apps_on_windows / subMethod = capability_android_apps_on_windows
08-30 18:40:39.260 23947 28846 I WindowsLink: (BaseContentProvider) call: method = capability_android_apps_on_windows / subMethod = capability_android_apps_on_windows
08-30 18:40:39.262 23947 28846 I WindowsLink: (YpcSignatureChecker) isSignatureAllowed in
08-30 18:40:39.262 23947 28846 I WindowsLink: (BaseContentProvider) call: method = PreviewMode@isPreviewModeEnabled / subMethod = isPreviewModeEnabled
08-30 18:40:39.264 23947 28846 I WindowsLink: (YpcSignatureChecker) isSignatureAllowed in
08-30 18:40:39.264 23947 28846 I WindowsLink: (BaseContentProvider) call: method = capability_recent_apps_R2_3 / subMethod = capability_recent_apps_R2_3
08-30 18:40:39.264 23947 28846 I WindowsLink: (BaseContentProvider) call: method = capability_recent_apps_R2_3 / subMethod = capability_recent_apps_R2_3
08-30 18:40:39.264  1408  1904 D [RAMS]RemoteAppModeService: isAllowed = true
08-30 18:40:39.266 23947 28846 I WindowsLink: (YpcSignatureChecker) isSignatureAllowed in
08-30 18:40:39.266 23947 28846 I WindowsLink: (BaseContentProvider) call: method = capability_remote_lock_simulation / subMethod = capability_remote_lock_simulation
08-30 18:40:39.266 23947 28846 I WindowsLink: (BaseContentProvider) call: method = capability_remote_lock_simulation / subMethod = capability_remote_lock_simulation
08-30 18:40:39.268  1408  1904 D PackageManager: setEnabledSetting : userId = 0 packageName = com.microsoft.appmanager cmp = com.microsoft.appmanager.StartUpCoreActivity newState = 2 callingPackage = 10141/com.microsoft.appmanager
08-30 18:40:39.268  1408  1904 D PackageManager: setEnabledSetting : userId = 0 packageName = com.microsoft.appmanager cmp = com.microsoft.appmanager.oem.account.AccountAuthenticatorService newState = 1 callingPackage = 10141/com.microsoft.appmanager
08-30 18:40:39.269  1408  1904 D ApplicationPolicy: getApplicationStateEnabled : pkg = com.microsoft.appmanager userId : 0
08-30 18:40:39.269  1408  1904 D ApplicationPolicy: getApplicationComponentState : pkg = com.microsoft.appmanager userId : 0
08-30 18:40:39.271 23947 28846 I WindowsLink: (YpcSignatureChecker) isSignatureAllowed in
08-30 18:40:39.272 23947 28846 I WindowsLink: (BaseContentProvider) call: method = WindowsLinkTileRequest@setStateFRE / subMethod = setStateFRE
08-30 18:40:39.272 23947 28846 I WindowsLink: (StateContentProvider) METHOD_SET_TILE_FRE in
08-30 18:40:39.274  1408  1904 D SecContentProvider: query(), uri = 17 selection = isSettingsChangesAllowed
08-30 18:40:39.276 23947 28846 I WindowsLink: (YpcSignatureChecker) isSignatureAllowed in
08-30 18:40:39.276 23947 28846 I WindowsLink: (BaseContentProvider) call: method = capability_tablet_support / subMethod = capability_tablet_support
08-30 18:40:39.276 23947 28846 I WindowsLink: (BaseContentProvider) call: method = capability_tablet_support / subMethod = capability_tablet_support
08-30 18:40:39.277 23947 28846 I WindowsLink: (YpcSignatureChecker) isSignatureAllowed in
08-30 18:40:39.278 23947 28846 I WindowsLink: (BaseContentProvider) call: method = capability_message_support / subMethod = capability_message_support
08-30 18:40:39.278 23947 28846 I WindowsLink: (BaseContentProvider) call: method = capability_message_support / subMethod = capability_message_support
08-30 18:40:39.279 23947 28846 I WindowsLink: (YpcSignatureChecker) isSignatureAllowed in
08-30 18:40:39.279 23947 28846 I WindowsLink: (BaseContentProvider) call: method = capability_tablet_support / subMethod = capability_tablet_support
08-30 18:40:39.279 23947 28846 I WindowsLink: (BaseContentProvider) call: method = capability_tablet_support / subMethod = capability_tablet_support
08-30 18:40:39.280 23947 28846 I WindowsLink: (YpcSignatureChecker) isSignatureAllowed in
08-30 18:40:39.280 23947 28846 I WindowsLink: (BaseContentProvider) call: method = capability_call_support / subMethod = capability_call_support
08-30 18:40:39.280 23947 28846 I WindowsLink: (BaseContentProvider) call: method = capability_call_support / subMethod = capability_call_support
08-30 18:40:39.281 23947 28846 I WindowsLink: (YpcSignatureChecker) isSignatureAllowed in
08-30 18:40:39.282 23947 28846 I WindowsLink: (BaseContentProvider) call: method = capability_tablet_support / subMethod = capability_tablet_support
08-30 18:40:39.282 23947 28846 I WindowsLink: (BaseContentProvider) call: method = capability_tablet_support / subMethod = capability_tablet_support
08-30 18:40:39.283 23947 28846 I WindowsLink: (YpcSignatureChecker) isSignatureAllowed in
08-30 18:40:39.283 23947 28846 I WindowsLink: (BaseContentProvider) call: method = capability_call_support / subMethod = capability_call_support
08-30 18:40:39.283 23947 28846 I WindowsLink: (BaseContentProvider) call: method = capability_call_support / subMethod = capability_call_support
08-30 18:40:39.284 23947 28846 I WindowsLink: (YpcSignatureChecker) isSignatureAllowed in
08-30 18:40:39.285 23947 28846 I WindowsLink: (BaseContentProvider) call: method = capability_tablet_support / subMethod = capability_tablet_support
08-30 18:40:39.285 23947 28846 I WindowsLink: (BaseContentProvider) call: method = capability_tablet_support / subMethod = capability_tablet_support
08-30 18:40:39.286 23947 28846 I WindowsLink: (YpcSignatureChecker) isSignatureAllowed in
08-30 18:40:39.286 23947 28846 I WindowsLink: (BaseContentProvider) call: method = capability_call_support / subMethod = capability_call_support
08-30 18:40:39.286 23947 28846 I WindowsLink: (BaseContentProvider) call: method = capability_call_support / subMethod = capability_call_support
08-30 18:40:39.288 23947 28846 I WindowsLink: (YpcSignatureChecker) isSignatureAllowed in
