08-30 18:40:31.832 27719 28488 I BugleRcsEngine: [1132] bvek.b: EngineBroadcaster: Broadcasting provisioning intent com.google.android.ims.provisioning.engine.provisioningEventAction to Bugle with extras redacted-pii:[chars:302] from source PROVISIONING_EVENT
08-30 18:40:31.833 27719 28488 I BugleRcsEngine: [1132] buhl.b: Sending ProvisioningEvent Internal [Availability updated (12)], redacted-pii:[chars:144]
08-30 18:40:31.834 27719 27762 D ConnectivityManager: StackLog: [android.net.ConnectivityManager.unregisterNetworkCallback(ConnectivityManager.java:4860)] [lzs.b(PG:1)] [lwe.e(PG:2)] [lvk.invoke(PG:2)] [djex.b(PG:9)] [djeu.b(Unknown Source:10)] [dips.t(PG:4)] [djal.run(PG:13)] [maa.run(PG:1)] [carm.run(PG:1)] [java.util.concurrent.ThreadPoolExecutor.runWorker(ThreadPoolExecutor.java:1137)] [java.util.concurrent.ThreadPoolExecutor$Worker.run(ThreadPoolExecutor.java:637)] [caqq.run(PG:2)] [java.lang.Thread.run(Thread.java:1012)] [carp.run(PG:5)]
08-30 18:40:31.834  1408  1718 D ConnectivityService:  Removing from current network [142 WIFI], leaving 153 requests.
08-30 18:40:31.837 27719 27762 I BugleRcsProvisioning: RcsProvisioningEventReceiver: Received ProvisioningEvent: Availability updated
08-30 18:40:31.837 27719 27762 I BugleRcsProvisioning: RcsProvisioningEventReceiver: Bugle receives rcs availability update to: 10
08-30 18:40:31.840 18584 18584 I ResourceOverlayService_0: waitAndQuit called
08-30 18:40:31.841 18584 18584 I ResourceOverlayService_0: activity user id 0 process id 0
08-30 18:40:31.841  1408  3220 D SecContentProvider2: query(), uri = 18 selection = isRCSEnabled
08-30 18:40:31.841  1408  3220 I PhoneRestrictionPolicy: isRCSEnabledInternal(), showMsg: false, columnName: enableRCS
08-30 18:40:31.842  1408  3220 E PhoneRestrictionPolicy: getEmergencyCall >>false
08-30 18:40:31.842  1408  3220 I PhoneRestrictionPolicy: isRCSEnabledInternal(), showMsg: false, columnName: enableRCSForSimSlot1
08-30 18:40:31.842  1408  3220 E PhoneRestrictionPolicy: getEmergencyCall >>false
08-30 18:40:31.843 27719 27762 W BugleRcsEngine: [1097] bube.d: [SR]: Single Registration is disabled. Skipping Single Registration capability check for subId: 2, OS.isAtLeastS:[true], enableSingleRegistrationProvisioning:[false]
08-30 18:40:31.844 27719 27762 I BugleRcsEngine: [1097] bulc.f: No RCS Configuration was found in Bugle for simID: redacted-pii:sim_id[chars:19,last3:532]
08-30 18:40:31.844 27719 27762 I BugleRcsProvisioning: RcsAvailabilityUpdaterLocal: RcsAvailability configuration availability and enabled status: simId: redacted-pii:sim_id[chars:19,last3:532], SipConnectionType: DUAL_REG, isConfigurationAvailableAndEnabled: false
08-30 18:40:31.844 27719 27762 I BugleRcsEngine: [1097] buml.b: Using MCC based URL
08-30 18:40:31.844 27719 27762 I BugleRcsProvisioning: RcsAvailabilityUpdaterLocal: RcsAvailability subscription{id:2}, simId: redacted-pii:sim_id[chars:19,last3:532], sipConnectionType: DUAL_REG, isRcsAvailable: false
08-30 18:40:31.844 27719 27762 I BugleRcsProvisioning: RcsAvailabilityUpdaterLocal: updateRcsAvailability, currentAvailability: 10, newAvailability: 10, hint: NO_HINT
08-30 18:40:31.844 27719 27742 I BugleRcsEngine: [1077] buml.b: Using MCC based URL
08-30 18:40:31.845 27719 27767 I Bugle   : BroadcastReceiverAsyncWorkTracker: Acknowledging broadcast of com.google.android.apps.messaging.shared.receiver.RcsProvisioningEventReceiver@c6701bd
08-30 18:40:31.845 27719 27773 I BugleRcsProvisioning: RcsProvisioningTrigger: onRcsAvailabilityUpdate : availability is updated to Carrier RCS is not set up, lastAvailabilityLocal is Carrier RCS is not set up, simId hash = -5209034061711824786, simId = redacted-pii:sim_id[chars:19,last3:532], isPev3Enabled = true
08-30 18:40:31.846 27719 27742 W BugleRcsEngine: [1077] bume.b: ProvisioningStage exceeds max number 30, current stage count 30
08-30 18:40:31.846 27719 27742 I BugleRcsEngine: [1077] buml.b: Using MCC based URL
08-30 18:40:31.932  8163 27799 I Finsky  : [1258] afxo.f(77): VerifyApps: Verification package=com.example.uianaliticsxml, id=143, response=0, upload_requested=false
08-30 18:40:31.937  8163 27815 E Finsky  : [1261] VerifyPerSourceInstallationConsentInstallTask.d(20): Package name null is not an installed package
08-30 18:40:31.937  8163 27815 I Finsky  : [1261] VerifyPerSourceInstallationConsentInstallTask.akD(231): PSIC verification started with installer uid: 2000 package name: null, originating uid: -1
08-30 18:40:31.938  1408  3581 D SemWifiUsabilityStatsMonitor: onWifiUsabilityStats - seqNum 45906, isSameBssidAndFreq true
08-30 18:40:31.938  1408  1774 I SemWifiLinkQualityMonitor: Link Qos query: inf. ms / 0 Mbps
08-30 18:40:31.939  8163 27815 I Finsky  : [1261] VerifyInstallTask.i(29): VerifyApps: Returning package verification result id=143, result=ALLOW
08-30 18:40:31.940  1408  1537 I PersonaServiceHelper: installStageForKnox(user:-1 installerUid:2000)
08-30 18:40:31.940  8163  8163 I Finsky  : [2] VerifyInstallTask.akC(53): VerifyApps: Verification complete: id=143, package_name=com.example.uianaliticsxml
08-30 18:40:31.945  1408  1538 W PackageManager: verifying app can be installed or not
08-30 18:40:31.945  1408  1538 D ApplicationPolicy: isApplicationInstallationEnabled
08-30 18:40:31.945  1408  1538 D ApplicationPolicy: isApplicationInstallationEnabled :  Checking PKG WL - false
08-30 18:40:31.945  1408  1538 D ApplicationPolicy: isApplicationInstallationEnabled :  Checking PKG BL - true
08-30 18:40:31.945  1408  1538 D ApplicationPolicy: isApplicationInstallationEnabled :  Checking PERM BL - true
08-30 18:40:31.945  1408  1538 D ApplicationPolicy: isApplicationInstallationEnabled :  Checking SIG BL - true
08-30 18:40:31.945  1408  1538 D ApplicationPolicy: isApplicationInstallationEnabled :  Checking PKG WL - false
08-30 18:40:31.945  1408  1538 D ApplicationPolicy: isApplicationInstallationEnabled :  Checking PKG BL - true
08-30 18:40:31.945  1408  1538 D ApplicationPolicy: isApplicationInstallationEnabled :  Checking PERM BL - true
08-30 18:40:31.945  1408  1538 D ApplicationPolicy: isApplicationInstallationEnabled :  Checking SIG BL - true
08-30 18:40:31.945  1408  1538 D ApplicationPolicy: isApplicationInstallationEnabled :  enabled true
08-30 18:40:31.945  1408  1538 D ApplicationPolicy: isApplicationInstallationEnabled
08-30 18:40:31.945  1408  1538 D ApplicationPolicy: isApplicationInstallationEnabled :  Checking PKG WL - false
08-30 18:40:31.949  1408  1538 D ApplicationPolicy: isApplicationInstallationEnabled :  Checking PKG BL - true
08-30 18:40:31.949  1408  1538 D ApplicationPolicy: isApplicationInstallationEnabled :  Checking PERM BL - true
08-30 18:40:31.949  1408  1538 D ApplicationPolicy: isApplicationInstallationEnabled :  Checking SIG BL - true
08-30 18:40:31.949  1408  1538 D ApplicationPolicy: isApplicationInstallationEnabled :  enabled true
08-30 18:40:31.953  1408  1538 D PersonaServiceHelper: in trim for persona 150 setting false null com.example.uianaliticsxml
08-30 18:40:31.961  1408  1538 D PackageManager: isAdbInstallDisallowed : false , currentUserId : 150
08-30 18:40:32.094  1408  1808 D NetdEventListenerService: DNS Requested by : 142, 10096, 7, true
08-30 18:40:32.099  2446  2446 I CapturePreview: capture targetView width : 1080 height : 2400
08-30 18:40:32.107  2446  4652 E FrameEvents: updateAcquireFence: Did not find frame.
08-30 18:40:32.109  2446  2446 I CapturePreview: capture took  10
08-30 18:40:32.119  1408  1772 D SemNscXgbMsL1: Probability - Cloud gaming: [0.1666098]
08-30 18:40:32.119  1408  1772 D SemNscXgbMsL1: Probability - Real time: [0.18645893]
08-30 18:40:32.119  1408  1772 D SemNscXgbMsL1: Probability - Non real time: [0.38916945]
08-30 18:40:32.119  1408  1772 D SemNscXgbMsL1: 1 sample inference time: 0.408577 msecs
08-30 18:40:32.120  1408  1772 D SemNscXgbL2Rt: L2 RT 1 sample inference time: 0.585923 msecs
08-30 18:40:32.120  1408  1772 D SemNscXgbL2Nrt: L2 NRT 1 sample inference time: 0.419923 msecs
08-30 18:40:32.234 27719 27765 I BugleWearable: Start syncing data to wearable devices [CONTEXT class_name="SyncDataToWearableAppHandler" ]
08-30 18:40:32.234  1408  1538 W EnterpriseLicenseService: updateAdminPermissions() :com.sec.android.app.shealth
08-30 18:40:32.234  1408  1538 I PackageManager: setLicensePermissions
08-30 18:40:32.234  1408  1538 I PackageManager: setLicensePermissions : packageName = com.sec.android.app.shealth(com.android.server.utils.WatchedArrayMap@59e2f0a4)
08-30 18:40:32.236  1408  1538 D EnterpriseLicenseService: getPermissions() - deserializeObject
08-30 18:40:32.236 27719 27765 I BugleWearable: WATCH_VERSION_KEY is not saved to SharedPreferences. [CONTEXT class_name="SyncDataToWearableAppHandler" ]
08-30 18:40:32.309  2446  5303 I CapturePreview: start save : compress capture bitmap : 191353
08-30 18:40:32.311  2446  5303 I CapturePreview: save result :  path : /data/user/0/com.sec.android.app.launcher/cache/homescreenPreview.png
08-30 18:40:32.313  1408  1904 D SecContentProvider: query(), uri = 17 selection = isSettingsChangesAllowed
08-30 18:40:32.319  1408  3220 W system_server: Long monitor contention with owner PackageManager (1538) at void com.android.server.pm.InstallPackageHelper.commitPackageSettings(com.android.server.pm.parsing.pkg.AndroidPackage, com.android.server.pm.parsing.pkg.AndroidPackage, com.android.server.pm.PackageSetting, com.android.server.pm.PackageSetting, int, boolean, com.android.server.pm.ReconciledPackage)(InstallPackageHelper.java:646) waiters=0 in com.android.server.pm.Computer com.android.server.pm.PackageManagerService.snapshotComputer() for 360ms
08-30 18:40:32.326  1408  1483 W system_server: Long monitor contention with owner binder:1408_D (3220) at com.android.server.pm.Computer com.android.server.pm.PackageManagerService.snapshotComputer()(PackageManagerService.java:1343) waiters=0 in com.android.server.pm.Computer com.android.server.pm.PackageManagerService.snapshotComputer() for 363ms
08-30 18:40:32.326  1408  1794 W system_server: Long monitor contention with owner binder:1408_D (3220) at com.android.server.pm.Computer com.android.server.pm.PackageManagerService.snapshotComputer()(PackageManagerService.java:1343) waiters=1 in com.android.server.pm.Computer com.android.server.pm.PackageManagerService.snapshotComputer() for 350ms
08-30 18:40:32.327  1408  1808 W system_server: Long monitor contention with owner binder:1408_D (3220) at com.android.server.pm.Computer com.android.server.pm.PackageManagerService.snapshotComputer()(PackageManagerService.java:1343) waiters=3 in com.android.server.pm.Computer com.android.server.pm.PackageManagerService.snapshotComputer() for 231ms
08-30 18:40:32.332  8622 11161 W WearableService: onGetService: Wear is not available on this device.
08-30 18:40:32.338 27719 27765 I BugleDataModel: ActionExecutorImpl: Timestamp for ACTION_EXECUTE_QUEUED_CheckWearableAppVersionAction elapsedRealTime: 535275515 currentTimeMillis: 1693413632338
08-30 18:40:32.338 27719 27773 I BugleDataModel: ActionExecutorImpl: Timestamp for ACTION_BACKGROUND_QUEUED_CheckWearableAppVersionAction elapsedRealTime: 535275515 currentTimeMillis: 1693413632338
08-30 18:40:32.338 27719 27750 I BugleDataModel: ActionExecutorImpl: Timestamp for ACTION_RESPONSE_QUEUED_CheckWearableAppVersionAction elapsedRealTime: 535275516 currentTimeMillis: 1693413632338
08-30 18:40:32.343  8622 11161 W WearableService: onGetService: Wear is not available on this device.
08-30 18:40:32.346 27719 27739 W BugleWearable: Failed to sync phone config to data client with ApiException. [CONTEXT class_name="SyncDataToWearableAppHandler" ]
08-30 18:40:32.346 27719 27739 W BugleWearable: bqjj: 17: API: Wearable.API is not available on this device. Connection failed with: ConnectionResult{statusCode=API_UNAVAILABLE, resolution=null, message=null}
08-30 18:40:32.346 27719 27739 W BugleWearable: 	at bqnu.a(PG:3)
08-30 18:40:32.346 27719 27739 W BugleWearable: 	at bqph.a(PG:4)
08-30 18:40:32.346 27719 27739 W BugleWearable: 	at com.google.android.gms.common.api.internal.BasePendingResult.q(PG:6)
08-30 18:40:32.346 27719 27739 W BugleWearable: 	at com.google.android.gms.common.api.internal.BasePendingResult.n(PG:6)
08-30 18:40:32.346 27719 27739 W BugleWearable: 	at bqkq.k(PG:3)
08-30 18:40:32.346 27719 27739 W BugleWearable: 	at bqkg.d(PG:1)
08-30 18:40:32.346 27719 27739 W BugleWearable: 	at bqlm.p(PG:7)
08-30 18:40:32.346 27719 27739 W BugleWearable: 	at bqlm.d(PG:2)
08-30 18:40:32.346 27719 27739 W BugleWearable: 	at bqlm.g(PG:20)
08-30 18:40:32.346 27719 27739 W BugleWearable: 	at bqlm.onConnectionFailed(PG:1)
08-30 18:40:32.346 27719 27739 W BugleWearable: 	at bqor.a(PG:1)
08-30 18:40:32.346 27719 27739 W BugleWearable: 	at bqod.a(PG:1)
08-30 18:40:32.346 27719 27739 W BugleWearable: 	at bqnx.d(PG:6)
08-30 18:40:32.346 27719 27739 W BugleWearable: 	at bqny.handleMessage(PG:38)
08-30 18:40:32.346 27719 27739 W BugleWearable: 	at android.os.Handler.dispatchMessage(Handler.java:106)
08-30 18:40:32.346 27719 27739 W BugleWearable: 	at brli.b(PG:1)
08-30 18:40:32.346 27719 27739 W BugleWearable: 	at brli.dispatchMessage(PG:1)
08-30 18:40:32.346 27719 27739 W BugleWearable: 	at android.os.Looper.loopOnce(Looper.java:226)
08-30 18:40:32.346 27719 27739 W BugleWearable: 	at android.os.Looper.loop(Looper.java:313)
08-30 18:40:32.346 27719 27739 W BugleWearable: 	at android.os.HandlerThread.run(HandlerThread.java:67)
08-30 18:40:32.346 27719 27742 W BugleWearable: Not retrying sync: Failed to sync conversations to wearable with ApiException. [CONTEXT class_name="SyncDataToWearableAppHandler" ]
08-30 18:40:32.346 27719 27742 W BugleWearable: bqjj: 17:
08-30 18:40:32.346 27719 27742 W BugleWearable: 	at bqnu.a(PG:3)
08-30 18:40:32.346 27719 27742 W BugleWearable: 	at bqph.a(PG:4)
08-30 18:40:32.346 27719 27742 W BugleWearable: 	at com.google.android.gms.common.api.internal.BasePendingResult.q(PG:6)
08-30 18:40:32.346 27719 27742 W BugleWearable: 	at com.google.android.gms.common.api.internal.BasePendingResult.n(PG:6)
08-30 18:40:32.346 27719 27742 W BugleWearable: 	at bqkq.k(PG:3)
08-30 18:40:32.346 27719 27742 W BugleWearable: 	at bqkg.d(PG:1)
08-30 18:40:32.346 27719 27742 W BugleWearable: 	at bqlm.p(PG:7)
08-30 18:40:32.346 27719 27742 W BugleWearable: 	at bqlm.d(PG:2)
08-30 18:40:32.346 27719 27742 W BugleWearable: 	at bqlm.g(PG:20)
08-30 18:40:32.346 27719 27742 W BugleWearable: 	at bqlm.onConnectionFailed(PG:1)
08-30 18:40:32.346 27719 27742 W BugleWearable: 	at bqor.a(PG:1)
08-30 18:40:32.346 27719 27742 W BugleWearable: 	at bqod.a(PG:1)
08-30 18:40:32.346 27719 27742 W BugleWearable: 	at bqnx.d(PG:6)
08-30 18:40:32.346 27719 27742 W BugleWearable: 	at bqny.handleMessage(PG:38)
08-30 18:40:32.346 27719 27742 W BugleWearable: 	at android.os.Handler.dispatchMessage(Handler.java:106)
08-30 18:40:32.346 27719 27742 W BugleWearable: 	at brli.b(PG:1)
08-30 18:40:32.346 27719 27742 W BugleWearable: 	at brli.dispatchMessage(PG:1)
08-30 18:40:32.346 27719 27742 W BugleWearable: 	at android.os.Looper.loopOnce(Looper.java:226)
08-30 18:40:32.346 27719 27742 W BugleWearable: 	at android.os.Looper.loop(Looper.java:313)
08-30 18:40:32.346 27719 27742 W BugleWearable: 	at android.os.HandlerThread.run(HandlerThread.java:67)
08-30 18:40:32.348  1408  1538 D AASA_ASKSManager_RESTRICTED: There is no restricted rule.
08-30 18:40:32.351 27719 27750 I WM-WorkerWrapper: Worker result SUCCESS for Work [ id=4cd43c9a-3978-4115-98ea-321dbc037537, tags={ com.google.android.apps.messaging.shared.datamodel.workqueue.WorkQueueWorkerShim, sync_data_to_wearable_app- } ]
08-30 18:40:32.360  1872  1872 D DisplayLifecycle: addDisplay id = 20
08-30 18:40:32.361  1872  1872 E DisplayLifecycle: addDisplay return - display is null or id is invalid
08-30 18:40:32.362  1408  1484 D InputTransport: Input channel constructed: 'Pointer', fd=936
08-30 18:40:32.362  1408  1484 D InputTransport: Input channel constructed: 'Pointer', fd=943
08-30 18:40:32.362  1244 11786 E cutils  : Failed to open(/data/misc/profiles/cur/150/com.example.uianaliticsxml/primary.prof): No such file or directory
08-30 18:40:32.362  1244 11786 E installd: Failed to prepare /data/misc/profiles/cur/150/com.example.uianaliticsxml/primary.prof: No such file or directory
08-30 18:40:32.363  1252  1252 I speg_helper: Created /data/misc/speg/speg.10788
08-30 18:40:32.364  1252  1252 I speg_helper: Created /data/app/~~zZgDZ5KxelDzVkb1RSXoHg==/com.example.uianaliticsxml-Q9k5fmef1Lt2my-83WglFg==/base.speg10788
08-30 18:40:32.364   910  1826 E OemNetd : spegRestrictNetworkConnection
08-30 18:40:32.364  1872  1872 I AODTileStateController: onDisplayAdded: 20
08-30 18:40:32.365  1872  1872 I AODTileStateController: requestListeningState:
08-30 18:40:32.365  1872  1872 D TileServices: Couldn't find tile for ComponentInfo{com.samsung.android.app.aodservice/com.samsung.android.app.aodservice.settings.AODTileService}
08-30 18:40:32.365  1872  1872 D TileServices: Couldn't find tile for ComponentInfo{com.samsung.android.app.aodservice/com.samsung.android.app.aodservice.settings.AODTileService}
08-30 18:40:32.365  1872  1872 D TileServices: Couldn't find tile for ComponentInfo{com.samsung.android.app.aodservice/com.samsung.android.app.aodservice.settings.AODTileService}
08-30 18:40:32.365  1872  1872 D TileServices: Couldn't find tile for ComponentInfo{com.samsung.android.app.aodservice/com.samsung.android.app.aodservice.settings.AODTileService}
08-30 18:40:32.365  1872  1872 D TileServices: Couldn't find tile for ComponentInfo{com.samsung.android.app.aodservice/com.samsung.android.app.aodservice.settings.AODTileService}
08-30 18:40:32.365  1872  1872 D TileServices: Couldn't find tile for ComponentInfo{com.samsung.android.app.aodservice/com.samsung.android.app.aodservice.settings.AODTileService}
08-30 18:40:32.365  1872  1872 D TileServices: Couldn't find tile for ComponentInfo{com.samsung.android.app.aodservice/com.samsung.android.app.aodservice.settings.AODTileService}
08-30 18:40:32.365  1872  1872 D TileServices: Couldn't find tile for ComponentInfo{com.samsung.android.app.aodservice/com.samsung.android.app.aodservice.settings.AODTileService}
08-30 18:40:32.366  1872  1872 D TileServices: Couldn't find tile for ComponentInfo{com.samsung.android.app.aodservice/com.samsung.android.app.aodservice.settings.AODTileService}
08-30 18:40:32.366  1054  2482 I SurfaceFlinger: id=86352 createSurf flag=80404, Display 20 name="SpegVirtualDisplay"#86352
08-30 18:40:32.367  1054  2482 I SurfaceFlinger: id=86353 createSurf flag=80004, Leaf:0:1#86353
08-30 18:40:32.370  1054  2482 I SurfaceFlinger: id=86354 createSurf flag=24004, DefaultTaskDisplayArea#86354
08-30 18:40:32.370  1054  2482 I SurfaceFlinger: id=86355 createSurf flag=80004, splitScreenDividerAnchor#86355
08-30 18:40:32.370  1054  2482 I SurfaceFlinger: id=86356 createSurf flag=80004, NaturalSwitchingAnchor#86356
08-30 18:40:32.371  1054  2482 I SurfaceFlinger: id=86357 createSurf flag=80004, ChangeAnimationLayer#86357
08-30 18:40:32.371  1054  2482 I SurfaceFlinger: id=86358 createSurf flag=80004, ChangeAnimationBoostedLayer#86358
08-30 18:40:32.371  1054  2482 I SurfaceFlinger: id=86359 createSurf flag=80004, FreeformAnimationLayer#86359
08-30 18:40:32.372  1054  2482 I SurfaceFlinger: id=86360 createSurf flag=80004, Leaf:3:12#86360
08-30 18:40:32.372  1054  2482 I SurfaceFlinger: id=86361 createSurf flag=80004, ImeContainer#86361
08-30 18:40:32.373  1054  2482 I SurfaceFlinger: id=86362 createSurf flag=80004, Leaf:15:36#86362
08-30 18:40:32.373  1054  2482 I SurfaceFlinger: id=86363 createSurf flag=80404, RootWrapper#86363
08-30 18:40:32.374  1054  2482 I SurfaceFlinger: id=86364 createSurf flag=80404, Display Overlays#86364
08-30 18:40:32.379  1408  1484 I DecorCaptionResources: updateDisplayMetrics: base config={1.0 220mcc5mnc [en_US,da_DK,ru_RU,sr_RS] ldltr sw360dp w360dp h758dp 480dpi nrml long port night finger -keyb/v/h -nav/h winConfig={ mBounds=Rect(0, 0 - 1080, 2400) mAppBounds=Rect(0, 80 - 1080, 2355) mMaxBounds=Rect(0, 0 - 1080, 2400) mDisplayRotation=ROTATION_0 mWindowingMode=fullscreen mDisplayWindowingMode=fullscreen mActivityType=undefined mAlwaysOnTop=undefined mRotation=ROTATION_0 mPopOver=undefined mStageConfig=undefined mFreeformTaskPinningState=undefined mFreeformStashState=undefined} as.1 s.25068 fontWeightAdjustment=0 ff=0 bf=0 bts=0 desktop/d dm/n ?dc ?dcui themeSeq=0}
08-30 18:40:32.379  1408  1484 I DecorCaptionResources: updateDisplayMetrics: density=3.0
08-30 18:40:32.379  1408  1484 I DecorCaptionResources: updateDisplayMetrics: packageName=android, dsf=1.0
08-30 18:40:32.379  1408  1484 I DecorCaptionResources: updateDisplayMetrics: dst=3.0, sdst=3.0
08-30 18:40:32.380  1408  1484 I DecorCaptionResources: sysLocale=en_US appLocale=en_US activityLocale=en_US
08-30 18:40:32.380  1408  1484 I DecorCaptionResources: Matched. Get locale from activity config: en_US
08-30 18:40:32.380  1408  1484 I DecorCaptionResources: updateDisplayMetrics: base config={1.0 220mcc5mnc [en_US,da_DK,ru_RU,sr_RS] ldltr sw360dp w360dp h758dp 480dpi nrml long port night finger -keyb/v/h -nav/h winConfig={ mBounds=Rect(0, 0 - 1080, 2400) mAppBounds=Rect(0, 80 - 1080, 2355) mMaxBounds=Rect(0, 0 - 1080, 2400) mDisplayRotation=ROTATION_0 mWindowingMode=fullscreen mDisplayWindowingMode=fullscreen mActivityType=undefined mAlwaysOnTop=undefined mRotation=ROTATION_0 mPopOver=undefined mStageConfig=undefined mFreeformTaskPinningState=undefined mFreeformStashState=undefined} as.1 s.25068 fontWeightAdjustment=0 ff=0 bf=0 bts=0 desktop/d dm/n ?dc ?dcui themeSeq=0}
08-30 18:40:32.380  1408  1484 I DecorCaptionResources: updateDisplayMetrics: density=3.0
08-30 18:40:32.380  1408  1484 I DecorCaptionResources: updateDisplayMetrics: packageName=android, dsf=1.0
08-30 18:40:32.380  1408  1484 I DecorCaptionResources: updateDisplayMetrics: dst=3.0, sdst=3.0
08-30 18:40:32.380  1408  1484 I DecorCaptionResources: sysLocale=en_US appLocale=en_US activityLocale=en_US
08-30 18:40:32.380  1408  1484 I DecorCaptionResources: Matched. Get locale from activity config: en_US
08-30 18:40:32.381  1408  1484 D SurfaceControl: setDisplayProjection, displayToken=android.os.BinderProxy@9c9a72d, orientation=0, layerStackRect=Rect(0, 0 - 1080, 2400), displayRect=Rect(0, 0 - 1080, 2400)
08-30 18:40:32.385  1408  1486 I InputManager-JNI: Viewport [0] to add: local:4633128672291735937, isActive: true
08-30 18:40:32.385  1408  1486 D InputManager-JNI: Viewport [0] type:1, displayId=0, uniqueId=local:4633128672291735937, orientation=0, logicalFrame=[0, 0][1080, 2400], physicalFrame=[0, 0][1080, 2400], deviceSize=[1080, 2400]
08-30 18:40:32.385  1408  1486 I InputManager-JNI: Viewport [1] to add: virtual:com.example.uianaliticsxml:10788, isActive: true
08-30 18:40:32.385  1408  1486 D InputManager-JNI: Viewport [1] type:3, displayId=20, uniqueId=virtual:com.example.uianaliticsxml:10788, orientation=0, logicalFrame=[0, 0][1080, 2400], physicalFrame=[0, 0][1080, 2400], deviceSize=[1080, 2400]
08-30 18:40:32.386  1408  1670 I InputReader: Reconfiguring input devices, changes=DISPLAY_INFO |
08-30 18:40:32.386  1408  1670 I InputReader: support feature by TSP : 0x1031d
08-30 18:40:32.392  3345  3345 E pageboostd: Received HALT command code 2
08-30 18:40:32.396  1408 12401 D PkgPredictorService-IpmAdcpController: create a new DexPreloadTask pkg:com.example.uianaliticsxml  path:/data/app/~~zZgDZ5KxelDzVkb1RSXoHg==/com.example.uianaliticsxml-Q9k5fmef1Lt2my-83WglFg==
08-30 18:40:32.396  1054  2482 I SurfaceFlinger: id=86365 createSurf flag=24004, Task=26431#86365
08-30 18:40:32.398  1408  1538 D SemPrivilegeManagerService: isPrivilegeApplication uid 10788 operation virtual_display result : false
08-30 18:40:32.398  1054  2482 I SurfaceFlinger: id=86366 createSurf flag=80004, ActivityRecord{fc9da3c u0 com.example.uianaliticsxml/.MainActivity}#86366
08-30 18:40:32.411  2446  2446 I TopTaskTracker: onTaskMovedToFront : taskId = 26431
08-30 18:40:32.431   911   911 D Zygote  : Forked child process 28496
08-30 18:40:32.448 11697 11703 I adbd    : jdwp connection from 28496
08-30 18:40:32.452  1055  1088 I heimdall: insert_task_to_group:67, insert tgid 28496 to group com.sec.android.app.chromecustomizations, ret = 0
08-30 18:40:32.453 28496 28496 D ActivityThread: setConscryptValidator
08-30 18:40:32.453 28496 28496 D ActivityThread: setConscryptValidator - put
08-30 18:40:32.474 28496 28496 D CompatibilityChangeReporter: Compat change id reported: 171979766; UID 10788; state: ENABLED
08-30 18:40:32.474  1055  1088 I heimdall: insert_task_to_group:67, insert tgid 28496 to group com.example.uianaliticsxml, ret = 0
08-30 18:40:32.476  1408  1486 I SemPersonaManager: SecureFolder personaId = 150
08-30 18:40:32.479 28496 28496 W ziparchive: Unable to open '/data/app/~~zZgDZ5KxelDzVkb1RSXoHg==/com.example.uianaliticsxml-Q9k5fmef1Lt2my-83WglFg==/base.dm': No such file or directory
08-30 18:40:32.479 28496 28496 W ziparchive: Unable to open '/data/app/~~zZgDZ5KxelDzVkb1RSXoHg==/com.example.uianaliticsxml-Q9k5fmef1Lt2my-83WglFg==/base.dm': No such file or directory
08-30 18:40:32.483  1408  3178 W LocationManagerService: onFreezeStateChanged, uid[10057]=true
08-30 18:40:32.497  1408  1486 D EnterpriseDeviceManagerService: isMdmAdminPresentInternal() : MDM Admin Found - com.samsung.knox.securefolder
08-30 18:40:32.500  1408  3212 I MediaSessionMonitor: Media session stopped : controllerList empty
08-30 18:40:32.504  4516  4516 I ActivityUtils: HomePackage : com.sec.android.app.launcher, resumePackageName : com.example.uianaliticsxml
08-30 18:40:32.544 28496 28496 D nativeloader: Configuring classloader-namespace for other apk /data/app/~~zZgDZ5KxelDzVkb1RSXoHg==/com.example.uianaliticsxml-Q9k5fmef1Lt2my-83WglFg==/base.apk. target_sdk_version=33, uses_libraries=, library_path=/data/app/~~zZgDZ5KxelDzVkb1RSXoHg==/com.example.uianaliticsxml-Q9k5fmef1Lt2my-83WglFg==/lib/arm64, permitted_path=/data:/mnt/expand:/data/user/0/com.example.uianaliticsxml
08-30 18:40:32.550 28496 28496 I SPEG    : Preparing application
08-30 18:40:32.605  1408  3178 W LocationManagerService: onFreezeStateChanged, uid[10096]=true
08-30 18:40:32.637  1408  1438 W System  : A resource failed to call close.
08-30 18:40:32.664 25714 25714 I wpa_supplicant: [DHD]<202309.115109> wl_cfgvendor_send_supp_eventstring: [wlan0] Mode:0 event:3 status:0x0 reason:0
08-30 18:40:32.680 25714 25714 I wpa_supplicant: [DHD]<202309.134370> wl_cfgvendor_send_supp_eventstring: [wlan0] Mode:0 event:88 status:0x0 reason:0
08-30 18:40:32.683 25714 25714 I wpa_supplicant: [DHD]<202309.134498> wl_cfgvendor_send_supp_eventstring: [wlan0] Mode:0 event:16 status:0x0 reason:0
08-30 18:40:32.699 25714 25714 I wpa_supplicant: SET PMK len:32
08-30 18:40:32.701  2013 25715 D NetlinkTracker/wlan0: interfaceLinkStateChanged: ifindex 23 up
08-30 18:40:32.729 25716 25747 I MobileWips: MWIPS set wifi state 9
08-30 18:40:32.729 25716 25747 I MobileWips: EVENT_ROAMING
08-30 18:40:32.730 25716 25747 I MobileWips: MWIPS wifi state changed 24
08-30 18:40:32.731 25716 25762 I MobileWips::f: Stop by roaming started
08-30 18:40:32.731 25716 25762 I MobileWips::f: EVENT_STOP_BEACON_TIMING_INSPECTION
08-30 18:40:32.732   628   628 I hwservicemanager: getTransport: Cannot find entry android.hardware.wifi.supplicant@1.4::ISupplicant/default in either framework or device VINTF manifest.
08-30 18:40:32.735 25716 25762 W MobileWips::f::p: BeaconInpsector was not started
08-30 18:40:32.737 25714 25714 I wpa_supplicant: Associated with 00.20.AC
08-30 18:40:32.745 25714 25714 I wpa_supplicant: wlan0: CTRL-EVENT-SUBNET-STATUS-UPDATE status=0
08-30 18:40:32.749 25714 25714 I wpa_supplicant: [DHD]<202309.153627> wl_cfgvendor_send_supp_eventstring: [wlan0] Mode:0 event:1 status:0x0 reason:0
08-30 18:40:32.749 25714 25714 I wpa_supplicant: WPA: RX message 1 of 4-Way Handshake from 00.20.AC (ver=2)
08-30 18:40:32.754  1408  1906 D InputTransport: Input channel constructed: '3231106', fd=734
08-30 18:40:32.754 25714 25714 I wpa_supplicant: wlan0: WPA: Sending EAPOL-Key 2/4
08-30 18:40:32.754  1408  1906 D InputTransport: Input channel constructed: '3231106', fd=831
08-30 18:40:32.754  1408  1906 D InputTransport: Input channel constructed: '3231106', fd=951
08-30 18:40:32.755  1054  2482 I SurfaceFlinger: id=86367 createSurf flag=80004, 3231106 com.example.uianaliticsxml/com.example.uianaliticsxml.MainActivity#86367
08-30 18:40:32.756  1408  1906 D InputTransport: Input channel destroyed: '3231106', fd=951
08-30 18:40:32.759  1408  1718 D ConnectivityService: notifyType CALLBACK_CAP_CHANGED for [142 WIFI]
08-30 18:40:32.759  1408  1751 D SemWifiSwitchForIndividualAppsService: stopTCPMonitoring : already stopped
08-30 18:40:32.759  1408  1751 I WifiConnectivityMonitor.NCC: sNetworkCallback(oCC) FULL : 142(true/false)[ Transports: WIFI Capabilities: NOT_METERED&INTERNET&NOT_RESTRICTED&TRUSTED&NOT_VPN&VALIDATED&NOT_ROAMING&FOREGROUND&NOT_CONGESTED&NOT_SUSPENDED&NOT_VCN_MANAGED LinkUpBandwidth>=8936Kbps LinkDnBandwidth>=31756Kbps TransportInfo: <SSID: <unknown ssid>, BSSID: 02:00:00:**:**:00, MAC: 02:00:00:**:**:00, IP: /192.168.1.4, Security type: 2, Supplicant state: ASSOCIATED, Wi-Fi standard: 5, RSSI: -66, Link speed: 117Mbps, Tx Link speed: 117Mbps, Max Supported Tx Link speed: 866Mbps, Rx Link speed: 130Mbps, Max Supported Rx Link speed: 866Mbps, Frequency: 2422MHz, Net ID: -1, Metered hint: false, score: 60, isUsable: true, CarrierMerged: false, SubscriptionId: -1, IsPrimary: 1, Trusted: true, Restricted: false, Ephemeral: false, OEM paid: false, OEM private: false, OSU AP: false, FQDN: <none>, Provider friendly name: <none>, Requesting package name: <none><none>MLO Information: , AP MLD Address: <none>, AP MLO Link Id: <none>, AP MLO Affiliated links: <none>> SignalStrength: -66 AdminUids: [1000] SSID: "TS-y8C9" UnderlyingNetworks: Null]
08-30 18:40:32.760  1408  1790 I WifiConnectivityMonitor: current mode : 1
08-30 18:40:32.760  1408  1790 D OpenNetworkQos[4.00]: updateBssidNoInternet: mBssidNoInternet = false
08-30 18:40:32.760  1408  1790 D OpenNetworkQos[4.00]: getOpenNetworkQosNoInternetStatus: false
08-30 18:40:32.760  1408  1790 D OpenNetworkQos[4.00]: getOpenNetworkQosScores: 30 26 26
08-30 18:40:32.760  1408  1790 I WifiProfileShare: network QoS data was changed (internet), updateQoSData networkType: true, qosData: false
08-30 18:40:32.760  1408  3249 V WifiProfileShare.Caster: update wips network, size: 0
08-30 18:40:32.760  1408  3249 D WifiProfileShare: nearby scanning settings run
08-30 18:40:32.760  1408  3249 D WifiProfileShare: network score provider settings enabled
08-30 18:40:32.760  1408  3249 D OpenNetworkQos[4.00]: getOpenNetworkQosScores: 30 26 26
08-30 18:40:32.760  1408  3249 D OpenNetworkQos[4.00]: getOpenNetworkQosNoInternetStatus: false
08-30 18:40:32.760  1408  3249 I WifiProfileShare.Caster: current network type: 0, score: [30, 26, 26]
08-30 18:40:32.761  1408  3249 V WifiProfileShare.Cache: update network score 00:e4:06:**:**:ac
08-30 18:40:32.761  1408  3249 D WifiProfileShare.ScanMatcher: getMcfDataList size:3
08-30 18:40:32.761  1408  3249 I WifiProfileShare.Caster: qos data was updated , before:type:QOS, pBssid:1e:26:ac, qosData:7c after:type:QOS, pBssid:1e:26:ac, qosData:7c
08-30 18:40:32.762  1408  3249 I [MCFSDK_android_1.2.4010]_4_b: isNetworkEnabled - type : 1 ret : true
08-30 18:40:32.762  1408  3249 D WifiProfileShare.McfCast: -ME--- mIsNetworkEnabled :true
08-30 18:40:32.762  1408  3249 D WifiProfileShare.McfCast: updateQoSData ignored, same contents
08-30 18:40:32.762  1408  3249 D WifiProfileShare.MCF: success update QosData !
08-30 18:40:32.762  1408  3249 I [MCFSDK_android_1.2.4010]_4_b: isNetworkEnabled - type : 1 ret : true
08-30 18:40:32.762  1408  3249 D WifiProfileShare.McfCast: -ME--- mIsNetworkEnabled :true
08-30 18:40:32.762  1408  3249 D WifiProfileShare.McfCast: -ME--- updatePasswordDate pwdData size:3
08-30 18:40:32.766  1852  1852 D SecImsManager: isWfcEnabledByPlatform
08-30 18:40:32.769  1408  1408 D SemWifiApSmartGattClient: recvd NETWORK_STATE_CHANGED_ACTION:bssid:20:a8,wifiInfo.getSSID():"TS-y8C9",isConnected:true
08-30 18:40:32.769  1408  1408 D SemHotspotMobileDataLimit: handleEvent action : android.net.wifi.STATE_CHANGE
08-30 18:40:32.769  1408  1408 D SemHotspotMobileDataLimit: onStateChanged isWifiSharing : true isWifiApEnabled : false isDataEnabled : false mClientNum : 0
08-30 18:40:32.770  1408  1408 D LppeFusedLocationHelper: receive broadcast intent, action: android.net.wifi.STATE_CHANGE
08-30 18:40:32.770  1408  1408 D GnssLocationProvider_ex: receive broadcast intent, action: android.net.wifi.STATE_CHANGE
08-30 18:40:32.770  1408  1531 D AnalyticsContainerHandler: handleMessage : { when=0 what=1 target=com.android.server.knox.KnoxAnalyticsContainer$AnalyticsHandler }
08-30 18:40:32.771  1852  1852 D SecImsManager: isWfcEnabledByPlatform
08-30 18:40:32.771  1408  1790 D WifiConnectivityMonitor: EVENT_NETWORK_STATE_CHANGE
08-30 18:40:32.771  1408  1790 D WifiConnectivityMonitor: MultiNetwork : false || false
08-30 18:40:32.771  1408  1790 D WifiConnectivityMonitor: MultiNetwork legacy (1000) false
08-30 18:40:32.772 25714 25714 I wpa_supplicant: WPA: RX message 3 of 4-Way Handshake from 00.20.AC (ver=2)
08-30 18:40:32.774  5015  6476 I HBD     : g onCapabilitiesChanged network : 142 current network state : invalid
08-30 18:40:32.774  1408  1794 D SemIWCMonitor: Connected event comes up without disconnected event.. Discard related policies..
08-30 18:40:32.774  1408  1794 I SemIWCMonitor: Time difference = 2516001
08-30 18:40:32.774  1408  1794 I SemIWCMonitor: Conn triggeredBy set to 2
08-30 18:40:32.774  1408  1794 E SemIWCMonitor.File: SNS state, true, timestamp =1693413632769: , edgeflag = false, NEW AP:##:##:##:##:20:a8
08-30 18:40:32.778  1408  1408 D SemWifiApSmartClient: connected to wifi:
08-30 18:40:32.780  3720  3780 I BugleRcsEngine: [571] btuf.c: Connected state: [1], networkType: [WIFI]
08-30 18:40:32.780  8622 11161 I ChimeraSrvcProxy: NullBinder for android.net.action.RECOMMEND_NETWORKS triggering remote TransactionTooLargeException due to Service without Chimera impl
08-30 18:40:32.781  3720  3873 I BugleRcsEngine: [586] bunt.handleMessage: RcsEngineImpl[DUAL_REG]:[d3663300-641e]>Handler: handleMessage processing message:[NOTIFY_UPTIME_IGNORE_STATE_CHANGED] with [non-null]:RcsEngineImpl reference
08-30 18:40:32.781  8622 11161 W .gms.persistent: Large reply transaction of 1056768 bytes, interface descriptor , code 1
08-30 18:40:32.781  1408  1794 E SemIWCMonitor.File: Network connected event(intermediate), timestamp =1693413632769: , New AP:##:##:##:##:20:ac, SS:true
08-30 18:40:32.781  3720  3873 W BugleRcsEngine: [586] bvey.h: Cannot use CS.apk as it's battery optimized
08-30 18:40:32.782  1408  1794 E SemIWCMonitor.File: Don't update QAI: ##:##:##:##:20:ac("TS-y8C9"WPA_PSK) isExcludedCurrentSemWifiConfig true, isExcludedRemovedSemWifiConfig false, isExcludedPreviousSemWifiConfig false
08-30 18:40:32.782  1408  1794 I SemIWCMonitor: IWC doesn't update QAI for AP that keep connection without internet.
08-30 18:40:32.783 25714 25714 I wpa_supplicant: wlan0: WPA: Sending EAPOL-Key 4/4
08-30 18:40:32.786  1408  1718 E ConnectivityService: BUG: NetworkAgentInfo{network{142}  handle{613291053069}  ni{WIFI CONNECTED extra: } created=2023-08-30T11:29:30.987Z Score(Policies : TRANSPORT_PRIMARY&EVER_EVALUATED&IS_UNMETERED&ACCEPT_UNVALIDATED&EVER_VALIDATED&IS_VALIDATED ; KeepConnected : 0)  created 516614484 firstValidated 516614762 lastValidated 516614762 acceptUnvalidated acceptPartialConnectivity  lp{{InterfaceName: wlan0 LinkAddresses: [ fe80::e0fe:96ff:fe59:dfee/64,192.168.1.4/24,2a06:5b05:8c01:7500:e0fe:96ff:fe59:dfee/64,2a06:5b05:8c01:7500:49bf:b9ab:2d0d:9df8/64 ] DnsAddresses: [ /192.168.1.1 ] Domains: null MTU: 0 ServerAddress: /192.168.1.1 TcpBufferSizes: 524288,1048576,4194304,524288,1048576,4194304 Routes: [ fe80::/64 -> :: wlan0 mtu 0,::/0 -> fe80::1 wlan0 mtu 0,2a06:5b05:8c01:7500::/64 -> :: wlan0 mtu 0,192.168.1.0/24 -> 0.0.0.0 wlan0 mtu 0,0.0.0.0/0 -> 192.168.1.1 wlan0 mtu 0 ]}}  nc{[ Transports: WIFI Capabilities: NOT_METERED&INTERNET&NOT_RESTRICTED&TRUSTED&NOT_VPN&VALIDATED&NOT_ROAMING&FOREGROUND&NOT_CONGESTED&NOT_SUSPENDED&NOT_VCN_MANAGED LinkUpBandwidth>=8936Kbps LinkDnBandwidth>=31756Kbps Specifier: <WifiNetworkAgentSpecifier [WifiConfiguration=, SSID="TS-y8C9", BSSID=00:e4:06:fa:20:a8, band=1, mMatchLocalOnlySpecifiers=false]> TransportInfo: <SSID: "TS-y8C9", BSSID: 00:00:00:00:00:00, MAC: e2:fe:96:59:df:ee, IP: /192.168.1.4, Security type: 2, Supplicant state: ASSOCIATED, Wi-Fi standard: 5, RSSI: -66, Link speed: 117Mbps, Tx Link speed: 117Mbps, Max Supported Tx Link speed: 866Mbps, Rx Link speed: 130Mbps, Max Supported Rx Link speed: 866Mbps, Frequency: 2422MHz, Net ID: 49, Metered hint: false, score: 60, isUsable: true, CarrierMerged: false, SubscriptionId: -1, IsPrimary: 1, Trusted: true, Restricted: false, Ephemeral: false, OEM paid: false, OEM private: false, OSU AP: false, FQDN: <none>, Provider friendly name: <none>, Requesting package name: <none>"TS-y8C9"wpa2-pskMLO Information: , AP MLD Address: <none>, AP MLO Link Id: <none>, AP MLO Affiliated links: <none>> SignalStrength: -66 OwnerUid: 1000 AdminUids: [1000] SSID: "TS-y8C9" UnderlyingNetworks: Null]}  factorySerialNumber=8} lost immutable capabilities:specifier changed: WifiNetworkAgentSpecifier [WifiConfiguration=, SSID="TS-y8C9", BSSID=00:e4:06:fa:20:a8, band=1, mMatchLocalOnlySpecifiers=false] -> WifiNetworkAgentSpecifier [WifiConfiguration=, SSID="TS-y8C9", BSSID=00:e4:06:fa:20:ac, band=2, mMatchLocalOnlySpecifiers=false]
08-30 18:40:32.787  1408  1904 V WindowManager: Relayout Window{3231106 u0 com.example.uianaliticsxml/com.example.uianaliticsxml.MainActivity}: viewVisibility=0 req=1080x2400 d20
08-30 18:40:32.787  1054  2482 I SurfaceFlinger: id=86368 createSurf flag=40004, com.example.uianaliticsxml/com.example.uianaliticsxml.MainActivity$_28496#86368
08-30 18:40:32.789  8622  8808 I NearbyDiscovery: (REDACTED) FastPairHandler: Received action %s
08-30 18:40:32.790  1408  1904 V WindowManager: Relayout hash=3231106, pid=28496, syncId=-1: mAttrs={(0,0)(fillxfill) sim={adjust=resize forwardNavigation} ty=BASE_APPLICATION wanim=0x1030309
08-30 18:40:32.790  1408  1904 V WindowManager:   fl=1000000
08-30 18:40:32.790  1408  1904 V WindowManager:   pfl=12020040
08-30 18:40:32.790  1408  1904 V WindowManager:   bhv=DEFAULT
08-30 18:40:32.790  1408  1904 V WindowManager:   fitSides= naviIconColor=0}
08-30 18:40:32.792  1408  1718 D ConnectivityService: Rematched networks [computed 0ms] [applied 0ms] [issued 2]
08-30 18:40:32.792  1408  1718 D ConnectivityService: NetworkReassignment : no changes
08-30 18:40:32.792  1408  1718 D ConnectivityService: notifyType CALLBACK_CAP_CHANGED for [142 WIFI]
08-30 18:40:32.793 25714 25714 I wpa_supplicant: WPA: Key negotiation completed with 00.20.AC [PTK=CCMP GTK=TKIP]
08-30 18:40:32.793 25714 25714 I wpa_supplicant: CTRL-EVENT-CONNECTED - Connection to 00.20.AC completed [id=0 id_str=%7B%22configKey%22%3A%22%5C%22TS-y8C9%5C%22WPA_PSK%22%2C%22creatorUid%22%3A%221000%22%7D]
08-30 18:40:32.793  2013 25715 D NetlinkTracker/wlan0: interfaceLinkStateChanged: ifindex 23 up
08-30 18:40:32.793  1054  1848 W ServiceManager: Permission failure: android.permission.ACCESS_SURFACE_FLINGER from uid=10788 pid=28496
08-30 18:40:32.793  1054  1848 D PermissionCache: checking android.permission.ACCESS_SURFACE_FLINGER for uid=10788 => denied (676 us)
08-30 18:40:32.794  1054  1848 W ServiceManager: Permission failure: android.permission.ROTATE_SURFACE_FLINGER from uid=10788 pid=28496
08-30 18:40:32.794  1054  1848 D PermissionCache: checking android.permission.ROTATE_SURFACE_FLINGER for uid=10788 => denied (259 us)
08-30 18:40:32.794  1054  1848 W ServiceManager: Permission failure: android.permission.INTERNAL_SYSTEM_WINDOW from uid=10788 pid=28496
08-30 18:40:32.794  1408  1751 D SemWifiSwitchForIndividualAppsService: stopTCPMonitoring : already stopped
08-30 18:40:32.794  1054  1848 D PermissionCache: checking android.permission.INTERNAL_SYSTEM_WINDOW for uid=10788 => denied (314 us)
08-30 18:40:32.794  1408  1751 I WifiConnectivityMonitor.NCC: sNetworkCallback(oCC) FULL : 142(true/false)[ Transports: WIFI Capabilities: NOT_METERED&INTERNET&NOT_RESTRICTED&TRUSTED&NOT_VPN&VALIDATED&NOT_ROAMING&FOREGROUND&NOT_CONGESTED&NOT_SUSPENDED&NOT_VCN_MANAGED LinkUpBandwidth>=8936Kbps LinkDnBandwidth>=31756Kbps TransportInfo: <SSID: <unknown ssid>, BSSID: 02:00:00:**:**:00, MAC: 02:00:00:**:**:00, IP: /192.168.1.4, Security type: 2, Supplicant state: FOUR_WAY_HANDSHAKE, Wi-Fi standard: 5, RSSI: -66, Link speed: 117Mbps, Tx Link speed: 117Mbps, Max Supported Tx Link speed: 866Mbps, Rx Link speed: 130Mbps, Max Supported Rx Link speed: 866Mbps, Frequency: 5180MHz, Net ID: -1, Metered hint: false, score: 60, isUsable: true, CarrierMerged: false, SubscriptionId: -1, IsPrimary: 1, Trusted: true, Restricted: false, Ephemeral: false, OEM paid: false, OEM private: false, OSU AP: false, FQDN: <none>, Provider friendly name: <none>, Requesting package name: <none><none>MLO Information: , AP MLD Address: <none>, AP MLO Link Id: <none>, AP MLO Affiliated links: <none>> SignalStrength: -66 AdminUids: [1000] SSID: "TS-y8C9" UnderlyingNetworks: Null]
08-30 18:40:32.795  1408  1790 I WifiConnectivityMonitor: current mode : 1
08-30 18:40:32.795  1054  2482 W ServiceManager: Permission failure: android.permission.ACCESS_SURFACE_FLINGER from uid=10788 pid=0
08-30 18:40:32.795  1054  2482 D PermissionCache: checking android.permission.ACCESS_SURFACE_FLINGER for uid=10788 => denied (2020 us)
08-30 18:40:32.795  1408  1790 D OpenNetworkQos[4.00]: updateBssidNoInternet: mBssidNoInternet = false
08-30 18:40:32.795  1408  1790 D OpenNetworkQos[4.00]: getOpenNetworkQosNoInternetStatus: false
08-30 18:40:32.795  1408  1790 D OpenNetworkQos[4.00]: getOpenNetworkQosScores: 30 26 26
08-30 18:40:32.795  1408  1790 I WifiProfileShare: network QoS data was changed (internet), updateQoSData networkType: true, qosData: false
08-30 18:40:32.795  1408  3249 V WifiProfileShare.Caster: update wips network, size: 0
08-30 18:40:32.796  1408  3249 D WifiProfileShare: nearby scanning settings run
08-30 18:40:32.796  1408  3249 D WifiProfileShare: network score provider settings enabled
08-30 18:40:32.796  5015  6476 I HBD     : g onCapabilitiesChanged network : 142 current network state : invalid
08-30 18:40:32.797  1872  2009 D NetworkController.WifiSignalController: notifyListener: visible=true, connected=true, inetCondition=1, isDefault=true, wifiTestReported=true, receivedInetCondition=-1, hideDuringMobileSwitching=false
08-30 18:40:32.796  1408  3249 D OpenNetworkQos[4.00]: getOpenNetworkQosScores: 30 26 26
08-30 18:40:32.798   934  1134 I display : getColorModes:: Supported color modes (3)
08-30 18:40:32.798   934  1134 I display : 	[0] mode 0
08-30 18:40:32.798   934  1134 I display : 	[1] mode 7
08-30 18:40:32.798   934  1134 I display : 	[2] mode 6
08-30 18:40:32.802  1408  3249 D OpenNetworkQos[4.00]: getOpenNetworkQosNoInternetStatus: false
08-30 18:40:32.802  1408  3249 I WifiProfileShare.Caster: current network type: 0, score: [30, 26, 26]
08-30 18:40:32.803  1408  3249 V WifiProfileShare.Cache: update network score 00:e4:06:**:**:ac
08-30 18:40:32.803  1408  3249 D WifiProfileShare.ScanMatcher: getMcfDataList size:3
08-30 18:40:32.803  1408  3249 I WifiProfileShare.Caster: qos data was updated , before:type:QOS, pBssid:1e:26:ac, qosData:7c after:type:QOS, pBssid:1e:26:ac, qosData:7c
08-30 18:40:32.804  1408  1718 D ConnectivityService: notifyType CALLBACK_CAP_CHANGED for [142 WIFI]
08-30 18:40:32.804  3720  3873 I BugleRcsEngine: [586] bulc.i: No RCS Configuration was found in Bugle for simID: redacted-pii:sim_id[chars:19,last3:532]
08-30 18:40:32.805  1408  1751 D SemWifiSwitchForIndividualAppsService: stopTCPMonitoring : already stopped
08-30 18:40:32.806  1408  1751 I WifiConnectivityMonitor.NCC: sNetworkCallback(oCC) FULL : 142(true/false)[ Transports: WIFI Capabilities: NOT_METERED&INTERNET&NOT_RESTRICTED&TRUSTED&NOT_VPN&VALIDATED&NOT_ROAMING&FOREGROUND&NOT_CONGESTED&NOT_SUSPENDED&NOT_VCN_MANAGED LinkUpBandwidth>=8936Kbps LinkDnBandwidth>=31756Kbps TransportInfo: <SSID: <unknown ssid>, BSSID: 02:00:00:**:**:00, MAC: 02:00:00:**:**:00, IP: /192.168.1.4, Security type: 2, Supplicant state: GROUP_HANDSHAKE, Wi-Fi standard: 5, RSSI: -66, Link speed: 117Mbps, Tx Link speed: 117Mbps, Max Supported Tx Link speed: 866Mbps, Rx Link speed: 130Mbps, Max Supported Rx Link speed: 866Mbps, Frequency: 5180MHz, Net ID: -1, Metered hint: false, score: 60, isUsable: true, CarrierMerged: false, SubscriptionId: -1, IsPrimary: 1, Trusted: true, Restricted: false, Ephemeral: false, OEM paid: false, OEM private: false, OSU AP: false, FQDN: <none>, Provider friendly name: <none>, Requesting package name: <none><none>MLO Information: , AP MLD Address: <none>, AP MLO Link Id: <none>, AP MLO Affiliated links: <none>> SignalStrength: -66 AdminUids: [1000] SSID: "TS-y8C9" UnderlyingNetworks: Null]
08-30 18:40:32.807  3720  3873 I BugleRcsEngine: [586] bunt.handleMessage: RcsEngineImpl[DUAL_REG]:[d3663300-641e]>Handler: handleMessage processing message:[NOTIFY_UPTIME_IGNORE_STATE_CHANGED] with [non-null]:RcsEngineImpl reference
08-30 18:40:32.808  1408  3249 I [MCFSDK_android_1.2.4010]_4_b: isNetworkEnabled - type : 1 ret : true
08-30 18:40:32.808  1408  3249 D WifiProfileShare.McfCast: -ME--- mIsNetworkEnabled :true
08-30 18:40:32.808  1408  3249 D WifiProfileShare.McfCast: updateQoSData ignored, same contents
08-30 18:40:32.808  1408  3249 D WifiProfileShare.MCF: success update QosData !
08-30 18:40:32.809  1408  1790 I WifiConnectivityMonitor: current mode : 1
08-30 18:40:32.810  1408  1790 D OpenNetworkQos[4.00]: updateBssidNoInternet: mBssidNoInternet = false
08-30 18:40:32.810  1408  1790 D OpenNetworkQos[4.00]: getOpenNetworkQosNoInternetStatus: false
08-30 18:40:32.810  1408  1790 D OpenNetworkQos[4.00]: getOpenNetworkQosScores: 30 26 26
08-30 18:40:32.810  1408  1790 I WifiProfileShare: network QoS data was changed (internet), updateQoSData networkType: true, qosData: false
08-30 18:40:32.810  1408  3249 I [MCFSDK_android_1.2.4010]_4_b: isNetworkEnabled - type : 1 ret : true
08-30 18:40:32.810  1408  3249 D WifiProfileShare.McfCast: -ME--- mIsNetworkEnabled :true
08-30 18:40:32.810  1408  3249 D WifiProfileShare.McfCast: -ME--- updatePasswordDate pwdData size:3
08-30 18:40:32.810  1408  3249 V WifiProfileShare.Caster: update wips network, size: 0
08-30 18:40:32.810  1408  3249 D WifiProfileShare: nearby scanning settings run
08-30 18:40:32.810  5015  6476 I HBD     : g onCapabilitiesChanged network : 142 current network state : invalid
08-30 18:40:32.811  1408  3249 D WifiProfileShare: network score provider settings enabled
08-30 18:40:32.811  1408  3249 D OpenNetworkQos[4.00]: getOpenNetworkQosScores: 30 26 26
08-30 18:40:32.811  1408  3249 D OpenNetworkQos[4.00]: getOpenNetworkQosNoInternetStatus: false
08-30 18:40:32.813  4516  4516 I Utils   : isCurrentUser current = 0, ownerId = 0
08-30 18:40:32.815  8622  9443 I ChimeraSrvcProxy: NullBinder for android.net.action.RECOMMEND_NETWORKS triggering remote TransactionTooLargeException due to Service without Chimera impl
08-30 18:40:32.815  8622  9443 W .gms.persistent: Large reply transaction of 1056768 bytes, interface descriptor , code 1
08-30 18:40:32.816  3720  3780 I BugleRcsEngine: [571] btuf.c: Connected state: [1], networkType: [WIFI]
08-30 18:40:32.816  3720  3873 W BugleRcsEngine: [586] bvey.h: Cannot use CS.apk as it's battery optimized
08-30 18:40:32.817  3720  3780 I BugleRcsEngine: [571] btuf.c: Connected state: [1], networkType: [WIFI]
08-30 18:40:32.811  1408  3249 I WifiProfileShare.Caster: current network type: 0, score: [30, 26, 26]
08-30 18:40:32.819  1408  3249 V WifiProfileShare.Cache: update network score 00:e4:06:**:**:ac
08-30 18:40:32.820  1408  1794 E SemIWCMonitor.File: save_model_obj : success to save_model_obj(org.json) in 0.035
08-30 18:40:32.820  1408  3249 D WifiProfileShare.ScanMatcher: getMcfDataList size:3
08-30 18:40:32.820  1408  3249 I WifiProfileShare.Caster: qos data was updated , before:type:QOS, pBssid:1e:26:ac, qosData:7c after:type:QOS, pBssid:1e:26:ac, qosData:7c
08-30 18:40:32.820  1408  1794 E SemIWCMonitor.File: SemIWCMonitor: Send IWC-CURRENT-QAI QAI: 3
08-30 18:40:32.821  1408  1790 D WifiConnectivityMonitor: Updating secure settings CurrentState=com.samsung.android.server.wifi.SemWifiConnectivityMonitor$ValidNonSwitchableState@53b6fcc
08-30 18:40:32.821  1408  1718 D ConnectivityService: notifyType CALLBACK_CAP_CHANGED for [142 WIFI]
08-30 18:40:32.822  1408  1751 D SemWifiSwitchForIndividualAppsService: stopTCPMonitoring : already stopped
