08-30 18:43:07.533  1408  1538 D ApplicationPolicy: isApplicationInstallationEnabled :  Checking PKG BL - true
08-30 18:43:07.533  1408  1538 D ApplicationPolicy: isApplicationInstallationEnabled :  Checking PERM BL - true
08-30 18:43:07.533  1408  1538 D ApplicationPolicy: isApplicationInstallationEnabled :  Checking SIG BL - true
08-30 18:43:07.533  1408  1538 D ApplicationPolicy: isApplicationInstallationEnabled :  Checking PKG WL - false
08-30 18:43:07.533  1408  1538 D ApplicationPolicy: isApplicationInstallationEnabled :  Checking PKG BL - true
08-30 18:43:07.533  1408  1538 D ApplicationPolicy: isApplicationInstallationEnabled :  Checking PERM BL - true
08-30 18:43:07.533  1408  1538 D ApplicationPolicy: isApplicationInstallationEnabled :  Checking SIG BL - true
08-30 18:43:07.533  1408  1538 D ApplicationPolicy: isApplicationInstallationEnabled :  enabled true
08-30 18:43:07.533  1408  1538 D ApplicationPolicy: isApplicationInstallationEnabled
08-30 18:43:07.533  1408  1538 D ApplicationPolicy: isApplicationInstallationEnabled :  Checking PKG WL - false
08-30 18:43:07.535  1408  1538 D ApplicationPolicy: isApplicationInstallationEnabled :  Checking PKG BL - true
08-30 18:43:07.535  1408  1538 D ApplicationPolicy: isApplicationInstallationEnabled :  Checking PERM BL - true
08-30 18:43:07.535  1408  1538 D ApplicationPolicy: isApplicationInstallationEnabled :  Checking SIG BL - true
08-30 18:43:07.535  1408  1538 D ApplicationPolicy: isApplicationInstallationEnabled :  enabled true
08-30 18:43:07.539  1408  1538 D PersonaServiceHelper: in trim for persona 150 setting false null com.example.uianaliticsxml
08-30 18:43:07.547  1408  1538 D PackageManager: isAdbInstallDisallowed : false , currentUserId : 150
08-30 18:43:07.709  1408 31677 D WifiConnectivityMonitor.DnsThread:  [|202]
08-30 18:43:07.709  1408  1792 D WifiConnectivityMonitor.NetworkStatsAnalyzer: DNS resultType : 0, responseTime : 202
08-30 18:43:07.709  1408  1790 D OpenNetworkQos[4.00]: updateBssidLatestDnsResultType - result: 0
08-30 18:43:07.709  1408  1790 D OpenNetworkQos[4.00]: updateBssidNoInternet: mBssidNoInternet = false
08-30 18:43:07.709  1408  1790 D OpenNetworkQos[4.00]: getOpenNetworkQosNoInternetStatus: false
08-30 18:43:07.710  1408  1790 D OpenNetworkQos[4.00]: getOpenNetworkQosScores: 30 26 26
08-30 18:43:07.787  1408  1438 W System  : A resource failed to call close.
08-30 18:43:07.854  1408  1538 W EnterpriseLicenseService: updateAdminPermissions() :com.sec.android.app.shealth
08-30 18:43:07.854  1408  1538 I PackageManager: setLicensePermissions
08-30 18:43:07.854  1408  1538 I PackageManager: setLicensePermissions : packageName = com.sec.android.app.shealth(com.android.server.utils.WatchedArrayMap@5ead812c)
08-30 18:43:07.855  1408  1538 D EnterpriseLicenseService: getPermissions() - deserializeObject
08-30 18:43:07.951  1408  1907 W system_server: Long monitor contention with owner android.fg (1483) at com.android.server.pm.Computer com.android.server.pm.PackageManagerService.snapshotComputer()(PackageManagerService.java:1343) waiters=0 in com.android.server.pm.Computer com.android.server.pm.PackageManagerService.snapshotComputer() for 405ms
08-30 18:43:07.952  1408  5076 W system_server: Long monitor contention with owner android.fg (1483) at com.android.server.pm.Computer com.android.server.pm.PackageManagerService.snapshotComputer()(PackageManagerService.java:1343) waiters=1 in com.android.server.pm.Computer com.android.server.pm.PackageManagerService.snapshotComputer() for 405ms
08-30 18:43:07.952  1408  1794 W system_server: Long monitor contention with owner android.fg (1483) at com.android.server.pm.Computer com.android.server.pm.PackageManagerService.snapshotComputer()(PackageManagerService.java:1343) waiters=2 in com.android.server.pm.Computer com.android.server.pm.PackageManagerService.snapshotComputer() for 363ms
08-30 18:43:07.952  1408  4818 W system_server: Long monitor contention with owner android.fg (1483) at com.android.server.pm.Computer com.android.server.pm.PackageManagerService.snapshotComputer()(PackageManagerService.java:1343) waiters=3 in com.android.server.pm.Computer com.android.server.pm.PackageManagerService.snapshotComputer() for 347ms
08-30 18:43:07.952  1408  1440 W system_server: Long monitor contention with owner android.fg (1483) at com.android.server.pm.Computer com.android.server.pm.PackageManagerService.snapshotComputer()(PackageManagerService.java:1343) waiters=4 in com.android.server.pm.Computer com.android.server.pm.PackageManagerService.snapshotComputer() for 326ms
08-30 18:43:07.952  1408  1790 W system_server: Long monitor contention with owner android.fg (1483) at com.android.server.pm.Computer com.android.server.pm.PackageManagerService.snapshotComputer()(PackageManagerService.java:1343) waiters=5 in com.android.server.pm.Computer com.android.server.pm.PackageManagerService.snapshotComputer() for 242ms
08-30 18:43:07.953  1408  1790 I WifiProfileShare: network QoS data was changed (internet), updateQoSData networkType: true, qosData: false
08-30 18:43:07.953  1408  3249 V WifiProfileShare.Caster: update wips network, size: 0
08-30 18:43:07.953  1408  3249 D WifiProfileShare: nearby scanning settings run
08-30 18:43:07.953  1408  3249 D WifiProfileShare: network score provider settings enabled
08-30 18:43:07.953  1408  3249 D OpenNetworkQos[4.00]: getOpenNetworkQosScores: 30 26 26
08-30 18:43:07.953  1408  3249 D OpenNetworkQos[4.00]: getOpenNetworkQosNoInternetStatus: false
08-30 18:43:07.953  1408  3249 I WifiProfileShare.Caster: current network type: 0, score: [30, 26, 26]
08-30 18:43:07.953  1408  3249 V WifiProfileShare.Cache: update network score 00:e4:06:**:**:ac
08-30 18:43:07.953  1408  3249 D WifiProfileShare.ScanMatcher: getMcfDataList size:3
08-30 18:43:07.953  1408  3249 I WifiProfileShare.Caster: qos data was updated , before:type:QOS, pBssid:1e:26:ac, qosData:7c after:type:QOS, pBssid:1e:26:ac, qosData:7c
08-30 18:43:07.954  1408  3249 I [MCFSDK_android_1.2.4010]_4_b: isNetworkEnabled - type : 1 ret : true
08-30 18:43:07.954  1408  3249 D WifiProfileShare.McfCast: -ME--- mIsNetworkEnabled :true
08-30 18:43:07.954  1408  3249 D WifiProfileShare.McfCast: updateQoSData ignored, same contents
08-30 18:43:07.954  1408  3249 D WifiProfileShare.MCF: success update QosData !
08-30 18:43:07.954  1408  3249 I [MCFSDK_android_1.2.4010]_4_b: isNetworkEnabled - type : 1 ret : true
08-30 18:43:07.954  1408  3249 D WifiProfileShare.McfCast: -ME--- mIsNetworkEnabled :true
08-30 18:43:07.954  1408  3249 D WifiProfileShare.McfCast: -ME--- updatePasswordDate pwdData size:3
08-30 18:43:07.979  1408  1538 D AASA_ASKSManager_RESTRICTED: There is no restricted rule.
08-30 18:43:07.986  1244  1613 E cutils  : Failed to open(/data/misc/profiles/cur/150/com.example.uianaliticsxml/primary.prof): No such file or directory
08-30 18:43:07.986  1244  1613 E installd: Failed to prepare /data/misc/profiles/cur/150/com.example.uianaliticsxml/primary.prof: No such file or directory
08-30 18:43:07.986  1872  1872 D DisplayLifecycle: addDisplay id = 21
08-30 18:43:07.987  1872  1872 E DisplayLifecycle: addDisplay return - display is null or id is invalid
08-30 18:43:07.988  1872  1872 I AODTileStateController: onDisplayAdded: 21
08-30 18:43:07.988  1872  1872 I AODTileStateController: requestListeningState:
08-30 18:43:07.988  1408  1484 D InputTransport: Input channel constructed: 'Pointer', fd=943
08-30 18:43:07.988  1408  1484 D InputTransport: Input channel constructed: 'Pointer', fd=949
08-30 18:43:07.989  1872  1872 D TileServices: Couldn't find tile for ComponentInfo{com.samsung.android.app.aodservice/com.samsung.android.app.aodservice.settings.AODTileService}
08-30 18:43:07.989  1872  1872 D TileServices: Couldn't find tile for ComponentInfo{com.samsung.android.app.aodservice/com.samsung.android.app.aodservice.settings.AODTileService}
08-30 18:43:07.989  1872  1872 D TileServices: Couldn't find tile for ComponentInfo{com.samsung.android.app.aodservice/com.samsung.android.app.aodservice.settings.AODTileService}
08-30 18:43:07.989  1872  1872 D TileServices: Couldn't find tile for ComponentInfo{com.samsung.android.app.aodservice/com.samsung.android.app.aodservice.settings.AODTileService}
08-30 18:43:07.989  1872  1872 D TileServices: Couldn't find tile for ComponentInfo{com.samsung.android.app.aodservice/com.samsung.android.app.aodservice.settings.AODTileService}
08-30 18:43:07.989  1252  1252 I speg_helper: Created /data/misc/speg/speg.10790
08-30 18:43:07.989  1872  1872 D TileServices: Couldn't find tile for ComponentInfo{com.samsung.android.app.aodservice/com.samsung.android.app.aodservice.settings.AODTileService}
08-30 18:43:07.989  1872  1872 D TileServices: Couldn't find tile for ComponentInfo{com.samsung.android.app.aodservice/com.samsung.android.app.aodservice.settings.AODTileService}
08-30 18:43:07.989  1872  1872 D TileServices: Couldn't find tile for ComponentInfo{com.samsung.android.app.aodservice/com.samsung.android.app.aodservice.settings.AODTileService}
08-30 18:43:07.989  1872  1872 D TileServices: Couldn't find tile for ComponentInfo{com.samsung.android.app.aodservice/com.samsung.android.app.aodservice.settings.AODTileService}
08-30 18:43:07.989  1252  1252 I speg_helper: Created /data/app/~~WSfr5Cyt4O_58oBd9vGGqA==/com.example.uianaliticsxml-FX0HmDCex3Oh80MmKZhXuw==/base.speg10790
08-30 18:43:07.996   910   965 E OemNetd : spegRestrictNetworkConnection
08-30 18:43:07.996  1408  1763 I ChimeraAggressivePolicyHandler: executePolicy() - triggerSource: TRIGGER_SOURCE_HOME_IDLE
08-30 18:43:07.997  1054  1092 I SurfaceFlinger: id=86710 createSurf flag=80404, Display 21 name="SpegVirtualDisplay"#86710
08-30 18:43:07.997  1054  1092 I SurfaceFlinger: id=86711 createSurf flag=80004, Leaf:0:1#86711
08-30 18:43:07.997  1408  1763 I ChimeraAggressivePolicyHandler: available memory: 3083556, free memory target: 1992704, quit chimera
08-30 18:43:07.998  1054  1092 I SurfaceFlinger: id=86712 createSurf flag=24004, DefaultTaskDisplayArea#86712
08-30 18:43:07.998  1054  1092 I SurfaceFlinger: id=86713 createSurf flag=80004, splitScreenDividerAnchor#86713
08-30 18:43:07.998  1054  1092 I SurfaceFlinger: id=86714 createSurf flag=80004, NaturalSwitchingAnchor#86714
08-30 18:43:07.998  1054  1092 I SurfaceFlinger: id=86715 createSurf flag=80004, ChangeAnimationLayer#86715
08-30 18:43:07.999  1054  1093 I SurfaceFlinger: id=86716 createSurf flag=80004, ChangeAnimationBoostedLayer#86716
08-30 18:43:07.999  1054  1093 I SurfaceFlinger: id=86717 createSurf flag=80004, FreeformAnimationLayer#86717
08-30 18:43:08.000  1054  1093 I SurfaceFlinger: id=86718 createSurf flag=80004, Leaf:3:12#86718
08-30 18:43:08.000  1054  1092 I SurfaceFlinger: id=86719 createSurf flag=80004, ImeContainer#86719
08-30 18:43:08.001  1054  1092 I SurfaceFlinger: id=86720 createSurf flag=80004, Leaf:15:36#86720
08-30 18:43:08.001  1054  1092 I SurfaceFlinger: id=86721 createSurf flag=80404, RootWrapper#86721
08-30 18:43:08.002  1054  1092 I SurfaceFlinger: id=86722 createSurf flag=80404, Display Overlays#86722
08-30 18:43:08.010  1408  1484 I DecorCaptionResources: updateDisplayMetrics: base config={1.0 220mcc5mnc [en_US,da_DK,ru_RU,sr_RS] ldltr sw360dp w360dp h758dp 480dpi nrml long port night finger -keyb/v/h -nav/h winConfig={ mBounds=Rect(0, 0 - 1080, 2400) mAppBounds=Rect(0, 80 - 1080, 2355) mMaxBounds=Rect(0, 0 - 1080, 2400) mDisplayRotation=ROTATION_0 mWindowingMode=fullscreen mDisplayWindowingMode=fullscreen mActivityType=undefined mAlwaysOnTop=undefined mRotation=ROTATION_0 mPopOver=undefined mStageConfig=undefined mFreeformTaskPinningState=undefined mFreeformStashState=undefined} as.1 s.25068 fontWeightAdjustment=0 ff=0 bf=0 bts=0 desktop/d dm/n ?dc ?dcui themeSeq=0}
08-30 18:43:08.010  1408  1484 I DecorCaptionResources: updateDisplayMetrics: density=3.0
08-30 18:43:08.010  1408  1484 I DecorCaptionResources: updateDisplayMetrics: packageName=android, dsf=1.0
08-30 18:43:08.010  1408  1484 I DecorCaptionResources: updateDisplayMetrics: dst=3.0, sdst=3.0
08-30 18:43:08.010  1408  1484 I DecorCaptionResources: sysLocale=en_US appLocale=en_US activityLocale=en_US
08-30 18:43:08.010  1408  1484 I DecorCaptionResources: Matched. Get locale from activity config: en_US
08-30 18:43:08.010  1408  1484 I DecorCaptionResources: updateDisplayMetrics: base config={1.0 220mcc5mnc [en_US,da_DK,ru_RU,sr_RS] ldltr sw360dp w360dp h758dp 480dpi nrml long port night finger -keyb/v/h -nav/h winConfig={ mBounds=Rect(0, 0 - 1080, 2400) mAppBounds=Rect(0, 80 - 1080, 2355) mMaxBounds=Rect(0, 0 - 1080, 2400) mDisplayRotation=ROTATION_0 mWindowingMode=fullscreen mDisplayWindowingMode=fullscreen mActivityType=undefined mAlwaysOnTop=undefined mRotation=ROTATION_0 mPopOver=undefined mStageConfig=undefined mFreeformTaskPinningState=undefined mFreeformStashState=undefined} as.1 s.25068 fontWeightAdjustment=0 ff=0 bf=0 bts=0 desktop/d dm/n ?dc ?dcui themeSeq=0}
08-30 18:43:08.010  1408  1484 I DecorCaptionResources: updateDisplayMetrics: density=3.0
08-30 18:43:08.010  1408  1484 I DecorCaptionResources: updateDisplayMetrics: packageName=android, dsf=1.0
08-30 18:43:08.010  1408  1484 I DecorCaptionResources: updateDisplayMetrics: dst=3.0, sdst=3.0
08-30 18:43:08.010  1408  1484 I DecorCaptionResources: sysLocale=en_US appLocale=en_US activityLocale=en_US
08-30 18:43:08.010  1408  1484 I DecorCaptionResources: Matched. Get locale from activity config: en_US
08-30 18:43:08.012  1408  1484 D SurfaceControl: setDisplayProjection, displayToken=android.os.BinderProxy@31be488, orientation=0, layerStackRect=Rect(0, 0 - 1080, 2400), displayRect=Rect(0, 0 - 1080, 2400)
08-30 18:43:08.017  1408  1486 I InputManager-JNI: Viewport [0] to add: local:4633128672291735937, isActive: true
08-30 18:43:08.017  1408  1486 D InputManager-JNI: Viewport [0] type:1, displayId=0, uniqueId=local:4633128672291735937, orientation=0, logicalFrame=[0, 0][1080, 2400], physicalFrame=[0, 0][1080, 2400], deviceSize=[1080, 2400]
08-30 18:43:08.017  1408  1486 I InputManager-JNI: Viewport [1] to add: virtual:com.example.uianaliticsxml:10790, isActive: true
08-30 18:43:08.017  1408  1486 D InputManager-JNI: Viewport [1] type:3, displayId=21, uniqueId=virtual:com.example.uianaliticsxml:10790, orientation=0, logicalFrame=[0, 0][1080, 2400], physicalFrame=[0, 0][1080, 2400], deviceSize=[1080, 2400]
08-30 18:43:08.029  1408  1670 I InputReader: Reconfiguring input devices, changes=DISPLAY_INFO |
08-30 18:43:08.030  1408  1670 I InputReader: support feature by TSP : 0x1031d
08-30 18:43:08.034  3345  3345 E pageboostd: Received HALT command code 2
08-30 18:43:08.037  1054  1092 I SurfaceFlinger: id=86723 createSurf flag=24004, Task=26438#86723
08-30 18:43:08.038  1408  1538 D SemPrivilegeManagerService: isPrivilegeApplication uid 10790 operation virtual_display result : false
08-30 18:43:08.039  1054  1092 I SurfaceFlinger: id=86724 createSurf flag=80004, ActivityRecord{676bbda u0 com.example.uianaliticsxml/.MainActivity}#86724
08-30 18:43:08.045  1408 12401 D PkgPredictorService-IpmAdcpController: create a new DexPreloadTask pkg:com.example.uianaliticsxml  path:/data/app/~~WSfr5Cyt4O_58oBd9vGGqA==/com.example.uianaliticsxml-FX0HmDCex3Oh80MmKZhXuw==
08-30 18:43:08.045  1408  1438 W System  : A resource failed to call close.
08-30 18:43:08.052  2446  2446 I TopTaskTracker: onTaskMovedToFront : taskId = 26438
08-30 18:43:08.062   911   911 D Zygote  : Forked child process 31688
08-30 18:43:08.077 11697 11703 I adbd    : jdwp connection from 31688
08-30 18:43:08.079  1055  1088 I heimdall: insert_task_to_group:67, insert tgid 31688 to group com.sec.android.app.chromecustomizations, ret = 0
08-30 18:43:08.080 31688 31688 D ActivityThread: setConscryptValidator
08-30 18:43:08.080 31688 31688 D ActivityThread: setConscryptValidator - put
08-30 18:43:08.098  1408  1731 W SearchableInfo: Invalid searchable metadata for com.samsung.android.messaging/.ui.view.recipientspicker.PickerActivity: Search label must be a resource reference.
08-30 18:43:08.102 31688 31688 D CompatibilityChangeReporter: Compat change id reported: 171979766; UID 10790; state: ENABLED
08-30 18:43:08.102  1055  1088 I heimdall: insert_task_to_group:67, insert tgid 31688 to group com.example.uianaliticsxml, ret = 0
08-30 18:43:08.104  1408  1486 I SemPersonaManager: SecureFolder personaId = 150
08-30 18:43:08.110 31688 31688 W ziparchive: Unable to open '/data/app/~~WSfr5Cyt4O_58oBd9vGGqA==/com.example.uianaliticsxml-FX0HmDCex3Oh80MmKZhXuw==/base.dm': No such file or directory
08-30 18:43:08.111 31688 31688 W ziparchive: Unable to open '/data/app/~~WSfr5Cyt4O_58oBd9vGGqA==/com.example.uianaliticsxml-FX0HmDCex3Oh80MmKZhXuw==/base.dm': No such file or directory
08-30 18:43:08.114  1408  1486 D EnterpriseDeviceManagerService: isMdmAdminPresentInternal() : MDM Admin Found - com.samsung.knox.securefolder
08-30 18:43:08.115  1408  3212 I MediaSessionMonitor: Media session stopped : controllerList empty
08-30 18:43:08.118  4516  4516 I ActivityUtils: HomePackage : com.sec.android.app.launcher, resumePackageName : com.example.uianaliticsxml
08-30 18:43:08.181 31688 31688 D nativeloader: Configuring classloader-namespace for other apk /data/app/~~WSfr5Cyt4O_58oBd9vGGqA==/com.example.uianaliticsxml-FX0HmDCex3Oh80MmKZhXuw==/base.apk. target_sdk_version=33, uses_libraries=, library_path=/data/app/~~WSfr5Cyt4O_58oBd9vGGqA==/com.example.uianaliticsxml-FX0HmDCex3Oh80MmKZhXuw==/lib/arm64, permitted_path=/data:/mnt/expand:/data/user/0/com.example.uianaliticsxml
08-30 18:43:08.185 31688 31688 I SPEG    : Preparing application
08-30 18:43:08.322 11028 31666 I GOS:SystemEventReactor: addPkgDataFromServer(), use server category: unknown
08-30 18:43:08.325  1408  2075 D InputTransport: Input channel constructed: 'cf8b552', fd=1207
08-30 18:43:08.325  1408  2075 D InputTransport: Input channel constructed: 'cf8b552', fd=1208
08-30 18:43:08.325  1408  2075 D InputTransport: Input channel constructed: 'cf8b552', fd=1209
08-30 18:43:08.327  1054  1092 I SurfaceFlinger: id=86725 createSurf flag=80004, cf8b552 com.example.uianaliticsxml/com.example.uianaliticsxml.MainActivity#86725
08-30 18:43:08.327 11028 31666 I GOS:SystemEventReactor: addPkgDataFromServer(), A package was added : com.example.uianaliticsxml as unknown
08-30 18:43:08.328  1408  2075 D InputTransport: Input channel destroyed: 'cf8b552', fd=1209
08-30 18:43:08.329  1408  1408 I SemExecuteManagerService: handleMessage: MSG_START_SCAN received. Start scanning.
08-30 18:43:08.347  1408  1531 D AnalyticsContainerHandler: handleMessage : { when=0 what=1 target=com.android.server.knox.KnoxAnalyticsContainer$AnalyticsHandler }
08-30 18:43:08.357  1408  5159 V WindowManager: Relayout Window{cf8b552 u0 com.example.uianaliticsxml/com.example.uianaliticsxml.MainActivity}: viewVisibility=0 req=1080x2400 d21
08-30 18:43:08.358  1054  1093 I SurfaceFlinger: id=86726 createSurf flag=40004, com.example.uianaliticsxml/com.example.uianaliticsxml.MainActivity$_31688#86726
08-30 18:43:08.363  1408  5159 V WindowManager: Relayout hash=cf8b552, pid=31688, syncId=-1: mAttrs={(0,0)(fillxfill) sim={adjust=resize forwardNavigation} ty=BASE_APPLICATION wanim=0x1030309
08-30 18:43:08.363  1408  5159 V WindowManager:   fl=1000000
08-30 18:43:08.363  1408  5159 V WindowManager:   pfl=12020040
08-30 18:43:08.363  1408  5159 V WindowManager:   bhv=DEFAULT
08-30 18:43:08.363  1408  5159 V WindowManager:   fitSides= naviIconColor=0}
08-30 18:43:08.366  1054  1093 W ServiceManager: Permission failure: android.permission.ACCESS_SURFACE_FLINGER from uid=10790 pid=0
08-30 18:43:08.366  1054  1093 D PermissionCache: checking android.permission.ACCESS_SURFACE_FLINGER for uid=10790 => denied (540 us)
08-30 18:43:08.366  1054  1092 W ServiceManager: Permission failure: android.permission.ACCESS_SURFACE_FLINGER from uid=10790 pid=31688
08-30 18:43:08.366  1054  1092 D PermissionCache: checking android.permission.ACCESS_SURFACE_FLINGER for uid=10790 => denied (709 us)
08-30 18:43:08.367  1054  1092 W ServiceManager: Permission failure: android.permission.ROTATE_SURFACE_FLINGER from uid=10790 pid=31688
08-30 18:43:08.367  1054  1092 D PermissionCache: checking android.permission.ROTATE_SURFACE_FLINGER for uid=10790 => denied (739 us)
08-30 18:43:08.370  1054  1093 W ServiceManager: Permission failure: android.permission.ROTATE_SURFACE_FLINGER from uid=10790 pid=0
08-30 18:43:08.370  1054  1093 D PermissionCache: checking android.permission.ROTATE_SURFACE_FLINGER for uid=10790 => denied (4128 us)
08-30 18:43:08.371  1054  1093 W ServiceManager: Permission failure: android.permission.INTERNAL_SYSTEM_WINDOW from uid=10790 pid=0
08-30 18:43:08.371  1054  1093 D PermissionCache: checking android.permission.INTERNAL_SYSTEM_WINDOW for uid=10790 => denied (344 us)
08-30 18:43:08.372  1054  1092 W ServiceManager: Permission failure: android.permission.INTERNAL_SYSTEM_WINDOW from uid=10790 pid=31688
08-30 18:43:08.372  1054  1092 D PermissionCache: checking android.permission.INTERNAL_SYSTEM_WINDOW for uid=10790 => denied (5290 us)
08-30 18:43:08.375   934  1134 I display : getColorModes:: Supported color modes (3)
08-30 18:43:08.375   934  1134 I display : 	[0] mode 0
08-30 18:43:08.375   934  1134 I display : 	[1] mode 7
08-30 18:43:08.375   934  1134 I display : 	[2] mode 6
08-30 18:43:08.394   627   632 I servicemanager: Could not find android.hardware.graphics.allocator.IAllocator/default in the VINTF manifest.
08-30 18:43:08.395 18584 18584 I ResourceOverlayService_0: waitAndQuit called
08-30 18:43:08.396 18584 18584 I ResourceOverlayService_0: activity user id 0 process id 0
08-30 18:43:08.418  4516  4516 I Utils   : isCurrentUser current = 0, ownerId = 0
08-30 18:43:08.419  4516  4516 I TrayVisibilityController: getComputedTrayVisible : keyguardState = 1
08-30 18:43:08.419  4516  4516 I TrayVisibilityController: updateTrayVisible: State=1 visible=1 mCurrentVisible=1 specificMode=0
08-30 18:43:08.419  4516  4516 I TrayStateController: onNotifyUpdateTray: state=0
08-30 18:43:08.482  1054  1092 I SurfaceFlinger: id=86727 createSurf flag=24004, Surface(name=Task=26438)/@0x962590d - animation-leash of app_transition#86727
08-30 18:43:08.483  1054  1092 I SurfaceFlinger: id=86728 createSurf flag=80000, a598993 ActivityRecordInputSink com.example.uianaliticsxml/.MainActivity#86728
08-30 18:43:08.500  1054  1054 I Layer   : Layer [com.example.uianaliticsxml/com.example.uianaliticsxml.MainActivity$_31688#86726] hidden!! flag(0)
08-30 18:43:08.512  2446  2880 I QuickstepModelDelegate: Widget predictions updated
08-30 18:43:08.546  1408  1438 W System  : A resource failed to call release.
08-30 18:43:08.769  1872  1872 D SecPowerUI.Notification: showChargingNotice oldChargingType : 11 / currentChargingType : 11, oldChargingTime : 3933000 / mChargingTime : 3933000
08-30 18:43:08.769  1872  1872 D SecPowerUI.Notification: There is no change about charging status, so return!
08-30 18:43:08.778 12555 12741 I SCS@AiSearch user 0: (AppsDataWorker) [androidx.work-1] entering in doWork():
08-30 18:43:08.778 12555 12741 I SCS@AiSearch user 0: (AppsDataObserver) [androidx.work-1] entering in execute():
08-30 18:43:08.778 12555 12741 I SCS@AiSearch user 0: (AppsDataObserver-CMD_UPDATE_LIST) changed package count: 1
08-30 18:43:08.813 12555 12741 I SCS@AiSearch user 0: (AppsDataObserver) [androidx.work-1] leaving from execute():  result is true
08-30 18:43:08.813 12555 12741 I SCS@AiSearch user 0: (AppsDataWorker) [androidx.work-1] leaving from doWork():
08-30 18:43:08.814 12555 12590 I WM-WorkerWrapper: Worker result SUCCESS for Work [ id=3bbc1940-88fb-43f7-943b-52d2c4da7d33, tags={ com.samsung.android.scs.ai.search.scheduling.workers.AppsDataWorker, CMD_UPDATE_LIST } ]
08-30 18:43:08.824  8622  8635 I FontLog : (REDACTED) Received query %s, URI %s
08-30 18:43:08.824  8622  8635 I FontLog : (REDACTED) Query [%s] resolved to %s
08-30 18:43:08.825  8622  8635 I FontLog : (REDACTED) Fetch %s end status %s
08-30 18:43:08.828  8622  8635 I FontLog : (REDACTED) Pulling font file for id = %d, cache size = %d
08-30 18:43:08.831  8622  8635 I FontLog : (REDACTED) Pulling font file for id = %d, cache size = %d
08-30 18:43:08.862  1408  1772 I SemWifiServiceDetector: Traff. tracking started
08-30 18:43:08.885  1054  1054 I Layer   : id=86727 removeFromCurrentState Surface(name=Task=26438)/@0x962590d - animation-leash of app_transition#86727 (135)
08-30 18:43:08.885  1054  1054 I SurfaceFlinger: id=86727 Removed Surface(name=Task=26438)/@0x962590d - animation-leash of app_transition#86727 (135)
08-30 18:43:08.885  1054  1054 I Layer   : id=86727 Destroyed Surface(name=Task=26438)/@0x962590d - animation-leash of app_transition#86727
08-30 18:43:09.364  1408  1772 D SemNscXgbMsL1: Probability - Cloud gaming: [0.04415229]
08-30 18:43:09.364  1408  1772 D SemNscXgbMsL1: Probability - Real time: [0.10864212]
08-30 18:43:09.364  1408  1772 D SemNscXgbMsL1: Probability - Non real time: [0.915227]
08-30 18:43:09.364  1408  1772 D SemNscXgbMsL1: 1 sample inference time: 0.495461 msecs
08-30 18:43:09.365  1408  1772 D SemNscXgbL2Rt: L2 RT 1 sample inference time: 0.851154 msecs
08-30 18:43:09.366  1408  1772 D SemNscXgbL2Nrt: L2 NRT 1 sample inference time: 0.691923 msecs
08-30 18:43:09.398 18584 18584 I ResourceOverlayService_0: waitAndQuit called
08-30 18:43:09.399 18584 18584 I ResourceOverlayService_0: activity user id 0 process id 0
08-30 18:43:09.543  1036  1206 I EDEN    : [Exynos][EDEN][v1.6.20][SERVICE] processAliveMointorMain:190: Try to check pid=(971)...
08-30 18:43:09.867  1408  1772 D SemNscXgbMsL1: Probability - Cloud gaming: [0.04415229]
08-30 18:43:09.868  1408  1772 D SemNscXgbMsL1: Probability - Real time: [0.10864212]
08-30 18:43:09.868  1408  1772 D SemNscXgbMsL1: Probability - Non real time: [0.915227]
08-30 18:43:09.868  1408  1772 D SemNscXgbMsL1: 1 sample inference time: 1.399692 msecs
08-30 18:43:09.869  1408  1772 D SemNscXgbL2Rt: L2 RT 1 sample inference time: 0.717308 msecs
08-30 18:43:09.869  1408  1772 D SemNscXgbL2Nrt: L2 NRT 1 sample inference time: 0.604385 msecs
08-30 18:43:10.052  1408  1538 I Process : Sending signal. PID: 31688 SIG: 10
08-30 18:43:10.060  1408  3581 D SemWifiUsabilityStatsMonitor: onWifiUsabilityStats - seqNum 45957, isSameBssidAndFreq true
08-30 18:43:10.062  1408  1774 I SemWifiLinkQualityMonitor: Link Qos Query: 0.090 ms / 89.232 Mbps (144 / 0.024 / 1.130)
08-30 18:43:10.114 31738 31738 I spqr    : Size: 1398, waiting time: 10ms
08-30 18:43:10.175 31738 31738 I spqr    : dm saved, spqr v4.2s took 71ms
08-30 18:43:10.194  1872  1872 I AODTileStateController: onDisplayRemoved: 21
08-30 18:43:10.194  1872  1872 I AODTileStateController: requestListeningState:
08-30 18:43:10.195  1408  1496 I libprocessgroup: Successfully killed process cgroup uid 10790 pid 31688 in 5ms
08-30 18:43:10.195  1872  1872 D DisplayLifecycle: removeDisplay id = 21
08-30 18:43:10.195  1872  1872 D TileServices: Couldn't find tile for ComponentInfo{com.samsung.android.app.aodservice/com.samsung.android.app.aodservice.settings.AODTileService}
08-30 18:43:10.196  1872  1872 D TileServices: Couldn't find tile for ComponentInfo{com.samsung.android.app.aodservice/com.samsung.android.app.aodservice.settings.AODTileService}
08-30 18:43:10.196  1872  1872 D TileServices: Couldn't find tile for ComponentInfo{com.samsung.android.app.aodservice/com.samsung.android.app.aodservice.settings.AODTileService}
08-30 18:43:10.196  1872  1872 D TileServices: Couldn't find tile for ComponentInfo{com.samsung.android.app.aodservice/com.samsung.android.app.aodservice.settings.AODTileService}
08-30 18:43:10.196  1872  1872 D TileServices: Couldn't find tile for ComponentInfo{com.samsung.android.app.aodservice/com.samsung.android.app.aodservice.settings.AODTileService}
08-30 18:43:10.196  1872  1872 D TileServices: Couldn't find tile for ComponentInfo{com.samsung.android.app.aodservice/com.samsung.android.app.aodservice.settings.AODTileService}
08-30 18:43:10.196  1872  1872 D TileServices: Couldn't find tile for ComponentInfo{com.samsung.android.app.aodservice/com.samsung.android.app.aodservice.settings.AODTileService}
08-30 18:43:10.196  1872  1872 D TileServices: Couldn't find tile for ComponentInfo{com.samsung.android.app.aodservice/com.samsung.android.app.aodservice.settings.AODTileService}
08-30 18:43:10.196  1872  1872 D TileServices: Couldn't find tile for ComponentInfo{com.samsung.android.app.aodservice/com.samsung.android.app.aodservice.settings.AODTileService}
08-30 18:43:10.199  1054  1054 I Layer   : id=86729 Destroyed Screenshot Parent#86729
08-30 18:43:10.219  1408 24006 D OpenGLRenderer: RenderThread::requireGlContext()
08-30 18:43:10.226  1244  1613 D installd: Found valid user 150
08-30 18:43:10.243  1408  1486 I SemPersonaManager: SecureFolder personaId = 150
08-30 18:43:10.246  1408  1486 I InputManager-JNI: Viewport [0] to add: local:4633128672291735937, isActive: true
08-30 18:43:10.246  1408  1486 D InputManager-JNI: Viewport [0] type:1, displayId=0, uniqueId=local:4633128672291735937, orientation=0, logicalFrame=[0, 0][1080, 2400], physicalFrame=[0, 0][1080, 2400], deviceSize=[1080, 2400]
08-30 18:43:10.247   910   965 E OemNetd : spegRestrictNetworkConnection
08-30 18:43:10.248  1408 24006 D OpenGLRenderer: RenderThread::setGrContext()
08-30 18:43:10.249  1408  1670 I InputReader: Reconfiguring input devices, changes=DISPLAY_INFO |
08-30 18:43:10.251  1408  1670 I InputReader: support feature by TSP : 0x1031d
08-30 18:43:10.251   911   911 I Zygote  : Process 31688 exited due to signal 9 (Killed)
08-30 18:43:10.262  1408  1494 D InputTransport: Input channel destroyed: 'cf8b552', fd=1207
08-30 18:43:10.262  1408  1494 W InputManager-JNI: Input channel object 'cf8b552 com.example.uianaliticsxml/com.example.uianaliticsxml.MainActivity (client)' was disposed without first being removed with the input manager!
08-30 18:43:10.262  1408  1494 D InputTransport: Input channel destroyed: 'cf8b552', fd=1208
08-30 18:43:10.266  1054  1092 I SurfaceFlinger: id=86728 Removed a598993 ActivityRecordInputSink com.example.uianaliticsxml/.MainActivity#86728 (134)
08-30 18:43:10.266  1054  1092 I SurfaceFlinger: id=86730 createSurf flag=24004, Task=26438#86730
08-30 18:43:10.270  1054  1054 I Layer   : Layer [com.example.uianaliticsxml/com.example.uianaliticsxml.MainActivity$_31688#86726] hidden!! flag(1)
08-30 18:43:10.270  1054  1054 I Layer   : id=86726 removeFromCurrentState com.example.uianaliticsxml/com.example.uianaliticsxml.MainActivity$_31688#86726 (135)
08-30 18:43:10.270  1408  1494 D InputTransport: Input channel destroyed: 'Pointer', fd=949
08-30 18:43:10.270  1054  1054 I Layer   : id=86725 removeFromCurrentState cf8b552 com.example.uianaliticsxml/com.example.uianaliticsxml.MainActivity#86725 (135)
08-30 18:43:10.270  1054  1054 I Layer   : id=86713 removeFromCurrentState splitScreenDividerAnchor#86713 (135)
08-30 18:43:10.270  1054  1054 I Layer   : id=86714 removeFromCurrentState NaturalSwitchingAnchor#86714 (135)
08-30 18:43:10.270  1054  1054 I Layer   : id=86715 removeFromCurrentState ChangeAnimationLayer#86715 (135)
08-30 18:43:10.270  1054  1054 I Layer   : id=86716 removeFromCurrentState ChangeAnimationBoostedLayer#86716 (135)
08-30 18:43:10.270  1054  1054 I Layer   : id=86717 removeFromCurrentState FreeformAnimationLayer#86717 (135)
08-30 18:43:10.271  1054  2482 I SurfaceFlinger: id=86722 Removed Display Overlays#86722 (135)
08-30 18:43:10.271  1054  1054 I SurfaceFlinger: id=86725 Removed cf8b552 com.example.uianaliticsxml/com.example.uianaliticsxml.MainActivity#86725 (135)
08-30 18:43:10.271  1054  1054 I SurfaceFlinger: id=86714 Removed NaturalSwitchingAnchor#86714 (135)
08-30 18:43:10.271  1054  1054 I SurfaceFlinger: id=86713 Removed splitScreenDividerAnchor#86713 (135)
08-30 18:43:10.271  1054  1054 I SurfaceFlinger: id=86715 Removed ChangeAnimationLayer#86715 (135)
08-30 18:43:10.271  1054  1054 I SurfaceFlinger: id=86717 Removed FreeformAnimationLayer#86717 (135)
08-30 18:43:10.271  1054  1054 I SurfaceFlinger: id=86726 Removed com.example.uianaliticsxml/com.example.uianaliticsxml.MainActivity$_31688#86726 (135)
08-30 18:43:10.271  1054  1054 E ClientCache: failed to get buffer, invalid process token
08-30 18:43:10.272  1054  1054 I Layer   : id=86725 Destroyed cf8b552 com.example.uianaliticsxml/com.example.uianaliticsxml.MainActivity#86725
08-30 18:43:10.272  1054  1054 E BpTransactionCompletedListener: Failed to transact (-32)
08-30 18:43:10.272  1054  1054 I Layer   : id=86726 Destroyed com.example.uianaliticsxml/com.example.uianaliticsxml.MainActivity$_31688#86726
08-30 18:43:10.273  1054  1054 I Layer   : id=86713 Destroyed splitScreenDividerAnchor#86713
08-30 18:43:10.273  1054  1054 I Layer   : id=86715 Destroyed ChangeAnimationLayer#86715
08-30 18:43:10.273  1054  1054 I Layer   : id=86717 Destroyed FreeformAnimationLayer#86717
08-30 18:43:10.273  1054  1054 I Layer   : id=86714 Destroyed NaturalSwitchingAnchor#86714
08-30 18:43:10.274  1054  2920 I SurfaceFlinger: id=86716 Removed ChangeAnimationBoostedLayer#86716 (129)
08-30 18:43:10.274  1408  1669 D InputTransport: Input channel destroyed: 'Pointer', fd=943
08-30 18:43:10.286  1054  1054 I Layer   : id=86711 removeFromCurrentState Leaf:0:1#86711 (129)
08-30 18:43:10.286  1054  1054 I Layer   : id=86718 removeFromCurrentState Leaf:3:12#86718 (129)
08-30 18:43:10.286  1054  1054 I Layer   : id=86719 removeFromCurrentState ImeContainer#86719 (129)
08-30 18:43:10.286  1054  1054 I Layer   : id=86720 removeFromCurrentState Leaf:15:36#86720 (129)
08-30 18:43:10.287  1054  1054 I Layer   : id=86712 removeFromCurrentState DefaultTaskDisplayArea#86712 (129)
08-30 18:43:10.287  1054  1054 I Layer   : id=86723 removeFromCurrentState Task=26438#86723 (129)
08-30 18:43:10.287  1054  1054 I Layer   : id=86724 removeFromCurrentState ActivityRecord{676bbda u0 com.example.uianaliticsxml/.MainActivity}#86724 (129)
08-30 18:43:10.287  1054  1054 I Layer   : id=86728 removeFromCurrentState a598993 ActivityRecordInputSink com.example.uianaliticsxml/.MainActivity#86728 (129)
08-30 18:43:10.287  1054  1054 I Layer   : id=86730 removeFromCurrentState Task=26438#86730 (129)
08-30 18:43:10.287  1054  1054 I Layer   : id=86723 removeFromCurrentState Task=26438#86723 (129)
08-30 18:43:10.287  1054  1054 I Layer   : id=86724 removeFromCurrentState ActivityRecord{676bbda u0 com.example.uianaliticsxml/.MainActivity}#86724 (129)
08-30 18:43:10.287  1054  1054 I Layer   : id=86728 removeFromCurrentState a598993 ActivityRecordInputSink com.example.uianaliticsxml/.MainActivity#86728 (129)
08-30 18:43:10.287  1054  1054 I Layer   : id=86721 removeFromCurrentState RootWrapper#86721 (129)
08-30 18:43:10.287  1054  1054 I Layer   : id=86710 removeFromCurrentState Display 21 name="SpegVirtualDisplay"#86710 (129)
08-30 18:43:10.287  1054  1054 I Layer   : id=86722 removeFromCurrentState Display Overlays#86722 (129)
08-30 18:43:10.287  1054  1054 I Layer   : id=86724 removeFromCurrentState ActivityRecord{676bbda u0 com.example.uianaliticsxml/.MainActivity}#86724 (129)
08-30 18:43:10.287  1054  1054 I Layer   : id=86728 removeFromCurrentState a598993 ActivityRecordInputSink com.example.uianaliticsxml/.MainActivity#86728 (129)
08-30 18:43:10.287  1054  1054 I SurfaceFlinger: id=86711 Removed Leaf:0:1#86711 (129)
08-30 18:43:10.287  1054  1054 I SurfaceFlinger: id=86718 Removed Leaf:3:12#86718 (129)
08-30 18:43:10.287  1054  1054 I SurfaceFlinger: id=86719 Removed ImeContainer#86719 (129)
08-30 18:43:10.287  1054  1054 I SurfaceFlinger: id=86720 Removed Leaf:15:36#86720 (129)
08-30 18:43:10.287  1054  1054 I SurfaceFlinger: id=86712 Removed DefaultTaskDisplayArea#86712 (129)
08-30 18:43:10.287  1054  1054 I SurfaceFlinger: id=86730 Removed Task=26438#86730 (129)
08-30 18:43:10.287  1054  1054 I SurfaceFlinger: id=86721 Removed RootWrapper#86721 (129)
08-30 18:43:10.287  1054  1054 I SurfaceFlinger: id=86724 Removed ActivityRecord{676bbda u0 com.example.uianaliticsxml/.MainActivity}#86724 (129)
08-30 18:43:10.287  1054  1054 I Layer   : id=86716 Destroyed ChangeAnimationBoostedLayer#86716
08-30 18:43:10.287  1054  1054 I Layer   : id=86724 Destroyed ActivityRecord{676bbda u0 com.example.uianaliticsxml/.MainActivity}#86724
08-30 18:43:10.287  1054  1054 I Layer   : id=86728 Destroyed a598993 ActivityRecordInputSink com.example.uianaliticsxml/.MainActivity#86728
08-30 18:43:10.287  1054  1054 I Layer   : id=86711 Destroyed Leaf:0:1#86711
08-30 18:43:10.287  1054  1054 I Layer   : id=86712 Destroyed DefaultTaskDisplayArea#86712
08-30 18:43:10.287  1054  1054 I Layer   : id=86718 Destroyed Leaf:3:12#86718
08-30 18:43:10.288  1054  1054 I Layer   : id=86720 Destroyed Leaf:15:36#86720
08-30 18:43:10.288  1054  1054 I Layer   : id=86719 Destroyed ImeContainer#86719
08-30 18:43:10.288  1054  1054 I Layer   : id=86730 Destroyed Task=26438#86730
08-30 18:43:10.288  1054  1054 I Layer   : id=86721 Destroyed RootWrapper#86721
08-30 18:43:10.288  1054  1054 I Layer   : id=86722 Destroyed Display Overlays#86722
08-30 18:43:10.291  1408  5076 D InputDispatcher: removing all handles on display 21
08-30 18:43:10.292  1408  1487 I InputManager: Not applying additional properties for display 21 because the pointer is currently targeting display 0.
08-30 18:43:10.292  1408  1487 D InputDispatcher: removing all handles on display 21
08-30 18:43:10.294  2446  2446 I RecentsView: onTaskRemoved() taskId : 26438
08-30 18:43:10.295  2446  2446 I TopTaskTracker: onTaskRemoved : taskId = 26438
08-30 18:43:10.295  2446  2446 I RecentsView: onTaskRemoved() taskId : 26438
08-30 18:43:10.295  2446  2446 I TopTaskTracker: onTaskRemoved : taskId = 26438
08-30 18:43:10.323  2446 11470 I RecentModel: onTaskStackChangedBackground
08-30 18:43:10.342  1244  1613 E cutils  : Failed to open(/data/misc/profiles/cur/150/com.example.uianaliticsxml/primary.prof): No such file or directory
08-30 18:43:10.342  1244  1613 E installd: Failed to prepare /data/misc/profiles/cur/150/com.example.uianaliticsxml/primary.prof: No such file or directory
08-30 18:43:10.349  1408  1538 I system_server: No primary.vdex file in DexMetadata archive. Not doing fast verification.
08-30 18:43:10.350  2446  2446 I CapturePreview: capture targetView width : 1080 height : 2400
08-30 18:43:10.350  1408  1538 I PackageDexOptimizer: Running dexopt (dexoptNeeded=1) on: /data/app/~~WSfr5Cyt4O_58oBd9vGGqA==/com.example.uianaliticsxml-FX0HmDCex3Oh80MmKZhXuw==/base.apk pkg=com.example.uianaliticsxml isa=arm64 dexoptFlags=boot_complete,profile_guided,public,enable_hidden_api_checks targetFilter=speed-profile oatDir=/data/app/~~WSfr5Cyt4O_58oBd9vGGqA==/com.example.uianaliticsxml-FX0HmDCex3Oh80MmKZhXuw==/oat classLoaderContext=PCL[]{}
08-30 18:43:10.357  1244  1613 V installd: DexInv: --- BEGIN '/data/app/~~WSfr5Cyt4O_58oBd9vGGqA==/com.example.uianaliticsxml-FX0HmDCex3Oh80MmKZhXuw==/base.apk' ---
08-30 18:43:10.357  1244  1613 V installd: Running /apex/com.android.art/bin/dex2oat32 in=base.apk out=/data/app/~~WSfr5Cyt4O_58oBd9vGGqA==/com.example.uianaliticsxml-FX0HmDCex3Oh80MmKZhXuw==/oat/arm64/base.odex
08-30 18:43:10.364  2446  4652 E FrameEvents: updateAcquireFence: Did not find frame.
08-30 18:43:10.366 31745 31745 W libprocessgroup: Failed to open /dev/stune/background/tasks: No such file or directory
08-30 18:43:10.366 31745 31745 V libprocessgroup: Applying profile action SetCgroup failed
08-30 18:43:10.367  2446  2446 I CapturePreview: capture took  17
08-30 18:43:10.370  1408  1772 D SemNscXgbMsL1: Probability - Cloud gaming: [0.04415229]
08-30 18:43:10.370  1408  1772 D SemNscXgbMsL1: Probability - Real time: [0.10864212]
08-30 18:43:10.370  1408  1772 D SemNscXgbMsL1: Probability - Non real time: [0.915227]
08-30 18:43:10.371  1408  1772 D SemNscXgbMsL1: 1 sample inference time: 0.544961 msecs
08-30 18:43:10.372  1408  1772 D SemNscXgbL2Rt: L2 RT 1 sample inference time: 1.262499 msecs
08-30 18:43:10.373  1408  1772 D SemNscXgbL2Nrt: L2 NRT 1 sample inference time: 1.046154 msecs
08-30 18:43:10.400 18584 18584 I ResourceOverlayService_0: waitAndQuit called
08-30 18:43:10.401 31745 31745 W dex2oat32: Mismatch between instruction set variant of device (ISA: Arm64 Feature string: -a53,crc,lse,fp16,dotprod,-sve) and features returned by the hardware (ISA: Arm64 Feature string: -a53,-crc,-lse,-fp16,-dotprod,-sve)
08-30 18:43:10.402 18584 18584 I ResourceOverlayService_0: activity user id 0 process id 0
08-30 18:43:10.405 31745 31745 I dex2oat32: No primary.vdex file in DexMetadata archive. Not doing fast verification.
08-30 18:43:10.405 31745 31745 I dex2oat32: /apex/com.android.art/bin/dex2oat32 --input-vdex-fd=-1 --output-vdex-fd=10 --dm-fd=14 --profile-file-fd=12 --classpath-dir=/data/app/~~WSfr5Cyt4O_58oBd9vGGqA==/com.example.uianaliticsxml-FX0HmDCex3Oh80MmKZhXuw== --class-loader-context=PCL[]{} --compiler-filter=speed-profile --compilation-reason=install-speg-dm --max-image-block-size=524288 --resolve-startup-const-strings=true --generate-mini-debug-info -j6
08-30 18:43:10.486  1408  1483 I system_server: No primary.vdex file in DexMetadata archive. Not doing fast verification.
08-30 18:43:10.486  1408  1483 I PkgPredictorService-SecIpmManagerServiceImpl: reportToNAP uid:10790 com.example.uianaliticsxml/com.example.uianaliticsxml.MainActivity thisTime:459
08-30 18:43:10.488  1408  1483 I ActivityTaskManager: Displayed com.example.uianaliticsxml/.MainActivity: +459ms
08-30 18:43:10.488  1408 12401 D PkgPredictorService-IpmAdcpController: com.example.uianaliticsxml become forground, dex profile begin
08-30 18:43:10.489  3345  3345 E pageboostd: Received HALT command code 2
08-30 18:43:10.511  1408 12401 E PkgPredictorService-IpmAdcpController: file not found:java.io.FileNotFoundException: /sys/fs/cgroup/uid_10790/pid_31688/cgroup.procs: open failed: ENOENT (No such file or directory)
08-30 18:43:10.535  1408  1438 W System  : A resource failed to call HardwareBuffer.close.
08-30 18:43:10.602  2446  5303 I CapturePreview: start save : compress capture bitmap : 191353
08-30 18:43:10.607  2446  5303 I CapturePreview: save result :  path : /data/user/0/com.sec.android.app.launcher/cache/homescreenPreview.png
08-30 18:43:10.610  1408  5076 D SecContentProvider: query(), uri = 17 selection = isSettingsChangesAllowed
08-30 18:43:10.877  1408  1772 D SemNscXgbMsL1: Probability - Cloud gaming: [0.04415229]
08-30 18:43:10.877  1408  1772 D SemNscXgbMsL1: Probability - Real time: [0.10864212]
08-30 18:43:10.877  1408  1772 D SemNscXgbMsL1: Probability - Non real time: [0.915227]
08-30 18:43:10.877  1408  1772 D SemNscXgbMsL1: 1 sample inference time: 0.195462 msecs
08-30 18:43:10.877  1408  1772 D SemNscXgbL2Rt: L2 RT 1 sample inference time: 0.333346 msecs
08-30 18:43:10.877  1408  1772 D SemNscXgbL2Nrt: L2 NRT 1 sample inference time: 0.231038 msecs
08-30 18:43:11.378  1408  1772 D SemNscXgbMsL1: Probability - Cloud gaming: [0.04415229]
08-30 18:43:11.378  1408  1772 D SemNscXgbMsL1: Probability - Real time: [0.10864212]
08-30 18:43:11.378  1408  1772 D SemNscXgbMsL1: Probability - Non real time: [0.915227]
08-30 18:43:11.378  1408  1772 D SemNscXgbMsL1: 1 sample inference time: 0.259038 msecs
08-30 18:43:11.379  1408  1772 D SemNscXgbL2Rt: L2 RT 1 sample inference time: 0.422769 msecs
08-30 18:43:11.379  1408  1772 D SemNscXgbL2Nrt: L2 NRT 1 sample inference time: 0.355539 msecs
08-30 18:43:11.403 18584 18584 I ResourceOverlayService_0: waitAndQuit called
08-30 18:43:11.404 18584 18584 I ResourceOverlayService_0: activity user id 0 process id 0
08-30 18:43:11.852  1408  1772 I SemWifiServiceDetector: Traff. tracking stopped
08-30 18:43:11.909 31745 31745 I dex2oat32: Explicit concurrent copying GC freed 22611(6492KB) AllocSpace objects, 0(0B) LOS objects, 86% free, 232KB/1768KB, paused 25us,14us total 4.349ms
08-30 18:43:12.004 31745 31745 I dex2oat32: dex2oat took 1.605s (3.019s cpu) (threads: 6) arena alloc=1717KB (1758928B) java alloc=232KB (238080B) native alloc=10MB (11289280B) free=60MB (63385856B)
08-30 18:43:12.037  1244  1613 V installd: DexInv: --- END '/data/app/~~WSfr5Cyt4O_58oBd9vGGqA==/com.example.uianaliticsxml-FX0HmDCex3Oh80MmKZhXuw==/base.apk' (success) ---
08-30 18:43:12.088 10782 10803 I Backup  : [GmsBackupTransport] New restore session, 2 apps
08-30 18:43:12.095 10782 10782 D BoundBrokerSvc: onBind: Intent { act=com.google.android.gms.common.BIND_SHARED_PREFS pkg=com.google.android.gms }
08-30 18:43:12.095 10782 10782 D BoundBrokerSvc: Loading bound service for intent: Intent { act=com.google.android.gms.common.BIND_SHARED_PREFS pkg=com.google.android.gms }
08-30 18:43:12.098 10782 10782 D BoundBrokerSvc: onUnbind: Intent { act=com.google.android.gms.common.BIND_SHARED_PREFS pkg=com.google.android.gms }
08-30 18:43:12.107 10782 10782 D BoundBrokerSvc: onBind: Intent { act=com.google.android.gms.common.BIND_SHARED_PREFS pkg=com.google.android.gms }
08-30 18:43:12.107 10782 10782 D BoundBrokerSvc: Loading bound service for intent: Intent { act=com.google.android.gms.common.BIND_SHARED_PREFS pkg=com.google.android.gms }
08-30 18:43:12.109 10782 10782 D BoundBrokerSvc: onUnbind: Intent { act=com.google.android.gms.common.BIND_SHARED_PREFS pkg=com.google.android.gms }
08-30 18:43:12.110 10782 10803 I Backup  : [BlacklistedInfoRequestProcessor] Attaching GetAppKeyBlacklistInfo request to restore request.
08-30 18:43:12.128 10782 10782 D BoundBrokerSvc: onBind: Intent { act=com.google.android.gms.common.BIND_SHARED_PREFS pkg=com.google.android.gms }
08-30 18:43:12.128 10782 10782 D BoundBrokerSvc: Loading bound service for intent: Intent { act=com.google.android.gms.common.BIND_SHARED_PREFS pkg=com.google.android.gms }
08-30 18:43:12.132 10782 10782 D BoundBrokerSvc: onUnbind: Intent { act=com.google.android.gms.common.BIND_SHARED_PREFS pkg=com.google.android.gms }
08-30 18:43:12.146 10782 10803 D TrafficStats: tagSocket(205) with statsTag=0xffffff03, statsUid=10790
08-30 18:43:12.146  1408  1808 D NetdEventListenerService: DNS Requested by : 142, 10230
08-30 18:43:12.262 10782 10803 W Conscrypt: Could not set socket write timeout: java.net.SocketException: Socket closed
08-30 18:43:12.262 10782 10803 W Conscrypt: 	at com.google.android.gms.org.conscrypt.Platform.setSocketWriteTimeout(:com.google.android.gms@233116045@23.31.16 (190408-555695945):226)
08-30 18:43:12.262 10782 10803 W Conscrypt: 	at com.google.android.gms.org.conscrypt.ConscryptFileDescriptorSocket.setSoWriteTimeout(:com.google.android.gms@233116045@23.31.16 (190408-555695945):4)
08-30 18:43:12.347 10782 10803 W Conscrypt: Could not set socket write timeout: java.net.SocketException: Socket closed
08-30 18:43:12.348 10782 10803 W Conscrypt: 	at com.google.android.gms.org.conscrypt.Platform.setSocketWriteTimeout(:com.google.android.gms@233116045@23.31.16 (190408-555695945):226)
08-30 18:43:12.348 10782 10803 W Conscrypt: 	at com.google.android.gms.org.conscrypt.ConscryptFileDescriptorSocket.setSoWriteTimeout(:com.google.android.gms@233116045@23.31.16 (190408-555695945):4)
08-30 18:43:12.404 18584 18584 I ResourceOverlayService_0: waitAndQuit called
08-30 18:43:12.406 18584 18584 I ResourceOverlayService_0: activity user id 0 process id 0
08-30 18:43:12.643 10782 10803 I Backup  : [BackupHttpRequestUtil] Http Response Code: 200
08-30 18:43:12.648 10782 10803 I Backup  : [GmsBackupTransport] Got kv restore package: @pm@
08-30 18:43:12.656 10782 10803 I Backup  : [GmsBackupTransport] Encrypted kv restore of @pm@
08-30 18:43:12.659  1408  5076 I RecoverableAppKeyStore: Get 0/10230/com.google.android.gms.backup/folsom/C5F18DFA8E28096A8E0467ABFBF7A104
08-30 18:43:12.668   690   690 W keymaster_tee: [WRN]begin req PARAMS: A32 B32 P1
08-30 18:43:12.681 10782 10803 E GmsConnectionFactory: UID for network attribution might be misset for tag -252 [CONTEXT service_id=39 ]
08-30 18:43:12.681 10782 10803 E GmsConnectionFactory: dqvx: FULL
08-30 18:43:12.681 10782 10803 E GmsConnectionFactory: 	at a.P(:com.google.android.gms@233116045@23.31.16 (190408-555695945):9)
08-30 18:43:12.681 10782 10803 E GmsConnectionFactory: 	at asxb.a(:com.google.android.gms@233116045@23.31.16 (190408-555695945):148)
08-30 18:43:12.681 10782 10803 E GmsConnectionFactory: 	at avxm.c(:com.google.android.gms@233116045@23.31.16 (190408-555695945):119)
08-30 18:43:12.681 10782 10803 E GmsConnectionFactory: 	at avxm.b(:com.google.android.gms@233116045@23.31.16 (190408-555695945):2)
08-30 18:43:12.681 10782 10803 E GmsConnectionFactory: 	at abhj.a(:com.google.android.gms@233116045@23.31.16 (190408-555695945):124)
08-30 18:43:12.681 10782 10803 E GmsConnectionFactory: 	at abme.a(:com.google.android.gms@233116045@23.31.16 (190408-555695945):19)
08-30 18:43:12.681 10782 10803 E GmsConnectionFactory: 	at abil.b(:com.google.android.gms@233116045@23.31.16 (190408-555695945):168)
08-30 18:43:12.681 10782 10803 E GmsConnectionFactory: 	at abid.call(:com.google.android.gms@233116045@23.31.16 (190408-555695945):275)
08-30 18:43:12.681 10782 10803 E GmsConnectionFactory: 	at abil.t(:com.google.android.gms@233116045@23.31.16 (190408-555695945):1)
08-30 18:43:12.681 10782 10803 E GmsConnectionFactory: 	at abil.getRestoreData(:com.google.android.gms@233116045@23.31.16 (190408-555695945):11)
08-30 18:43:12.681 10782 10803 E GmsConnectionFactory: 	at android.app.backup.BackupTransport$TransportImpl.getRestoreData(BackupTransport.java:830)
08-30 18:43:12.681 10782 10803 E GmsConnectionFactory: 	at com.android.internal.backup.IBackupTransport$Stub.onTransact(IBackupTransport.java:716)
08-30 18:43:12.681 10782 10803 E GmsConnectionFactory: 	at android.os.Binder.transact(Binder.java:1200)
08-30 18:43:12.681 10782 10803 E GmsConnectionFactory: 	at azjy.onTransact(:com.google.android.gms@233116045@23.31.16 (190408-555695945):10)
08-30 18:43:12.681 10782 10803 E GmsConnectionFactory: 	at android.os.Binder.transact(Binder.java:1200)
