08-30 18:43:14.937 10782 31813 I Dck     : 	at java.util.concurrent.ThreadPoolExecutor.runWorker(ThreadPoolExecutor.java:1137)
08-30 18:43:14.937 10782 31813 I Dck     : 	at java.util.concurrent.ThreadPoolExecutor$Worker.run(ThreadPoolExecutor.java:637)
08-30 18:43:14.937 10782 31813 I Dck     : 	at java.lang.Thread.run(Thread.java:1012)
08-30 18:43:14.937 10782 31813 W Dck     : Dck module not eligible for asynchronous downloading [CONTEXT service_id=289 ]
08-30 18:43:14.941 12366 13052 I DWBLocalPackageManager: onPackageAdded Already Exist : com.example.uianaliticsxml
08-30 18:43:14.943  1408  1670 I InputReader: Reconfiguring input devices, changes=KEYBOARD_LAYOUTS |
08-30 18:43:14.949 31866 31866 E nder:appservice: Not starting debugger since process cannot load the jdwp agent.
08-30 18:43:14.964  8622 31812 I ProximityAuth: [RecentAppsMediator] Package added: (user=UserHandle{0}) com.example.uianaliticsxml
08-30 18:43:14.965  8622 31807 I FontLog : (REDACTED) Package %s has no metadata
08-30 18:43:14.966  8622 31807 W GCM     : Unexpected forwarded intent: Intent { act=android.intent.action.PACKAGE_ADDED dat=package: flg=0x4000010 pkg=com.google.android.gms cmp=com.google.android.gms/.chimera.PersistentIntentOperationService (has extras) }
08-30 18:43:14.965  1045  2640 D AF::TrackHandle: OpPlayAudio: track:503 usage:2 not muted
08-30 18:43:14.966  1045  2640 D AF::TrackHandle: OpPlayAudio: track:503 usage:2 not muted
08-30 18:43:14.966  1045  2640 D AF::TrackHandle: OpPlayAudio: track:503 usage:2 not muted
08-30 18:43:14.967  8622 31807 W GCM     : Unexpected forwarded intent: Intent { act=android.intent.action.PACKAGE_ADDED dat=package: flg=0x4000010 pkg=com.google.android.gms cmp=com.google.android.gms/.chimera.PersistentIntentOperationService (has extras) }
08-30 18:43:14.972  1045  2640 D AF::TrackHandle: OpPlayAudio: track:503 usage:2 not muted
08-30 18:43:14.973  1045  2640 D AF::TrackHandle: OpPlayAudio: track:503 usage:2 not muted
08-30 18:43:14.979  1055  1088 I heimdall: insert_task_to_group:67, insert tgid 31866 to group com.sec.android.app.chromecustomizations, ret = 0
08-30 18:43:14.979 31866 31866 D ActivityThread: setConscryptValidator
08-30 18:43:14.979 31866 31866 D ActivityThread: setConscryptValidator - put
08-30 18:43:14.983  1408  1636 D SEP_UNION_SemDeviceInfoManagerService: sendIntentAction() action = android.intent.action.PACKAGE_CHANGED, tag =
08-30 18:43:15.003 31866 31866 D CompatibilityChangeReporter: Compat change id reported: 171979766; UID 10066; state: ENABLED
08-30 18:43:15.006  8163  8359 I Finsky  : [1094] joh.a(201): AIM: AppInfoManager-Perf > ItemModel > CacheSize=104, cacheHitCount=0, cacheMissCount=0, total appsWithNoServerDataCount=6. Missed  in cache (limit 10) : []
08-30 18:43:15.016  6334  6334 I Routine@Core[4.0.02.2]: MetadataLoaderJobService: onCreate
08-30 18:43:15.016  6334  6334 I Routine@Core[4.0.02.2]: Pref: putSharedPrefsData() key=pref_metaloader_loading
08-30 18:43:15.019  8163  8359 I Finsky  : [1094] iur.accept(156): AIM: AppInfoManager-Perf > getApps > data collection finished
08-30 18:43:15.019  8163  8359 I Finsky  : [1094] jdo.run(772): AIM: AppInfoManager-Perf > maybeDestroyAppInfoManager is called. actives = 0
08-30 18:43:15.021  2321  2338 I SecureElementService: SEReader getReaders()
08-30 18:43:15.021  2321  2338 D SecureElementService: getReaders() for com.android.nfc
08-30 18:43:15.021  2321  2338 I SecureElementService: SEReader getReaders()
08-30 18:43:15.021  2321  2338 D SecureElementService: getReaders() for com.android.nfc
08-30 18:43:15.027  8163  8392 I Finsky  : [1100] joh.a(201): AIM: AppInfoManager-Perf > ItemModel > CacheSize=104, cacheHitCount=0, cacheMissCount=0, total appsWithNoServerDataCount=6. Missed  in cache (limit 10) : []
08-30 18:43:15.028  1408  1636 D SEP_UNION_SemDeviceInfoManagerService: sendIntentAction() action = android.intent.action.PACKAGE_CHANGED, tag =
08-30 18:43:15.036  1408  1786 W SemWifiTransportLayerUtils: getApplicationCategory - IOException com.example.uianaliticsxml
08-30 18:43:15.037  1408  1786 W System.err: java.io.FileNotFoundException: https://play.google.com/store/apps/details?id=com.example.uianaliticsxml&hl=en
08-30 18:43:15.037  1408  1786 W System.err: 	at com.android.okhttp.internal.huc.HttpURLConnectionImpl.getInputStream(HttpURLConnectionImpl.java:255)
08-30 18:43:15.037  1408  1786 W System.err: 	at com.android.okhttp.internal.huc.DelegatingHttpsURLConnection.getInputStream(DelegatingHttpsURLConnection.java:211)
08-30 18:43:15.037 10782 10782 D BoundBrokerSvc: onBind: Intent { act=com.google.android.gms.common.BIND_SHARED_PREFS pkg=com.google.android.gms }
08-30 18:43:15.037 10782 10782 D BoundBrokerSvc: Loading bound service for intent: Intent { act=com.google.android.gms.common.BIND_SHARED_PREFS pkg=com.google.android.gms }
08-30 18:43:15.037  1408  1786 W System.err: 	at com.android.okhttp.internal.huc.HttpsURLConnectionImpl.getInputStream(HttpsURLConnectionImpl.java:30)
08-30 18:43:15.037  1408  1786 W System.err: 	at com.samsung.android.server.wifi.tcp.SemWifiTransportLayerUtils.getApplicationCategory(SemWifiTransportLayerUtils.java:104)
08-30 18:43:15.037  1408  1786 W System.err: 	at com.samsung.android.server.wifi.tcp.SemWifiTransportLayerMonitor$TcpMonitorHandler.handleMessage(SemWifiTransportLayerMonitor.java:244)
08-30 18:43:15.037  1408  1786 W System.err: 	at android.os.Handler.dispatchMessage(Handler.java:106)
08-30 18:43:15.037  1408  1786 W System.err: 	at android.os.Looper.loopOnce(Looper.java:226)
08-30 18:43:15.037  1408  1786 W System.err: 	at android.os.Looper.loop(Looper.java:313)
08-30 18:43:15.037  1408  1786 W System.err: 	at android.os.HandlerThread.run(HandlerThread.java:67)
08-30 18:43:15.038  1408  1786 D SemWifiTransportLayerMonitor.TcpMonitorHandler: MSG_SAVE_PACKAGE_INFO
08-30 18:43:15.038  1408  1786 D SemWifiTransportLayerFileManager: saveWifiPackageInfoToFile
08-30 18:43:15.038  1408  1786 D SemWifiTransportLayerFileManager: writeWifiPackageInfoList
08-30 18:43:15.043  6334  6334 I Routine@Core[4.0.02.2]: SettingsWrapper: ultraPowerSavingMode: -1
08-30 18:43:15.043  6334  6334 I Routine@Core[4.0.02.2]: RoutineService: onStartCommand: com.samsung.android.rotine.ACTION_PACKAGE_CHANGED
08-30 18:43:15.060  1408  1436 I system_server: Background concurrent copying GC freed 746886(41MB) AllocSpace objects, 34(1608KB) LOS objects, 16% free, 121MB/145MB, paused 2.555ms,257us total 295.646ms
08-30 18:43:15.062 10782 10782 D BoundBrokerSvc: onUnbind: Intent { act=com.google.android.gms.common.BIND_SHARED_PREFS pkg=com.google.android.gms }
08-30 18:43:15.064  8622 31810 I Fitness : (REDACTED) OnPackageChangedOperation got intent: %s
08-30 18:43:15.064  6334  6334 I Routine@Core[4.0.02.2]: MetadataLoaderJobService: onStartJob: collectPackageInBG - com.example.uianaliticsxml
08-30 18:43:15.066  6334  6334 I Routine@Core[4.0.02.2]: MetadataSyncHistory: latest : 4.0.02.2, currentVersion : 4.0.02.2
08-30 18:43:15.068  6334  6334 I Routine@Core[4.0.02.2]: MetadataSyncHistory: latest : 4.0.02.2, currentVersion : 4.0.02.2
08-30 18:43:15.068  6334  6334 I Routine@Core[4.0.02.2]: MetadataLoaderJobService: packageName : com.example.uianaliticsxml, forced : true
08-30 18:43:15.069  8622  3086 I BluetoothAdapter: STATE_BLE_ON
08-30 18:43:15.069  6334  6334 I Routine@Core[4.0.02.2]: RoutineService: onDestroy
08-30 18:43:15.069  2285  2285 D RegisteredServicesCache: invalidateCache : 0
08-30 18:43:15.069  6334 12247 I Routine@Core[4.0.02.2]: MetadataLoadManager: collect: com.example.uianaliticsxml
08-30 18:43:15.069  6334 12247 I Routine@Core[4.0.02.2]: MetadataLoadManager: collectWithCollectors - com.example.uianaliticsxml
08-30 18:43:15.076  8622 31810 I Fitness : (REDACTED) FitCleanupIntentOperation received Intent %s
08-30 18:43:15.078  1408  1438 W System  : A resource failed to call release.
08-30 18:43:15.079  1408  1786 D SemWifiTransportLayerMonitor.TcpMonitorHandler: MSG_SAVE_PACKAGE_INFO
08-30 18:43:15.079  1408  1786 D SemWifiTransportLayerFileManager: saveWifiPackageInfoToFile
08-30 18:43:15.079  1408  1786 D SemWifiTransportLayerFileManager: writeWifiPackageInfoList
08-30 18:43:15.080  1054  2482 I SurfaceFlinger: id=86352 Removed Display 20 name="SpegVirtualDisplay"#86352 (118)
08-30 18:43:15.085  8622  3086 I BluetoothAdapter: appoCount is = 1 G/S = 5/4
08-30 18:43:15.086  8622  3086 W ChimeraUtils: Module com.google.android.gms.nearby_en missing resource null(0)
08-30 18:43:15.087 12319 12319 I FILP/PackageIntentReceiver: action : com.samsung.android.provider.filterprovider.INTENT_PACKAGE_ADDED
08-30 18:43:15.087 12319 12319 I FILP/PackageIntentReceiver: pkgName : com.example.uianaliticsxml
08-30 18:43:15.088 12319 12319 E FILP/PackageIntentReceiver: This package is not a effect filter
08-30 18:43:15.091  8163  8163 I Finsky  : [2] vmm.g(1): vmm - Received: android.intent.action.PACKAGE_CHANGED, [nx7oZ8BzNNt59BizgyKiaT6c9N_k4pF7u36ObbIhtiE]
08-30 18:43:15.091 10782 28621 I Icing   : Indexing com.google.android.gms-apps from com.google.android.gms
08-30 18:43:15.093  2285  2285 E ApduServiceInfo: Not adding <aid-group> with empty or invalid AIDs
08-30 18:43:15.093  2285  2285 I NfcKnoxUtil: isNFCAllowed is called for userId - 0
08-30 18:43:15.093  2285  2285 D NfcKnoxUtil: NFC checking for 0
08-30 18:43:15.093  1054  1054 I Layer   : id=86352 Destroyed Display 20 name="SpegVirtualDisplay"#86352
08-30 18:43:15.093 11028 31888 I GOS:GameIntentService: onHandleIntent. GameIntentService. type: 15, pkgName: com.example.uianaliticsxml
08-30 18:43:15.095  2285  2285 W NfcKnoxUtil:  container manager null for 0
08-30 18:43:15.095  2285  2285 I NfcKnoxUtil: allow NFC for 0
08-30 18:43:15.095  2285  2285 D RegisteredOtherServicesCache: invalidate : 0
08-30 18:43:15.096  2285  2285 I RegisteredOtherServicesCache: current user: 0, is managed profile : false, is dual profile : false
08-30 18:43:15.097  2285  2285 I CardEmulationManager: current user id : 0, is managed profile : false, is dual profile : false verify install : false
08-30 18:43:15.097  2285  2285 I RegisteredAidCache:  user id = 0
08-30 18:43:15.098  2285  2285 I RegisteredAidCache:  user id = 150
08-30 18:43:15.098  6334 12247 E Routine@Core[4.0.02.2]: ContentSetter: deleteRoutines: id=[]
08-30 18:43:15.102  2285  2285 I RegisteredAidCache: aidInfo: 0
08-30 18:43:15.102  2285  2285 I RegisteredAidCache: aidInfo: 0
08-30 18:43:15.102  2285  2285 I RegisteredAidCache: aidInfo: 0
08-30 18:43:15.102  2285  2285 I RegisteredAidCache: aidInfo: 0
08-30 18:43:15.102  2285  2285 I RegisteredAidCache: aidInfo: 0
08-30 18:43:15.102  2285  2285 I RegisteredAidCache: aidInfo: 0
08-30 18:43:15.102  2285  2285 D AidRoutingManager: support iso7816 protocol route
08-30 18:43:15.102  2285  2285 D AidRoutingManager: getRouteForNfcExecutionEnvironment : SIM1
08-30 18:43:15.102  2285  2285 D AidRoutingManager: defaultRoute(this) : 0x2, defaultRoute(Cache) : 0x2
08-30 18:43:15.102  2285  2285 D AidRoutingManager: [seList] - add default route : 0x2
08-30 18:43:15.102  2285  2285 D AidRoutingManager: [seList] - add route : 0x0
08-30 18:43:15.102  2285  2285 D AidRoutingManager: entry changed : false
08-30 18:43:15.102  2285  2285 D AidRoutingManager: power changed : false
08-30 18:43:15.102  2285  2285 D AidRoutingManager: route changed : false
08-30 18:43:15.102  2285  2285 D AidRoutingManager: routing update is not required
08-30 18:43:15.104  8163 31578 I Finsky  : [1298] olw.run(312): Wrote row to frosting DB: 15290
08-30 18:43:15.104  8163  8163 I Finsky  : [2] jmo.f(9): AIM: AppInfoCacheUpdater -> invalidating apps: [com.example.uianaliticsxml]
08-30 18:43:15.105  8163  8163 I Finsky  : [2] jnf.g(21): AIM: AppInfoManager-Perf > getApps > called for 1 apps
08-30 18:43:15.107  8163  8384 I Finsky  : [1097] jol.a(56): AIM: AppInfoManager-Perf > OnDeviceAppInfo > cacheHitCount=0, cacheMissCount=1. Missed  in cache (limit 10) : [com.example.uianaliticsxml]
08-30 18:43:15.109  8163  8340 I Finsky  : [1087] jol.a(56): AIM: AppInfoManager-Perf > OnDeviceAppInfo > cacheHitCount=1, cacheMissCount=0. Missed  in cache (limit 10) : []
08-30 18:43:15.111  8163  8340 I Finsky  : [1087] jma.apply(539): AIM: Got app ownership map. App counts: . Unique apps: 0
08-30 18:43:15.113  8163 31578 I Finsky  : [1298] olw.run(312): Wrote row to frosting DB: 15291
08-30 18:43:15.116  8163  8392 I Finsky  : [1100] jma.apply(539): AIM: Got app ownership map. App counts: . Unique apps: 0
08-30 18:43:15.123  2446 11470 I LauncherProvider: External provider call by package : com.samsung.android.app.galaxyfinder  for method : get_home_mode
08-30 18:43:15.123  2446 11470 I ExternalMethodFactory: get_home_mode
08-30 18:43:15.123  2285  2285 D RegisteredNfcFServicesCache: Service unchanged, not updating
08-30 18:43:15.127  2321  2338 I SecureElementService: SEReader getReaders()
08-30 18:43:15.127  2321  2338 D SecureElementService: getReaders() for com.android.nfc
08-30 18:43:15.127  8622 31812 I Fitness : (REDACTED) OnPackageChangedOperation got intent: %s
08-30 18:43:15.128  2321  2338 I SecureElementService: SEReader getReaders()
08-30 18:43:15.128  2321  2338 D SecureElementService: getReaders() for com.android.nfc
08-30 18:43:15.128 10782 28621 I Icing   : Indexing done com.google.android.gms-apps
08-30 18:43:15.131  8622 31878 I Fitness : (REDACTED) FitCleanupIntentOperation received Intent %s
08-30 18:43:15.131  6334 12247 E Routine@Core[4.0.02.2]: ContentSetter: deleteRoutines: id=[]
08-30 18:43:15.131  6334 12247 I Routine@Core[4.0.02.2]: ConflictItemConverter: convertConflictActions - 0
08-30 18:43:15.132  6334 12247 I Routine@Core[4.0.02.2]: Pref: removeSharedPrefsData() key=meta_loading_target_package_name
08-30 18:43:15.138  2321  2338 I SecureElementService: SEReader getReaders()
08-30 18:43:15.138  2321  2338 D SecureElementService: getReaders() for com.android.nfc
08-30 18:43:15.139  8622  3086 W ChimeraUtils: Module com.google.android.gms.nearby_en missing resource null(0)
08-30 18:43:15.139  2321  2338 I SecureElementService: SEReader getReaders()
08-30 18:43:15.139  2321  2338 D SecureElementService: getReaders() for com.android.nfc
08-30 18:43:15.140 10782 28621 I Icing   : Indexing com.google.android.gms-apps from com.google.android.gms
08-30 18:43:15.143  8622  3086 W ChimeraUtils: Module com.google.android.gms.nearby_en missing resource null(0)
08-30 18:43:15.146  6334  6334 I Routine@Core[4.0.02.2]: Pref: putSharedPrefsData() key=routine_meta_data_loading_statue
08-30 18:43:15.147  6334  6334 I Routine@Core[4.0.02.2]: NotificationUpdateServiceUtils: requestUpdateNotification
08-30 18:43:15.150 10782 28621 I Icing   : Indexing done com.google.android.gms-apps
08-30 18:43:15.154   911   911 D Zygote  : Forked child process 31901
08-30 18:43:15.157  8163  8392 I Finsky  : [1100] joh.a(201): AIM: AppInfoManager-Perf > ItemModel > CacheSize=104, cacheHitCount=0, cacheMissCount=0, total appsWithNoServerDataCount=6. Missed  in cache (limit 10) : []
08-30 18:43:15.157  6334  6334 I Routine@Core[4.0.02.2]: DatabaseJobIntentService: Stop no more task
08-30 18:43:15.160  6334  6334 I Routine@Core[4.0.02.2]: MetadataLoaderJobService: metadataLoadingFinished: collectPackageInBG - com.example.uianaliticsxml
08-30 18:43:15.160  8163  8384 I Finsky  : [1097] joh.a(201): AIM: AppInfoManager-Perf > ItemModel > CacheSize=104, cacheHitCount=0, cacheMissCount=0, total appsWithNoServerDataCount=6. Missed  in cache (limit 10) : []
08-30 18:43:15.163 12282 12282 I Routine@Ui[4.0.02.2]: MetadataSyncHistory: latest : 4.0.02.2, currentVersion : 4.0.02.2
08-30 18:43:15.164  2446 11470 I LauncherProvider: External provider call by package : com.samsung.android.app.galaxyfinder  for method : get_home_mode
08-30 18:43:15.164  2446 11470 I ExternalMethodFactory: get_home_mode
08-30 18:43:15.167  6334  6334 I Routine@Core[4.0.02.2]: RoutineService: onCreate
08-30 18:43:15.167  6334  6334 I Routine@Core[4.0.02.2]: SettingsWrapper: ultraPowerSavingMode: -1
08-30 18:43:15.167  6334  6334 I Routine@Core[4.0.02.2]: RoutineService: onStartCommand: com.samsung.android.app.routine.ACTION_METADATA_LOADING_FINISHED
08-30 18:43:15.167  6334  6334 I Routine@Core[4.0.02.2]: RoutineDataMigrator: migration - begin
08-30 18:43:15.168  6334  6334 I Routine@Core[4.0.02.2]: RoutineDataMigrator: migration - end
08-30 18:43:15.168  6334  6334 I Routine@Core[4.0.02.2]: RoutineHistoryDumpImpl: [RoutineDataMigrator]  done. results=[]
08-30 18:43:15.169  6334  6334 I Routine@Core[4.0.02.2]: SleepScheduleInfoRequester: getMigrationDataAboutSleepSchedule
08-30 18:43:15.173 11697 11703 I adbd    : jdwp connection from 31901
08-30 18:43:15.176  1055  1088 I heimdall: insert_task_to_group:67, insert tgid 31901 to group com.sec.android.app.chromecustomizations, ret = 0
08-30 18:43:15.176 31901 31901 D ActivityThread: setConscryptValidator
08-30 18:43:15.177 31901 31901 D ActivityThread: setConscryptValidator - put
08-30 18:43:15.179 12284 27978 I ProviderCallHandler: execute getMigrationDataAboutSleepSchedule by com.samsung.android.app.routines
08-30 18:43:15.179 12284 27978 I ProviderCallHandler: getMigrationDataAboutSleepSchedule
08-30 18:43:15.180 12284 27978 I RoutineUtil: isRoutinePackageEnabled true
08-30 18:43:15.182 12284 27978 I RoutineUtil: startSmartThingsDataMigration-> migration request without restore
08-30 18:43:15.182 12284 27978 I RoutineUtil: startSmartThingsDataMigration-> start smartthings migration
08-30 18:43:15.184 10782 28621 I Icing   : Indexing com.google.android.gms-apps from com.google.android.gms
08-30 18:43:15.184 12284 27978 I RoutineUtil: startSmartThingsDataMigration-> bedtimeConfigData: null
08-30 18:43:15.184 12284 27978 I RoutineUtil: startSmartThingsDataMigration-> wakeUpConfigData: null
08-30 18:43:15.184 12284 27978 I RoutineUtil: startSmartThingsDataMigration-> bedtimeMasterSwitch: false
08-30 18:43:15.184 12284 27978 I RoutineUtil: startSmartThingsDataMigration-> wakeuptimeMasterSwitch: false
08-30 18:43:15.184 12284 27978 I RoutineUtil: startSmartThingsDataMigration-> bedTimeSelectedItem: -1
08-30 18:43:15.184 12284 27978 I RoutineUtil: startSmartThingsDataMigration-> wakeupTimeSelectedItem: 0
08-30 18:43:15.184 12284 27978 I RoutineUtil: startSmartThingsDataMigration-> bedtimeMode: false
08-30 18:43:15.186 10782 28621 I Icing   : Indexing done com.google.android.gms-apps
08-30 18:43:15.187  6334  6334 I Routine@Core[4.0.02.2]: SleepScheduleInfoRequester: getMigrationDataAboutSleepSchedule : isSourceSos(false)
08-30 18:43:15.187  6334  6334 I Routine@Core[4.0.02.2]: SleepScheduleInfoRequester: getMigrationDataAboutSleepSchedule : sleepScheduleList([])
08-30 18:43:15.187  6334  6334 I Routine@Core[4.0.02.2]: SleepScheduleInfoRequester: getMigrationDataAboutSleepSchedule : isBedTimeSynced(false)
08-30 18:43:15.188  1408  1493 D EnterpriseDeviceManagerService: Package has changed for user 0
08-30 18:43:15.188  1408  1493 D EnterpriseDeviceManagerService: Admin package name: com.samsung.android.kgclient
08-30 18:43:15.189  4516  4516 I AppsEdge.PanelContainer: onPackageAdded
08-30 18:43:15.190  2446  2878 I PackageUpdatedTask: mAllAppsList.addPackage com.example.uianaliticsxml
08-30 18:43:15.190  4188  4188 D KnoxHelper: getActivityList callingUserId: 0, target user: 0
08-30 18:43:15.192 31901 31901 D CompatibilityChangeReporter: Compat change id reported: 171979766; UID 10790; state: ENABLED
08-30 18:43:15.193  1055  1088 I heimdall: insert_task_to_group:67, insert tgid 31901 to group com.example.uianaliticsxml, ret = 0
08-30 18:43:15.194  4188  4419 D KnoxHelper: getActivityList callingUserId: 0, target user: 0
08-30 18:43:15.195  4188  4419 D KnoxHelper: getActivityList callingUserId: 0, target user: 0
08-30 18:43:15.195  8163  8340 I Finsky  : [1087] iur.accept(156): AIM: AppInfoManager-Perf > getApps > data collection finished
08-30 18:43:15.195  8163  8340 I Finsky  : [1087] jdo.run(772): AIM: AppInfoManager-Perf > maybeDestroyAppInfoManager is called. actives = 0
08-30 18:43:15.196  4188  4419 D KnoxHelper: getActivityList callingUserId: 0, target user: 0
08-30 18:43:15.196  4188  4419 D KnoxHelper: getActivityList callingUserId: 0, target user: 0
08-30 18:43:15.197  4188  4419 D KnoxHelper: getActivityList callingUserId: 0, target user: 0
08-30 18:43:15.198  4188  4419 D KnoxHelper: getActivityList callingUserId: 0, target user: 0
08-30 18:43:15.199  1408  1493 I SemExecuteManagerService: onSomePackagesChanged
08-30 18:43:15.199  4188  4419 D KnoxHelper: getActivityList callingUserId: 0, target user: 0
08-30 18:43:15.200  4188  4419 D KnoxHelper: getActivityList callingUserId: 0, target user: 0
08-30 18:43:15.200  8622 17875 I BluetoothAdapter: STATE_BLE_ON
08-30 18:43:15.201  4188  4419 D KnoxHelper: getActivityList callingUserId: 0, target user: 0
08-30 18:43:15.201  8622 17875 I BluetoothAdapter: appoCount is = 1 G/S = 5/4
08-30 18:43:15.202  4188  4419 D KnoxHelper: getActivityList callingUserId: 0, target user: 0
08-30 18:43:15.203  4188  4419 D KnoxHelper: getActivityList callingUserId: 0, target user: 0
08-30 18:43:15.203  6334  6334 I Routine@Core[4.0.02.2]: SleepScheduleMigrator: migrateSleepMode: MigrationResultState is NOT YET, try migration
08-30 18:43:15.203  6334  6334 I Routine@Core[4.0.02.2]: SleepScheduleMigrator: migrateSleepMode: try migration dwb data
08-30 18:43:15.203  6334  6334 I Routine@Core[4.0.02.2]: SleepScheduleMigrator: migrateDWBData
08-30 18:43:15.204  4188  4419 D KnoxHelper: getActivityList callingUserId: 0, target user: 0
08-30 18:43:15.204  2446  2878 I AppIconSolution: getThemeIconWithBG called with public API, pkg = com.example.uianaliticsxml, mode = 48
08-30 18:43:15.204  4188  4419 D KnoxHelper: getActivityList callingUserId: 0, target user: 0
08-30 18:43:15.204  2446  2878 I AppIconSolution: return adaptive icon for com.example.uianaliticsxml, isNight = true
08-30 18:43:15.205  4188  4419 D KnoxHelper: getActivityList callingUserId: 0, target user: 0
08-30 18:43:15.205  4188  4419 D KnoxHelper: getActivityList callingUserId: 0, target user: 0
08-30 18:43:15.206  4188  4419 D KnoxHelper: getActivityList callingUserId: 0, target user: 0
08-30 18:43:15.206  4188  4419 D KnoxHelper: getActivityList callingUserId: 0, target user: 0
08-30 18:43:15.207  4188  4419 D KnoxHelper: getActivityList callingUserId: 0, target user: 0
08-30 18:43:15.208  4188  4419 D KnoxHelper: getActivityList callingUserId: 0, target user: 0
08-30 18:43:15.208  4188  4419 D KnoxHelper: getActivityList callingUserId: 0, target user: 0
08-30 18:43:15.208  2446  2878 I LauncherActivityInfo: packageName: com.example.uianaliticsxml, useThemeIcon: false, height: 216, width: 216, density: 640
08-30 18:43:15.209  4188  4419 D KnoxHelper: getActivityList callingUserId: 0, target user: 0
08-30 18:43:15.209  4188  4419 D KnoxHelper: getActivityList callingUserId: 0, target user: 0
08-30 18:43:15.210  6615 31924 I AppsEdge.Service: addItem
08-30 18:43:15.210  6615 31924 I AppsEdge.DBHelper: getFavoriteItems : false
08-30 18:43:15.210  4188  4419 D KnoxHelper: getActivityList callingUserId: 0, target user: 0
08-30 18:43:15.211  4188  4419 D KnoxHelper: getActivityList callingUserId: 0, target user: 0
08-30 18:43:15.211  4188  4419 D KnoxHelper: getActivityList callingUserId: 0, target user: 0
08-30 18:43:15.211 11028 31888 I GOS:GameIntentService: onPackageChanged(). extras: Bundle[{changeType=0, userId=0, pkgName=com.example.uianaliticsxml, type=15, packageName=com.example.uianaliticsxml}]
08-30 18:43:15.212 11028 31888 I GOS:GameIntentService: onPackageChanged(). changeType(INSTALLED), pkgName(com.example.uianaliticsxml), UserHandle(0), userId(0), Installed(true)
08-30 18:43:15.212  4188  4419 D KnoxHelper: getActivityList callingUserId: 0, target user: 0
08-30 18:43:15.213  8622 17875 W ChimeraUtils: Module com.google.android.gms.nearby_en missing resource null(0)
08-30 18:43:15.216  4188  4419 D KnoxHelper: getActivityList callingUserId: 0, target user: 0
08-30 18:43:15.217  4188  4419 D KnoxHelper: getActivityList callingUserId: 0, target user: 0
08-30 18:43:15.218  4188  4419 D KnoxHelper: getActivityList callingUserId: 0, target user: 0
08-30 18:43:15.218  4188  4419 D KnoxHelper: getActivityList callingUserId: 0, target user: 0
08-30 18:43:15.219  4188  4419 D KnoxHelper: getActivityList callingUserId: 0, target user: 0
08-30 18:43:15.221  6334  6334 I Routine@Core[4.0.02.2]: SleepScheduleMigrator: migrateDWBData: do not have Migration data about DWB
08-30 18:43:15.221  4188  4419 D KnoxHelper: getActivityList callingUserId: 0, target user: 0
08-30 18:43:15.222  6334  6334 I Routine@Core[4.0.02.2]: SmartThingsMetadataUpdater: calculate: isEnabled=false
08-30 18:43:15.222  4188  4419 D KnoxHelper: getActivityList callingUserId: 0, target user: 0
08-30 18:43:15.222  6615 31924 I AppsEdge.DBHelper: getFavoriteItems type = 0, pos = 0, id = 6, item = 0@com.android.chrome/com.google.android.apps.chrome.Main&0
08-30 18:43:15.223  8622 17875 W ChimeraUtils: Module com.google.android.gms.nearby_en missing resource null(0)
08-30 18:43:15.223  4188  4419 D KnoxHelper: getActivityList callingUserId: 0, target user: 0
08-30 18:43:15.224  4188  4419 D KnoxHelper: getActivityList callingUserId: 0, target user: 0
08-30 18:43:15.225 11028 31888 I GOS:SystemEventReactor: checkReservedCategory() - reservedList is null or empty!
08-30 18:43:15.228  6334  6334 I Routine@Core[4.0.02.2]: LifestyleModeMigrator: migrate
08-30 18:43:15.229  6615 31924 I AppsEdge.DBHelper: getFavoriteItems type = 0, pos = 1, id = 7, item = 0@com.samsung.android.app.notes/com.samsung.android.app.notes.memolist.MemoListActivity&0
08-30 18:43:15.232 31901 31901 D nativeloader: Configuring classloader-namespace for other apk /data/app/~~WSfr5Cyt4O_58oBd9vGGqA==/com.example.uianaliticsxml-FX0HmDCex3Oh80MmKZhXuw==/base.apk. target_sdk_version=33, uses_libraries=, library_path=/data/app/~~WSfr5Cyt4O_58oBd9vGGqA==/com.example.uianaliticsxml-FX0HmDCex3Oh80MmKZhXuw==/lib/arm64, permitted_path=/data:/mnt/expand:/data/user/0/com.example.uianaliticsxml
08-30 18:43:15.232  8622 17875 W ChimeraUtils: Module com.google.android.gms.nearby_en missing resource null(0)
08-30 18:43:15.235  6615 31924 I AppsEdge.DBHelper: getFavoriteItems type = 0, pos = 2, id = 8, item = 0@com.google.android.calendar/com.android.calendar.AllInOneActivity&0
08-30 18:43:15.242  6334  6334 I Routine@Core[4.0.02.2]: RoutineHistoryDumpImpl: [RoutineService] [ACTION_METADATA_LOADING_FINISHED]
08-30 18:43:15.247  2446  2878 I AppInfo : set ComponentInfo{com.example.uianaliticsxml/com.example.uianaliticsxml.MainActivity} app progress level to 100
08-30 18:43:15.247  2446  2878 I LauncherProvider: [CALL] : generate_new_apps_item_id
08-30 18:43:15.247  2446  2878 I SubUserItemPositionerImpl: check blockCreateShortcutKey : block_create_shortcut_0, blockCreate : false
08-30 18:43:15.248  2446  2878 I SubUserItemPositionerImpl: isAvailableCreateSubUserItemPositioner() is false, !myUserHandle().equals(user) : false, !(DualAppUtils.supportDualApp(context) && DualAppUtils.isDualAppId(user)true
08-30 18:43:15.248  2446  2878 I PackageUpdatedTask: added, appInfo : AppInfo(id=562 type=APP hidden=0 container=all_apps screen=-1 rank=0 rankOfList=-1 user=UserHandle{0} title=UI Analitics XML componentName=ComponentInfo{com.example.uianaliticsxml/com.example.uianaliticsxml.MainActivity} screenType=0 runtimeStatusFlags=384 status=0)
08-30 18:43:15.249  2446  2878 I AppsModelWriter: addItems(start) > needToBind = true
08-30 18:43:15.249  2446  2878 I AppsModelWriter: addItems(start)> 0, 562, 0, -102, -1, 0, UserHandle{0}, 0, UI Analitics XML, -1, -1
08-30 18:43:15.249  2446  2878 I AppsModelWriter: normalizeVisibleItems : [matched = true] col = 4, raw : 5
08-30 18:43:15.250  2446  2878 I AppsModelWriter: normalizeVisibleItems(visibleItems)> 0, 33, 2, -102, 0, 0, UserHandle{0}, 0, Samsung, -1, -1
08-30 18:43:15.250  2446  2878 I AppsModelWriter: normalizeVisibleItems(visibleItems)> 0, 44, 2, -102, 0, 1, UserHandle{0}, 0, Google, -1, -1
08-30 18:43:15.250  2446  2878 I AppsModelWriter: normalizeVisibleItems(visibleItems)> 0, 57, 0, -102, 0, 2, UserHandle{0}, 0, OneDrive, -1, -1
08-30 18:43:15.250  2446  2878 I AppsModelWriter: normalizeVisibleItems(visibleItems)> 0, 61, 0, -102, 0, 3, UserHandle{0}, 0, Galaxy Store, -1, -1
08-30 18:43:15.250  2446  2878 I AppsModelWriter: normalizeVisibleItems(visibleItems)> 0, 62, 0, -102, 0, 4, UserHandle{0}, 0, Play Store, -1, -1
08-30 18:43:15.250  2446  2878 I AppsModelWriter: normalizeVisibleItems(visibleItems)> 0, 63, 0, -102, 0, 5, UserHandle{0}, 0, Facebook, -1, -1
08-30 18:43:15.250  2446  2878 I AppsModelWriter: normalizeVisibleItems(visibleItems)> 0, 65, 0, -102, 0, 6, UserHandle{0}, 0, Netflix, -1, -1
08-30 18:43:15.250  2446  2878 I AppsModelWriter: normalizeVisibleItems(visibleItems)> 0, 66, 0, -102, 0, 7, UserHandle{0}, 0, Phone, -1, -1
08-30 18:43:15.250  2446  2878 I AppsModelWriter: normalizeVisibleItems(visibleItems)> 0, 54, 0, -102, 0, 8, UserHandle{0}, 0, Messages, -1, -1
08-30 18:43:15.250  2446  2878 I AppsModelWriter: normalizeVisibleItems(visibleItems)> 0, 68, 0, -102, 0, 9, UserHandle{0}, 0, Camera, -1, -1
08-30 18:43:15.250  2446  2878 I AppsModelWriter: normalizeVisibleItems(visibleItems)> 0, 69, 0, -102, 0, 10, UserHandle{0}, 0, Gallery, -1, -1
08-30 18:43:15.250  2446  2878 I AppsModelWriter: normalizeVisibleItems(visibleItems)> 0, 70, 0, -102, 0, 11, UserHandle{0}, 0, Clock, -1, -1
08-30 18:43:15.250  2446  2878 I AppsModelWriter: normalizeVisibleItems(visibleItems)> 0, 71, 0, -102, 0, 12, UserHandle{0}, 0, Contacts, -1, -1
08-30 18:43:15.250  2446  2878 I AppsModelWriter: normalizeVisibleItems(visibleItems)> 0, 72, 0, -102, 0, 13, UserHandle{0}, 0, Settings, -1, -1
08-30 18:43:15.250  2446  2878 I AppsModelWriter: normalizeVisibleItems(visibleItems)> 0, 74, 0, -102, 0, 14, UserHandle{0}, 0, Tips, -1, -1
08-30 18:43:15.250  2446  2878 I AppsModelWriter: normalizeVisibleItems(visibleItems)> 0, 75, 0, -102, 0, 15, UserHandle{0}, 0, Calendar, -1, -1
08-30 18:43:15.250  2446  2878 I AppsModelWriter: normalizeVisibleItems(visibleItems)> 0, 78, 0, -102, 0, 16, UserHandle{0}, 0, Game Launcher, -1, -1
08-30 18:43:15.250  2446  2878 I AppsModelWriter: normalizeVisibleItems(visibleItems)> 0, 80, 0, -102, 0, 17, UserHandle{0}, 0, Samsung Free, -1, -1
08-30 18:43:15.250  2446  2878 I AppsModelWriter: normalizeVisibleItems(visibleItems)> 0, 82, 0, -102, 0, 18, UserHandle{0}, 0, A1, -1, -1
08-30 18:43:15.250  2446  2878 I AppsModelWriter: normalizeVisibleItems(visibleItems)> 0, 83, 0, -102, 0, 19, UserHandle{0}, 0, Block Puzzle Sudoku, -1, -1
08-30 18:43:15.250  2446  2878 I AppsModelWriter: normalizeVisibleItems(visibleItems)> 0, 84, 0, -102, 1, 0, UserHandle{0}, 0, Moj A1, -1, -1
08-30 18:43:15.250  2446  2878 I AppsModelWriter: normalizeVisibleItems(visibleItems)> 0, 85, 0, -102, 1, 1, UserHandle{0}, 0, A1 Cloud, -1, -1
08-30 18:43:15.250  2446  2878 I AppsModelWriter: normalizeVisibleItems(visibleItems)> 0, 86, 0, -102, 1, 2, UserHandle{0}, 0, Galaxy Wearable, -1, -1
08-30 18:43:15.250  2446  2878 I AppsModelWriter: normalizeVisibleItems(visibleItems)> 0, 87, 0, -102, 1, 3, UserHandle{0}, 0, Microsoft 365 (Office), -1, -1
08-30 18:43:15.250  2446  2878 I AppsModelWriter: normalizeVisibleItems(visibleItems)> 0, 88, 0, -102, 1, 4, UserHandle{0}, 0, LinkedIn, -1, -1
08-30 18:43:15.250  2446  2878 I AppsModelWriter: normalizeVisibleItems(visibleItems)> 0, 89, 0, -102, 1, 5, UserHandle{0}, 0, Samsung Global Goals, -1, -1
08-30 18:43:15.250  2446  2878 I AppsModelWriter: normalizeVisibleItems(visibleItems)> 0, 91, 0, -102, 1, 6, UserHandle{0}, 0, Calculator, -1, -1
08-30 18:43:15.250  2446  2878 I AppsModelWriter: normalizeVisibleItems(visibleItems)> 0, 92, 0, -102, 1, 7, UserHandle{0}, 0, Samsung Health, -1, -1
08-30 18:43:15.250  2446  2878 I AppsModelWriter: normalizeVisibleItems(visibleItems)> 0, 93, 0, -102, 1, 8, UserHandle{0}, 0, Internet, -1, -1
08-30 18:43:15.252  2446  2878 I AppsModelWriter: normalizeVisibleItems(visibleItems)> 0, 94, 0, -102, 1, 9, UserHandle{0}, 0, Samsung Notes, -1, -1
08-30 18:43:15.252  2446  2878 I AppsModelWriter: normalizeVisibleItems(visibleItems)> 0, 95, 0, -102, 1, 10, UserHandle{0}, 0, Samsung Members, -1, -1
08-30 18:43:15.252  2446  2878 I AppsModelWriter: normalizeVisibleItems(visibleItems)> 0, 96, 0, -102, 1, 11, UserHandle{0}, 0, Voice Recorder, -1, -1
08-30 18:43:15.252  2446  2878 I AppsModelWriter: normalizeVisibleItems(visibleItems)> 0, 97, 0, -102, 1, 12, UserHandle{0}, 0, SmartThings, -1, -1
08-30 18:43:15.252  2446  2878 I AppsModelWriter: normalizeVisibleItems(visibleItems)> 0, 98, 0, -102, 1, 13, UserHandle{0}, 0, Spotify, -1, -1
08-30 18:43:15.252  2446  2878 I AppsModelWriter: normalizeVisibleItems(visibleItems)> 0, 99, 0, -102, 1, 14, UserHandle{0}, 0, Drive, -1, -1
08-30 18:43:15.252  2446  2878 I AppsModelWriter: normalizeVisibleItems(visibleItems)> 0, 100, 0, -102, 1, 15, UserHandle{0}, 0, Photos, -1, -1
08-30 18:43:15.252  2446  2878 I AppsModelWriter: normalizeVisibleItems(visibleItems)> 0, 101, 0, -102, 1, 16, UserHandle{0}, 0, YT Music, -1, -1
08-30 18:43:15.252  2446  2878 I AppsModelWriter: normalizeVisibleItems(visibleItems)> 0, 102, 0, -102, 1, 17, UserHandle{0}, 0, Meet, -1, -1
08-30 18:43:15.252  2446  2878 I AppsModelWriter: normalizeVisibleItems(visibleItems)> 0, 103, 0, -102, 1, 18, UserHandle{0}, 0, WhatsApp, -1, -1
08-30 18:43:15.252  2446  2878 I AppsModelWriter: normalizeVisibleItems(visibleItems)> 0, 105, 0, -102, 2, 0, UserHandle{0}, 0, Skype, -1, -1
08-30 18:43:15.252  2446  2878 I AppsModelWriter: normalizeVisibleItems(visibleItems)> 0, 106, 0, -102, 2, 1, UserHandle{0}, 0, Teams, -1, -1
08-30 18:43:15.252  2446  2878 I AppsModelWriter: normalizeVisibleItems(visibleItems)> 0, 107, 0, -102, 2, 2, UserHandle{0}, 0, Zepp Life, -1, -1
08-30 18:43:15.252  2446  2878 I AppsModelWriter: normalizeVisibleItems(visibleItems)> 0, 108, 0, -102, 2, 3, UserHandle{0}, 0, Viber, -1, -1
08-30 18:43:15.252  2446  2878 I AppsModelWriter: normalizeVisibleItems(visibleItems)> 0, 109, 0, -102, 2, 4, UserHandle{0}, 0, Messenger, -1, -1
08-30 18:43:15.252  2446  2878 I AppsModelWriter: normalizeVisibleItems(visibleItems)> 0, 110, 0, -102, 2, 5, UserHandle{0}, 0, Authenticator, -1, -1
08-30 18:43:15.252  2446  2878 I AppsModelWriter: normalizeVisibleItems(visibleItems)> 0, 111, 0, -102, 2, 6, UserHandle{0}, 0, Authenticator, -1, -1
08-30 18:43:15.252  2446  2878 I AppsModelWriter: normalizeVisibleItems(visibleItems)> 0, 112, 0, -102, 2, 7, UserHandle{0}, 0, Snapchat, -1, -1
08-30 18:43:15.252  2446  2878 I AppsModelWriter: normalizeVisibleItems(visibleItems)> 0, 113, 0, -102, 2, 8, UserHandle{0}, 0, A1 mWallet, -1, -1
08-30 18:43:15.252  2446  2878 I AppsModelWriter: normalizeVisibleItems(visibleItems)> 0, 114, 0, -102, 2, 9, UserHandle{0}, 0, mBanking, -1, -1
08-30 18:43:15.252  2446  2878 I AppsModelWriter: normalizeVisibleItems(visibleItems)> 0, 116, 0, -102, 2, 10, UserHandle{0}, 0, Secure Folder, -1, -1
08-30 18:43:15.252  2446  2878 I AppsModelWriter: normalizeVisibleItems(visibleItems)> 0, 117, 0, -102, 2, 11, UserHandle{0}, 0, Color Grab, -1, -1
08-30 18:43:15.252  2446  2878 I AppsModelWriter: normalizeVisibleItems(visibleItems)> 0, 119, 0, -102, 2, 12, UserHandle{0}, 0, CoinGecko, -1, -1
08-30 18:43:15.252  2446  2878 I AppsModelWriter: normalizeVisibleItems(visibleItems)> 0, 148, 0, -102, 3, 0, UserHandle{0}, 0, Duo Mobile, -1, -1
08-30 18:43:15.252  2446  2878 I AppsModelWriter: normalizeVisibleItems(visibleItems)> 0, 149, 0, -102, 3, 1, UserHandle{0}, 0, Reminder, -1, -1
08-30 18:43:15.252  2446  2878 I AppsModelWriter: normalizeVisibleItems(visibleItems)> 0, 158, 0, -102, 3, 2, UserHandle{0}, 0, Lens, -1, -1
08-30 18:43:15.252  2446  2878 I AppsModelWriter: normalizeVisibleItems(visibleItems)> 0, 159, 0, -102, 3, 3, UserHandle{0}, 0, Glovo, -1, -1
08-30 18:43:15.252  2446  2878 I AppsModelWriter: normalizeVisibleItems(visibleItems)> 0, 160, 0, -102, 3, 4, UserHandle{0}, 0, Wolt, -1, -1
08-30 18:43:15.252  2446  2878 I AppsModelWriter: normalizeVisibleItems(visibleItems)> 0, 165, 0, -102, 3, 5, UserHandle{0}, 0, Habits, -1, -1
08-30 18:43:15.252  2446  2878 I AppsModelWriter: normalizeVisibleItems(visibleItems)> 0, 172, 0, -102, 3, 6, UserHandle{0}, 0, Booking.com, -1, -1
08-30 18:43:15.252  2446  2878 I AppsModelWriter: normalizeVisibleItems(visibleItems)> 0, 184, 0, -102, 3, 7, UserHandle{0}, 0, VOZZi, -1, -1
08-30 18:43:15.252  2446  2878 I AppsModelWriter: normalizeVisibleItems(visibleItems)> 0, 187, 0, -102, 3, 8, UserHandle{0}, 0, Calendar, -1, -1
08-30 18:43:15.252  2446  2878 I AppsModelWriter: normalizeVisibleItems(visibleItems)> 0, 188, 0, -102, 3, 9, UserHandle{0}, 0, Quick measure, -1, -1
08-30 18:43:15.252  2446  2878 I AppsModelWriter: normalizeVisibleItems(visibleItems)> 0, 204, 0, -102, 3, 10, UserHandle{0}, 0, PrviTaxi Ni, -1, -1
08-30 18:43:15.252  2446  2878 I AppsModelWriter: normalizeVisibleItems(visibleItems)> 0, 208, 0, -102, 3, 11, UserHandle{0}, 0, Jet, -1, -1
08-30 18:43:15.252  2446  2878 I AppsModelWriter: normalizeVisibleItems(visibleItems)> 0, 211, 0, -102, 4, 0, UserHandle{0}, 0, Wallet, -1, -1
08-30 18:43:15.252  2446  2878 I AppsModelWriter: normalizeVisibleItems(visibleItems)> 0, 215, 0, -102, 4, 1, UserHandle{0}, 0, Wizz Air, -1, -1
08-30 18:43:15.252  2446  2878 I AppsModelWriter: normalizeVisibleItems(visibleItems)> 0, 221, 0, -102, 4, 2, UserHandle{0}, 0, Mister D, -1, -1
08-30 18:43:15.252  2446  2878 I AppsModelWriter: normalizeVisibleItems(visibleItems)> 0, 224, 0, -102, 4, 3, UserHandle{0}, 0, Milioner, -1, -1
08-30 18:43:15.252  2446  2878 I AppsModelWriter: normalizeVisibleItems(visibleItems)> 0, 228, 0, -102, 4, 4, UserHandle{0}, 0, Slagalica, -1, -1
08-30 18:43:15.252  2446  2878 I AppsModelWriter: normalizeVisibleItems(visibleItems)> 0, 258, 0, -102, 4, 5, UserHandle{0}, 0, Dark Stories, -1, -1
08-30 18:43:15.252  2446  2878 I AppsModelWriter: normalizeVisibleItems(visibleItems)> 0, 269, 0, -102, 4, 6, UserHandle{0}, 0, Smart Life, -1, -1
08-30 18:43:15.252  2446  2878 I AppsModelWriter: normalizeVisibleItems(visibleItems)> 0, 272, 0, -102, 4, 7, UserHandle{0}, 0, Kiwi.com, -1, -1
08-30 18:43:15.252  2446  2878 I AppsModelWriter: normalizeVisibleItems(visibleItems)> 0, 283, 0, -102, 4, 8, UserHandle{0}, 0, Danfoss Link, -1, -1
08-30 18:43:15.252  2446  2878 I AppsModelWriter: normalizeVisibleItems(visibleItems)> 0, 290, 0, -102, 4, 9, UserHandle{0}, 0, UDP Monitor, -1, -1
08-30 18:43:15.252  2446  2878 I AppsModelWriter: normalizeVisibleItems(visibleItems)> 0, 293, 0, -102, 4, 10, UserHandle{0}, 0, Xiaomi Earbuds, -1, -1
08-30 18:43:15.252  2446  2878 I AppsModelWriter: normalizeVisibleItems(visibleItems)> 0, 308, 0, -102, 4, 11, UserHandle{0}, 0, AliExpress, -1, -1
08-30 18:43:15.252  2446  2878 I AppsModelWriter: normalizeVisibleItems(visibleItems)> 0, 310, 0, -102, 4, 12, UserHandle{0}, 0, Diversis, -1, -1
08-30 18:43:15.252  2446  2878 I AppsModelWriter: normalizeVisibleItems(visibleItems)> 0, 325, 0, -102, 4, 13, UserHandle{0}, 0, BlaBlaCar, -1, -1
08-30 18:43:15.252  2446  2878 I AppsModelWriter: normalizeVisibleItems(visibleItems)> 0, 334, 0, -102, 5, 0, UserHandle{0}, 0, Slagalica, -1, -1
08-30 18:43:15.252  2446  2878 I AppsModelWriter: normalizeVisibleItems(visibleItems)> 0, 370, 0, -102, 5, 1, UserHandle{0}, 0, HeartFrame, -1, -1
08-30 18:43:15.252  2446  2878 I AppsModelWriter: normalizeVisibleItems(visibleItems)> 0, 375, 0, -102, 5, 2, UserHandle{0}, 0, Loomis, -1, -1
08-30 18:43:15.252  2446  2878 I AppsModelWriter: normalizeVisibleItems(visibleItems)> 0, 376, 0, -102, 5, 3, UserHandle{0}, 0, EFR Connect, -1, -1
08-30 18:43:15.252  2446  2878 I AppsModelWriter: normalizeVisibleItems(visibleItems)> 0, 377, 0, -102, 5, 4, UserHandle{0}, 0, nRF Connect, -1, -1
08-30 18:43:15.252  2446  2878 I AppsModelWriter: normalizeVisibleItems(visibleItems)> 0, 104, 0, -102, 5, 5, UserHandle{0}, 0, Instagram, -1, -1
08-30 18:43:15.252  2446  2878 I AppsModelWriter: normalizeVisibleItems(visibleItems)> 0, 391, 0, -102, 5, 6, UserHandle{0}, 0, Danfoss Eco, -1, -1
08-30 18:43:15.252  2446  2878 I AppsModelWriter: normalizeVisibleItems(visibleItems)> 0, 392, 0, -102, 5, 7, UserHandle{0}, 0, Aura, -1, -1
08-30 18:43:15.252  2446  2878 I AppsModelWriter: normalizeVisibleItems(visibleItems)> 0, 394, 0, -102, 5, 8, UserHandle{0}, 0, ESP8266 SmartConfig, -1, -1
08-30 18:43:15.252  2446  2878 I AppsModelWriter: normalizeVisibleItems(visibleItems)> 0, 395, 0, -102, 5, 9, UserHandle{0}, 0, EspTouch, -1, -1
08-30 18:43:15.252  2446  2878 I AppsModelWriter: normalizeVisibleItems(visibleItems)> 0, 396, 0, -102, 5, 10, UserHandle{0}, 0, StayFree, -1, -1
08-30 18:43:15.252  2446  2878 I AppsModelWriter: normalizeVisibleItems(visibleItems)> 0, 401, 0, -102, 5, 11, UserHandle{0}, 0, Vysor, -1, -1
08-30 18:43:15.252  2446  2878 I AppsModelWriter: normalizeVisibleItems(visibleItems)> 0, 516, 0, -102, 5, 12, UserHandle{0}, 0, Danfoss TPOne, -1, -1
08-30 18:43:15.252  2446  2878 I AppsModelWriter: normalizeVisibleItems(visibleItems)> 0, 517, 0, -102, 5, 13, UserHandle{0}, 0, Danfoss TPOne, -1, -1
08-30 18:43:15.252  2446  2878 I AppsModelWriter: normalizeVisibleItems(visibleItems)> 0, 518, 0, -102, 5, 14, UserHandle{0}, 0, Moj Maxi, -1, -1
08-30 18:43:15.252  2446  2878 I AppsModelWriter: normalizeVisibleItems(visibleItems)> 0, 519, 0, -102, 5, 15, UserHandle{0}, 0, DEVI Control, -1, -1
08-30 18:43:15.252  2446  2878 I AppsModelWriter: normalizeVisibleItems(visibleItems)> 0, 559, 0, -102, 5, 16, UserHandle{0}, 0, UI Analitics Compose, -1, -1
08-30 18:43:15.252  2446  2878 I AppsModelWriter: normalizeVisibleItems(visibleItems)> 0, 562, 0, -102, 5, 17, UserHandle{0}, 0, UI Analitics XML, -1, -1
08-30 18:43:15.253  2446  2878 I AppsModelWriter: updateItemsInDataBase : Invalid updateItems
08-30 18:43:15.253  2446  2878 I AppsModelWriter: addItems(end) : addItem> 0, 562, 0, -102, 5, 17, UserHandle{0}, 0, UI Analitics XML, -1, -1
08-30 18:43:15.254  2446  2878 I PostPositionOperator: addAllItems() - All
08-30 18:43:15.254  2446  2446 I AppsModelWriter: bindAppsItems() - visibleAddItems : 1, visibleUpdateItems : 0, removeItems : 0
08-30 18:43:15.254  2446  2878 I PostPositionOperator: addItem() - , isWidgetOnly : false
08-30 18:43:15.254  2446  2446 I Launcher.AppsContainerView: bindAppsUpdates() => add: 1, update: 0, remove: 0
08-30 18:43:15.254  2446  2446 I Launcher.AppsPagedView: addItems => id: 562, rank: 17, screenId: 5, cellX: 1, cellY: 4, container: -102, dirty: false, title: UI Analitics XML, isFolder: false, user: UserHandle{0}, disabled: false, screenType: 0
08-30 18:43:15.255  6334  6334 I Routine@Core[4.0.02.2]: RoutineService: onDestroy
08-30 18:43:15.255  6334  6334 I Routine@Core[4.0.02.2]: MetadataLoaderJobService: onDestroy
08-30 18:43:15.256  2446  2878 I WidgetsModel: EasyModeWidget will be excluded on WidgetList.
08-30 18:43:15.259  2446  2878 I AppIconSolution: return adaptive icon for com.example.uianaliticsxml, isNight = true
08-30 18:43:15.260  2446  2446 I Launcher.AppsPagedView: setLayout(), l: 38, r: 38, b: 106, spacing: 39
08-30 18:43:15.260  2446  2446 I Launcher.AppsPagedView: setLayout(), l: 38, r: 38, b: 106, spacing: 39
08-30 18:43:15.260  2446  2446 I Launcher.AppsPagedView: setLayout(), l: 38, r: 38, b: 106, spacing: 39
08-30 18:43:15.260  2446  2446 I Launcher.AppsPagedView: setLayout(), l: 38, r: 38, b: 106, spacing: 39
08-30 18:43:15.260  2446  2446 I Launcher.AppsPagedView: setLayout(), l: 38, r: 38, b: 106, spacing: 39
08-30 18:43:15.261  2446  2446 I Launcher.AppsPagedView: setLayout(), l: 38, r: 38, b: 106, spacing: 39
08-30 18:43:15.262  8622  3086 I BluetoothAdapter: STATE_BLE_ON
08-30 18:43:15.262  8622  3086 I BluetoothAdapter: appoCount is = 1 G/S = 5/4
08-30 18:43:15.263  8622  3086 W ChimeraUtils: Module com.google.android.gms.nearby_en missing resource null(0)
08-30 18:43:15.264 31901 31901 V GraphicsEnvironment: ANGLE Developer option for 'com.example.uianaliticsxml' set to: 'default'
08-30 18:43:15.266 31901 31901 V GraphicsEnvironment: ANGLE GameManagerService for com.example.uianaliticsxml: false
08-30 18:43:15.266 31901 31901 V GraphicsEnvironment: App is not on the allowlist for updatable production driver.
08-30 18:43:15.268 12282 31900 I Routine@Ui[4.0.02.2]: NotificationUpdateService: computeEnabledRoutine : routineList.size=0, mRoutineNotiInfoList=0
08-30 18:43:15.268 12282 31900 I Routine@Ui[4.0.02.2]: NotificationUpdateService: updateNotificationImpl
08-30 18:43:15.268 12282 31900 I Routine@Ui[4.0.02.2]: Pref: putSharedPrefsData() key=update_noti_time
08-30 18:43:15.271 31901 31901 D NetworkSecurityConfig: No Network Security Config specified, using platform default
08-30 18:43:15.273  8622  3086 W ChimeraUtils: Module com.google.android.gms.nearby_en missing resource null(0)
08-30 18:43:15.274  8622  3086 W ChimeraUtils: Module com.google.android.gms.nearby_en missing resource null(0)
08-30 18:43:15.280  2446  2878 I PostPositionOperator: addItem() - com.example.uianaliticsxml, isWidgetOnly : true
08-30 18:43:15.280 31901 31901 D NetworkSecurityConfig: No Network Security Config specified, using platform default
08-30 18:43:15.281 27008 30618 I ezkc    : (REDACTED) Writing data of size=%d bytes with N=%d keys to Geller corpus %s at ts=%d
08-30 18:43:15.282  2446  2878 I AppInfo : set ComponentInfo{com.instagram.android/com.instagram.android.activity.MainTabActivity} app progress level to 100
08-30 18:43:15.283  2446  2878 I AppInfo : set ComponentInfo{com.facebook.orca/com.facebook.orca.auth.StartScreenActivity} app progress level to 100
08-30 18:43:15.283  2446  2878 I AppInfo : set ComponentInfo{com.whatsapp/com.whatsapp.Main} app progress level to 100
08-30 18:43:15.284 27008 27043 I bgep    : refreshDeviceAppInfoForAccount done.
08-30 18:43:15.284  2446  2878 I AppInfo : set ComponentInfo{com.example.uianaliticsxml/com.example.uianaliticsxml.MainActivity} app progress level to 100
08-30 18:43:15.285  2446  2878 I AppInfo : set ComponentInfo{com.google.android.youtube/com.google.android.youtube.app.honeycomb.Shell$HomeActivity} app progress level to 100
08-30 18:43:15.286  2446  2878 I AppInfo : set ComponentInfo{com.danfoss.lotto.integration/com.danfoss.lotto.ui.activity.SplashScreen} app progress level to 100
08-30 18:43:15.287 27008 27046 I bgep    : refreshDeviceAppInfoForAccount done.
08-30 18:43:15.287  2446  2878 I AppInfo : set ComponentInfo{com.skype.raider/com.skype4life.MainActivity} app progress level to 100
08-30 18:43:15.288  2446  2878 I AppInfo : set ComponentInfo{com.android.chrome/com.google.android.apps.chrome.Main} app progress level to 100
08-30 18:43:15.289  2446  2878 I AppInfo : set ComponentInfo{com.google.android.apps.messaging/com.google.android.apps.messaging.ui.ConversationListActivity} app progress level to 100
08-30 18:43:15.289  2446  2446 W SuggestedAppsManager: pending predictedApps : 9
08-30 18:43:15.291  2446  2878 I GameLauncherManagerImp: game launcher is restricted.
08-30 18:43:15.291  2446  2878 I SuggestedItemsFacade: updateItems : 9
08-30 18:43:15.291  2446  2878 I SuggestedItemsFacade: DPS items : Instagram, ComponentInfo{com.instagram.android/com.instagram.android.activity.MainTabActivity}
08-30 18:43:15.291  2446  2878 I SuggestedItemsFacade: DPS items : Messenger, ComponentInfo{com.facebook.orca/com.facebook.orca.auth.StartScreenActivity}
08-30 18:43:15.291  2446  2878 I SuggestedItemsFacade: DPS items : WhatsApp, ComponentInfo{com.whatsapp/com.whatsapp.Main}
08-30 18:43:15.291  2446  2878 I SuggestedItemsFacade: DPS items : UI Analitics XML, ComponentInfo{com.example.uianaliticsxml/com.example.uianaliticsxml.MainActivity}
08-30 18:43:15.291  2446  2878 I SuggestedItemsFacade: DPS items : YouTube, ComponentInfo{com.google.android.youtube/com.google.android.youtube.app.honeycomb.Shell$HomeActivity}
08-30 18:43:15.291  2446  2878 I SuggestedItemsFacade: DPS items : DEVI Control, ComponentInfo{com.danfoss.lotto.integration/com.danfoss.lotto.ui.activity.SplashScreen}
08-30 18:43:15.291  2446  2878 I SuggestedItemsFacade: DPS items : Skype, ComponentInfo{com.skype.raider/com.skype4life.MainActivity}
08-30 18:43:15.291  2446  2878 I SuggestedItemsFacade: DPS items : Chrome, ComponentInfo{com.android.chrome/com.google.android.apps.chrome.Main}
08-30 18:43:15.291  2446  2878 I SuggestedItemsFacade: DPS items : Messages, ComponentInfo{com.google.android.apps.messaging/com.google.android.apps.messaging.ui.ConversationListActivity}
08-30 18:43:15.296 12282 31900 I Routine@Ui[4.0.02.2]: NotificationUpdateService: updateNotificationImpl: no running routines, then noti cancel
08-30 18:43:15.297 12282 31900 I Routine@Ui[4.0.02.2]: NotificationUpdateService: requestUpdateFaceWidget: 1
08-30 18:43:15.297 27008 27043 I bgep    : refreshDeviceAppInfoForAccount done.
08-30 18:43:15.301 31901 31901 D ProfileInstaller: RESULT_INSTALL_SKIP_FILE_SUCCESS
08-30 18:43:15.306 12366 12366 I DWBAppTimerReceiver: com.samsung.android.forest.PACKAGE_ADDED received
08-30 18:43:15.306 28148 28169 D Benchmark: Killing process com.example.uianaliticsxml
08-30 18:43:15.312 12282 31900 I Routine@Ui[4.0.02.2]: Pref: putSharedPrefsData() key=running_face_widget_ids
08-30 18:43:15.322 12366 12366 I DWBParentalUtils: isChild ? false
08-30 18:43:15.323 12282 31900 I Routine@Ui[4.0.02.2]: RoutineFaceWidgetUpdateImpl: updateFaceWidget: changeCurrentPage=false
08-30 18:43:15.324 12282 31900 I Routine@Ui[4.0.02.2]: NotificationUpdateService: Stop no more task
08-30 18:43:15.324  1872  1872 D KeyguardUpdateMonitor: received broadcast com.samsung.android.intent.action.RESPONSE_SERVICEBOX_REMOTEVIEWS
08-30 18:43:15.324  1872  1872 D FaceWidgetRemoteViewsManager: updateRemoteViewsResponseMap(FaceWidgetKey{packageName='com.samsung.android.app.routines#dashboard', location=FULLSCREEN}) removed response map
