08-30 18:40:38.712 10782 28710 I Dck     : 	at android.app.ApplicationPackageManager.getPackageInfo(ApplicationPackageManager.java:258)
08-30 18:40:38.712 10782 28710 I Dck     : 	at aize.a(:com.google.android.gms@233116045@23.31.16 (190408-555695945):114)
08-30 18:40:38.712 10782 28710 I Dck     : 	at ajan.a(:com.google.android.gms@233116045@23.31.16 (190408-555695945):1)
08-30 18:40:38.712 10782 28710 I Dck     : 	at com.google.android.gms.dck.init.PackageUpdateIntentOperation.a(:com.google.android.gms@233116045@23.31.16 (190408-555695945):6)
08-30 18:40:38.712 10782 28710 I Dck     : 	at adjz.onHandleIntent(:com.google.android.gms@233116045@23.31.16 (190408-555695945):144)
08-30 18:40:38.712 10782 28710 I Dck     : 	at com.google.android.chimera.IntentOperation.onHandleIntent(:com.google.android.gms@233116045@23.31.16 (190408-555695945):2)
08-30 18:40:38.712 10782 28710 I Dck     : 	at adoh.onHandleIntent(:com.google.android.gms@233116045@23.31.16 (190408-555695945):10)
08-30 18:40:38.712 10782 28710 I Dck     : 	at lcd.run(:com.google.android.gms@233116045@23.31.16 (190408-555695945):70)
08-30 18:40:38.712 10782 28710 I Dck     : 	at lcc.run(:com.google.android.gms@233116045@23.31.16 (190408-555695945):152)
08-30 18:40:38.712 10782 28710 I Dck     : 	at dogc.run(:com.google.android.gms@233116045@23.31.16 (190408-555695945):13)
08-30 18:40:38.712 10782 28710 I Dck     : 	at java.util.concurrent.ThreadPoolExecutor.runWorker(ThreadPoolExecutor.java:1137)
08-30 18:40:38.712 10782 28710 I Dck     : 	at java.util.concurrent.ThreadPoolExecutor$Worker.run(ThreadPoolExecutor.java:637)
08-30 18:40:38.712 10782 28710 I Dck     : 	at java.lang.Thread.run(Thread.java:1012)
08-30 18:40:38.712 10782 28710 W Dck     : Dck module not eligible for asynchronous downloading [CONTEXT service_id=289 ]
08-30 18:40:38.716  1408  1408 D ApplicationPolicy: No requested permission found.
08-30 18:40:38.716  1408  1408 D ApplicationPolicy: No requested permission found.
08-30 18:40:38.717 23460 28771 I ProvidersCache: Provider returned no roots. Possibly naughty: com.microsoft.skydrive.content.StorageAccessProvider
08-30 18:40:38.718  1408  1786 D TrafficStats: tagSocket(951) with statsTag=0xffffffff, statsUid=-1
08-30 18:40:38.721 28775 28775 E nder:appservice: Not starting debugger since process cannot load the jdwp agent.
08-30 18:40:38.721  1408  3220 D SyncManager: userId - 0 auto - true
08-30 18:40:38.725  8622 27909 I ProximityAuth: [RecentAppsMediator] Package added: (user=UserHandle{0}) com.example.uianaliticsxml
08-30 18:40:38.725  8622 28587 W GCM     : Unexpected forwarded intent: Intent { act=android.intent.action.PACKAGE_ADDED dat=package: flg=0x4000010 pkg=com.google.android.gms cmp=com.google.android.gms/.chimera.PersistentIntentOperationService (has extras) }
08-30 18:40:38.725 12366 13052 I DWBLocalPackageManager: onPackageAdded getPackageSet duration : 60
08-30 18:40:38.726 12366 13052 I DWBLocalPackageManager: mPackageSet.size() : 102 latestPackageSet.size() : 103
08-30 18:40:38.726  1055  1088 I heimdall: insert_task_to_group:67, insert tgid 28775 to group com.sec.android.app.chromecustomizations, ret = 0
08-30 18:40:38.726  8622 28713 I FontLog : (REDACTED) Package %s has no metadata
08-30 18:40:38.727  8622 28713 W GCM     : Unexpected forwarded intent: Intent { act=android.intent.action.PACKAGE_ADDED dat=package: flg=0x4000010 pkg=com.google.android.gms cmp=com.google.android.gms/.chimera.PersistentIntentOperationService (has extras) }
08-30 18:40:38.727 28775 28775 D ActivityThread: setConscryptValidator
08-30 18:40:38.727 28775 28775 D ActivityThread: setConscryptValidator - put
08-30 18:40:38.732  1408  1808 D NetdEventListenerService: DNS Requested by : 142, 1000
08-30 18:40:38.732 28148 28169 D Benchmark: Deleting /data/local/tmp/com.example.uianaliticsxml-1693413627720.apk
08-30 18:40:38.733  1872  1872 D KeyguardUpdateMonitor: received broadcast android.intent.action.PACKAGE_CHANGED
08-30 18:40:38.734  1408  1636 D SEP_UNION_SemDeviceInfoManagerService: onReceive : android.intent.action.PACKAGE_CHANGED, userId = 0
08-30 18:40:38.740  1872  1872 D SPluginManagerImpl: onReceive: android.intent.action.PACKAGE_CHANGED, size:{com.samsung.android.systemui.multistar.MultiStarManager$2@1160dd8=SPluginInstanceManager@176962628 (action=com.samsung.systemui.action.PLUGIN_MULTISTAR), com.android.systemui.pluginlock.PluginLockMediatorImpl@3a51c7e=SPluginInstanceManager@145396013 (action=com.samsung.systemui.action.PLUGIN_LOCK), com.android.systemui.noticenter.NotiCenterPlugin$NotiCenterPluginListener@4d3265b=SPluginInstanceManager@246003298 (action=com.samsung.systemui.action.PLUGIN_NOTICENTER), com.android.systemui.slimindicator.SlimIndicatorPluginMediator@6000b72=SPluginInstanceManager@94417907 (action=com.samsung.systemui.action.SPLUGIN_SLIMINDICATOR), com.android.systemui.lockstar.PluginLockStarManager@9a4e42c=SPluginInstanceManager@221436080 (action=com.samsung.systemui.action.PLUGIN_LOCK_STAR), com.android.systemui.navigationbar.plugin.PluginBarInteractionManager$pluginListener$1@9d49be4=SPluginInstanceManager@80483113 (action=com.samsung.systemui.navigationbar.PLUGIN), com.android.systemui.volume.VolumeStarInteractor$1@cab78d1=SPluginInstanceManager@57726638 (action=com.samsung.systemui.volume.PLUGIN)}
08-30 18:40:38.740  1872  1872 D FaceWidgetMetadataParser: updatePackage() com.example.uianaliticsxml false
08-30 18:40:38.741 10782 10782 D BoundBrokerSvc: onBind: Intent { act=com.google.android.gms.common.BIND_SHARED_PREFS pkg=com.google.android.gms }
08-30 18:40:38.741 10782 10782 D BoundBrokerSvc: Loading bound service for intent: Intent { act=com.google.android.gms.common.BIND_SHARED_PREFS pkg=com.google.android.gms }
08-30 18:40:38.742  8163  8163 I Finsky  : [2] agly.c(44): Do not start WearSupportService due to Wear service optimization
08-30 18:40:38.742  8163  8163 I Finsky  : [2] aacw.f(9): Clearing split related stale data.
08-30 18:40:38.743  1872  1872 W FaceWidgetMetadataParser: updatePackage() there is no metadata
08-30 18:40:38.743  1872  1872 D FaceWidgetMetadataParser: removePackage() key = com.example.uianaliticsxml
08-30 18:40:38.743  1872  2097 D PluginInstanceManager: queryPkg com.example.uianaliticsxml com.android.systemui.action.PLUGIN_NOTIFICATION_MENU_ROW
08-30 18:40:38.743  1872  2097 D PluginInstanceManager: queryPkg com.example.uianaliticsxml com.android.systemui.action.PLUGIN_QS_FACTORY
08-30 18:40:38.743  1872  2097 D PluginInstanceManager: queryPkg com.example.uianaliticsxml com.android.systemui.action.PLUGIN_NOTIFICATION_MENU_ROW
08-30 18:40:38.743  1872  2097 D PluginInstanceManager: queryPkg com.example.uianaliticsxml com.android.systemui.action.PEOPLE_HUB_PERSON_EXTRACTOR
08-30 18:40:38.743  1872  2097 D PluginInstanceManager: queryPkg com.example.uianaliticsxml com.android.systemui.action.PLUGIN_NOTIFICATION_MENU_ROW
08-30 18:40:38.743  1872  2097 D PluginInstanceManager: queryPkg com.example.uianaliticsxml com.android.systemui.action.PLUGIN_LOCKSCREEN_LEFT_BUTTON
08-30 18:40:38.743  1872  2097 D PluginInstanceManager: queryPkg com.example.uianaliticsxml com.android.systemui.action.PLUGIN_VOLUME
08-30 18:40:38.743  1872  2097 D PluginInstanceManager: queryPkg com.example.uianaliticsxml com.android.systemui.action.PLUGIN_LOCKSCREEN_RIGHT_BUTTON
08-30 18:40:38.743  1872  2097 D PluginInstanceManager: queryPkg com.example.uianaliticsxml com.android.systemui.action.PLUGIN_NOTIFICATION_MENU_ROW
08-30 18:40:38.743  1872  2097 D PluginInstanceManager: queryPkg com.example.uianaliticsxml com.android.systemui.action.PLUGIN_NAVIGATION_EDGE_BACK_ACTION
08-30 18:40:38.743  1872  2097 D PluginInstanceManager: queryPkg com.example.uianaliticsxml com.android.systemui.action.PLUGIN_QS
08-30 18:40:38.743  1872  2097 D PluginInstanceManager: queryPkg com.example.uianaliticsxml com.samsung.systemui.action.PLUGIN_FACE_WIDGET
08-30 18:40:38.743  1872  2097 D PluginInstanceManager: Too many of com.samsung.systemui.action.PLUGIN_FACE_WIDGET
08-30 18:40:38.743  1872  2097 D PluginInstanceManager: queryPkg com.example.uianaliticsxml com.android.systemui.action.PLUGIN_OVERLAY
08-30 18:40:38.743  1872  2097 D PluginInstanceManager: queryPkg com.example.uianaliticsxml com.android.systemui.action.PLUGIN_CLOCK
08-30 18:40:38.743  1872  2097 D PluginInstanceManager: queryPkg com.example.uianaliticsxml com.android.systemui.action.PLUGIN_NOTIFICATION_MENU_ROW
08-30 18:40:38.743  1872  2097 D PluginInstanceManager: queryPkg com.example.uianaliticsxml com.android.systemui.action.PLUGIN_NOTIFICATION_ASSISTANT
08-30 18:40:38.743  1872  2097 D PluginInstanceManager: queryPkg com.example.uianaliticsxml com.android.systemui.action.PLUGIN_NOTIFICATION_MENU_ROW
08-30 18:40:38.743  1872  2097 D PluginInstanceManager: queryPkg com.example.uianaliticsxml com.android.systemui.action.PLUGIN_GLOBAL_ACTIONS
08-30 18:40:38.743  1872  2097 D PluginInstanceManager: queryPkg com.example.uianaliticsxml com.android.systemui.action.PLUGIN_LOCKSCREEN_RIGHT_BUTTON
08-30 18:40:38.743  1872  2097 D PluginInstanceManager: queryPkg com.example.uianaliticsxml com.android.systemui.action.PLUGIN_NOTIFICATION_MENU_ROW
08-30 18:40:38.743  1872  2097 D PluginInstanceManager: queryPkg com.example.uianaliticsxml com.android.systemui.action.PLUGIN_NOTIFICATION_MENU_ROW
08-30 18:40:38.743  1872  2097 D PluginInstanceManager: queryPkg com.example.uianaliticsxml com.android.systemui.action.PLUGIN_CLOCK
08-30 18:40:38.743  1872  2097 D PluginInstanceManager: queryPkg com.example.uianaliticsxml com.android.systemui.action.PLUGIN_SENSOR_MANAGER
08-30 18:40:38.743  1872  2097 D PluginInstanceManager: queryPkg com.example.uianaliticsxml com.android.systemui.action.PLUGIN_LOCKSCREEN_LEFT_BUTTON
08-30 18:40:38.743  1872  2097 D PluginInstanceManager: queryPkg com.example.uianaliticsxml com.android.systemui.action.PLUGIN_NOTIFICATION_MENU_ROW
08-30 18:40:38.743  1872  2097 D PluginInstanceManager: queryPkg com.example.uianaliticsxml com.android.systemui.action.PLUGIN_TOAST
08-30 18:40:38.743  1408  1670 I InputReader: Reconfiguring input devices, changes=KEYBOARD_LAYOUTS |
08-30 18:40:38.746  1852  1852 I VvmPkgInstalledRcvr: pinnedTelephonyManager : subscriberId: 220*********635
08-30 18:40:38.747  1852  1852 I VvmPkgInstalledRcvr: getCarrierVvmPackages : config: PersistableBundle[{imsvoice.voice_on_default_bearer_supported_bool=false, imsss.ut_transport_type_int=1, carrier_volte_provisioned_bool=false, support_cdma_1x_voice_calls_bool=true, support_ss_over_cdma_bool=false, disable_charge_indication_bool=false, ims.sip_timer_t4_millis_int=17000, support_tdscdma_bool=false, httpSocketTimeout=60000, allowed_initial_attach_apn_types_string_array=[ia, default], disable_supplementary_services_in_airplane_mode_bool=false, call_barring_default_service_class_int=1, call_redirection_service_component_name_string=null, carrier_wfc_supports_wifi_only_bool=false, carrier_default_actions_on_default_network_available_string_array=[false: 7, true: 8], imsvoice.minimum_session_expires_timer_sec_int=90, iwlan_handover_policy_string_array=[source=GERAN|UTRAN|EUTRAN|NGRAN|IWLAN, target=GERAN|UTRAN|EUTRAN|NGRAN|IWLAN, type=allowed], operator_selection_expand_bool=true, disable_cdma_activation_code_bool=false, simplified_network_settings_bool=false, imsemergency.emergency_registration_timer_millis_int=10000, call_forwarding_when_unanswered_supported_bool=true, imsvt.h264_payload_description_bundle=PersistableBundle[{99=PersistableBundle[{}], 100=PersistableBundle[{imsvt.video_codec_attribute_packetization_mode_int=0}]}], support_tdscdma_roaming_networks_string_array=null, opportunistic.5g_data_switch_hysteresis_time_long=2000, ims.sip_timer_d_millis_int=130000, gps.lpp_profile=2, call_barring_visibility_bool=false, gba_mode_int=1, ims.registration_subscribe_expiry_timer_sec_int=600000, gps.es_extension_sec=0, enable_apps_string_array=null, 5g_icon_display_secondary_grace_period_string=, carrier_default_wfc_ims_roaming_enabled_bool=false, cdma_nonroaming_networks_string_array=null, imsss.ut_as_server_fqdn_string=, signal_strength_nr_nsa_use_lte_as_primary_bool=true, aliasMinChars=2, fdn_number_length_limit_int=20, support_ims_call_forwarding_while_roaming_bool=true, wfc_data_spn_format_idx_int=0, hide_sim_lock_settings_bool=false, drop_video_call_when_answering_audio_call_bool=false, data_stall_recovery_timers_long_array=[180000, 180000, 180000, 180000], opportunistic_esim_download_via_wifi_only_bool=false, imsss.xcap_over_ut_supported_rats_int_array=[3, 5], ci_action_on_sys_update_bool=false, carrier_certificate_string_array=[], convert_cdma_caller_id_mmi_codes_while_roaming_on_3gpp_bool=false, support_enhanced_call_blocking_bool=true, iwlan.ike_rekey_hard_timer_in_sec=14400, vvm_port_number_int=0, carrier_default_wfc_ims_enabled_bool=false, iwlan.ike_session_encryption_aes_ctr_key_size_int_array=[128, 192, 256], dial_string_replace_string_array=null, opportunistic_network_entry_threshold_bandwidth_int=1024, opportunistic_network_data_switch_exit_hysteresis_time_long=3000, imsss.use_csfb_on_xcap_over_ut_failure_bool=true, gsm_nonroaming_networks_string_array=null, imsserviceentitlement.ims_provisioning_bool=false, wifi.avoid_5ghz_softap_for_laa_bool=false, hide_ims_apn_bool=false, vvm_destination_number_string=, unmetered_nr_sa_mmwave_bool=false, ims.ipsec_encryption_algorithms_int_array=[0, 1, 2], opportunistic.5g_backoff_time_long=10000, enable_cross_sim_calling_on_opportunistic_data_bool=false, vonr_setting_visibility_bool=true, imssms.sms_over_ims_supported_bool=true, dtmf_type_enabled_bool=false, ims.sip_timer_f_millis_int=128000, allow_video_calling_fallback_bool=true, nr_advanced_threshold_bandwidth_khz_int=0, opportunistic.5g_ping_pong_time_long=60000, config_ims_package_override_string=com.google.android.ims, data_stall_recovery_should_skip_bool_array=[false, false, true, false, false], only_auto_select_in_home_network=false, iwlan.supported_prf_algorithms_int_array=[2, 4, 5, 6, 7], show_data_connected_roaming_notification=false, gps.es_supl_data_plane_only_roaming_plmn_string_array=null, imsserviceentitlement.fcm_sender_id_string=, smsToMmsTextThreshold=13, imsvt.video_as_bandwidth_kbps_int=960, opportunistic.exit_threshold_ss_rsrp_int_bundle=PersistableBundle[{}], inflate_signal_strength_bool=false, force_hom
08-30 18:40:38.747  1852  1852 I VvmPkgInstalledRcvr: getCarrierVvmPackages : singlePackage:
08-30 18:40:38.747  1852  1852 I VvmPkgInstalledRcvr: getCarrierVvmPackages : arrayPackages: null
08-30 18:40:38.747  1852  1852 I VvmPkgInstalledRcvr:  NOT contains : com.example.uianaliticsxml
08-30 18:40:38.748 12555 12555 I SCS@AiSearch user 0: (PackageBroadcastReceiver) onReceive android.intent.action.PACKAGE_CHANGED
08-30 18:40:38.748 12555 12555 I SCS@AiSearch user 0: (PackageBroadcastReceiver) packageName: com.example.uianaliticsxml
08-30 18:40:38.749 12555 12555 I SCS@AiSearch user 0: (PackageBroadcastReceiver) Packages changed: [com.example.uianaliticsxml]
08-30 18:40:38.749 12555 12555 I SCS@AiSearch user 0: (AppsDataObserver) scheduling worker CMD_UPDATE_LIST
08-30 18:40:38.754  1852  1852 D ImsResolver: maybeAddedImsService, packageName: com.example.uianaliticsxml
08-30 18:40:38.755  1852  1852 D CarrierSvcBindHelper: onPackageModified: com.example.uianaliticsxml
08-30 18:40:38.757 28148 28169 D Benchmark: Profile Installation Skip File Operation: WRITE_SKIP_FILE
08-30 18:40:38.759  1852  1852 D CarrierSvcBindHelper: No carrier app for: 0
08-30 18:40:38.761  1852  1852 D CarrierSvcBindHelper: No carrier app for: 1
08-30 18:40:38.762  1408  1636 D SEP_UNION_SemDeviceInfoManagerService: sendIntentAction() action = android.intent.action.PACKAGE_CHANGED, tag =
08-30 18:40:38.765  6374 28293 W Role    : Default holder doesn't have required signing certificate: com.google.android.apps.work.clouddpc:23962F4B43B9857638EA66F4D419518EAE282491ACDA4B94707BD59003C45E58
08-30 18:40:38.767  1045  5616 D AF::TrackHandle: OpPlayAudio: track:503 usage:2 not muted
08-30 18:40:38.767  1045  5616 D AF::TrackHandle: OpPlayAudio: track:503 usage:2 not muted
08-30 18:40:38.771  1852  1852 D ImsResolver: maybeAddedImsService, packageName: com.example.uianaliticsxml
08-30 18:40:38.773  1045  5616 D AF::TrackHandle: OpPlayAudio: track:503 usage:2 not muted
08-30 18:40:38.773  1045  5616 D AF::TrackHandle: OpPlayAudio: track:503 usage:2 not muted
08-30 18:40:38.773  1045  5616 D AF::TrackHandle: OpPlayAudio: track:503 usage:2 not muted
08-30 18:40:38.782  2321  8952 I SecureElementService: SEReader getReaders()
08-30 18:40:38.782  2321  8952 D SecureElementService: getReaders() for com.android.nfc
08-30 18:40:38.782  2321  8952 I SecureElementService: SEReader getReaders()
08-30 18:40:38.782  2321  8952 D SecureElementService: getReaders() for com.android.nfc
08-30 18:40:38.788 28775 28775 D CompatibilityChangeReporter: Compat change id reported: 171979766; UID 10066; state: ENABLED
08-30 18:40:38.789  2321  8952 I SecureElementService: SEReader getReaders()
08-30 18:40:38.789  2321  8952 D SecureElementService: getReaders() for com.android.nfc
08-30 18:40:38.791  2321  8952 I SecureElementService: SEReader getReaders()
08-30 18:40:38.791  2321  8952 D SecureElementService: getReaders() for com.android.nfc
08-30 18:40:38.805  6334  6334 I Routine@Core[4.0.02.2]: SettingsWrapper: ultraPowerSavingMode: -1
08-30 18:40:38.805  6334  6334 I Routine@Core[4.0.02.2]: RoutineService: onStartCommand: com.samsung.android.rotine.ACTION_PACKAGE_CHANGED
08-30 18:40:38.807  6334  6334 I Routine@Core[4.0.02.2]: MetadataLoaderJobService: onCreate
08-30 18:40:38.807  6334  6334 I Routine@Core[4.0.02.2]: Pref: putSharedPrefsData() key=pref_metaloader_loading
08-30 18:40:38.808  1408  1408 I AppWidgetServiceImpl: Received broadcast: android.intent.action.PACKAGE_CHANGED, Updates all providers with com.example.uianaliticsxml, userId: 0
08-30 18:40:38.808  1408  1408 D DualDARComnService: reConnectAgentsByPkgName:: package: com.example.uianaliticsxml
08-30 18:40:38.810  8622 27909 I Fitness : (REDACTED) OnPackageChangedOperation got intent: %s
08-30 18:40:38.810  6374 17953 I PermissionControllerServiceImpl: Updating user sensitive for uid 10788
08-30 18:40:38.810  1408  1408 D ApplicationPolicy: No requested permission found.
08-30 18:40:38.811  1408  1408 D ApplicationPolicy: No requested permission found.
08-30 18:40:38.811  1408  1636 D SEP_UNION_SemDeviceInfoManagerService: sendIntentAction() action = android.intent.action.PACKAGE_CHANGED, tag =
08-30 18:40:38.817 10782 10782 D BoundBrokerSvc: onUnbind: Intent { act=com.google.android.gms.common.BIND_SHARED_PREFS pkg=com.google.android.gms }
08-30 18:40:38.820  2285  2285 D RegisteredServicesCache: invalidateCache : 0
08-30 18:40:38.820 28742 28742 D nativeloader: Configuring classloader-namespace for other apk /data/app/~~1CXid5SmFLJ456SAZI5yLA==/com.microsoft.appmanager-fxILF9GS9gHOK9Wr1sGYUw==/base.apk. target_sdk_version=33, uses_libraries=, library_path=/data/app/~~1CXid5SmFLJ456SAZI5yLA==/com.microsoft.appmanager-fxILF9GS9gHOK9Wr1sGYUw==/lib/arm64:/data/app/~~1CXid5SmFLJ456SAZI5yLA==/com.microsoft.appmanager-fxILF9GS9gHOK9Wr1sGYUw==/base.apk!/lib/arm64-v8a, permitted_path=/data:/mnt/expand:/data/user/0/com.microsoft.appmanager
08-30 18:40:38.820 12366 13052 I DWBUsageDataManager: Retrieve CLEAR_CACHED_DATA
08-30 18:40:38.821 12366 13052 I DWBUsageDataManager: No Request Data
08-30 18:40:38.826  2285  2285 E ApduServiceInfo: Not adding <aid-group> with empty or invalid AIDs
08-30 18:40:38.826  2285  2285 I NfcKnoxUtil: isNFCAllowed is called for userId - 0
08-30 18:40:38.826  2285  2285 D NfcKnoxUtil: NFC checking for 0
08-30 18:40:38.826  2285  2285 W NfcKnoxUtil:  container manager null for 0
08-30 18:40:38.826  2285  2285 I NfcKnoxUtil: allow NFC for 0
08-30 18:40:38.826  2285  2285 D RegisteredOtherServicesCache: invalidate : 0
08-30 18:40:38.827  2285  2285 I RegisteredOtherServicesCache: current user: 0, is managed profile : false, is dual profile : false
08-30 18:40:38.828  2285  2285 I CardEmulationManager: current user id : 0, is managed profile : false, is dual profile : false verify install : false
08-30 18:40:38.830  2285  2285 I RegisteredAidCache:  user id = 0
08-30 18:40:38.830  2285  2285 I RegisteredAidCache:  user id = 150
08-30 18:40:38.834 10782 26379 I Icing   : Indexing com.google.android.gms-apps from com.google.android.gms
08-30 18:40:38.836  2285  2285 I RegisteredAidCache: aidInfo: 0
08-30 18:40:38.836  2285  2285 I RegisteredAidCache: aidInfo: 0
08-30 18:40:38.836  2285  2285 I RegisteredAidCache: aidInfo: 0
08-30 18:40:38.836  2285  2285 I RegisteredAidCache: aidInfo: 0
08-30 18:40:38.836  2285  2285 I RegisteredAidCache: aidInfo: 0
08-30 18:40:38.836  2285  2285 I RegisteredAidCache: aidInfo: 0
08-30 18:40:38.836  2285  2285 D AidRoutingManager: support iso7816 protocol route
08-30 18:40:38.836  2285  2285 D AidRoutingManager: getRouteForNfcExecutionEnvironment : SIM1
08-30 18:40:38.836  2285  2285 D AidRoutingManager: defaultRoute(this) : 0x2, defaultRoute(Cache) : 0x2
08-30 18:40:38.836  2285  2285 D AidRoutingManager: [seList] - add default route : 0x2
08-30 18:40:38.836  2285  2285 D AidRoutingManager: [seList] - add route : 0x0
08-30 18:40:38.836  2285  2285 D AidRoutingManager: entry changed : false
08-30 18:40:38.836  2285  2285 D AidRoutingManager: power changed : false
08-30 18:40:38.836  2285  2285 D AidRoutingManager: route changed : false
08-30 18:40:38.836  2285  2285 D AidRoutingManager: routing update is not required
08-30 18:40:38.839  2285  2285 D RegisteredNfcFServicesCache: Service unchanged, not updating
08-30 18:40:38.840  8622 27909 I Fitness : (REDACTED) FitCleanupIntentOperation received Intent %s
08-30 18:40:38.842  2321  2338 I SecureElementService: SEReader getReaders()
08-30 18:40:38.842  2321  2338 D SecureElementService: getReaders() for com.android.nfc
08-30 18:40:38.842  2321  2338 I SecureElementService: SEReader getReaders()
08-30 18:40:38.842  2321  2338 D SecureElementService: getReaders() for com.android.nfc
08-30 18:40:38.843   911   911 I Zygote  : Process 28698 exited due to signal 9 (Killed)
08-30 18:40:38.845  6334  6334 I Routine@Core[4.0.02.2]: RoutineService: onDestroy
08-30 18:40:38.850 28742 28742 V GraphicsEnvironment: ANGLE Developer option for 'com.microsoft.appmanager' set to: 'default'
08-30 18:40:38.850 28742 28742 V GraphicsEnvironment: ANGLE GameManagerService for com.microsoft.appmanager: false
08-30 18:40:38.855 28742 28742 D NetworkSecurityConfig: No Network Security Config specified, using platform default
08-30 18:40:38.860  1408  1496 I libprocessgroup: Successfully killed process cgroup uid 10788 pid 28698 in 0ms
08-30 18:40:38.863 28742 28742 D NetworkSecurityConfig: No Network Security Config specified, using platform default
08-30 18:40:38.865  6334  6334 I Routine@Core[4.0.02.2]: MetadataLoaderJobService: onStartJob: collectPackageInBG - com.example.uianaliticsxml
08-30 18:40:38.865  6334  6334 I Routine@Core[4.0.02.2]: MetadataSyncHistory: latest : 4.0.02.2, currentVersion : 4.0.02.2
08-30 18:40:38.866  6334  6334 I Routine@Core[4.0.02.2]: MetadataSyncHistory: latest : 4.0.02.2, currentVersion : 4.0.02.2
08-30 18:40:38.866  6334  6334 I Routine@Core[4.0.02.2]: MetadataLoaderJobService: packageName : com.example.uianaliticsxml, forced : true
08-30 18:40:38.866  2321  2338 I SecureElementService: SEReader getReaders()
08-30 18:40:38.866  2321  2338 D SecureElementService: getReaders() for com.android.nfc
08-30 18:40:38.867  2321  2338 I SecureElementService: SEReader getReaders()
08-30 18:40:38.867  2321  2338 D SecureElementService: getReaders() for com.android.nfc
08-30 18:40:38.867  6334 12247 I Routine@Core[4.0.02.2]: MetadataLoadManager: collect: com.example.uianaliticsxml
08-30 18:40:38.867  6334 12247 I Routine@Core[4.0.02.2]: MetadataLoadManager: collectWithCollectors - com.example.uianaliticsxml
08-30 18:40:38.873  8163 27821 I Finsky  : [1262] olw.run(312): Wrote row to frosting DB: 15288
08-30 18:40:38.876 18584 18584 I ResourceOverlayService_0: waitAndQuit called
08-30 18:40:38.876 18584 18584 I ResourceOverlayService_0: activity user id 0 process id 0
08-30 18:40:38.883 12366 13052 I DWBLocalPackageManager: onPackageAdded Already Exist : com.example.uianaliticsxml
08-30 18:40:38.884  8163  8340 I Finsky  : [1087] xtg.accept(378): SCH: Scheduling phonesky job Id: 12-1, CT: 1693413638698, Constraints: [{ L: 15000, D: 86400000, C: 1, I: 1, N: 1 }]
08-30 18:40:38.886  6334 12247 E Routine@Core[4.0.02.2]: ContentSetter: deleteRoutines: id=[]
08-30 18:40:38.888  6334 12247 E Routine@Core[4.0.02.2]: ContentSetter: deleteRoutines: id=[]
08-30 18:40:38.888  6334 12247 I Routine@Core[4.0.02.2]: ConflictItemConverter: convertConflictActions - 0
08-30 18:40:38.888  6334 12247 I Routine@Core[4.0.02.2]: Pref: removeSharedPrefsData() key=meta_loading_target_package_name
08-30 18:40:38.889  8622 21204 I BluetoothAdapter: STATE_BLE_ON
08-30 18:40:38.889  8622 21204 I BluetoothAdapter: appoCount is = 1 G/S = 5/4
08-30 18:40:38.890  8622 21204 W ChimeraUtils: Module com.google.android.gms.nearby_en missing resource null(0)
08-30 18:40:38.896 11028 28827 I GOS:GameIntentService: onHandleIntent. GameIntentService. type: 15, pkgName: com.example.uianaliticsxml
08-30 18:40:38.901  8622 21204 W ChimeraUtils: Module com.google.android.gms.nearby_en missing resource null(0)
08-30 18:40:38.902  8622 21204 W ChimeraUtils: Module com.google.android.gms.nearby_en missing resource null(0)
08-30 18:40:38.905  1408  1786 W SemWifiTransportLayerUtils: getApplicationCategory - IOException com.example.uianaliticsxml
08-30 18:40:38.905  1408  1786 W System.err: java.io.FileNotFoundException: https://play.google.com/store/apps/details?id=com.example.uianaliticsxml&hl=en
08-30 18:40:38.905  1408  1786 W System.err: 	at com.android.okhttp.internal.huc.HttpURLConnectionImpl.getInputStream(HttpURLConnectionImpl.java:255)
08-30 18:40:38.905  1408  1786 W System.err: 	at com.android.okhttp.internal.huc.DelegatingHttpsURLConnection.getInputStream(DelegatingHttpsURLConnection.java:211)
08-30 18:40:38.905  1408  1786 W System.err: 	at com.android.okhttp.internal.huc.HttpsURLConnectionImpl.getInputStream(HttpsURLConnectionImpl.java:30)
08-30 18:40:38.905  1408  1786 W System.err: 	at com.samsung.android.server.wifi.tcp.SemWifiTransportLayerUtils.getApplicationCategory(SemWifiTransportLayerUtils.java:104)
08-30 18:40:38.905  1408  1786 W System.err: 	at com.samsung.android.server.wifi.tcp.SemWifiTransportLayerMonitor$TcpMonitorHandler.handleMessage(SemWifiTransportLayerMonitor.java:244)
08-30 18:40:38.905  1408  1786 W System.err: 	at android.os.Handler.dispatchMessage(Handler.java:106)
08-30 18:40:38.905  1408  1786 W System.err: 	at android.os.Looper.loopOnce(Looper.java:226)
08-30 18:40:38.905  1408  1786 W System.err: 	at android.os.Looper.loop(Looper.java:313)
08-30 18:40:38.905  1408  1786 W System.err: 	at android.os.HandlerThread.run(HandlerThread.java:67)
08-30 18:40:38.906  2446 20596 I LauncherProvider: External provider call by package : com.samsung.android.app.galaxyfinder  for method : get_home_mode
08-30 18:40:38.906  2446 20596 I ExternalMethodFactory: get_home_mode
08-30 18:40:38.908  1408  1786 D SemWifiTransportLayerMonitor.TcpMonitorHandler: MSG_SAVE_PACKAGE_INFO
08-30 18:40:38.908  1408  1786 D SemWifiTransportLayerFileManager: saveWifiPackageInfoToFile
08-30 18:40:38.908  1408  1786 D SemWifiTransportLayerFileManager: writeWifiPackageInfoList
08-30 18:40:38.911  8163 27821 I Finsky  : [1262] olw.run(312): Wrote row to frosting DB: 15289
08-30 18:40:38.915  8163  8384 I Finsky  : [1097] joh.a(201): AIM: AppInfoManager-Perf > ItemModel > CacheSize=104, cacheHitCount=0, cacheMissCount=0, total appsWithNoServerDataCount=6. Missed  in cache (limit 10) : []
08-30 18:40:38.917  6334  6334 I Routine@Core[4.0.02.2]: MetadataLoaderJobService: metadataLoadingFinished: collectPackageInBG - com.example.uianaliticsxml
08-30 18:40:38.918  8163  8384 I Finsky  : [1097] joh.a(201): AIM: AppInfoManager-Perf > ItemModel > CacheSize=104, cacheHitCount=0, cacheMissCount=0, total appsWithNoServerDataCount=6. Missed  in cache (limit 10) : []
08-30 18:40:38.920  6334  6334 I Routine@Core[4.0.02.2]: Pref: putSharedPrefsData() key=routine_meta_data_loading_statue
08-30 18:40:38.921  6334  6334 I Routine@Core[4.0.02.2]: NotificationUpdateServiceUtils: requestUpdateNotification
08-30 18:40:38.925  8163  8384 I Finsky  : [1097] iur.accept(156): AIM: AppInfoManager-Perf > getApps > data collection finished
08-30 18:40:38.926  8163  8384 I Finsky  : [1097] jdo.run(772): AIM: AppInfoManager-Perf > maybeDestroyAppInfoManager is called. actives = 0
08-30 18:40:38.931  6334  6334 I Routine@Core[4.0.02.2]: DatabaseJobIntentService: Stop no more task
08-30 18:40:38.932 10782 26379 I Icing   : Indexing done com.google.android.gms-apps
08-30 18:40:38.933  1408  1786 D SemWifiTransportLayerMonitor.TcpMonitorHandler: MSG_SAVE_PACKAGE_INFO
08-30 18:40:38.933  1408  1786 D SemWifiTransportLayerFileManager: saveWifiPackageInfoToFile
08-30 18:40:38.933  1408  1786 D SemWifiTransportLayerFileManager: writeWifiPackageInfoList
08-30 18:40:38.933  6334  6334 I Routine@Core[4.0.02.2]: RoutineService: onCreate
08-30 18:40:38.933  6334  6334 I Routine@Core[4.0.02.2]: SettingsWrapper: ultraPowerSavingMode: -1
08-30 18:40:38.933  6334  6334 I Routine@Core[4.0.02.2]: RoutineService: onStartCommand: com.samsung.android.app.routine.ACTION_METADATA_LOADING_FINISHED
08-30 18:40:38.934  6334  6334 I Routine@Core[4.0.02.2]: RoutineDataMigrator: migration - begin
08-30 18:40:38.935  8163  8359 I Finsky  : [1094] yuu.apply(681): SCH: Scheduling 1 system job(s)
08-30 18:40:38.936  8163  8359 I Finsky  : [1094] yvg.d(263): SCH: Scheduling system job Id: 9357, L: 14763, D: 53804852, C: false, I: false, N: 1
08-30 18:40:38.939 10782 26379 I Icing   : Indexing com.google.android.gms-apps from com.google.android.gms
08-30 18:40:38.940 10782 26379 I Icing   : Indexing done com.google.android.gms-apps
08-30 18:40:38.946  8163  8309 I Finsky  : [1084] kjp.aei(99): [ContentSync] finished, scheduled=true
08-30 18:40:38.948  2446 20596 I LauncherProvider: External provider call by package : com.samsung.android.app.galaxyfinder  for method : get_home_mode
08-30 18:40:38.948  2446 20596 I ExternalMethodFactory: get_home_mode
08-30 18:40:38.950  6334  6334 I Routine@Core[4.0.02.2]: RoutineDataMigrator: migration - end
08-30 18:40:38.950  6334  6334 I Routine@Core[4.0.02.2]: RoutineHistoryDumpImpl: [RoutineDataMigrator]  done. results=[]
08-30 18:40:38.953  6334  6334 I Routine@Core[4.0.02.2]: SleepScheduleInfoRequester: getMigrationDataAboutSleepSchedule
08-30 18:40:38.954  8622 17875 I BluetoothAdapter: STATE_BLE_ON
08-30 18:40:38.955 12282 12282 I Routine@Ui[4.0.02.2]: MetadataSyncHistory: latest : 4.0.02.2, currentVersion : 4.0.02.2
08-30 18:40:38.956 12284 27978 I ProviderCallHandler: execute getMigrationDataAboutSleepSchedule by com.samsung.android.app.routines
08-30 18:40:38.956 12284 27978 I ProviderCallHandler: getMigrationDataAboutSleepSchedule
08-30 18:40:38.957 12284 27978 I RoutineUtil: isRoutinePackageEnabled true
08-30 18:40:38.957 12284 27978 I RoutineUtil: startSmartThingsDataMigration-> migration request without restore
08-30 18:40:38.957 12284 27978 I RoutineUtil: startSmartThingsDataMigration-> start smartthings migration
08-30 18:40:38.957 12284 27978 I RoutineUtil: startSmartThingsDataMigration-> bedtimeConfigData: null
08-30 18:40:38.957  8622 17875 I BluetoothAdapter: appoCount is = 1 G/S = 5/4
08-30 18:40:38.957 12284 27978 I RoutineUtil: startSmartThingsDataMigration-> wakeUpConfigData: null
08-30 18:40:38.957 12284 27978 I RoutineUtil: startSmartThingsDataMigration-> bedtimeMasterSwitch: false
08-30 18:40:38.957 12284 27978 I RoutineUtil: startSmartThingsDataMigration-> wakeuptimeMasterSwitch: false
08-30 18:40:38.957 12284 27978 I RoutineUtil: startSmartThingsDataMigration-> bedTimeSelectedItem: -1
08-30 18:40:38.957 12284 27978 I RoutineUtil: startSmartThingsDataMigration-> wakeupTimeSelectedItem: 0
08-30 18:40:38.957 12284 27978 I RoutineUtil: startSmartThingsDataMigration-> bedtimeMode: false
08-30 18:40:38.958  6334  6334 I Routine@Core[4.0.02.2]: SleepScheduleInfoRequester: getMigrationDataAboutSleepSchedule : isSourceSos(false)
08-30 18:40:38.958  6334  6334 I Routine@Core[4.0.02.2]: SleepScheduleInfoRequester: getMigrationDataAboutSleepSchedule : sleepScheduleList([])
08-30 18:40:38.958  6334  6334 I Routine@Core[4.0.02.2]: SleepScheduleInfoRequester: getMigrationDataAboutSleepSchedule : isBedTimeSynced(false)
08-30 18:40:38.959  8622 17875 W ChimeraUtils: Module com.google.android.gms.nearby_en missing resource null(0)
08-30 18:40:38.960  6334  6334 I Routine@Core[4.0.02.2]: SleepScheduleMigrator: migrateSleepMode: MigrationResultState is NOT YET, try migration
08-30 18:40:38.960  6334  6334 I Routine@Core[4.0.02.2]: SleepScheduleMigrator: migrateSleepMode: try migration dwb data
08-30 18:40:38.960  6334  6334 I Routine@Core[4.0.02.2]: SleepScheduleMigrator: migrateDWBData
08-30 18:40:38.971  1408  1493 D EnterpriseDeviceManagerService: Package has changed for user 0
08-30 18:40:38.971  1408  1493 D EnterpriseDeviceManagerService: Admin package name: com.samsung.android.kgclient
08-30 18:40:38.972  4516  4516 I AppsEdge.PanelContainer: onPackageAdded
08-30 18:40:38.972  2446  2878 I PackageUpdatedTask: mAllAppsList.addPackage com.example.uianaliticsxml
08-30 18:40:38.975  4188  4188 D KnoxHelper: getActivityList callingUserId: 0, target user: 0
08-30 18:40:38.980  4188  4419 D KnoxHelper: getActivityList callingUserId: 0, target user: 0
08-30 18:40:38.980  1408  1493 I SemExecuteManagerService: onSomePackagesChanged
08-30 18:40:38.981  8622 17875 W ChimeraUtils: Module com.google.android.gms.nearby_en missing resource null(0)
08-30 18:40:38.983  6334  6334 I Routine@Core[4.0.02.2]: SleepScheduleMigrator: migrateDWBData: do not have Migration data about DWB
08-30 18:40:38.983  6334  6334 I Routine@Core[4.0.02.2]: SmartThingsMetadataUpdater: calculate: isEnabled=false
08-30 18:40:38.983  6334  6334 I Routine@Core[4.0.02.2]: LifestyleModeMigrator: migrate
08-30 18:40:38.984  2446  2878 I AppIconSolution: getThemeIconWithBG called with public API, pkg = com.example.uianaliticsxml, mode = 48
08-30 18:40:38.986  6334  6334 I Routine@Core[4.0.02.2]: RoutineHistoryDumpImpl: [RoutineService] [ACTION_METADATA_LOADING_FINISHED]
08-30 18:40:38.986  4188  4419 D KnoxHelper: getActivityList callingUserId: 0, target user: 0
08-30 18:40:38.989  4188  4419 D KnoxHelper: getActivityList callingUserId: 0, target user: 0
08-30 18:40:38.989 23947 23960 I WindowsLink: (YpcSignatureChecker) isSignatureAllowed in
08-30 18:40:38.989  4188  4419 D KnoxHelper: getActivityList callingUserId: 0, target user: 0
08-30 18:40:38.990  4188  4419 D KnoxHelper: getActivityList callingUserId: 0, target user: 0
08-30 18:40:38.990 23947 23960 I WindowsLink: (BaseContentProvider) call: method = Compatibility@checkCompatibility / subMethod = checkCompatibility
08-30 18:40:38.991 23947 23960 I WindowsLink: (StateContentProvider) METHOD_CHECK_COMPATIBILITY in
08-30 18:40:38.991 23947 23960 I WindowsLink: (StateContentProvider) [lib ver] Name: 2.7.02.1 / Code: 1
08-30 18:40:38.991 23947 23960 I WindowsLink: (StateContentProvider) CompatibilityStatus: 1
08-30 18:40:38.991  4188  4419 D KnoxHelper: getActivityList callingUserId: 0, target user: 0
08-30 18:40:38.991  2446  2878 I AppIconSolution: return adaptive icon for com.example.uianaliticsxml, isNight = true
08-30 18:40:38.991  2446  2878 I LauncherActivityInfo: packageName: com.example.uianaliticsxml, useThemeIcon: false, height: 216, width: 216, density: 640
08-30 18:40:38.993  4188  4419 D KnoxHelper: getActivityList callingUserId: 0, target user: 0
08-30 18:40:38.994  8622 17875 W ChimeraUtils: Module com.google.android.gms.nearby_en missing resource null(0)
08-30 18:40:38.994 27008 28097 I ezkc    : (REDACTED) Writing data of size=%d bytes with N=%d keys to Geller corpus %s at ts=%d
08-30 18:40:38.996  4188  4419 D KnoxHelper: getActivityList callingUserId: 0, target user: 0
08-30 18:40:38.998  4188  4419 D KnoxHelper: getActivityList callingUserId: 0, target user: 0
08-30 18:40:38.998  6334  6334 I Routine@Core[4.0.02.2]: RoutineService: onDestroy
08-30 18:40:38.999  6334  6334 I Routine@Core[4.0.02.2]: MetadataLoaderJobService: onDestroy
08-30 18:40:38.999 27008 27045 I bgep    : refreshDeviceAppInfoForAccount done.
08-30 18:40:39.000  4188  4419 D KnoxHelper: getActivityList callingUserId: 0, target user: 0
08-30 18:40:39.001  4188  4419 D KnoxHelper: getActivityList callingUserId: 0, target user: 0
08-30 18:40:39.001  4188  4419 D KnoxHelper: getActivityList callingUserId: 0, target user: 0
08-30 18:40:39.002  4188  4419 D KnoxHelper: getActivityList callingUserId: 0, target user: 0
08-30 18:40:39.002  4188  4419 D KnoxHelper: getActivityList callingUserId: 0, target user: 0
08-30 18:40:39.002  6615 28849 I AppsEdge.Service: addItem
08-30 18:40:39.002  6615 28849 I AppsEdge.DBHelper: getFavoriteItems : false
08-30 18:40:39.003  4188  4419 D KnoxHelper: getActivityList callingUserId: 0, target user: 0
08-30 18:40:39.005  4188  4419 D KnoxHelper: getActivityList callingUserId: 0, target user: 0
08-30 18:40:39.006  4188  4419 D KnoxHelper: getActivityList callingUserId: 0, target user: 0
08-30 18:40:39.006 27008 27046 I bgep    : refreshDeviceAppInfoForAccount done.
08-30 18:40:39.006  4188  4419 D KnoxHelper: getActivityList callingUserId: 0, target user: 0
08-30 18:40:39.007  4188  4419 D KnoxHelper: getActivityList callingUserId: 0, target user: 0
08-30 18:40:39.007  4188  4419 D KnoxHelper: getActivityList callingUserId: 0, target user: 0
08-30 18:40:39.008  4188  4419 D KnoxHelper: getActivityList callingUserId: 0, target user: 0
08-30 18:40:39.009  4188  4419 D KnoxHelper: getActivityList callingUserId: 0, target user: 0
08-30 18:40:39.009 27008 27045 I bgep    : refreshDeviceAppInfoForAccount done.
08-30 18:40:39.010 11028 28827 I GOS:GameIntentService: onPackageChanged(). extras: Bundle[{changeType=0, userId=0, pkgName=com.example.uianaliticsxml, type=15, packageName=com.example.uianaliticsxml}]
08-30 18:40:39.010 11028 28827 I GOS:GameIntentService: onPackageChanged(). changeType(INSTALLED), pkgName(com.example.uianaliticsxml), UserHandle(0), userId(0), Installed(true)
08-30 18:40:39.012  2446  2878 I AppInfo : set ComponentInfo{com.example.uianaliticsxml/com.example.uianaliticsxml.MainActivity} app progress level to 100
08-30 18:40:39.012  2446  2878 I LauncherProvider: [CALL] : generate_new_apps_item_id
08-30 18:40:39.012  2446  2878 I SubUserItemPositionerImpl: check blockCreateShortcutKey : block_create_shortcut_0, blockCreate : false
08-30 18:40:39.012  2446  2878 I SubUserItemPositionerImpl: isAvailableCreateSubUserItemPositioner() is false, !myUserHandle().equals(user) : false, !(DualAppUtils.supportDualApp(context) && DualAppUtils.isDualAppId(user)true
08-30 18:40:39.012  2446  2878 I PackageUpdatedTask: added, appInfo : AppInfo(id=560 type=APP hidden=0 container=all_apps screen=-1 rank=0 rankOfList=-1 user=UserHandle{0} title=UI Analitics XML componentName=ComponentInfo{com.example.uianaliticsxml/com.example.uianaliticsxml.MainActivity} screenType=0 runtimeStatusFlags=384 status=0)
08-30 18:40:39.012  2446  2878 I AppsModelWriter: addItems(start) > needToBind = true
08-30 18:40:39.012  2446  2878 I AppsModelWriter: addItems(start)> 0, 560, 0, -102, -1, 0, UserHandle{0}, 0, UI Analitics XML, -1, -1
08-30 18:40:39.012  2446  2878 I AppsModelWriter: normalizeVisibleItems : [matched = true] col = 4, raw : 5
08-30 18:40:39.013  2446  2878 I AppsModelWriter: normalizeVisibleItems(visibleItems)> 0, 33, 2, -102, 0, 0, UserHandle{0}, 0, Samsung, -1, -1
08-30 18:40:39.013  2446  2878 I AppsModelWriter: normalizeVisibleItems(visibleItems)> 0, 44, 2, -102, 0, 1, UserHandle{0}, 0, Google, -1, -1
08-30 18:40:39.013  2446  2878 I AppsModelWriter: normalizeVisibleItems(visibleItems)> 0, 57, 0, -102, 0, 2, UserHandle{0}, 0, OneDrive, -1, -1
08-30 18:40:39.013  2446  2878 I AppsModelWriter: normalizeVisibleItems(visibleItems)> 0, 61, 0, -102, 0, 3, UserHandle{0}, 0, Galaxy Store, -1, -1
08-30 18:40:39.013  2446  2878 I AppsModelWriter: normalizeVisibleItems(visibleItems)> 0, 62, 0, -102, 0, 4, UserHandle{0}, 0, Play Store, -1, -1
08-30 18:40:39.013  2446  2878 I AppsModelWriter: normalizeVisibleItems(visibleItems)> 0, 63, 0, -102, 0, 5, UserHandle{0}, 0, Facebook, -1, -1
08-30 18:40:39.013  2446  2878 I AppsModelWriter: normalizeVisibleItems(visibleItems)> 0, 65, 0, -102, 0, 6, UserHandle{0}, 0, Netflix, -1, -1
08-30 18:40:39.013  2446  2878 I AppsModelWriter: normalizeVisibleItems(visibleItems)> 0, 66, 0, -102, 0, 7, UserHandle{0}, 0, Phone, -1, -1
08-30 18:40:39.013  2446  2878 I AppsModelWriter: normalizeVisibleItems(visibleItems)> 0, 54, 0, -102, 0, 8, UserHandle{0}, 0, Messages, -1, -1
08-30 18:40:39.013  2446  2878 I AppsModelWriter: normalizeVisibleItems(visibleItems)> 0, 68, 0, -102, 0, 9, UserHandle{0}, 0, Camera, -1, -1
08-30 18:40:39.013  2446  2878 I AppsModelWriter: normalizeVisibleItems(visibleItems)> 0, 69, 0, -102, 0, 10, UserHandle{0}, 0, Gallery, -1, -1
08-30 18:40:39.013  2446  2878 I AppsModelWriter: normalizeVisibleItems(visibleItems)> 0, 70, 0, -102, 0, 11, UserHandle{0}, 0, Clock, -1, -1
08-30 18:40:39.013  2446  2878 I AppsModelWriter: normalizeVisibleItems(visibleItems)> 0, 71, 0, -102, 0, 12, UserHandle{0}, 0, Contacts, -1, -1
08-30 18:40:39.013  2446  2878 I AppsModelWriter: normalizeVisibleItems(visibleItems)> 0, 72, 0, -102, 0, 13, UserHandle{0}, 0, Settings, -1, -1
08-30 18:40:39.013  2446  2878 I AppsModelWriter: normalizeVisibleItems(visibleItems)> 0, 74, 0, -102, 0, 14, UserHandle{0}, 0, Tips, -1, -1
08-30 18:40:39.013  2446  2878 I AppsModelWriter: normalizeVisibleItems(visibleItems)> 0, 75, 0, -102, 0, 15, UserHandle{0}, 0, Calendar, -1, -1
08-30 18:40:39.013  2446  2878 I AppsModelWriter: normalizeVisibleItems(visibleItems)> 0, 78, 0, -102, 0, 16, UserHandle{0}, 0, Game Launcher, -1, -1
08-30 18:40:39.013  2446  2878 I AppsModelWriter: normalizeVisibleItems(visibleItems)> 0, 80, 0, -102, 0, 17, UserHandle{0}, 0, Samsung Free, -1, -1
08-30 18:40:39.013  2446  2878 I AppsModelWriter: normalizeVisibleItems(visibleItems)> 0, 82, 0, -102, 0, 18, UserHandle{0}, 0, A1, -1, -1
08-30 18:40:39.013  2446  2878 I AppsModelWriter: normalizeVisibleItems(visibleItems)> 0, 83, 0, -102, 0, 19, UserHandle{0}, 0, Block Puzzle Sudoku, -1, -1
08-30 18:40:39.013  2446  2878 I AppsModelWriter: normalizeVisibleItems(visibleItems)> 0, 84, 0, -102, 1, 0, UserHandle{0}, 0, Moj A1, -1, -1
08-30 18:40:39.013  2446  2878 I AppsModelWriter: normalizeVisibleItems(visibleItems)> 0, 85, 0, -102, 1, 1, UserHandle{0}, 0, A1 Cloud, -1, -1
08-30 18:40:39.013  2446  2878 I AppsModelWriter: normalizeVisibleItems(visibleItems)> 0, 86, 0, -102, 1, 2, UserHandle{0}, 0, Galaxy Wearable, -1, -1
08-30 18:40:39.013  2446  2878 I AppsModelWriter: normalizeVisibleItems(visibleItems)> 0, 87, 0, -102, 1, 3, UserHandle{0}, 0, Microsoft 365 (Office), -1, -1
08-30 18:40:39.013  2446  2878 I AppsModelWriter: normalizeVisibleItems(visibleItems)> 0, 88, 0, -102, 1, 4, UserHandle{0}, 0, LinkedIn, -1, -1
08-30 18:40:39.013  2446  2878 I AppsModelWriter: normalizeVisibleItems(visibleItems)> 0, 89, 0, -102, 1, 5, UserHandle{0}, 0, Samsung Global Goals, -1, -1
08-30 18:40:39.013  2446  2878 I AppsModelWriter: normalizeVisibleItems(visibleItems)> 0, 91, 0, -102, 1, 6, UserHandle{0}, 0, Calculator, -1, -1
08-30 18:40:39.013  2446  2878 I AppsModelWriter: normalizeVisibleItems(visibleItems)> 0, 92, 0, -102, 1, 7, UserHandle{0}, 0, Samsung Health, -1, -1
08-30 18:40:39.013  2446  2878 I AppsModelWriter: normalizeVisibleItems(visibleItems)> 0, 93, 0, -102, 1, 8, UserHandle{0}, 0, Internet, -1, -1
08-30 18:40:39.013  2446  2878 I AppsModelWriter: normalizeVisibleItems(visibleItems)> 0, 94, 0, -102, 1, 9, UserHandle{0}, 0, Samsung Notes, -1, -1
08-30 18:40:39.013  2446  2878 I AppsModelWriter: normalizeVisibleItems(visibleItems)> 0, 95, 0, -102, 1, 10, UserHandle{0}, 0, Samsung Members, -1, -1
08-30 18:40:39.013  2446  2878 I AppsModelWriter: normalizeVisibleItems(visibleItems)> 0, 96, 0, -102, 1, 11, UserHandle{0}, 0, Voice Recorder, -1, -1
08-30 18:40:39.013  2446  2878 I AppsModelWriter: normalizeVisibleItems(visibleItems)> 0, 97, 0, -102, 1, 12, UserHandle{0}, 0, SmartThings, -1, -1
08-30 18:40:39.013  2446  2878 I AppsModelWriter: normalizeVisibleItems(visibleItems)> 0, 98, 0, -102, 1, 13, UserHandle{0}, 0, Spotify, -1, -1
08-30 18:40:39.013  2446  2878 I AppsModelWriter: normalizeVisibleItems(visibleItems)> 0, 99, 0, -102, 1, 14, UserHandle{0}, 0, Drive, -1, -1
08-30 18:40:39.013  2446  2878 I AppsModelWriter: normalizeVisibleItems(visibleItems)> 0, 100, 0, -102, 1, 15, UserHandle{0}, 0, Photos, -1, -1
08-30 18:40:39.013  2446  2878 I AppsModelWriter: normalizeVisibleItems(visibleItems)> 0, 101, 0, -102, 1, 16, UserHandle{0}, 0, YT Music, -1, -1
08-30 18:40:39.013  2446  2878 I AppsModelWriter: normalizeVisibleItems(visibleItems)> 0, 102, 0, -102, 1, 17, UserHandle{0}, 0, Meet, -1, -1
08-30 18:40:39.013  2446  2878 I AppsModelWriter: normalizeVisibleItems(visibleItems)> 0, 103, 0, -102, 1, 18, UserHandle{0}, 0, WhatsApp, -1, -1
08-30 18:40:39.013  2446  2878 I AppsModelWriter: normalizeVisibleItems(visibleItems)> 0, 105, 0, -102, 2, 0, UserHandle{0}, 0, Skype, -1, -1
08-30 18:40:39.013  2446  2878 I AppsModelWriter: normalizeVisibleItems(visibleItems)> 0, 106, 0, -102, 2, 1, UserHandle{0}, 0, Teams, -1, -1
08-30 18:40:39.013  2446  2878 I AppsModelWriter: normalizeVisibleItems(visibleItems)> 0, 107, 0, -102, 2, 2, UserHandle{0}, 0, Zepp Life, -1, -1
08-30 18:40:39.013  2446  2878 I AppsModelWriter: normalizeVisibleItems(visibleItems)> 0, 108, 0, -102, 2, 3, UserHandle{0}, 0, Viber, -1, -1
08-30 18:40:39.013  2446  2878 I AppsModelWriter: normalizeVisibleItems(visibleItems)> 0, 109, 0, -102, 2, 4, UserHandle{0}, 0, Messenger, -1, -1
08-30 18:40:39.013  2446  2878 I AppsModelWriter: normalizeVisibleItems(visibleItems)> 0, 110, 0, -102, 2, 5, UserHandle{0}, 0, Authenticator, -1, -1
08-30 18:40:39.013  2446  2878 I AppsModelWriter: normalizeVisibleItems(visibleItems)> 0, 111, 0, -102, 2, 6, UserHandle{0}, 0, Authenticator, -1, -1
08-30 18:40:39.013  2446  2878 I AppsModelWriter: normalizeVisibleItems(visibleItems)> 0, 112, 0, -102, 2, 7, UserHandle{0}, 0, Snapchat, -1, -1
08-30 18:40:39.013  2446  2878 I AppsModelWriter: normalizeVisibleItems(visibleItems)> 0, 113, 0, -102, 2, 8, UserHandle{0}, 0, A1 mWallet, -1, -1
08-30 18:40:39.013  2446  2878 I AppsModelWriter: normalizeVisibleItems(visibleItems)> 0, 114, 0, -102, 2, 9, UserHandle{0}, 0, mBanking, -1, -1
08-30 18:40:39.013  2446  2878 I AppsModelWriter: normalizeVisibleItems(visibleItems)> 0, 116, 0, -102, 2, 10, UserHandle{0}, 0, Secure Folder, -1, -1
08-30 18:40:39.013  2446  2878 I AppsModelWriter: normalizeVisibleItems(visibleItems)> 0, 117, 0, -102, 2, 11, UserHandle{0}, 0, Color Grab, -1, -1
08-30 18:40:39.013  2446  2878 I AppsModelWriter: normalizeVisibleItems(visibleItems)> 0, 119, 0, -102, 2, 12, UserHandle{0}, 0, CoinGecko, -1, -1
08-30 18:40:39.013  2446  2878 I AppsModelWriter: normalizeVisibleItems(visibleItems)> 0, 148, 0, -102, 3, 0, UserHandle{0}, 0, Duo Mobile, -1, -1
08-30 18:40:39.013  2446  2878 I AppsModelWriter: normalizeVisibleItems(visibleItems)> 0, 149, 0, -102, 3, 1, UserHandle{0}, 0, Reminder, -1, -1
08-30 18:40:39.013  2446  2878 I AppsModelWriter: normalizeVisibleItems(visibleItems)> 0, 158, 0, -102, 3, 2, UserHandle{0}, 0, Lens, -1, -1
08-30 18:40:39.013  2446  2878 I AppsModelWriter: normalizeVisibleItems(visibleItems)> 0, 159, 0, -102, 3, 3, UserHandle{0}, 0, Glovo, -1, -1
08-30 18:40:39.013  2446  2878 I AppsModelWriter: normalizeVisibleItems(visibleItems)> 0, 160, 0, -102, 3, 4, UserHandle{0}, 0, Wolt, -1, -1
08-30 18:40:39.013  2446  2878 I AppsModelWriter: normalizeVisibleItems(visibleItems)> 0, 165, 0, -102, 3, 5, UserHandle{0}, 0, Habits, -1, -1
08-30 18:40:39.013  2446  2878 I AppsModelWriter: normalizeVisibleItems(visibleItems)> 0, 172, 0, -102, 3, 6, UserHandle{0}, 0, Booking.com, -1, -1
08-30 18:40:39.013  2446  2878 I AppsModelWriter: normalizeVisibleItems(visibleItems)> 0, 184, 0, -102, 3, 7, UserHandle{0}, 0, VOZZi, -1, -1
08-30 18:40:39.013  2446  2878 I AppsModelWriter: normalizeVisibleItems(visibleItems)> 0, 187, 0, -102, 3, 8, UserHandle{0}, 0, Calendar, -1, -1
08-30 18:40:39.013  2446  2878 I AppsModelWriter: normalizeVisibleItems(visibleItems)> 0, 188, 0, -102, 3, 9, UserHandle{0}, 0, Quick measure, -1, -1
08-30 18:40:39.013  2446  2878 I AppsModelWriter: normalizeVisibleItems(visibleItems)> 0, 204, 0, -102, 3, 10, UserHandle{0}, 0, PrviTaxi Ni, -1, -1
08-30 18:40:39.013  2446  2878 I AppsModelWriter: normalizeVisibleItems(visibleItems)> 0, 208, 0, -102, 3, 11, UserHandle{0}, 0, Jet, -1, -1
08-30 18:40:39.013  2446  2878 I AppsModelWriter: normalizeVisibleItems(visibleItems)> 0, 211, 0, -102, 4, 0, UserHandle{0}, 0, Wallet, -1, -1
08-30 18:40:39.013  2446  2878 I AppsModelWriter: normalizeVisibleItems(visibleItems)> 0, 215, 0, -102, 4, 1, UserHandle{0}, 0, Wizz Air, -1, -1
08-30 18:40:39.013  2446  2878 I AppsModelWriter: normalizeVisibleItems(visibleItems)> 0, 221, 0, -102, 4, 2, UserHandle{0}, 0, Mister D, -1, -1
08-30 18:40:39.013  2446  2878 I AppsModelWriter: normalizeVisibleItems(visibleItems)> 0, 224, 0, -102, 4, 3, UserHandle{0}, 0, Milioner, -1, -1
08-30 18:40:39.013  2446  2878 I AppsModelWriter: normalizeVisibleItems(visibleItems)> 0, 228, 0, -102, 4, 4, UserHandle{0}, 0, Slagalica, -1, -1
08-30 18:40:39.013  2446  2878 I AppsModelWriter: normalizeVisibleItems(visibleItems)> 0, 258, 0, -102, 4, 5, UserHandle{0}, 0, Dark Stories, -1, -1
