08-30 18:42:25.794  1408  1772 D SemNscXgbL2Nrt: L2 NRT 1 sample inference time: 2.019461 msecs
08-30 18:42:25.808  1408  1494 I SemDvfsHyPerManager: acquire hyper - APP_LAUNCH/1408@33, type = -999
08-30 18:42:25.808   944   984 I HYPER-HAL: [RequestManager.cpp]acquire(): Acquired ID : 1038994  [1408 / 33]    HINT : APP_LAUNCH    list :
08-30 18:42:25.810   944   984 I HYPER-HAL: [ResourceManager.cpp]updateResource(): [CPUMinFreq] UpdateResource Request ID : 1038994    Value : 2912000
08-30 18:42:25.810  4365  4365 I SemDvfsHyPerManager: acquire hyper - APP_START_SHORT/4365@12, type = -999
08-30 18:42:25.810  1408  1853 W System.err: java.io.FileNotFoundException: /proc/30914/io_record_control: open failed: ENOENT (No such file or directory)
08-30 18:42:25.810  1408  1853 W System.err: 	at libcore.io.IoBridge.open(IoBridge.java:574)
08-30 18:42:25.810  1408  1853 W System.err: 	at java.io.FileOutputStream.<init>(FileOutputStream.java:236)
08-30 18:42:25.810  1408  1853 W System.err: 	at java.io.FileOutputStream.<init>(FileOutputStream.java:186)
08-30 18:42:25.810  1408  1853 W System.err: 	at java.io.FileWriter.<init>(FileWriter.java:96)
08-30 18:42:25.810  1408  1853 W System.err: 	at com.android.server.am.Pageboost$IoRecord.write(Pageboost.java:1699)
08-30 18:42:25.811  1408  1853 W System.err: 	at com.android.server.am.Pageboost$IoRecord.<init>(Pageboost.java:1687)
08-30 18:42:25.811  1408  1853 W System.err: 	at com.android.server.am.Pageboost$PageboostAppCapture.record(Pageboost.java:2097)
08-30 18:42:25.811  1408  1853 W System.err: 	at com.android.server.am.Pageboost$PageboostAppCapture.capture(Pageboost.java:2048)
08-30 18:42:25.811  1408  1853 W System.err: 	at com.android.server.am.Pageboost$PageboostHandler.handleMessage(Pageboost.java:2444)
08-30 18:42:25.811  1408  1853 W System.err: 	at android.os.Handler.dispatchMessage(Handler.java:106)
08-30 18:42:25.811  1408  1853 W System.err: 	at android.os.Looper.loopOnce(Looper.java:226)
08-30 18:42:25.811  1408  1853 W System.err: 	at android.os.Looper.loop(Looper.java:313)
08-30 18:42:25.811  1408  1853 W System.err: 	at android.os.HandlerThread.run(HandlerThread.java:67)
08-30 18:42:25.811  1408  1853 W System.err: 	at com.android.server.ServiceThread.run(ServiceThread.java:44)
08-30 18:42:25.811  1408  1853 W System.err: Caused by: android.system.ErrnoException: open failed: ENOENT (No such file or directory)
08-30 18:42:25.811  1408  1853 W System.err: 	at libcore.io.Linux.open(Native Method)
08-30 18:42:25.811  1408  1853 W System.err: 	at libcore.io.ForwardingOs.open(ForwardingOs.java:563)
08-30 18:42:25.811  1408  1853 W System.err: 	at libcore.io.BlockGuardOs.open(BlockGuardOs.java:274)
08-30 18:42:25.811  1408  1853 W System.err: 	at libcore.io.IoBridge.open(IoBridge.java:560)
08-30 18:42:25.811  1408  1853 W System.err: 	... 13 more
08-30 18:42:25.811   944   984 I HYPER-HAL: [RequestManager.cpp]acquire(): Acquired ID : 9581265  [4365 / 12]    HINT : APP_START    list : [TIMEOUT / 1500]
08-30 18:42:25.811  3345  3345 E pageboostd: Received HALT command code 2
08-30 18:42:25.811   944   984 I HYPER-HAL: [ResourceManager.cpp]updateResource(): [CPUMaxFreq] UpdateResource Request ID : 9581265    Value : 2912000
08-30 18:42:25.811   944   984 I HYPER-HAL: [ResourceManager.cpp]removeResource(): [CPUMaxFreq] RemoveResource Request ID : 9537530
08-30 18:42:25.811   944   984 I HYPER-HAL: [RequestManager.cpp]releaseLocked(): Released ID : 9537530
08-30 18:42:25.819  1408 12401 D PkgPredictorService-IpmAdcpController: create a new DexPreloadTask pkg:com.example.uianaliticsxml  path:/data/app/~~V3CUFa84T4QBuW5P3DWzJw==/com.example.uianaliticsxml-KF6T4vSi3OxW689ZOvX05A==
08-30 18:42:25.819  1408  2480 I SemDvfsHyPerManager: acquire hyper - AMS_APP_SWITCH/1408@30, type = -999
08-30 18:42:25.819   944   984 I HYPER-HAL: [RequestManager.cpp]acquire(): Acquired ID : 1034671  [1408 / 30]    HINT : AMS_APP_SWITCH    list :
08-30 18:42:25.819  1408 12401 D PkgPredictorService-IpmAdcpController: /data/app/~~V3CUFa84T4QBuW5P3DWzJw==/com.example.uianaliticsxml-KF6T4vSi3OxW689ZOvX05A==/oat/arm64/base.art size 118784
08-30 18:42:25.819   944   984 I HYPER-HAL: [ResourceManager.cpp]updateResource(): [CPUMinFreq] UpdateResource Request ID : 1034671    Value : 2912000
08-30 18:42:25.820  1054  1093 I SurfaceFlinger: id=86487 createSurf flag=24004, Task=26437#86487
08-30 18:42:25.820  4365  4365 I SemDvfsHyPerManager: acquire hyper - APP_START_SHORT/4365@12, type = -999
08-30 18:42:25.820   944   984 I HYPER-HAL: [RequestManager.cpp]acquire(): Acquired ID : 9581265  [4365 / 12]    HINT : APP_START    list : [TIMEOUT / 1500]
08-30 18:42:25.820   944   984 I HYPER-HAL: [ResourceManager.cpp]updateResource(): [CPUMaxFreq] UpdateResource Request ID : 9581265    Value : 2912000
08-30 18:42:25.822  1054  1093 I SurfaceFlinger: id=86488 createSurf flag=80004, ActivityRecord{4abd779 u0 com.example.uianaliticsxml/.MainActivity}#86488
08-30 18:42:25.826  1408  4366 I SemDvfsHyPerManager: acquire hyper - AMS_APP_LAUNCH/1408@19, type = -999
08-30 18:42:25.826   944   984 I HYPER-HAL: [RequestManager.cpp]acquire(): Acquired ID : 1018897  [1408 / 19]    HINT : AMS_APP_LAUNCH    list :
08-30 18:42:25.826  4365  4365 I SemDvfsHyPerManager: acquire hyper - APP_START/4365@13, type = -999
08-30 18:42:25.826   944   984 I HYPER-HAL: [ResourceManager.cpp]updateResource(): [CPUMinFreq] UpdateResource Request ID : 1018897    Value : 2912000
08-30 18:42:25.827   944   984 I HYPER-HAL: [RequestManager.cpp]acquire(): Acquired ID : 9585644  [4365 / 13]    HINT : APP_START    list :
08-30 18:42:25.827   944   984 I HYPER-HAL: [ResourceManager.cpp]updateResource(): [CPUMaxFreq] UpdateResource Request ID : 9585644    Value : 2912000
08-30 18:42:25.828  1210  6534 I CameraService: onUidStateChanged: uid=10039, procState is changed. (0 -> 1)
08-30 18:42:25.829  2446  2446 I BaseActivity: removeActivityFlags, flags : 16
08-30 18:42:25.829  2446  2446 I BaseActivity: removeActivityFlags, flags : 6
08-30 18:42:25.829  2446  2446 I DragController: endDrag
08-30 18:42:25.829  2446  2446 W LauncherAppWidgetHost: setShouldListenFlag, mFlags:15 flag:resume on:false isFront:false
08-30 18:42:25.829  2446  2446 I SPayUpdater: updateSpayHandler launcher activity is paused false
08-30 18:42:25.831  1872  1924 D NativeCustomFrequencyManager: [NativeCFMS] BpCustomFrequencyManager::BpCustomFrequencyManager()
08-30 18:42:25.833  2446  2446 I TopTaskTracker: onTaskMovedToFront : taskId = 26437
08-30 18:42:25.833  1408  1907 D InputTransport: Input channel constructed: 'deb596 ', fd=1212
08-30 18:42:25.833  1408  1907 D InputTransport: Input channel constructed: 'deb596 ', fd=1215
08-30 18:42:25.834  1408  1907 D InputTransport: Input channel constructed: 'deb596 ', fd=1216
08-30 18:42:25.834  1054  1092 I SurfaceFlinger: id=86489 createSurf flag=80004, deb596 Splash Screen com.example.uianaliticsxml#86489
08-30 18:42:25.835  1408  1907 D InputTransport: Input channel destroyed: 'deb596 ', fd=1216
08-30 18:42:25.835  1872  1916 D InsetsController: onStateChanged: InsetsState: {mDisplayFrame=Rect(0, 0 - 1080, 2400), mDisplayCutout=DisplayCutout{insets=Rect(0, 80 - 0, 0) waterfall=Insets{left=0, top=0, right=0, bottom=0} boundingRect={Bounds=[Rect(0, 0 - 0, 0), Rect(510, 0 - 570, 80), Rect(0, 0 - 0, 0), Rect(0, 0 - 0, 0)]} cutoutPathParserInfo={CutoutPathParserInfo{displayWidth=1080 displayHeight=2400 physicalDisplayWidth=1080 physicalDisplayHeight=2400 density={3.0} cutoutSpec={M 0,0 H -10 V 26.66666666666667 H 10 V 0 H 0 Z @dp} rotation={0} scale={1.0} physicalPixelDisplaySizeRatio={1.0}}}}, mRoundedCorners=RoundedCorners{[RoundedCorner{position=TopLeft, radius=96, center=Point(96, 96)}, RoundedCorner{position=TopRight, radius=96, center=Point(984, 96)}, RoundedCorner{position=BottomRight, radius=96, center=Point(984, 2304)}, RoundedCorner{position=BottomLeft, radius=96, center=Point(96, 2304)}]}  mRoundedCornerFrame=Rect(0, 0 - 1080, 2400), mPrivacyIndicatorBounds=PrivacyIndicatorBounds {static bounds=Rect(948, 0 - 1080, 80) rotation=0}, mSources= { InsetsSource: {mType=ITYPE_STATUS_BAR, mFrame=[0,0][1080,80], mVisible=true, mInsetsRoundedCornerFrame=false}, InsetsSource: {mType=ITYPE_NAVIGATION_BAR, mFrame=[0,2355][1080,2400], mVisible=true, mInsetsRoundedCornerFrame=false}, InsetsSource: {mType=ITYPE_LEFT_GESTURES, mFrame=[0,0][90,2400], mVisible=true, mInsetsRoundedCornerFrame=false}, InsetsSource: {mType=ITYPE_RIGHT_GESTURES, mFrame=[990,0][1080,2400], mVisible=true, mInsetsRoundedCornerFrame=false}, InsetsSource: {mType=ITYPE_TOP_MANDATORY_GESTURES, mFrame=[0,0][1080,116], mVisible=true, mInsetsRoundedCornerFrame=false}, InsetsSource: {mType=ITYPE_BOTTOM_MANDATORY_GESTURES, mFrame=[0,2304][1080,2400], mVisible=true, mInsetsRoundedCornerFrame=false}, InsetsSource: {mType=ITYPE_LEFT_DISPLAY_CUTOUT, mFrame=[0,0][-100000,2400], mVisible=true, mInsetsRoundedCornerFrame=false}, InsetsSource: {mType=ITYPE_TOP_DISPLAY_CUTOUT, mFrame=[0,0][1080,80], mVisible=true, mInsetsRoundedCornerFrame=false}, InsetsSource: {mType=ITYPE_RIGHT_DISPLAY_CUTOUT, mFrame=[100000,0][1080,2400], mVisible=true, mInsetsRoundedCornerFrame=false}, InsetsSource: {mType=ITYPE_BOTTOM_DISPLAY_CUTOUT, mFrame=[0,100000][1080,2400], mVisible=true, mInsetsRoundedCornerFrame=false}, InsetsSource: {mType=ITYPE_TOP_TAPPABLE_ELEMENT, mFrame=[0,0][1080,80], mVisible=true, mInsetsRoundedCornerFrame=false}, InsetsSource: {mType=ITYPE_BOTTOM_TAPPABLE_ELEMENT, mFrame=[0,0][0,0], mVisible=true, mInsetsRoundedCornerFrame=false}, InsetsSource: {mType=ITYPE_IME, mFrame=[0,0][0,0], mVisible=false, mInsetsRoundedCornerFrame=false} } host=Splash Screen com.example.uianaliticsxml from=android.view.ViewRootImpl.setView:1700
08-30 18:42:25.837  1872  1916 I ViewRootImpl@4eb1c03[uianaliticsxml]: setView = android.widget.FrameLayout@ef9755f TM=true
08-30 18:42:25.841  1872  1916 D ViewRootImpl@4eb1c03[uianaliticsxml]: performTraversals params={(0,0)(fillxfill) sim={adjust=pan} ty=APPLICATION_STARTING fmt=TRANSLUCENT wanim=0x1030309
08-30 18:42:25.841  1872  1916 D ViewRootImpl@4eb1c03[uianaliticsxml]:   fl=81030118
08-30 18:42:25.841  1872  1916 D ViewRootImpl@4eb1c03[uianaliticsxml]:   pfl=16000010
08-30 18:42:25.841  1872  1916 D ViewRootImpl@4eb1c03[uianaliticsxml]:   bhv=DEFAULT
08-30 18:42:25.841  1872  1916 D ViewRootImpl@4eb1c03[uianaliticsxml]:   fitSides= naviIconColor=0}
08-30 18:42:25.841  1872  1916 D ViewRootImpl@4eb1c03[uianaliticsxml]: performTraversals mFirst=true windowShouldResize=true viewVisibilityChanged=false mForceNextWindowRelayout=false params={(0,0)(fillxfill) sim={adjust=pan} ty=APPLICATION_STARTING fmt=TRANSLUCENT wanim=0x1030309
08-30 18:42:25.841  1872  1916 D ViewRootImpl@4eb1c03[uianaliticsxml]:   fl=81030118
08-30 18:42:25.841  1872  1916 D ViewRootImpl@4eb1c03[uianaliticsxml]:   pfl=16000010
08-30 18:42:25.841  1872  1916 D ViewRootImpl@4eb1c03[uianaliticsxml]:   bhv=DEFAULT
08-30 18:42:25.841  1872  1916 D ViewRootImpl@4eb1c03[uianaliticsxml]:   fitSides= naviIconColor=0}
08-30 18:42:25.841  1408  1907 V WindowManager: Relayout Window{deb596 u0 Splash Screen com.example.uianaliticsxml}: viewVisibility=0 req=1080x2400 d0
08-30 18:42:25.841  1408  1808 D NetdEventListenerService: DNS Requested by : 142, 1000
08-30 18:42:25.841  1054  1092 I SurfaceFlinger: id=86490 createSurf flag=40004, Splash Screen com.example.uianaliticsxml$_1872#86490
08-30 18:42:25.841  1408  4817 D InputDispatcher: Focus left window (0): 4d13dc com.sec.android.app.launcher/com.sec.android.app.launcher.activities.LauncherActivity
08-30 18:42:25.842  2446  2446 I ViewRootImpl@e5a6e97[LauncherActivity]: MSG_WINDOW_FOCUS_CHANGED 0 0
08-30 18:42:25.842  1408  1786 D TrafficStats: tagSocket(1216) with statsTag=0xffffffff, statsUid=-1
08-30 18:42:25.843  2446  2446 I BaseActivity: removeActivityFlags, flags : 8
08-30 18:42:25.845  1408  1907 V WindowManager: Relayout hash=deb596, pid=1872, syncId=-1: mAttrs={(0,0)(fillxfill) sim={adjust=pan} ty=APPLICATION_STARTING fmt=TRANSLUCENT wanim=0x1030309
08-30 18:42:25.845  1408  1907 V WindowManager:   fl=81030118
08-30 18:42:25.845  1408  1907 V WindowManager:   pfl=16000010
08-30 18:42:25.845  1408  1907 V WindowManager:   bhv=DEFAULT
08-30 18:42:25.845  1408  1907 V WindowManager:   fitSides= naviIconColor=0}
08-30 18:42:25.846  1872  1916 D BLASTBufferQueue: new BLASTBufferQueue, mNativeObject= 0xb40000770be36db0 name= ViewRootImpl@4eb1c03[uianaliticsxml] sc.mNativeObject= 0xb40000769c055860 caller= android.view.ViewRootImpl.updateBlastSurfaceIfNeeded:2789 android.view.ViewRootImpl.relayoutWindow:9635 android.view.ViewRootImpl.performTraversals:3759 android.view.ViewRootImpl.doTraversal:2991 android.view.ViewRootImpl$TraversalRunnable.run:10665 android.view.Choreographer$CallbackRecord.run:1301 android.view.Choreographer$CallbackRecord.run:1309 android.view.Choreographer.doCallbacks:923 android.view.Choreographer.doFrame:852 android.view.Choreographer$FrameDisplayEventReceiver.run:1283
08-30 18:42:25.846  1872  1916 D BLASTBufferQueue: update, w= 1080 h= 2400 mNativeObject= 0xb40000770be36db0 sc.mNativeObject= 0xb40000769c055860 format= -3 caller= android.graphics.BLASTBufferQueue.<init>:76 android.view.ViewRootImpl.updateBlastSurfaceIfNeeded:2789 android.view.ViewRootImpl.relayoutWindow:9635 android.view.ViewRootImpl.performTraversals:3759 android.view.ViewRootImpl.doTraversal:2991 android.view.ViewRootImpl$TraversalRunnable.run:10665
08-30 18:42:25.846  1872  1916 I ViewRootImpl@4eb1c03[uianaliticsxml]: Relayout returned: old=(0,0,1080,2400) new=(0,0,1080,2400) req=(1080,2400)0 dur=5 res=0x3 s={true 0xb40000779c10a270} ch=true seqId=0
08-30 18:42:25.847  1872  1916 D ViewRootImpl@4eb1c03[uianaliticsxml]: mThreadedRenderer.initialize() mSurface={isValid=true 0xb40000779c10a270} hwInitialized=true
08-30 18:42:25.847  1872  1924 D OpenGLRenderer: eglCreateWindowSurface
08-30 18:42:25.847  1872  1916 D ViewRootImpl@4eb1c03[uianaliticsxml]: reportNextDraw android.view.ViewRootImpl.performTraversals:4313 android.view.ViewRootImpl.doTraversal:2991 android.view.ViewRootImpl$TraversalRunnable.run:10665 android.view.Choreographer$CallbackRecord.run:1301 android.view.Choreographer$CallbackRecord.run:1309
08-30 18:42:25.847  1872  1916 D ViewRootImpl@4eb1c03[uianaliticsxml]: Setup new sync id=0
08-30 18:42:25.847  1872  1916 D ViewRootImpl@4eb1c03[uianaliticsxml]: Setting syncFrameCallback
08-30 18:42:25.847  1872  1916 D ViewRootImpl@4eb1c03[uianaliticsxml]: registerCallbacksForSync syncBuffer=false
08-30 18:42:25.849  1872  1952 D ViewRootImpl@4eb1c03[uianaliticsxml]: Received frameDrawingCallback syncResult=0 frameNum=1.
08-30 18:42:25.850  1872  1952 D ViewRootImpl@4eb1c03[uianaliticsxml]: Setting up sync and frameCommitCallback
08-30 18:42:25.853  1872  1924 D BLASTBufferQueue: [ViewRootImpl@4eb1c03[uianaliticsxml]#6087](f:0,a:0) onFrameAvailable the first frame is available
08-30 18:42:25.853  1872  1924 D ViewRootImpl@4eb1c03[uianaliticsxml]: Received frameCommittedCallback lastAttemptedDrawFrameNum=1 didProduceBuffer=true
08-30 18:42:25.853  1872  1924 D OpenGLRenderer: CFMS:: SetUp Pid : 1872    Tid : 1924
08-30 18:42:25.854  1872  1924 W Parcel  : Expecting binder but got null!
08-30 18:42:25.854  1872  1916 D ViewRootImpl@4eb1c03[uianaliticsxml]: onSyncComplete
08-30 18:42:25.854  1872  1916 D ViewRootImpl@4eb1c03[uianaliticsxml]: setupSync seqId=0 mSyncId=0 fn=1 caller=android.view.ViewRootImpl$$ExternalSyntheticLambda11.accept:6 android.window.SurfaceSyncer.lambda$setupSync$1$android-window-SurfaceSyncer:128 android.window.SurfaceSyncer$$ExternalSyntheticLambda1.accept:8 android.window.SurfaceSyncer$SyncSet.checkIfSyncIsComplete:382 android.window.SurfaceSyncer$SyncSet.markSyncReady:359 android.window.SurfaceSyncer.markSyncReady:151 android.view.ViewRootImpl.performTraversals:4373
08-30 18:42:25.854  1872  1916 D ViewRootImpl@4eb1c03[uianaliticsxml]: reportDrawFinished seqId=0 mSyncId=-1 fn=1 mSurfaceChangedTransaction=0xb4000076cc047190
08-30 18:42:25.857  1054  1093 I SurfaceFlinger: id=86491 createSurf flag=24000, Surface(name=Task=1)/@0x7bcb610 - animation-leash of app_transition#86491
08-30 18:42:25.857  1054  1054 I SurfaceFlinger: [4d13dc com.sec.android.app.launcher/com.sec.android.app.launcher.activities.LauncherActivity#124] FrameRatePriority: -1
08-30 18:42:25.859  1054  1093 I SurfaceFlinger: id=86492 createSurf flag=24004, Surface(name=Task=26437)/@0x429da32 - animation-leash of app_transition#86492
08-30 18:42:25.860  1054  1093 I SurfaceFlinger: id=86493 createSurf flag=24000, Surface(name=WindowToken{b98a346 type=2019 android.os.BinderProxy@123bd88})/@0x5f2620c - animation-leash of token_transform#86493
08-30 18:42:25.861  1054  1093 I SurfaceFlinger: id=86494 createSurf flag=80000, e26b72 ActivityRecordInputSink com.example.uianaliticsxml/.MainActivity#86494
08-30 18:42:25.862  1872  1900 D Bubbles : onLocusVisibilityChanged: LocusId[17_chars] visible=false
08-30 18:42:25.874  1054  1054 I Layer   : Layer [Splash Screen com.example.uianaliticsxml$_1872#86490] hidden!! flag(0)
08-30 18:42:25.879   911   911 D Zygote  : Forked child process 31120
08-30 18:42:25.893  1054  1054 D SurfaceFlinger: Display 4633128672291735937 HWC layers:
08-30 18:42:25.893  1054  1054 D SurfaceFlinger:      DEVICE | 0xb4000070998c9410 | 0100 | RGBx_8888    |  660.0    0.0 1740.0 2400.0 |    0    0 1080 2400 | Wallpaper BBQ wrapper#80
08-30 18:42:25.893  1054  1054 D SurfaceFlinger:      DEVICE | 0xb4000070998bb950 | 0100 | RGBA_8888    |    0.0    0.0 1080.0 2400.0 |    0    0 1080 2400 | com.sec.android.app.launcher/com.sec[...]ivities.LauncherActivity$_2446#86482
08-30 18:42:25.893  1054  1054 D SurfaceFlinger:      DEVICE | 0xb4000070998d5110 | 0100 | RGBA_8888    |    0.0    0.0 1080.0 2400.0 |   76  168 1004 2232 | Splash Screen com.example.uianaliticsxml$_1872#86490
08-30 18:42:25.893  1054  1054 D SurfaceFlinger:      DEVICE | 0xb4000070998cef10 | 0100 | RGBA_8888    |    0.0    0.0 1080.0   80.0 |    0    0 1080   80 | StatusBar$_1872#94
08-30 18:42:25.893  1054  1054 D SurfaceFlinger:      DEVICE | 0xb4000070998c8d10 | 0100 | RGBA_8888    |    0.0    0.0   67.0  329.0 | 1013  384 1080  713 | com.samsung.android.app.cocktailbars[...]rvice.CocktailBarService$_4516#85627
08-30 18:42:25.893  1054  1054 D SurfaceFlinger:      DEVICE | 0xb4000070998dd0d0 | 0100 | RGBA_8888    |    0.0    0.0 1080.0  144.0 |    0 2256 1080 2400 | NavigationBar0$_1872#87
08-30 18:42:25.893  1054  1054 D SurfaceFlinger:
08-30 18:42:25.894 11697 11703 I adbd    : jdwp connection from 31120
08-30 18:42:25.897  1055  1088 I heimdall: insert_task_to_group:67, insert tgid 31120 to group com.sec.android.app.chromecustomizations, ret = 0
08-30 18:42:25.897 31120 31120 D ActivityThread: setConscryptValidator
08-30 18:42:25.897 31120 31120 D ActivityThread: setConscryptValidator - put
08-30 18:42:25.905  1408  1907 D InputDispatcher: Focused application(0): ActivityRecord{4abd779 u0 com.example.uianaliticsxml/.MainActivity} t26437}
08-30 18:42:25.907 31120 31120 D CompatibilityChangeReporter: Compat change id reported: 171979766; UID 10789; state: ENABLED
08-30 18:42:25.908  1055  1088 I heimdall: insert_task_to_group:67, insert tgid 31120 to group com.example.uianaliticsxml, ret = 0
08-30 18:42:25.911  1408  1486 I SemPersonaManager: SecureFolder personaId = 150
08-30 18:42:25.913  6000  6172 I Rubin   : [1116] t9.a.c(SourceFile:1) : Notify com.samsung.android.rubin.inferenceengine.contextanalytics.engine.loggers.d's database is updated.
08-30 18:42:25.922  1408  1486 D EnterpriseDeviceManagerService: isMdmAdminPresentInternal() : MDM Admin Found - com.samsung.knox.securefolder
08-30 18:42:25.925 31120 31120 D nativeloader: Configuring classloader-namespace for other apk /data/app/~~V3CUFa84T4QBuW5P3DWzJw==/com.example.uianaliticsxml-KF6T4vSi3OxW689ZOvX05A==/base.apk. target_sdk_version=33, uses_libraries=, library_path=/data/app/~~V3CUFa84T4QBuW5P3DWzJw==/com.example.uianaliticsxml-KF6T4vSi3OxW689ZOvX05A==/lib/arm64, permitted_path=/data:/mnt/expand:/data/user/0/com.example.uianaliticsxml
08-30 18:42:25.929  1408  3212 I MediaSessionMonitor: Media session stopped : controllerList empty
08-30 18:42:25.930  4516  4516 I ActivityUtils: HomePackage : com.sec.android.app.launcher, resumePackageName : com.example.uianaliticsxml
08-30 18:42:25.931  6000  6172 I Rubin   : [1116] ha.e.m(SourceFile:6) : isSatisfiedByCmh is false
08-30 18:42:25.932  2446 17754 I RecentModel: onTaskStackChangedBackground
08-30 18:42:25.938 31120 31120 V GraphicsEnvironment: ANGLE Developer option for 'com.example.uianaliticsxml' set to: 'default'
08-30 18:42:25.938 31120 31120 V GraphicsEnvironment: ANGLE GameManagerService for com.example.uianaliticsxml: false
08-30 18:42:25.938 31120 31120 V GraphicsEnvironment: App is not on the allowlist for updatable production driver.
08-30 18:42:25.941 31120 31120 D NetworkSecurityConfig: No Network Security Config specified, using platform default
08-30 18:42:25.942 31120 31120 D NetworkSecurityConfig: No Network Security Config specified, using platform default
08-30 18:42:25.951 31120 31144 D OpenGLRenderer: RenderThread::requireGlContext()
08-30 18:42:25.953 31120 31120 D AppCompatDelegate: Checking for metadata for AppLocalesMetadataHolderService : Service not found
08-30 18:42:25.961 31120 31144 D OpenGLRenderer: RenderThread::setGrContext()
08-30 18:42:25.963 31120 31120 I DecorView: [INFO] isPopOver=false config=true
08-30 18:42:25.963 31120 31120 I DecorView: updateCaptionType: isFloating=false isApplication=true hasWindowDecorCaption=false this=DecorView@14774c4[]
08-30 18:42:25.963 31120 31120 D DecorView: setCaptionType = 0, this = DecorView@14774c4[]
08-30 18:42:25.964 31120 31120 I DecorView: getCurrentDensityDpi: from real metrics. densityDpi=480 msg=resources_loaded
08-30 18:42:25.964 31120 31120 I DecorView: setWindowBackground: isPopOver=false color=ff1c1b1f d=android.graphics.drawable.ColorDrawable@270e2e2
08-30 18:42:25.974 31120 31120 D CompatibilityChangeReporter: Compat change id reported: 210923482; UID 10789; state: ENABLED
08-30 18:42:25.982 31120 31120 I MSHandlerLifeCycle: check: return. pkg=com.example.uianaliticsxml parent=null callers=com.android.internal.policy.DecorView.setVisibility:4378 android.app.ActivityThread.handleResumeActivity:5463 android.app.servertransaction.ResumeActivityItem.execute:54 android.app.servertransaction.ActivityTransactionItem.execute:45 android.app.servertransaction.TransactionExecutor.executeLifecycleState:176
08-30 18:42:25.982 31120 31120 I MSHandlerLifeCycle: removeMultiSplitHandler: no exist. decor=DecorView@14774c4[]
08-30 18:42:25.984 31120 31144 D NativeCustomFrequencyManager: [NativeCFMS] BpCustomFrequencyManager::BpCustomFrequencyManager()
08-30 18:42:25.985  1408  3220 D InputTransport: Input channel constructed: '9d379e ', fd=1267
08-30 18:42:25.985  1408  3220 D InputTransport: Input channel constructed: '9d379e ', fd=1268
08-30 18:42:25.985  1408  3220 D InputTransport: Input channel constructed: '9d379e ', fd=1269
08-30 18:42:25.986  1054  1093 I SurfaceFlinger: id=86495 createSurf flag=80004, 9d379e com.example.uianaliticsxml/com.example.uianaliticsxml.MainActivity#86495
08-30 18:42:25.987  1408  3220 D InputTransport: Input channel destroyed: '9d379e ', fd=1269
08-30 18:42:25.987 31120 31120 D InsetsController: onStateChanged: InsetsState: {mDisplayFrame=Rect(0, 0 - 1080, 2400), mDisplayCutout=DisplayCutout{insets=Rect(0, 80 - 0, 0) waterfall=Insets{left=0, top=0, right=0, bottom=0} boundingRect={Bounds=[Rect(0, 0 - 0, 0), Rect(510, 0 - 570, 80), Rect(0, 0 - 0, 0), Rect(0, 0 - 0, 0)]} cutoutPathParserInfo={CutoutPathParserInfo{displayWidth=1080 displayHeight=2400 physicalDisplayWidth=1080 physicalDisplayHeight=2400 density={3.0} cutoutSpec={M 0,0 H -10 V 26.66666666666667 H 10 V 0 H 0 Z @dp} rotation={0} scale={1.0} physicalPixelDisplaySizeRatio={1.0}}}}, mRoundedCorners=RoundedCorners{[RoundedCorner{position=TopLeft, radius=96, center=Point(96, 96)}, RoundedCorner{position=TopRight, radius=96, center=Point(984, 96)}, RoundedCorner{position=BottomRight, radius=96, center=Point(984, 2304)}, RoundedCorner{position=BottomLeft, radius=96, center=Point(96, 2304)}]}  mRoundedCornerFrame=Rect(0, 0 - 1080, 2400), mPrivacyIndicatorBounds=PrivacyIndicatorBounds {static bounds=Rect(948, 0 - 1080, 80) rotation=0}, mSources= { InsetsSource: {mType=ITYPE_STATUS_BAR, mFrame=[0,0][1080,80], mVisible=true, mInsetsRoundedCornerFrame=false}, InsetsSource: {mType=ITYPE_NAVIGATION_BAR, mFrame=[0,2355][1080,2400], mVisible=true, mInsetsRoundedCornerFrame=false}, InsetsSource: {mType=ITYPE_LEFT_GESTURES, mFrame=[0,0][90,2400], mVisible=true, mInsetsRoundedCornerFrame=false}, InsetsSource: {mType=ITYPE_RIGHT_GESTURES, mFrame=[990,0][1080,2400], mVisible=true, mInsetsRoundedCornerFrame=false}, InsetsSource: {mType=ITYPE_TOP_MANDATORY_GESTURES, mFrame=[0,0][1080,116], mVisible=true, mInsetsRoundedCornerFrame=false}, InsetsSource: {mType=ITYPE_BOTTOM_MANDATORY_GESTURES, mFrame=[0,2304][1080,2400], mVisible=true, mInsetsRoundedCornerFrame=false}, InsetsSource: {mType=ITYPE_LEFT_DISPLAY_CUTOUT, mFrame=[0,0][-100000,2400], mVisible=true, mInsetsRoundedCornerFrame=false}, InsetsSource: {mType=ITYPE_TOP_DISPLAY_CUTOUT, mFrame=[0,0][1080,80], mVisible=true, mInsetsRoundedCornerFrame=false}, InsetsSource: {mType=ITYPE_RIGHT_DISPLAY_CUTOUT, mFrame=[100000,0][1080,2400], mVisible=true, mInsetsRoundedCornerFrame=false}, InsetsSource: {mType=ITYPE_BOTTOM_DISPLAY_CUTOUT, mFrame=[0,100000][1080,2400], mVisible=true, mInsetsRoundedCornerFrame=false}, InsetsSource: {mType=ITYPE_TOP_TAPPABLE_ELEMENT, mFrame=[0,0][1080,80], mVisible=true, mInsetsRoundedCornerFrame=false}, InsetsSource: {mType=ITYPE_BOTTOM_TAPPABLE_ELEMENT, mFrame=[0,0][0,0], mVisible=true, mInsetsRoundedCornerFrame=false}, InsetsSource: {mType=ITYPE_IME, mFrame=[0,0][0,0], mVisible=false, mInsetsRoundedCornerFrame=false} } host=com.example.uianaliticsxml/com.example.uianaliticsxml.MainActivity from=android.view.ViewRootImpl.setView:1700
08-30 18:42:25.989 31120 31120 I ViewRootImpl@e419a16[MainActivity]: setView = com.android.internal.policy.DecorView@14774c4 TM=true
08-30 18:42:25.990 31120 31120 I MSHandlerLifeCycle: removeMultiSplitHandler: no exist. decor=DecorView@14774c4[MainActivity]
08-30 18:42:25.990  1408  1531 D AnalyticsContainerHandler: handleMessage : { when=0 what=1 target=com.android.server.knox.KnoxAnalyticsContainer$AnalyticsHandler }
08-30 18:42:25.993  1054  1093 I SurfaceFlinger: id=86496 createSurf flag=24004, Surface(name=WindowToken{b98a346 type=2019 android.os.BinderProxy@123bd88})/@0x5f2620c - animation-leash of token_transform#86496
08-30 18:42:25.997 31120 31120 D ViewRootImpl@e419a16[MainActivity]: performTraversals params={(0,0)(fillxfill) sim={adjust=resize forwardNavigation} ty=BASE_APPLICATION wanim=0x1030309
08-30 18:42:25.997 31120 31120 D ViewRootImpl@e419a16[MainActivity]:   fl=81810100
08-30 18:42:25.997 31120 31120 D ViewRootImpl@e419a16[MainActivity]:   pfl=12020040
08-30 18:42:25.997 31120 31120 D ViewRootImpl@e419a16[MainActivity]:   bhv=DEFAULT
08-30 18:42:25.997 31120 31120 D ViewRootImpl@e419a16[MainActivity]:   fitSides= naviIconColor=0}
08-30 18:42:25.997 31120 31120 D ViewRootImpl@e419a16[MainActivity]: performTraversals mFirst=true windowShouldResize=true viewVisibilityChanged=false mForceNextWindowRelayout=false params={(0,0)(fillxfill) sim={adjust=resize forwardNavigation} ty=BASE_APPLICATION wanim=0x1030309
08-30 18:42:25.997 31120 31120 D ViewRootImpl@e419a16[MainActivity]:   fl=81810100
08-30 18:42:25.997 31120 31120 D ViewRootImpl@e419a16[MainActivity]:   pfl=12020040
08-30 18:42:25.997 31120 31120 D ViewRootImpl@e419a16[MainActivity]:   bhv=DEFAULT
08-30 18:42:25.997 31120 31120 D ViewRootImpl@e419a16[MainActivity]:   fitSides= naviIconColor=0}
08-30 18:42:25.998  1408  3220 V WindowManager: Relayout Window{9d379e u0 com.example.uianaliticsxml/com.example.uianaliticsxml.MainActivity}: viewVisibility=0 req=1080x2400 d0
08-30 18:42:25.998  1054  1093 I SurfaceFlinger: id=86497 createSurf flag=40004, com.example.uianaliticsxml/com.example.uianaliticsxml.MainActivity$_31120#86497
08-30 18:42:26.000  1054  1093 I SurfaceFlinger: id=86498 createSurf flag=24000, Surface(name=e0b30c0 StatusBar)/@0x15aa7e0 - animation-leash of insets_animation#86498
08-30 18:42:26.000  1054  1093 I SurfaceFlinger: id=86499 createSurf flag=24000, Surface(name=40811ff NavigationBar0)/@0x7c5593f - animation-leash of insets_animation#86499
08-30 18:42:26.001  2446 17754 I TouchInteractionService: onSystemUiStateChanged, stateFlags : 131072 |allow_gesture|
08-30 18:42:26.001  2446  2446 I RecentsAnimationDeviceState: setSystemUiFlags, stateFlags : 131072
08-30 18:42:26.001  2446  2446 I TouchInteractionService: onSystemUiFlagsChanged, lastSysUIFlags : 0
08-30 18:42:26.001  1408  3220 V WindowManager: Relayout hash=9d379e, pid=31120, syncId=-1: mAttrs={(0,0)(fillxfill) sim={adjust=resize forwardNavigation} ty=BASE_APPLICATION wanim=0x1030309
08-30 18:42:26.001  1408  3220 V WindowManager:   fl=81810100
08-30 18:42:26.001  1408  3220 V WindowManager:   pfl=12020040
08-30 18:42:26.001  1408  3220 V WindowManager:   bhv=DEFAULT
08-30 18:42:26.001  1408  3220 V WindowManager:   fitSides= naviIconColor=0}
08-30 18:42:26.002 31120 31120 D BLASTBufferQueue: new BLASTBufferQueue, mNativeObject= 0xb40000770be1f070 name= ViewRootImpl@e419a16[MainActivity] sc.mNativeObject= 0xb40000769be3f820 caller= android.view.ViewRootImpl.updateBlastSurfaceIfNeeded:2789 android.view.ViewRootImpl.relayoutWindow:9635 android.view.ViewRootImpl.performTraversals:3759 android.view.ViewRootImpl.doTraversal:2991 android.view.ViewRootImpl$TraversalRunnable.run:10665 android.view.Choreographer$CallbackRecord.run:1301 android.view.Choreographer$CallbackRecord.run:1309 android.view.Choreographer.doCallbacks:923 android.view.Choreographer.doFrame:852 android.view.Choreographer$FrameDisplayEventReceiver.run:1283
08-30 18:42:26.003 31120 31120 D BLASTBufferQueue: update, w= 1080 h= 2400 mNativeObject= 0xb40000770be1f070 sc.mNativeObject= 0xb40000769be3f820 format= -1 caller= android.graphics.BLASTBufferQueue.<init>:76 android.view.ViewRootImpl.updateBlastSurfaceIfNeeded:2789 android.view.ViewRootImpl.relayoutWindow:9635 android.view.ViewRootImpl.performTraversals:3759 android.view.ViewRootImpl.doTraversal:2991 android.view.ViewRootImpl$TraversalRunnable.run:10665
08-30 18:42:26.003 31120 31120 I ViewRootImpl@e419a16[MainActivity]: Relayout returned: old=(0,0,1080,2400) new=(0,0,1080,2400) req=(1080,2400)0 dur=5 res=0x3 s={true 0xb40000779be298d0} ch=true seqId=0
08-30 18:42:26.003  1054  1093 W ServiceManager: Permission failure: android.permission.ACCESS_SURFACE_FLINGER from uid=10789 pid=0
08-30 18:42:26.003  1054  1093 D PermissionCache: checking android.permission.ACCESS_SURFACE_FLINGER for uid=10789 => denied (147 us)
08-30 18:42:26.003  1054  1092 W ServiceManager: Permission failure: android.permission.ACCESS_SURFACE_FLINGER from uid=10789 pid=31120
08-30 18:42:26.003  1054  1092 D PermissionCache: checking android.permission.ACCESS_SURFACE_FLINGER for uid=10789 => denied (145 us)
08-30 18:42:26.003  1054  1092 W ServiceManager: Permission failure: android.permission.ROTATE_SURFACE_FLINGER from uid=10789 pid=31120
08-30 18:42:26.003  1054  1093 W ServiceManager: Permission failure: android.permission.ROTATE_SURFACE_FLINGER from uid=10789 pid=0
08-30 18:42:26.003  1054  1092 D PermissionCache: checking android.permission.ROTATE_SURFACE_FLINGER for uid=10789 => denied (65 us)
08-30 18:42:26.003  1054  1093 D PermissionCache: checking android.permission.ROTATE_SURFACE_FLINGER for uid=10789 => denied (89 us)
08-30 18:42:26.003  1054  1092 W ServiceManager: Permission failure: android.permission.INTERNAL_SYSTEM_WINDOW from uid=10789 pid=31120
08-30 18:42:26.003  1054  1092 D PermissionCache: checking android.permission.INTERNAL_SYSTEM_WINDOW for uid=10789 => denied (62 us)
08-30 18:42:26.003  1054  1093 W ServiceManager: Permission failure: android.permission.INTERNAL_SYSTEM_WINDOW from uid=10789 pid=0
08-30 18:42:26.003  1054  1093 D PermissionCache: checking android.permission.INTERNAL_SYSTEM_WINDOW for uid=10789 => denied (117 us)
08-30 18:42:26.003 31120 31120 D ViewRootImpl@e419a16[MainActivity]: mThreadedRenderer.initialize() mSurface={isValid=true 0xb40000779be298d0} hwInitialized=true
08-30 18:42:26.004   934  1134 I display : getColorModes:: Supported color modes (3)
08-30 18:42:26.004   934  1134 I display : 	[0] mode 0
08-30 18:42:26.004   934  1134 I display : 	[1] mode 7
08-30 18:42:26.004   934  1134 I display : 	[2] mode 6
08-30 18:42:26.005 31120 31144 D OpenGLRenderer: eglCreateWindowSurface
08-30 18:42:26.008  1054  1054 I Layer   : id=86493 removeFromCurrentState Surface(name=WindowToken{b98a346 type=2019 android.os.BinderProxy@123bd88})/@0x5f2620c - animation-leash of token_transform#86493 (129)
08-30 18:42:26.008  1054  1054 I SurfaceFlinger: id=86493 Removed Surface(name=WindowToken{b98a346 type=2019 android.os.BinderProxy@123bd88})/@0x5f2620c - animation-leash of token_transform#86493 (129)
08-30 18:42:26.008  1054  1054 I Layer   : id=86493 Destroyed Surface(name=WindowToken{b98a346 type=2019 android.os.BinderProxy@123bd88})/@0x5f2620c - animation-leash of token_transform#86493
08-30 18:42:26.010   627   631 I servicemanager: Could not find android.hardware.graphics.allocator.IAllocator/default in the VINTF manifest.
08-30 18:42:26.010  1054  1054 D SurfaceFlinger: Display 4633128672291735937 HWC layers:
08-30 18:42:26.010  1054  1054 D SurfaceFlinger:      DEVICE | 0xb4000070998c9410 | 0100 | RGBx_8888    |  660.0    0.0 1740.0 2400.0 |    0    0 1080 2400 | Wallpaper BBQ wrapper#80
08-30 18:42:26.010  1054  1054 D SurfaceFlinger:      DEVICE | 0xb4000070998bb950 | 0100 | RGBA_8888    |    0.0    0.0 1080.0 2400.0 |    0    0 1080 2400 | com.sec.android.app.launcher/com.sec[...]ivities.LauncherActivity$_2446#86482
08-30 18:42:26.010  1054  1054 D SurfaceFlinger:      DEVICE | 0xb4000070998d5110 | 0100 | RGBA_8888    |    0.0    0.0 1080.0 2400.0 |   22   48 1058 2352 | Splash Screen com.example.uianaliticsxml$_1872#86490
08-30 18:42:26.010  1054  1054 D SurfaceFlinger:      DEVICE | 0xb4000070998cef10 | 0100 | RGBA_8888    |    0.0    0.0 1080.0   80.0 |    0    0 1080   80 | StatusBar$_1872#94
08-30 18:42:26.010  1054  1054 D SurfaceFlinger:      DEVICE | 0xb4000070998c8d10 | 0100 | RGBA_8888    |    0.0    0.0   67.0  329.0 | 1013  384 1080  713 | com.samsung.android.app.cocktailbars[...]rvice.CocktailBarService$_4516#85627
08-30 18:42:26.010  1054  1054 D SurfaceFlinger:
08-30 18:42:26.017 31120 31120 D ViewRootImpl@e419a16[MainActivity]: reportNextDraw android.view.ViewRootImpl.performTraversals:4313 android.view.ViewRootImpl.doTraversal:2991 android.view.ViewRootImpl$TraversalRunnable.run:10665 android.view.Choreographer$CallbackRecord.run:1301 android.view.Choreographer$CallbackRecord.run:1309
08-30 18:42:26.017 31120 31120 D ViewRootImpl@e419a16[MainActivity]: Setup new sync id=0
08-30 18:42:26.017 31120 31120 D ViewRootImpl@e419a16[MainActivity]: Setting syncFrameCallback
08-30 18:42:26.017 31120 31120 D ViewRootImpl@e419a16[MainActivity]: registerCallbacksForSync syncBuffer=false
08-30 18:42:26.020 31120 31156 D ViewRootImpl@e419a16[MainActivity]: Received frameDrawingCallback syncResult=0 frameNum=1.
08-30 18:42:26.020 31120 31156 D ViewRootImpl@e419a16[MainActivity]: Setting up sync and frameCommitCallback
08-30 18:42:26.024  1054  1054 I Layer   : id=86483 removeFromCurrentState Surface(name=e0b30c0 StatusBar)/@0x15aa7e0 - animation-leash of insets_animation#86483 (128)
08-30 18:42:26.025  1054  1054 I Layer   : id=86484 removeFromCurrentState Surface(name=40811ff NavigationBar0)/@0x7c5593f - animation-leash of insets_animation#86484 (128)
08-30 18:42:26.025  1054  1054 I SurfaceFlinger: [9d379e com.example.uianaliticsxml/com.example.uianaliticsxml.MainActivity#86495] FrameRatePriority: 1
08-30 18:42:26.025  1054  1054 D SurfaceFlinger: [input] inputWindowCommands.focusRequests size is 1
08-30 18:42:26.025  1054  1054 I SurfaceFlinger: id=86483 Removed Surface(name=e0b30c0 StatusBar)/@0x15aa7e0 - animation-leash of insets_animation#86483 (128)
08-30 18:42:26.025  1054  1054 I SurfaceFlinger: id=86484 Removed Surface(name=40811ff NavigationBar0)/@0x7c5593f - animation-leash of insets_animation#86484 (128)
08-30 18:42:26.025  1054  1054 I Layer   : id=86484 Destroyed Surface(name=40811ff NavigationBar0)/@0x7c5593f - animation-leash of insets_animation#86484
08-30 18:42:26.025  1054  1054 I Layer   : id=86483 Destroyed Surface(name=e0b30c0 StatusBar)/@0x15aa7e0 - animation-leash of insets_animation#86483
08-30 18:42:26.025  1054  1169 D SurfaceFlinger: [input] setFocusedWindow: 9d379e com.example.uianaliticsxml/com.example.uianaliticsxml.MainActivity
08-30 18:42:26.026  1408  3220 D InputDispatcher: Focus request (0): 9d379e com.example.uianaliticsxml/com.example.uianaliticsxml.MainActivity but waiting because NOT_VISIBLE
08-30 18:42:26.037   939   939 I Sensors : batch(19) - light_cct_sensor try to batching with 200000000
08-30 18:42:26.038   939   939 I Sensors : LightCCT_Sensor old sensor_state 279040, new sensor_state : 1409595381924352 en : 1
08-30 18:42:26.042   939   939 I Sensors : enable:: light_cct_sensor(19)
08-30 18:42:26.042  1408  2178 D SensorManager: registerListener :: 33, TMD4912 Light CCT, 200000, 0, com.samsung.android.displaysolution.EyeComfortSolutionService$2@7377b63
08-30 18:42:26.043   939   939 I Sensors : flush light_cct_sensor
08-30 18:42:26.043   939   939 I Sensors : MetaEvent:: reportMetaEvent
08-30 18:42:26.043   939   939 I Sensors : wakeMessage
08-30 18:42:26.043   939  1602 E Sensors : MetaEvent:: 33
08-30 18:42:26.043  1408  2178 D SensorManager: registerListener :: 33, TMD4912 Light CCT, 200000, 0, com.samsung.android.displaysolution.EyeComfortSolutionService$1@3f8bdb3
08-30 18:42:26.043   939  1602 E Sensors : MetaEvent: hasPendingEvent+++(1)
08-30 18:42:26.043  1054  1054 D SurfaceFlinger: Display 4633128672291735937 HWC layers:
08-30 18:42:26.043  1054  1054 D SurfaceFlinger:      DEVICE | 0xb4000070998c9410 | 0100 | RGBx_8888    |  660.0    0.0 1740.0 2400.0 |    0    0 1080 2400 | Wallpaper BBQ wrapper#80
08-30 18:42:26.043  1054  1054 D SurfaceFlinger:      DEVICE | 0xb4000070998bb950 | 0100 | RGBA_8888    |    0.0    0.0 1080.0 2400.0 |    0    0 1080 2400 | com.sec.android.app.launcher/com.sec[...]ivities.LauncherActivity$_2446#86482
08-30 18:42:26.043  1054  1054 D SurfaceFlinger:      DEVICE | 0xb4000070998d5110 | 0100 | RGBA_8888    |    0.0    0.0 1080.0 2400.0 |   14   31 1066 2369 | Splash Screen com.example.uianaliticsxml$_1872#86490
08-30 18:42:26.043  1054  1054 D SurfaceFlinger:      DEVICE | 0xb4000070998dd0d0 | 0100 | RGBA_8888    |    0.0    0.0 1080.0  144.0 |   14 2228 1066 2369 | NavigationBar0$_1872#87
08-30 18:42:26.043  1054  1054 D SurfaceFlinger:      DEVICE | 0xb4000070998cef10 | 0100 | RGBA_8888    |    0.0    0.0 1080.0   80.0 |    0    0 1080   80 | StatusBar$_1872#94
08-30 18:42:26.043  1054  1054 D SurfaceFlinger:      DEVICE | 0xb4000070998c8d10 | 0100 | RGBA_8888    |    0.0    0.0   67.0  329.0 | 1013  384 1080  713 | com.samsung.android.app.cocktailbars[...]rvice.CocktailBarService$_4516#85627
08-30 18:42:26.043  1054  1054 D SurfaceFlinger:
08-30 18:42:26.068   939  1602 I Sensors : lux = 1, CCT = 0, r = 47, g = 16, b = 65, c = 16, atime = 2060, again = 4096, lux_raw = 1, brightness = 18, time = 535389239937889
08-30 18:42:26.069  1408  2178 D SensorService: Calling activate off 33
08-30 18:42:26.069   939   939 I Sensors : batch(19) - light_cct_sensor try to batching with 200000000
08-30 18:42:26.069  1408  2178 D SensorManager: unregisterListener :: com.samsung.android.displaysolution.EyeComfortSolutionService$2@7377b63
08-30 18:42:26.070  1408  2178 D SensorService: Calling activate off 33
08-30 18:42:26.070   939   939 I Sensors : LightCCT_Sensor old sensor_state 279040, new sensor_state : 1409591086957056 en : 0
08-30 18:42:26.071 31120 31144 D BLASTBufferQueue: [ViewRootImpl@e419a16[MainActivity]#0](f:0,a:0) onFrameAvailable the first frame is available
08-30 18:42:26.072 31120 31144 D ViewRootImpl@e419a16[MainActivity]: Received frameCommittedCallback lastAttemptedDrawFrameNum=1 didProduceBuffer=true
08-30 18:42:26.072 31120 31144 D OpenGLRenderer: CFMS:: SetUp Pid : 31120    Tid : 31144
08-30 18:42:26.073   939   939 I Sensors : disable:: light_cct_sensor(19)
08-30 18:42:26.073  1408  2178 D SensorManager: unregisterListener :: com.samsung.android.displaysolution.EyeComfortSolutionService$1@3f8bdb3
08-30 18:42:26.074 31120 31144 W Parcel  : Expecting binder but got null!
08-30 18:42:26.074 31120 31120 D ViewRootImpl@e419a16[MainActivity]: onSyncComplete
08-30 18:42:26.074 31120 31120 D ViewRootImpl@e419a16[MainActivity]: setupSync seqId=0 mSyncId=0 fn=1 caller=android.view.ViewRootImpl$$ExternalSyntheticLambda11.accept:6 android.window.SurfaceSyncer.lambda$setupSync$1$android-window-SurfaceSyncer:128 android.window.SurfaceSyncer$$ExternalSyntheticLambda1.accept:8 android.window.SurfaceSyncer$SyncSet.checkIfSyncIsComplete:382 android.window.SurfaceSyncer$SyncSet.markSyncReady:359 android.window.SurfaceSyncer.markSyncReady:151 android.view.ViewRootImpl.performTraversals:4373
08-30 18:42:26.074 31120 31120 D ViewRootImpl@e419a16[MainActivity]: reportDrawFinished seqId=0 mSyncId=-1 fn=1 mSurfaceChangedTransaction=0xb4000076cbe1e710
08-30 18:42:26.078  1054  2482 I SurfaceFlinger: id=86500 createSurf flag=24000, Surface(name=9d379e com.example.uianaliticsxml/com.example.uianaliticsxml.MainActivity)/@0xe2392f3 - animation-leash of starting_reveal#86500
08-30 18:42:26.079  1408  1483 I PkgPredictorService-SecIpmManagerServiceImpl: reportToNAP uid:10789 com.example.uianaliticsxml/com.example.uianaliticsxml.MainActivity thisTime:268
08-30 18:42:26.080  1408 12401 D PkgPredictorService-IpmAdcpController: com.example.uianaliticsxml become forground, dex profile begin
08-30 18:42:26.080  1408  1483 I ActivityTaskManager: Displayed com.example.uianaliticsxml/.MainActivity: +268ms
08-30 18:42:26.080  3345  3345 E pageboostd: Received HALT command code 2
08-30 18:42:26.080  1408  1786 W SemWifiTransportLayerUtils: getApplicationCategory - IOException com.example.uianaliticsxml
08-30 18:42:26.080  1408  1786 W System.err: java.io.FileNotFoundException: https://play.google.com/store/apps/details?id=com.example.uianaliticsxml&hl=en
08-30 18:42:26.080  1408  1786 W System.err: 	at com.android.okhttp.internal.huc.HttpURLConnectionImpl.getInputStream(HttpURLConnectionImpl.java:255)
08-30 18:42:26.081  1408  1786 W System.err: 	at com.android.okhttp.internal.huc.DelegatingHttpsURLConnection.getInputStream(DelegatingHttpsURLConnection.java:211)
08-30 18:42:26.081  1408  1786 W System.err: 	at com.android.okhttp.internal.huc.HttpsURLConnectionImpl.getInputStream(HttpsURLConnectionImpl.java:30)
08-30 18:42:26.081  1408  1786 W System.err: 	at com.samsung.android.server.wifi.tcp.SemWifiTransportLayerUtils.getApplicationCategory(SemWifiTransportLayerUtils.java:104)
08-30 18:42:26.081  1408  1786 W System.err: 	at com.samsung.android.server.wifi.tcp.SemWifiTransportLayerMonitor$TcpMonitorHandler.handleMessage(SemWifiTransportLayerMonitor.java:244)
08-30 18:42:26.081  1408  1786 W System.err: 	at android.os.Handler.dispatchMessage(Handler.java:106)
08-30 18:42:26.081  1408  1786 W System.err: 	at android.os.Looper.loopOnce(Looper.java:226)
08-30 18:42:26.081  1408  1786 W System.err: 	at android.os.Looper.loop(Looper.java:313)
08-30 18:42:26.081  1408  1786 W System.err: 	at android.os.HandlerThread.run(HandlerThread.java:67)
08-30 18:42:26.081  1408  1786 D SemWifiTransportLayerMonitor.TcpMonitorHandler: MSG_SAVE_PACKAGE_INFO
08-30 18:42:26.081  1408  1786 D SemWifiTransportLayerFileManager: saveWifiPackageInfoToFile
08-30 18:42:26.081  1408  1786 D SemWifiTransportLayerFileManager: writeWifiPackageInfoList
08-30 18:42:26.091  1054  1054 I Layer   : Layer [com.example.uianaliticsxml/com.example.uianaliticsxml.MainActivity$_31120#86497] hidden!! flag(0)
08-30 18:42:26.093  1408  4366 D InputDispatcher: Focus entered window (0): 9d379e com.example.uianaliticsxml/com.example.uianaliticsxml.MainActivity
08-30 18:42:26.094 31120 31120 I ViewRootImpl@e419a16[MainActivity]: MSG_WINDOW_FOCUS_CHANGED 1 0
08-30 18:42:26.094 31120 31120 D ViewRootImpl@e419a16[MainActivity]: mThreadedRenderer.initializeIfNeeded()#2 mSurface={isValid=true 0xb40000779be298d0}
08-30 18:42:26.095 31120 31120 D InputMethodManager: startInputInner - Id : 0
08-30 18:42:26.095 31120 31120 I InputMethodManager: startInputInner - mService.startInputOrWindowGainedFocus
08-30 18:42:26.095  1408  4366 D SyncManager: userId - 0 auto - true
08-30 18:42:26.096  1408  3220 D InputMethodManagerService: DESKTOP MODE! : 2
08-30 18:42:26.096  1408  3220 D InputMethodManagerService: NOT IN KNOX DESKTOP MODE!
08-30 18:42:26.096  1408  3220 V InputMethodManagerService: getDisplayIdOfInputMethodWindowToBeAdded: displayId=0
08-30 18:42:26.096  1408  3220 D InputTransport: Input channel constructed: 'ClientS', fd=1203
08-30 18:42:26.096  1408  3220 D InputTransport: Input channel constructed: 'ClientS', fd=1204
08-30 18:42:26.097  1408  3220 D InputTransport: Input channel destroyed: 'ClientS', fd=1204
08-30 18:42:26.097  4148 15461 I MediaProvider: Deleted 0 0 0 0 0 0 1 items on external_primary due to com.example.benchmark
08-30 18:42:26.099  1408  3220 D InputMethodManagerService: isImeSwitcherDisabledPackage : false
08-30 18:42:26.102  1408  3220 D InputMethodManagerService: checkDisplayOfStartInputAndUpdateKeyboard: displayId=0, mFocusedDisplayId=0
08-30 18:42:26.102  1408  3220 D InputTransport: Input channel constructed: 'ClientS', fd=1204
08-30 18:42:26.102  1408  3220 D InputTransport: Input channel destroyed: 'ClientS', fd=1204
08-30 18:42:26.102 31120 31120 D InputMethodManager: startInputInner - Id : 0
08-30 18:42:26.102  1054  1054 D SurfaceFlinger: Display 4633128672291735937 HWC layers:
08-30 18:42:26.102  1054  1054 D SurfaceFlinger:      DEVICE | 0xb4000070998c9410 | 0100 | RGBx_8888    |  660.0    0.0 1740.0 2400.0 |    0    0 1080 2400 | Wallpaper BBQ wrapper#80
08-30 18:42:26.102  1054  1054 D SurfaceFlinger:      DEVICE | 0xb4000070998bb950 | 0100 | RGBA_8888    |    0.0    0.0 1080.0 2400.0 |    0    0 1080 2400 | com.sec.android.app.launcher/com.sec[...]ivities.LauncherActivity$_2446#86482
08-30 18:42:26.102  1054  1054 D SurfaceFlinger:      DEVICE | 0xb4000070998c4c50 | 0102 | RGBA_8888    |    0.0    0.0 1080.0 2400.0 |    7   14 1073 2386 | com.example.uianaliticsxml/com.examp[...]aliticsxml.MainActivity$_31120#86497
08-30 18:42:26.102  1054  1054 D SurfaceFlinger:      DEVICE | 0xb4000070998d5110 | 0100 | RGBA_8888    |    0.0    0.0 1080.0 2400.0 |    7   14 1073 2386 | Splash Screen com.example.uianaliticsxml$_1872#86490
08-30 18:42:26.102  1054  1054 D SurfaceFlinger:      DEVICE | 0xb4000070998dd0d0 | 0100 | RGBA_8888    |    0.0    0.0 1080.0  144.0 |    7 2243 1073 2386 | NavigationBar0$_1872#87
08-30 18:42:26.102  1054  1054 D SurfaceFlinger:      DEVICE | 0xb4000070998cef10 | 0100 | RGBA_8888    |    0.0    0.0 1080.0   80.0 |    0    0 1080   80 | StatusBar$_1872#94
08-30 18:42:26.102  1054  1054 D SurfaceFlinger:      DEVICE | 0xb4000070998c8d10 | 0100 | RGBA_8888
08-30 18:42:26.102  1054  1054 D SurfaceFlinger:    |    0.0    0.0   67.0  329.0 | 1013  384 1080  713 | com.samsung.android.app.cocktailbars[...]rvice.CocktailBarService$_4516#85627
08-30 18:42:26.102  1054  1054 D SurfaceFlinger:
08-30 18:42:26.103  5015  5015 I HBD     : HoneyBoardService onFinishInput
08-30 18:42:26.103  1054  2482 I SurfaceFlinger: id=86501 createSurf flag=24004, Surface(name=2c93aa8 InputMethod)/@0xa6600a7 - animation-leash of insets_animation#86501
08-30 18:42:26.103  5015  5015 I HBD     : a IC have been unbinding,  RemoteInputConnection{idHash=#2d46fcd}
08-30 18:42:26.103  5015  5015 I HBD     : HoneyBoardService [PF_CL][onFinishInput]  0 ms
08-30 18:42:26.103  5015  5015 I HBD     : HoneyBoardService [IMI] onStartInput - caller pid : 31120 , caller uid : 10789
08-30 18:42:26.103  5015  5015 I HBD     : j updateConfigs
08-30 18:42:26.103  5015  5015 I HBD     : j isEnabledNightMode : true
08-30 18:42:26.104  5015  5015 I HBD     : a IC have been binding, RemoteInputConnection{idHash=#1f94393}
08-30 18:42:26.104  5015  5015 I HBD     : h [EditorInputType]setPrivateImeOptionsToTable privateImeOptions ( null )
08-30 18:42:26.104  5015  5015 I HBD     : b incognitoMode : false
08-30 18:42:26.104  5015  5015 I HBD     : a needOff = true , isForceOff = false, isNullInputClass : true
08-30 18:42:26.104  5015  5015 I HBD     : h getDefaultInputRange : UNKNOWN
08-30 18:42:26.104  5015  5015 I HBD     : h getDefaultInputRange : UNKNOWN
08-30 18:42:26.104  5015  5015 I HBD     : h getDefaultInputRange : UNKNOWN
08-30 18:42:26.104 28148 28169 D Benchmark: Result: Starting: Intent { act=android.intent.action.MAIN cat=[android.intent.category.LAUNCHER] flg=0x10008000 pkg=com.example.uianaliticsxml cmp=com.example.uianaliticsxml/.MainActivity }
08-30 18:42:26.104 28148 28169 D Benchmark: Status: ok
08-30 18:42:26.104 28148 28169 D Benchmark: LaunchState: COLD
08-30 18:42:26.104 28148 28169 D Benchmark: Activity: com.example.uianaliticsxml/.MainActivity
08-30 18:42:26.104 28148 28169 D Benchmark: TotalTime: 268
08-30 18:42:26.104 28148 28169 D Benchmark: WaitTime: 269
08-30 18:42:26.104 28148 28169 D Benchmark: Complete
08-30 18:42:26.104  5015  5015 I HBD     : a needOff = true , isForceOff = false, isNullInputClass : true
08-30 18:42:26.104  5015  5015 I HBD     : a update cached prediction status : false
08-30 18:42:26.104  5015  5015 I HBD     : h getDefaultInputRange : UNKNOWN
