08-30 18:42:26.105  5015  5015 I HBD     : a currentState : 0
08-30 18:42:26.108  5015  5015 I HBD     : h load selected json path : /data/data/com.samsung.android.honeyboard/files/selected.json
08-30 18:42:26.108  5015  5015 I HBD     : h load selected json info : {"version":"1.0","currentLanguageOrder":0,"selected":[{"activeOptionList":["auto_replace","auto_spacing"],"engName":"Serbian","id":3604480,"inputType":"qwertz","isUsed":true},{"activeOptionList":["auto_replace","auto_spacing"],"engName":"Serbian","id":52887552,"inputType":"qwerty","isUsed":true}]}
08-30 18:42:26.108  1054  1054 I Layer   : id=86486 removeFromCurrentState Surface(name=2c93aa8 InputMethod)/@0xa6600a7 - animation-leash of insets_animation#86486 (128)
08-30 18:42:26.108  5015  5015 I HBD     : a [UpdatePolicy] [post] a: 0 cl: 3604480 kit: [0/1] vt: 0 ir: 1
08-30 18:42:26.108  5015  5015 I HBD     : a [NRIC] resetNoResponseState
08-30 18:42:26.108  1054  1054 I SurfaceFlinger: id=86486 Removed Surface(name=2c93aa8 InputMethod)/@0xa6600a7 - animation-leash of insets_animation#86486 (128)
08-30 18:42:26.108  5015  5015 I HBD     : a needOff = true , isForceOff = false, isNullInputClass : true
08-30 18:42:26.108  5015  5015 I HBD     : a update cached prediction status : false
08-30 18:42:26.108  1054  1054 I Layer   : id=86486 Destroyed Surface(name=2c93aa8 InputMethod)/@0xa6600a7 - animation-leash of insets_animation#86486
08-30 18:42:26.109  5015  5015 I HBD     : HoneyBoardService [PF_OP][onStartInput]  6 ms
08-30 18:42:26.110  1408  3220 I SemDvfsHyPerManager: acquire hyper - AMS_RESUME_TAIL/1408@20, type = -999
08-30 18:42:26.110  1408  3220 I SemDvfsHyPerManager: acquire hyper - AMS_ACT_LAZY/1408@21, type = -999
08-30 18:42:26.112  1408  4366 D InputMethodManagerService: isImeSwitcherDisabledPackage : false
08-30 18:42:26.113  5015  5015 I InputMethodService: removeImeSurface
08-30 18:42:26.113  5015  5015 I MSHandlerLifeCycle: check: return. pkg=com.samsung.android.honeyboard isActivity=false callers=com.android.internal.policy.DecorView.setVisibility:4378 android.app.Dialog.hide:771 android.inputmethodservice.InputMethodService.removeImeSurface:1290 android.inputmethodservice.InputMethodService.scheduleImeSurfaceRemoval:1279 android.inputmethodservice.InputMethodService.-$$Nest$mscheduleImeSurfaceRemoval:0
08-30 18:42:26.113  5015  5015 I MSHandlerLifeCycle: removeMultiSplitHandler: no exist. decor=DecorView@690e142[InputMethod]
08-30 18:42:26.113   944   984 I HYPER-HAL: [RequestManager.cpp]acquire(): Acquired ID : 1020326  [1408 / 20]    HINT : AMS_RESUME_TAIL    list :
08-30 18:42:26.114   944   984 I HYPER-HAL: [ResourceManager.cpp]updateResource(): [CPUMinFreq] UpdateResource Request ID : 1020326    Value : 1768000
08-30 18:42:26.114   944   984 I HYPER-HAL: [ResourceManager.cpp]removeResource(): [CPUMinFreq] RemoveResource Request ID : 1034671
08-30 18:42:26.114   944   984 I HYPER-HAL: [RequestManager.cpp]releaseLocked(): Released ID : 1034671
08-30 18:42:26.120 12555 14038 I SCS@AiSearch user 0: (AppsDataWorker) [androidx.work-4] entering in doWork():
08-30 18:42:26.121 12555 14038 I SCS@AiSearch user 0: (AppsDataObserver) [androidx.work-4] entering in execute():
08-30 18:42:26.121 12555 14038 I SCS@AiSearch user 0: (AppsDataObserver-CMD_UPDATE_LIST) changed package count: 1
08-30 18:42:26.133 23460 31176 I ProvidersCache: Provider returned no roots. Possibly naughty: com.microsoft.skydrive.content.StorageAccessProvider
08-30 18:42:26.142  1872  1953 I ViewRootImpl@4eb1c03[uianaliticsxml]: mWNT: t=0xb4000076cbe6b030 mBlastBufferQueue=0xb40000770be36db0 fn= 2 caller= android.view.SyncRtSurfaceTransactionApplier.applyTransaction:96 android.view.SyncRtSurfaceTransactionApplier.lambda$scheduleApply$0$android-view-SyncRtSurfaceTransactionApplier:69 android.view.SyncRtSurfaceTransactionApplier$$ExternalSyntheticLambda0.onFrameDraw:4
08-30 18:42:26.142  1872  1953 D BLASTBufferQueue: mergeWithNextTransaction, mNativeObject= 0xb40000770be36db0 t.mNativeObject= 0xb4000076cbe6b030 frameNumber= 2 caller= android.view.ViewRootImpl.mergeWithNextTransaction:12594 android.view.SyncRtSurfaceTransactionApplier.applyTransaction:96 android.view.SyncRtSurfaceTransactionApplier.lambda$scheduleApply$0$android-view-SyncRtSurfaceTransactionApplier:69 android.view.SyncRtSurfaceTransactionApplier$$ExternalSyntheticLambda0.onFrameDraw:4 android.graphics.HardwareRenderer$FrameDrawingCallback.onFrameDraw:924 android.view.ViewRootImpl$6.onFrameDraw:2053
08-30 18:42:26.143  1872  1953 I ViewRootImpl@4eb1c03[uianaliticsxml]: mWNT: t=0xb4000076cc055cb0 mBlastBufferQueue=0xb40000770be36db0 fn= 2 caller= android.view.SyncRtSurfaceTransactionApplier.applyTransaction:96 android.view.SyncRtSurfaceTransactionApplier.lambda$scheduleApply$0$android-view-SyncRtSurfaceTransactionApplier:69 android.view.SyncRtSurfaceTransactionApplier$$ExternalSyntheticLambda0.onFrameDraw:4
08-30 18:42:26.143  1872  1953 D BLASTBufferQueue: mergeWithNextTransaction, mNativeObject= 0xb40000770be36db0 t.mNativeObject= 0xb4000076cc055cb0 frameNumber= 2 caller= android.view.ViewRootImpl.mergeWithNextTransaction:12594 android.view.SyncRtSurfaceTransactionApplier.applyTransaction:96 android.view.SyncRtSurfaceTransactionApplier.lambda$scheduleApply$0$android-view-SyncRtSurfaceTransactionApplier:69 android.view.SyncRtSurfaceTransactionApplier$$ExternalSyntheticLambda0.onFrameDraw:4 android.graphics.HardwareRenderer$FrameDrawingCallback.onFrameDraw:924 android.view.ViewRootImpl$6.onFrameDraw:2053
08-30 18:42:26.150 28148 28169 I System.out: 0 Flags,FrameTimelineVsyncId,IntendedVsync,Vsync,InputEventId,HandleInputStart,AnimationStart,PerformTraversalsStart,DrawStart,FrameDeadline,FrameInterval,FrameStartTime,SyncQueued,SyncStart,IssueDrawCommandsStart,SwapBuffers,FrameCompleted,DequeueBufferDuration,QueueBufferDuration,GpuCompleted,SwapBuffersCompleted,DisplayPresentTime,CommandSubmissionCompleted,
08-30 18:42:26.150 28148 28169 I System.out: 1 1,60086501,202425545395691,202425562167054,0,202425578137596,202425578138288,202425578206404,202425605038250,202425562062357,202425578125519,16771363,202425607000519,202425607083519,202425607514634,202425658041903,202425659764019,22500,267423,202425659764019,202425659458211,0,202425658041903,
08-30 18:42:26.150 28148 28169 I System.out: 2 0,60086608,202425678719368,202425678719368,0,202425680301403,202425680301711,202425680301903,202425680907365,202425695386034,202425680299442,16714640,202425681874134,202425681952134,202425682035365,202425683176903,202425684669365,20423,159846,202425684669365,202425684259173,0,202425683176903,
08-30 18:42:26.150 28148 28169 I System.out: 3 0,60086628,202425695434008,202425695434008,0,202425695764557,202425695764865,202425695765057,202425695809480,202425712100674,202425695762865,16711549,202425696042096,202425696114634,202425696195711,202425697212442,202425698847750,17692,145192,202425698847750,202425697694596,0,202425697212442,
08-30 18:42:26.150 28148 28169 I System.out: 0 Flags,FrameTimelineVsyncId,IntendedVsync,Vsync,InputEventId,HandleInputStart,AnimationStart,PerformTraversalsStart,DrawStart,FrameDeadline,FrameInterval,FrameStartTime,SyncQueued,SyncStart,IssueDrawCommandsStart,SwapBuffers,FrameCompleted,DequeueBufferDuration,QueueBufferDuration,GpuCompleted,SwapBuffersCompleted,DisplayPresentTime,CommandSubmissionCompleted,
08-30 18:42:26.150 28148 28169 I System.out: 1 1,60086501,202425545395691,202425562167054,0,202425578137596,202425578138288,202425578206404,202425605038250,202425562062357,202425578125519,16771363,202425607000519,202425607083519,202425607514634,202425658041903,202425659764019,22500,267423,202425659764019,202425659458211,0,202425658041903,
08-30 18:42:26.150 28148 28169 I System.out: 2 0,60086608,202425678719368,202425678719368,0,202425680301403,202425680301711,202425680301903,202425680907365,202425695386034,202425680299442,16714640,202425681874134,202425681952134,202425682035365,202425683176903,202425684669365,20423,159846,202425684669365,202425684259173,0,202425683176903,
08-30 18:42:26.150 28148 28169 I System.out: 3 0,60086628,202425695434008,202425695434008,0,202425695764557,202425695764865,202425695765057,202425695809480,202425712100674,202425695762865,16711549,202425696042096,202425696114634,202425696195711,202425697212442,202425698847750,17692,145192,202425698847750,202425697694596,0,202425697212442,
08-30 18:42:26.150 12555 14038 I SCS@AiSearch user 0: (AppsDataObserver) [androidx.work-4] leaving from execute():  result is true
08-30 18:42:26.150 12555 14038 I SCS@AiSearch user 0: (AppsDataWorker) [androidx.work-4] leaving from doWork():
08-30 18:42:26.152 12555 12589 I WM-WorkerWrapper: Worker result SUCCESS for Work [ id=ddcc753a-4982-4d12-97e8-e7fa035846ee, tags={ com.samsung.android.scs.ai.search.scheduling.workers.AppsDataWorker, CMD_UPDATE_LIST } ]
08-30 18:42:26.159  1872  1952 I ViewRootImpl@4eb1c03[uianaliticsxml]: mWNT: t=0xb4000076cbf06790 mBlastBufferQueue=0xb40000770be36db0 fn= 3 caller= android.view.SyncRtSurfaceTransactionApplier.applyTransaction:96 android.view.SyncRtSurfaceTransactionApplier.lambda$scheduleApply$0$android-view-SyncRtSurfaceTransactionApplier:69 android.view.SyncRtSurfaceTransactionApplier$$ExternalSyntheticLambda0.onFrameDraw:4
08-30 18:42:26.159  1872  1952 D BLASTBufferQueue: mergeWithNextTransaction, mNativeObject= 0xb40000770be36db0 t.mNativeObject= 0xb4000076cbf06790 frameNumber= 3 caller= android.view.ViewRootImpl.mergeWithNextTransaction:12594 android.view.SyncRtSurfaceTransactionApplier.applyTransaction:96 android.view.SyncRtSurfaceTransactionApplier.lambda$scheduleApply$0$android-view-SyncRtSurfaceTransactionApplier:69 android.view.SyncRtSurfaceTransactionApplier$$ExternalSyntheticLambda0.onFrameDraw:4 android.graphics.HardwareRenderer$FrameDrawingCallback.onFrameDraw:924 android.view.ViewRootImpl$6.onFrameDraw:2053
08-30 18:42:26.162 23460 31197 I ProvidersCache: Provider returned no roots. Possibly naughty: com.microsoft.skydrive.content.StorageAccessProvider
08-30 18:42:26.175  1872  1953 I ViewRootImpl@4eb1c03[uianaliticsxml]: mWNT: t=0xb4000076cc0578d0 mBlastBufferQueue=0xb40000770be36db0 fn= 4 caller= android.view.SyncRtSurfaceTransactionApplier.applyTransaction:96 android.view.SyncRtSurfaceTransactionApplier.lambda$scheduleApply$0$android-view-SyncRtSurfaceTransactionApplier:69 android.view.SyncRtSurfaceTransactionApplier$$ExternalSyntheticLambda0.onFrameDraw:4
08-30 18:42:26.175  1872  1953 D BLASTBufferQueue: mergeWithNextTransaction, mNativeObject= 0xb40000770be36db0 t.mNativeObject= 0xb4000076cc0578d0 frameNumber= 4 caller= android.view.ViewRootImpl.mergeWithNextTransaction:12594 android.view.SyncRtSurfaceTransactionApplier.applyTransaction:96 android.view.SyncRtSurfaceTransactionApplier.lambda$scheduleApply$0$android-view-SyncRtSurfaceTransactionApplier:69 android.view.SyncRtSurfaceTransactionApplier$$ExternalSyntheticLambda0.onFrameDraw:4 android.graphics.HardwareRenderer$FrameDrawingCallback.onFrameDraw:924 android.view.ViewRootImpl$6.onFrameDraw:2053
08-30 18:42:26.192  1872  1924 D OpenGLRenderer: setSurface called with nullptr
08-30 18:42:26.192  1872  1924 D OpenGLRenderer: setSurface() destroyed EGLSurface
08-30 18:42:26.192  1872  1924 D OpenGLRenderer: destroyEglSurface
08-30 18:42:26.192  1210  6534 I CameraService: onUidStateChanged: uid=10039, procState is changed. (1 -> 0)
08-30 18:42:26.194  1872  1916 D ViewRootImpl@4eb1c03[uianaliticsxml]: performTraversals mFirst=false windowShouldResize=false viewVisibilityChanged=true mForceNextWindowRelayout=false params=null
08-30 18:42:26.194  1408  3220 V WindowManager: Relayout Window{deb596 u0 Splash Screen com.example.uianaliticsxml}: viewVisibility=8 req=1080x2400 d0
08-30 18:42:26.195  1408  3220 V WindowManager: Relayout hash=deb596, pid=1872, syncId=-1: mAttrs={(0,0)(fillxfill) sim={adjust=pan} ty=APPLICATION_STARTING fmt=TRANSLUCENT wanim=0x1030309
08-30 18:42:26.195  1408  3220 V WindowManager:   fl=81030118
08-30 18:42:26.195  1408  3220 V WindowManager:   pfl=16000010
08-30 18:42:26.195  1408  3220 V WindowManager:   bhv=DEFAULT
08-30 18:42:26.195  1408  3220 V WindowManager:   fitSides= naviIconColor=0}
08-30 18:42:26.196  1872  1916 I ViewRootImpl@4eb1c03[uianaliticsxml]: Relayout returned: old=(0,0,1080,2400) new=(0,0,1080,2400) req=(1080,2400)8 dur=2 res=0x2 s={false 0x0} ch=true seqId=0
08-30 18:42:26.197  1872  1916 I ViewRootImpl@4eb1c03[uianaliticsxml]: dispatchDetachedFromWindow
08-30 18:42:26.197  1408  4366 D InputTransport: Input channel destroyed: 'deb596 ', fd=1212
08-30 18:42:26.197  1408  4366 W InputManager-JNI: Input channel object 'deb596 Splash Screen com.example.uianaliticsxml (client)' was disposed without first being removed with the input manager!
08-30 18:42:26.197  1408  4366 D InputTransport: Input channel destroyed: 'deb596 ', fd=1215
08-30 18:42:26.198  1872  1916 D InputTransport: Input channel destroyed: 'deb596 ', fd=356
08-30 18:42:26.208  1054  1054 I Layer   : id=86500 removeFromCurrentState Surface(name=9d379e com.example.uianaliticsxml/com.example.uianaliticsxml.MainActivity)/@0xe2392f3 - animation-leash of starting_reveal#86500 (127)
08-30 18:42:26.209  2446  2446 I ViewRootImpl@e5a6e97[LauncherActivity]: handleAppVisibility mAppVisible = true visible = false
08-30 18:42:26.209 27008 27008 I ViewRootImpl@c7010bb[LauncherActivity]: handleAppVisibility mAppVisible = true visible = false
08-30 18:42:26.209  1872 10815 D WallpaperService: dispatchAppVisibility onVisibilityChanged(): false
08-30 18:42:26.209  1872  1872 D WallpaperService: reportVisibility onVisibilityChanged visible: false
08-30 18:42:26.210  1872  2118 I ImageWallpaper[GLEngine]:  onVisibilityChanged false , 0
08-30 18:42:26.210  1054  1054 D SurfaceFlinger: Display 4633128672291735937 HWC layers:
08-30 18:42:26.210  1054  1054 D SurfaceFlinger:      DEVICE | 0xb4000070998b1f50 | 0102 | RGBA_8888    |    0.0    0.0 1080.0 2400.0 |    0    0 1080 2400 | com.example.uianaliticsxml/com.examp[...]aliticsxml.MainActivity$_31120#86497
08-30 18:42:26.210  1054  1054 D SurfaceFlinger:      DEVICE | 0xb4000070998bcad0 | 0100 | RGBA_8888    |    0.0    0.0 1080.0 2400.0 |    0    0 1080 2400 | Splash Screen com.example.uianaliticsxml$_1872#86490
08-30 18:42:26.210  1054  1054 D SurfaceFlinger:      DEVICE | 0xb4000070998dd0d0 | 0100 | RGBA_8888    |    0.0    0.0 1080.0  144.0 |    0 2256 1080 2400 | NavigationBar0$_1872#87
08-30 18:42:26.210  1054  1054 D SurfaceFlinger:      DEVICE | 0xb4000070998cef10 | 0100 | RGBA_8888    |    0.0    0.0 1080.0   80.0 |    0    0 1080   80 | StatusBar$_1872#94
08-30 18:42:26.210  1054  1054 D SurfaceFlinger:      DEVICE | 0xb4000070998c8d10 | 0100 | RGBA_8888    |    0.0    0.0   67.0  329.0 | 1013  384 1080  713 | com.samsung.android.app.cocktailbars[...]rvice.CocktailBarService$_4516#85627
08-30 18:42:26.210  1054  1054 D SurfaceFlinger:
08-30 18:42:26.225  1054  1054 I Layer   : id=86490 removeFromCurrentState Splash Screen com.example.uianaliticsxml$_1872#86490 (127)
08-30 18:42:26.225  1054  1054 I Layer   : id=86491 removeFromCurrentState Surface(name=Task=1)/@0x7bcb610 - animation-leash of app_transition#86491 (127)
08-30 18:42:26.225  1054  1054 I Layer   : id=86489 removeFromCurrentState deb596 Splash Screen com.example.uianaliticsxml#86489 (127)
08-30 18:42:26.225  1054  1054 I Layer   : id=86492 removeFromCurrentState Surface(name=Task=26437)/@0x429da32 - animation-leash of app_transition#86492 (127)
08-30 18:42:26.225  1054  1054 I Layer   : Layer [Splash Screen com.example.uianaliticsxml$_1872#86490] hidden!! flag(1)
08-30 18:42:26.225  1054  1054 I Layer   : Layer [com.sec.android.app.launcher/com.sec.android.app.launcher.activities.LauncherActivity$_2446#86482] hidden!! flag(1)
08-30 18:42:26.225  1054  1054 I Layer   : Layer [com.sec.android.app.launcher/com.sec.android.app.launcher.activities.LauncherActivity$_27008#86481] hidden!! flag(1)
08-30 18:42:26.225  1054  1054 I SurfaceFlinger: id=86489 Removed deb596 Splash Screen com.example.uianaliticsxml#86489 (127)
08-30 18:42:26.225  1054  1054 I SurfaceFlinger: id=86492 Removed Surface(name=Task=26437)/@0x429da32 - animation-leash of app_transition#86492 (127)
08-30 18:42:26.225  1054  1054 I SurfaceFlinger: id=86491 Removed Surface(name=Task=1)/@0x7bcb610 - animation-leash of app_transition#86491 (127)
08-30 18:42:26.225  1054  1054 I SurfaceFlinger: id=86490 Removed Splash Screen com.example.uianaliticsxml$_1872#86490 (127)
08-30 18:42:26.225 27008 27053 D OpenGLRenderer: setSurface called with nullptr
08-30 18:42:26.225 27008 27053 D OpenGLRenderer: setSurface() destroyed EGLSurface
08-30 18:42:26.225 27008 27053 D OpenGLRenderer: destroyEglSurface
08-30 18:42:26.225  1054  1054 I Layer   : id=86489 Destroyed deb596 Splash Screen com.example.uianaliticsxml#86489
08-30 18:42:26.225  1054  1054 I Layer   : id=86491 Destroyed Surface(name=Task=1)/@0x7bcb610 - animation-leash of app_transition#86491
08-30 18:42:26.225  1054  1054 I Layer   : id=86492 Destroyed Surface(name=Task=26437)/@0x429da32 - animation-leash of app_transition#86492
08-30 18:42:26.226 27008 27008 D ViewRootImpl@c7010bb[LauncherActivity]: performTraversals mFirst=false windowShouldResize=false viewVisibilityChanged=true mForceNextWindowRelayout=false params=null
08-30 18:42:26.227  1408  4366 V WindowManager: Relayout Window{693ba00 u0 com.sec.android.app.launcher/com.sec.android.app.launcher.activities.LauncherActivity}: viewVisibility=8 req=1080x2400 d0
08-30 18:42:26.228  1054  1054 I Layer   : id=86490 Destroyed Splash Screen com.example.uianaliticsxml$_1872#86490
08-30 18:42:26.228 18584 18584 I ResourceOverlayService_0: waitAndQuit called
08-30 18:42:26.229 18584 18584 I ResourceOverlayService_0: activity user id 0 process id 0
08-30 18:42:26.229  1054  1054 D SurfaceFlinger: Display 4633128672291735937 HWC layers:
08-30 18:42:26.229  1054  1054 D SurfaceFlinger:      DEVICE | 0xb4000070998b1f50 | 0102 | RGBA_8888    |    0.0    0.0 1080.0 2400.0 |    0    0 1080 2400 | com.example.uianaliticsxml/com.examp[...]aliticsxml.MainActivity$_31120#86497
08-30 18:42:26.229  1054  1054 D SurfaceFlinger:      DEVICE | 0xb4000070998dd0d0 | 0100 | RGBA_8888    |    0.0    0.0 1080.0  144.0 |    0 2256 1080 2400 | NavigationBar0$_1872#87
08-30 18:42:26.229  1054  1054 D SurfaceFlinger:      DEVICE | 0xb4000070998cef10 | 0100 | RGBA_8888    |    0.0    0.0 1080.0   80.0 |    0    0 1080   80 | StatusBar$_1872#94
08-30 18:42:26.229  1054  1054 D SurfaceFlinger:      DEVICE | 0xb4000070998c8d10 | 0100 | RGBA_8888    |    0.0    0.0   67.0  329.0 | 1013  384 1080  713 | com.samsung.android.app.cocktailbars[...]rvice.CocktailBarService$_4516#85627
08-30 18:42:26.229  1054  1054 D SurfaceFlinger:
08-30 18:42:26.230  1408  3220 V WindowManager: Relayout Window{4d13dc u0 com.sec.android.app.launcher/com.sec.android.app.launcher.activities.LauncherActivity}: viewVisibility=8 req=1080x2400 d0
08-30 18:42:26.231  4516  4516 I Utils   : isCurrentUser current = 0, ownerId = 0
08-30 18:42:26.231  1408  3220 V WindowManager: Relayout hash=4d13dc, pid=2446, syncId=-1: mAttrs={(0,0)(fillxfill) sim={adjust=nothing forwardNavigation} layoutInDisplayCutoutMode=shortEdges ty=BASE_APPLICATION fmt=TRANSPARENT wanim=0x10302f4
08-30 18:42:26.231  1408  3220 V WindowManager:   fl=81910100
08-30 18:42:26.231  1408  3220 V WindowManager:   pfl=1e020040
08-30 18:42:26.231  1408  3220 V WindowManager:   vsysui=1700
08-30 18:42:26.231  1408  3220 V WindowManager:   bhv=SHOW_TRANSIENT_BARS_BY_SWIPE
08-30 18:42:26.231  1408  3220 V WindowManager:   fitSides= screenDimDuration=100000 naviIconColor=0}
08-30 18:42:26.231  4516  4516 I TrayVisibilityController: getComputedTrayVisible : keyguardState = 1
08-30 18:42:26.231  4516  4516 I TrayVisibilityController: updateTrayVisible: State=1 visible=1 mCurrentVisible=1 specificMode=0
08-30 18:42:26.231  4516  4516 I TrayStateController: onNotifyUpdateTray: state=0
08-30 18:42:26.232  1408  4366 V WindowManager: Relayout hash=693ba00, pid=27008, syncId=-1: mAttrs={(0,0)(fillxfill) gr=LEFT CENTER_HORIZONTAL sim={adjust=resize} layoutInDisplayCutoutMode=shortEdges ty=DRAWN_APPLICATION fmt=TRANSPARENT wanim=0x10302f4 alpha=0.0
08-30 18:42:26.232  1408  4366 V WindowManager:   fl=81850118
08-30 18:42:26.232  1408  4366 V WindowManager:   pfl=16020040
08-30 18:42:26.232  1408  4366 V WindowManager:   bhv=DEFAULT
08-30 18:42:26.232  1408  4366 V WindowManager:   fitSides=
08-30 18:42:26.232  1408  4366 V WindowManager:  dimAmount=0.0 naviIconColor=0}
08-30 18:42:26.232  2446  2446 I ViewRootImpl@e5a6e97[LauncherActivity]: Relayout returned: old=(0,0,1080,2400) new=(0,0,1080,2400) req=(1080,2400)8 dur=3 res=0x2 s={false 0x0} ch=true seqId=0
08-30 18:42:26.232  2446  2446 I ViewRootImpl@e5a6e97[LauncherActivity]: stopped(true) old = false
08-30 18:42:26.232 27008 27008 D InsetsController: onStateChanged: InsetsState: {mDisplayFrame=Rect(0, 0 - 1080, 2400), mDisplayCutout=DisplayCutout{insets=Rect(0, 80 - 0, 0) waterfall=Insets{left=0, top=0, right=0, bottom=0} boundingRect={Bounds=[Rect(0, 0 - 0, 0), Rect(510, 0 - 570, 80), Rect(0, 0 - 0, 0), Rect(0, 0 - 0, 0)]} cutoutPathParserInfo={CutoutPathParserInfo{displayWidth=1080 displayHeight=2400 physicalDisplayWidth=1080 physicalDisplayHeight=2400 density={3.0} cutoutSpec={M 0,0 H -10 V 26.66666666666667 H 10 V 0 H 0 Z @dp} rotation={0} scale={1.0} physicalPixelDisplaySizeRatio={1.0}}}}, mRoundedCorners=RoundedCorners{[RoundedCorner{position=TopLeft, radius=96, center=Point(96, 96)}, RoundedCorner{position=TopRight, radius=96, center=Point(984, 96)}, RoundedCorner{position=BottomRight, radius=96, center=Point(984, 2304)}, RoundedCorner{position=BottomLeft, radius=96, center=Point(96, 2304)}]}  mRoundedCornerFrame=Rect(0, 0 - 1080, 2400), mPrivacyIndicatorBounds=PrivacyIndicatorBounds {static bounds=Rect(948, 0 - 1080, 80) rotation=0}, mSources= { InsetsSource: {mType=ITYPE_STATUS_BAR, mFrame=[0,0][1080,80], mVisible=true, mInsetsRoundedCornerFrame=false}, InsetsSource: {mType=ITYPE_NAVIGATION_BAR, mFrame=[0,2355][1080,2400], mVisible=true, mInsetsRoundedCornerFrame=false}, InsetsSource: {mType=ITYPE_LEFT_GESTURES, mFrame=[0,0][90,2400], mVisible=true, mInsetsRoundedCornerFrame=false}, InsetsSource: {mType=ITYPE_RIGHT_GESTURES, mFrame=[990,0][1080,2400], mVisible=true, mInsetsRoundedCornerFrame=false}, InsetsSource: {mType=ITYPE_TOP_MANDATORY_GESTURES, mFrame=[0,0][1080,116], mVisible=true, mInsetsRoundedCornerFrame=false}, InsetsSource: {mType=ITYPE_BOTTOM_MANDATORY_GESTURES, mFrame=[0,2304][1080,2400], mVisible=true, mInsetsRoundedCornerFrame=false}, InsetsSource: {mType=ITYPE_LEFT_DISPLAY_CUTOUT, mFrame=[0,0][-100000,2400], mVisible=true, mInsetsRoundedCornerFrame=false}, InsetsSource: {mType=ITYPE_TOP_DISPLAY_CUTOUT, mFrame=[0,0][1080,80], mVisible=true, mInsetsRoundedCornerFrame=false}, InsetsSource: {mType=ITYPE_RIGHT_DISPLAY_CUTOUT, mFrame=[100000,0][1080,2400], mVisible=true, mInsetsRoundedCornerFrame=false}, InsetsSource: {mType=ITYPE_BOTTOM_DISPLAY_CUTOUT, mFrame=[0,100000][1080,2400], mVisible=true, mInsetsRoundedCornerFrame=false}, InsetsSource: {mType=ITYPE_TOP_TAPPABLE_ELEMENT, mFrame=[0,0][1080,80], mVisible=true, mInsetsRoundedCornerFrame=false}, InsetsSource: {mType=ITYPE_BOTTOM_TAPPABLE_ELEMENT, mFrame=[0,0][0,0], mVisible=true, mInsetsRoundedCornerFrame=false} } host=com.sec.android.app.launcher/com.sec.android.app.launcher.activities.LauncherActivity from=android.view.ViewRootImpl.relayoutWindow:9590
08-30 18:42:26.233  2446  2446 I Launcher: !@Boot_DEBUG: Launcher.onStop()
08-30 18:42:26.233  2446  2446 I Launcher: !@Boot_EBS_D: Launcher.onStop()
08-30 18:42:26.233  2446  2446 I BaseActivity: removeActivityFlags, flags : 17
08-30 18:42:26.233  2446  2446 I WallpaperViewBlurController: dispatchTransactionSurface: mCurrentBlur = 0
08-30 18:42:26.233  2446  2446 I StateManager: goToState isInState Normal
08-30 18:42:26.233  2446  2877 I IMM_LC  : hsifw() - flag : 0
08-30 18:42:26.233  2446  2446 W LauncherAppWidgetHost: setShouldListenFlag, mFlags:7 flag:start on:false isFront:false
08-30 18:42:26.233  2446  2877 I IMM_LC  : hsifw() - mService.hideSoftInput
08-30 18:42:26.233  1408  4366 I AppWidgetServiceImpl: stopListening callbacks : null
08-30 18:42:26.233  2446  2446 W LauncherAppWidgetHost: stopListening, mFlags:2 isFront:false
08-30 18:42:26.233  2446  2446 W Launcher.NotificationListener: removeNotificationsChangedListener
08-30 18:42:26.233  2446  2446 I Launcher.NotificationListener: unregisterObserver, this is not notificationService!!
08-30 18:42:26.233  2446  2446 I BadgeCountUpdaterImpl: onNotificationsChangedDisConnected
08-30 18:42:26.234 27008 27008 I ViewRootImpl@c7010bb[LauncherActivity]: Relayout returned: old=(0,0,1080,2400) new=(0,0,1080,2400) req=(1080,2400)8 dur=6 res=0x2 s={false 0x0} ch=true seqId=0
08-30 18:42:26.234 27008 27008 I dnpy    : (REDACTED) onApplyWindowInsets: systemWindowInsets=%s
08-30 18:42:26.234 27008 27008 I dnpy    : (REDACTED) onApplyWindowInsets: systemWindowInsets=%s
08-30 18:42:26.234  2446  2446 I DecorView: notifyKeepScreenOnChanged: keepScreenOn=false
08-30 18:42:26.235  2446  2880 I LiveIconUpdateEventHandler: cancelMinuteChangeAlarm
08-30 18:42:26.235  2446  2446 I MSHandlerLifeCycle: removeMultiSplitHandler: no exist. decor=DecorView@cfdfbb9[LauncherActivity]
08-30 18:42:26.236  2446  2880 I LiveIconUpdateEventHandler: cancelDateChangeAlarm
08-30 18:42:26.242  2446  2446 I LauncherRootView: handleSystemWindowInsets Rect(0, 80 - 0, 45)
08-30 18:42:26.244  1408  3220 V WindowManager: Relayout Window{4d13dc u0 com.sec.android.app.launcher/com.sec.android.app.launcher.activities.LauncherActivity}: viewVisibility=8 req=1080x2400 d0
08-30 18:42:26.245  1408  3220 V WindowManager: Relayout hash=4d13dc, pid=2446, syncId=-1: mAttrs={(0,0)(fillxfill) sim={adjust=nothing} layoutInDisplayCutoutMode=shortEdges ty=BASE_APPLICATION fmt=TRANSPARENT wanim=0x10302f4
08-30 18:42:26.245  1408  3220 V WindowManager:   fl=81910100
08-30 18:42:26.245  1408  3220 V WindowManager:   pfl=1e020040
08-30 18:42:26.245  1408  3220 V WindowManager:   vsysui=1700
08-30 18:42:26.245  1408  3220 V WindowManager:   bhv=SHOW_TRANSIENT_BARS_BY_SWIPE
08-30 18:42:26.245  1408  3220 V WindowManager:   fitSides= naviIconColor=0}
08-30 18:42:26.245  2446  2446 I ViewRootImpl@e5a6e97[LauncherActivity]: Relayout returned: old=(0,0,1080,2400) new=(0,0,1080,2400) req=(1080,2400)8 dur=3 res=0x2 s={false 0x0} ch=false seqId=0
08-30 18:42:26.258  1054  1054 I Layer   : id=86496 removeFromCurrentState Surface(name=WindowToken{b98a346 type=2019 android.os.BinderProxy@123bd88})/@0x5f2620c - animation-leash of token_transform#86496 (123)
08-30 18:42:26.258  1054  1054 I Layer   : id=86481 removeFromCurrentState com.sec.android.app.launcher/com.sec.android.app.launcher.activities.LauncherActivity$_27008#86481 (123)
08-30 18:42:26.258  1054  1054 I Layer   : id=86482 removeFromCurrentState com.sec.android.app.launcher/com.sec.android.app.launcher.activities.LauncherActivity$_2446#86482 (123)
08-30 18:42:26.258  1054  1054 I SurfaceFlinger: id=86481 Removed com.sec.android.app.launcher/com.sec.android.app.launcher.activities.LauncherActivity$_27008#86481 (123)
08-30 18:42:26.258  1054  1054 I SurfaceFlinger: id=86482 Removed com.sec.android.app.launcher/com.sec.android.app.launcher.activities.LauncherActivity$_2446#86482 (123)
08-30 18:42:26.258  1054  1054 I SurfaceFlinger: id=86496 Removed Surface(name=WindowToken{b98a346 type=2019 android.os.BinderProxy@123bd88})/@0x5f2620c - animation-leash of token_transform#86496 (123)
08-30 18:42:26.258  1054  1054 I Layer   : id=86482 Destroyed com.sec.android.app.launcher/com.sec.android.app.launcher.activities.LauncherActivity$_2446#86482
08-30 18:42:26.258  1054  1054 I Layer   : id=86481 Destroyed com.sec.android.app.launcher/com.sec.android.app.launcher.activities.LauncherActivity$_27008#86481
08-30 18:42:26.258  1054  1054 I Layer   : id=86496 Destroyed Surface(name=WindowToken{b98a346 type=2019 android.os.BinderProxy@123bd88})/@0x5f2620c - animation-leash of token_transform#86496
08-30 18:42:26.260  1054  1054 D SurfaceFlinger: Display 4633128672291735937 HWC layers:
08-30 18:42:26.260  1054  1054 D SurfaceFlinger:      DEVICE | 0xb4000070998b1f50 | 0102 | RGBA_8888    |    0.0    0.0 1080.0 2400.0 |    0    0 1080 2400 | com.example.uianaliticsxml/com.examp[...]aliticsxml.MainActivity$_31120#86497
08-30 18:42:26.260  1054  1054 D SurfaceFlinger:      DEVICE | 0xb4000070998cef10 | 0100 | RGBA_8888    |    0.0    0.0 1080.0   80.0 |    0    0 1080   80 | StatusBar$_1872#94
08-30 18:42:26.260  1054  1054 D SurfaceFlinger:      DEVICE | 0xb4000070998c8d10 | 0100 | RGBA_8888    |    0.0    0.0   67.0  329.0 | 1013  384 1080  713 | com.samsung.android.app.cocktailbars[...]rvice.CocktailBarService$_4516#85627
08-30 18:42:26.260  1054  1054 D SurfaceFlinger:      DEVICE | 0xb4000070998dd0d0 | 0100 | RGBA_8888    |    0.0    0.0 1080.0  144.0 |    0 2256 1080 2400 | NavigationBar0$_1872#87
08-30 18:42:26.260  1054  1054 D SurfaceFlinger:
08-30 18:42:26.293  1408  1772 D SemNscXgbMsL1: Probability - Cloud gaming: [0.042014547]
08-30 18:42:26.293  1408  1772 D SemNscXgbMsL1: Probability - Real time: [0.033343855]
08-30 18:42:26.293  1408  1772 D SemNscXgbMsL1: Probability - Non real time: [0.953607]
08-30 18:42:26.293  1408  1772 D SemNscXgbMsL1: 1 sample inference time: 0.147308 msecs
08-30 18:42:26.294  1408  1772 D SemNscXgbL2Rt: L2 RT 1 sample inference time: 0.321693 msecs
08-30 18:42:26.294  1408  1772 D SemNscXgbL2Nrt: L2 NRT 1 sample inference time: 0.286385 msecs
08-30 18:42:26.335 27008 27008 I dnxg    : onPause
08-30 18:42:26.337 28622 28622 I gmcf    : (REDACTED) received broadcast: %s
08-30 18:42:26.337 28622 28696 I gmci    : (REDACTED) received broadcast: %s
08-30 18:42:26.337 28622 28696 I glxg    : (REDACTED) #onConfigUpdate. requester: %s
08-30 18:42:26.337 28622 28695 I glxg    : #onConfigUpdate inside sequencer
08-30 18:42:26.337 28622 28695 I glua    : (REDACTED) Voice Match (Speaker-id) supported : %b
08-30 18:42:26.337 28622 28695 I glua    : (REDACTED) hotword enrollment state is enrolled:  %b, speakerId model exist: %b. Voice Match supported : %b
08-30 18:42:26.337 28622 28695 I glua    : (REDACTED) isHotwordAvailable():  %b, isHotwordEnabled() %b
08-30 18:42:26.337 28622 28695 I glua    : (REDACTED) isHotwordAvailable():  %b, isHotwordEnabled() %b
08-30 18:42:26.337 28622 28695 I glua    : (REDACTED) Hotword enrollment state : %s.
08-30 18:42:26.337 28622 28695 I glua    : (REDACTED) Voice Match (Speaker-id) supported : %b
08-30 18:42:26.337 28622 28695 I glua    : (REDACTED) Voice Match (Speaker-id) supported : %b
08-30 18:42:26.337 28622 28695 I glua    : (REDACTED) hotword enrollment state is enrolled:  %b, speakerId model exist: %b, voice match supported : %b
08-30 18:42:26.337 28622 28695 I glua    : (REDACTED) Hotword isNonVoiceMatchHotwordEnabled: %b, isHotwordAvailable : %b, isHotwordEnabled : %b, isVoiceMatchSupported: %b, isHotwordEnrolled: %b.
08-30 18:42:26.337 28622 28695 I glxg    : (REDACTED) Ignore the legacy hotword request. voice match enabled %b, isHotwordSupported %b, isIncompleteEnrollmentState %b, nonVoiceMatchHotwordEnabled %b
08-30 18:42:26.375  1408  3220 D InputDispatcher: Inject motion (28134/2000): action=0x0, time=202425955000000, f=0x0, d=0 dsdx=1.000000 dtdx=0.000000
08-30 18:42:26.375  1408  1669 I InputDispatcher: Delivering touch to (1872): action: 0x4, f=0x0, d=0, '40811ff', t=1
08-30 18:42:26.375  1408  1669 I InputDispatcher: Delivering touch to (31120): action: 0x0, f=0x0, d=0, '9d379e ', t=1
08-30 18:42:26.376  2446  2446 I TouchInteractionService: onInputEvent, inputConsumer = com.android.quickstep.d2@ed89d37
08-30 18:42:26.376  1408  1484 I GestureDetector: obtain mCurrentDownEvent. id: -640794157 caller: com.android.server.wm.SystemGesturesPointerEventListener.onPointerEvent:203 com.android.server.wm.PointerEventDispatcher.onInputEvent:53 android.view.InputEventReceiver.dispatchInputEvent:267
08-30 18:42:26.377  1408  1484 I GestureDetector: obtain mCurrentDownEvent. id: -640794157 caller: com.android.server.wm.SystemPerformancePointerEventListener.onPointerEvent:89 com.android.server.wm.PointerEventDispatcher.onInputEvent:53 android.view.InputEventReceiver.dispatchInputEvent:267
08-30 18:42:26.377 31120 31120 I ViewRootImpl@e419a16[MainActivity]: ViewPostIme pointer 0
08-30 18:42:26.378  1408  3220 D InputDispatcher: Inject motion (28134/2000): action=0x1, time=202425955000000, f=0x0, d=0 dsdx=1.000000 dtdx=0.000000
08-30 18:42:26.378  1408  1669 I InputDispatcher: Delivering touch to (31120): action: 0x1, f=0x0, d=0, '9d379e ', t=1
08-30 18:42:26.378 31120 31120 I ViewRootImpl@e419a16[MainActivity]: ViewPostIme pointer 1
08-30 18:42:26.378  2446  2446 I TouchInteractionService: reset
08-30 18:42:26.378  1872  3276 V Navbar.Store: handleEvent(0) ResetBottomGestureHintVI(noArguments=true) [Module]
08-30 18:42:26.378  1872  3276 V Navbar.Store: [Band]GESTURE_PACK_RESET_HINT_VI
08-30 18:42:26.378  1872  3276 V Navbar.Store: apply(0) ResetHintVI
08-30 18:42:26.379  1408  1484 I GestureDetector: obtain mCurrentMotionEventRaw. action: 1 id: -943430016
08-30 18:42:26.379  1408  1484 I GestureDetector: obtain mCurrentMotionEventRaw. action: 1 id: -943430016
08-30 18:42:26.414   944 31175 I HYPER-HAL: [ResourceManager.cpp]removeResource(): [CPUMinFreq] RemoveResource Request ID : 1020326
08-30 18:42:26.414   944 31175 I HYPER-HAL: [RequestManager.cpp]releaseLocked(): Released ID : 1020326
08-30 18:42:26.438  1408  3581 D SemWifiUsabilityStatsMonitor: onWifiUsabilityStats - seqNum 45943, isSameBssidAndFreq true
08-30 18:42:26.439  1408  1774 I SemWifiLinkQualityMonitor: Link Qos Query: 0.120 ms / 66.704 Mbps (130 / 0.058 / 1.000)
08-30 18:42:26.487  8622  8940 I FontLog : (REDACTED) Received query %s, URI %s
08-30 18:42:26.487  8622  8940 I FontLog : (REDACTED) Query [%s] resolved to %s
08-30 18:42:26.489  8622  8940 I FontLog : (REDACTED) Fetch %s end status %s
08-30 18:42:26.490  8622  8940 I FontLog : (REDACTED) Pulling font file for id = %d, cache size = %d
08-30 18:42:26.491  8622  8940 I FontLog : (REDACTED) Pulling font file for id = %d, cache size = %d
08-30 18:42:26.510   944 31110 I HYPER-HAL: [ResourceManager.cpp]removeResource(): [CPUMinFreq] RemoveResource Request ID : 1038994
08-30 18:42:26.510   944 31110 I HYPER-HAL: [RequestManager.cpp]releaseLocked(): Released ID : 1038994
08-30 18:42:26.605 12555 12555 I SCS@AiSearch user 0: (ObserverWorker::AOSP_MP) [main] entering in startWork():
08-30 18:42:26.605 12555 12555 I SCS@AiSearch user 0: (BaseCollector::AOSP_MP) [main] entering in onChange():
08-30 18:42:26.605   988   988 I sysinput:Touch: bypassCommand:136, OK set_grip_data,1,45,7,15,720,15,2400
08-30 18:42:26.605  1408  1681 D SysinputHAL_V1_3(V1_2): runTspCmdNoRead(1): set_grip_data,1,45,7,15,720,15,2400(0)
08-30 18:42:26.605 12555 12603 I SCS@AiSearch user 0: (BaseCollector::AOSP_MP) [AOSP_MP-0] entering in collectChanges():
08-30 18:42:26.611  1408  4817 D PackageManager: setEnabledSetting : userId = 0 packageName = com.samsung.android.scs cmp = androidx.work.impl.background.systemalarm.RescheduleReceiver newState = 1 callingPackage = 10105/com.samsung.android.scs
08-30 18:42:26.611  1408  4817 D ApplicationPolicy: getApplicationStateEnabled : pkg = com.samsung.android.scs userId : 0
08-30 18:42:26.611  1408  4817 D ApplicationPolicy: getApplicationComponentState : pkg = com.samsung.android.scs userId : 0
08-30 18:42:26.631 12555 12603 I SCS@AiSearch user 0: (BaseCollector::AOSP_MP) fetchInternal values : maxSyncId: 1000010110 indexCount: 630 sourceCount: 630
08-30 18:42:26.635 27008 27008 I dnxg    : onStop
08-30 18:42:26.652 12555 12603 I SCS@AiSearch user 0: (IndexManager) [AOSP_MP-0] entering in addIndex():
08-30 18:42:26.653 12555 12603 I SCS@AiSearch user 0: (BaseCollector::AOSP_MP) fetch: fetching took  35 ms
08-30 18:42:26.653 12555 12603 I SCS@AiSearch user 0: (BaseCollector::AOSP_MP) fetchChanges: applied 0 items
08-30 18:42:26.653 12555 12603 I SCS@AiSearch user 0: (BaseCollector::AOSP_MP) Collect finished. Result: true
08-30 18:42:26.655 12555 12590 I WM-WorkerWrapper: Worker result SUCCESS for Work [ id=36dac731-731f-4335-95b8-1b933cca0df7, tags={ com.sec.android.app.myfiles, com.samsung.android.scs.ai.search.data.collector.ObserverWorker } ]
08-30 18:42:26.655 12555 12603 I SCS@AiSearch user 0: (BaseCollector::AOSP_MP) enqueue ObserverWorker name: com.sec.android.app.myfiles, policy: APPEND_OR_REPLACE
08-30 18:42:26.676  1408  1484 I GestureDetector: handleMessage TAP
08-30 18:42:26.676  1408  1408 I GestureDetector: handleMessage TAP
08-30 18:42:26.679  1408  4366 D PackageManager: setEnabledSetting : userId = 0 packageName = com.samsung.android.scs cmp = androidx.work.impl.background.systemalarm.RescheduleReceiver newState = 1 callingPackage = 10105/com.samsung.android.scs
08-30 18:42:26.679  1408  4366 D ApplicationPolicy: getApplicationStateEnabled : pkg = com.samsung.android.scs userId : 0
08-30 18:42:26.680  1408  4366 D ApplicationPolicy: getApplicationComponentState : pkg = com.samsung.android.scs userId : 0
08-30 18:42:26.700 28631 28652 I PrivacyDashboard: PermissionAccessInformationContentProvider  bulkInsert : 1
08-30 18:42:26.738  1408  1438 W System  : A resource failed to call end.
08-30 18:42:26.748  1408  1438 W System  : A resource failed to call release.
08-30 18:42:26.761  1408  1438 W System  : A resource failed to call close.
08-30 18:42:26.827   944 31113 I HYPER-HAL: [ResourceManager.cpp]removeResource(): [CPUMinFreq] RemoveResource Request ID : 1018897
08-30 18:42:26.833   944 31113 I HYPER-HAL: [RequestManager.cpp]releaseLocked(): Released ID : 1018897
08-30 18:42:26.861 23460 31209 I ProvidersCache: Provider returned no roots. Possibly naughty: com.microsoft.skydrive.content.StorageAccessProvider
08-30 18:42:27.232 18584 18584 I ResourceOverlayService_0: waitAndQuit called
08-30 18:42:27.235 18584 18584 I ResourceOverlayService_0: activity user id 0 process id 0
08-30 18:42:27.277  1408  1772 D SemNscXgbMsL1: Probability - Cloud gaming: [0.035180047]
08-30 18:42:27.278  1408  1772 D SemNscXgbMsL1: Probability - Real time: [0.073943354]
08-30 18:42:27.279  1408  1772 D SemNscXgbMsL1: Probability - Non real time: [0.9145123]
08-30 18:42:27.279  1408  1772 D SemNscXgbMsL1: 1 sample inference time: 2.330462 msecs
08-30 18:42:27.283  1408  1772 D SemNscXgbL2Rt: L2 RT 1 sample inference time: 3.641769 msecs
08-30 18:42:27.286  1408  1772 D SemNscXgbL2Nrt: L2 NRT 1 sample inference time: 3.047308 msecs
08-30 18:42:27.322   944 31111 I HYPER-HAL: [ResourceManager.cpp]removeResource(): [CPUMaxFreq] RemoveResource Request ID : 9581265
08-30 18:42:27.322   944 31111 I HYPER-HAL: [RequestManager.cpp]releaseLocked(): Released ID : 9581265
08-30 18:42:27.550  1408  4366 D InputDispatcher: Inject motion (28134/2000): action=0x0, time=202427122000000, f=0x0, d=0 dsdx=1.000000 dtdx=0.000000
08-30 18:42:27.552  1408  1669 I InputDispatcher: Delivering touch to (1872): action: 0x4, f=0x0, d=0, '40811ff', t=1
08-30 18:42:27.553  1408  1669 I InputDispatcher: Delivering touch to (31120): action: 0x0, f=0x0, d=0, '9d379e ', t=1
08-30 18:42:27.554 31120 31120 I ViewRootImpl@e419a16[MainActivity]: ViewPostIme pointer 0
08-30 18:42:27.556  2446  2446 I TouchInteractionService: onInputEvent, inputConsumer = com.android.quickstep.d2@ed89d37
08-30 18:42:27.557  1408  1484 I GestureDetector: obtain mCurrentDownEvent. id: -98035961 caller: com.android.server.wm.SystemGesturesPointerEventListener.onPointerEvent:203 com.android.server.wm.PointerEventDispatcher.onInputEvent:53 android.view.InputEventReceiver.dispatchInputEvent:267
08-30 18:42:27.557  1408  1484 I GestureDetector: obtain mCurrentDownEvent. id: -98035961 caller: com.android.server.wm.SystemPerformancePointerEventListener.onPointerEvent:89 com.android.server.wm.PointerEventDispatcher.onInputEvent:53 android.view.InputEventReceiver.dispatchInputEvent:267
08-30 18:42:27.568  1408  4366 D InputDispatcher: Inject motion (28134/2000): action=0x1, time=202427122000000, f=0x0, d=0 dsdx=1.000000 dtdx=0.000000
08-30 18:42:27.569  1408  1669 I InputDispatcher: Delivering touch to (31120): action: 0x1, f=0x0, d=0, '9d379e ', t=1
08-30 18:42:27.569 31120 31120 I ViewRootImpl@e419a16[MainActivity]: ViewPostIme pointer 1
08-30 18:42:27.570  2446  2446 I TouchInteractionService: reset
08-30 18:42:27.571  1872 10815 V Navbar.Store: handleEvent(0) ResetBottomGestureHintVI(noArguments=true) [Module]
08-30 18:42:27.571  1872 10815 V Navbar.Store: [Band]GESTURE_PACK_RESET_HINT_VI
08-30 18:42:27.571  1872 10815 V Navbar.Store: apply(0) ResetHintVI
08-30 18:42:27.571  1408  1484 I GestureDetector: obtain mCurrentMotionEventRaw. action: 1 id: -891563906
08-30 18:42:27.572  1408  1484 I GestureDetector: obtain mCurrentMotionEventRaw. action: 1 id: -891563906
08-30 18:42:27.585  1408  4366 I SemDvfsHyPerManager: acquire hyper - AMS_ACT_START/1408@18, type = -999
08-30 18:42:27.586   944   984 I HYPER-HAL: [RequestManager.cpp]acquire(): Acquired ID : 1017469  [1408 / 18]    HINT : AMS_ACT_START    list :
08-30 18:42:27.587  1054  2920 I SurfaceFlinger: id=86502 createSurf flag=80004, ActivityRecord{2af81f6 u0 com.example.uianaliticsxml/.AddDestinationActivity}#86502
08-30 18:42:27.588   944   984 I HYPER-HAL: [ResourceManager.cpp]updateResource(): [CPUMinFreq] UpdateResource Request ID : 1017469    Value : 1768000
08-30 18:42:27.592  1408  1486 D PersonaActivityHelper: Activity not in resumed state, do not run immediate lock
08-30 18:42:27.604  1408  4817 D InputDispatcher: Focused application(0): ActivityRecord{2af81f6 u0 com.example.uianaliticsxml/.AddDestinationActivity} t26437}
08-30 18:42:27.610  1408  1486 I SemPersonaManager: SecureFolder personaId = 150
08-30 18:42:27.610  1054  1054 I SurfaceFlinger: [9d379e com.example.uianaliticsxml/com.example.uianaliticsxml.MainActivity#86495] FrameRatePriority: -1
08-30 18:42:27.618  1408  1486 D EnterpriseDeviceManagerService: isMdmAdminPresentInternal() : MDM Admin Found - com.samsung.knox.securefolder
08-30 18:42:27.619  1408  3212 I MediaSessionMonitor: Media session stopped : controllerList empty
08-30 18:42:27.620 31120 31120 I DecorView: [INFO] isPopOver=false config=true
08-30 18:42:27.620 31120 31120 I DecorView: updateCaptionType: isFloating=false isApplication=true hasWindowDecorCaption=false this=DecorView@59353a6[]
08-30 18:42:27.620 31120 31120 D DecorView: setCaptionType = 0, this = DecorView@59353a6[]
08-30 18:42:27.620 31120 31120 I DecorView: getCurrentDensityDpi: from real metrics. densityDpi=480 msg=resources_loaded
08-30 18:42:27.621 31120 31120 I DecorView: setWindowBackground: isPopOver=false color=ff1c1b1f d=android.graphics.drawable.ColorDrawable@8a74194
08-30 18:42:27.621  4516  4516 I ActivityUtils: HomePackage : com.sec.android.app.launcher, resumePackageName : com.example.uianaliticsxml
08-30 18:42:27.627  1054  1054 D SurfaceFlinger: [input] inputWindowCommands.focusRequests size is 1
08-30 18:42:27.627  1872  1872 D SecPowerUI.Notification: showChargingNotice oldChargingType : 11 / currentChargingType : 11, oldChargingTime : 3933000 / mChargingTime : 3933000
08-30 18:42:27.627  1872  1872 D SecPowerUI.Notification: There is no change about charging status, so return!
08-30 18:42:27.628  1054  1169 D SurfaceFlinger: [input] setFocusedWindow: <null>
08-30 18:42:27.628  1408  1907 D InputDispatcher: Focus left window (0): 9d379e com.example.uianaliticsxml/com.example.uianaliticsxml.MainActivity
08-30 18:42:27.634 31120 31120 I MSHandlerLifeCycle: check: return. pkg=com.example.uianaliticsxml parent=null callers=com.android.internal.policy.DecorView.setVisibility:4378 android.app.ActivityThread.handleResumeActivity:5463 android.app.servertransaction.ResumeActivityItem.execute:54 android.app.servertransaction.ActivityTransactionItem.execute:45 android.app.servertransaction.TransactionExecutor.executeLifecycleState:176
08-30 18:42:27.634 31120 31120 I MSHandlerLifeCycle: removeMultiSplitHandler: no exist. decor=DecorView@59353a6[]
08-30 18:42:27.635 31120 31144 D NativeCustomFrequencyManager: [NativeCFMS] BpCustomFrequencyManager::BpCustomFrequencyManager()
08-30 18:42:27.636  1408  4817 D InputTransport: Input channel constructed: '149885e', fd=1065
08-30 18:42:27.636  1408  4817 D InputTransport: Input channel constructed: '149885e', fd=1067
08-30 18:42:27.636  1408  4817 D InputTransport: Input channel constructed: '149885e', fd=1078
08-30 18:42:27.637  1054  2920 I SurfaceFlinger: id=86503 createSurf flag=80004, 149885e com.example.uianaliticsxml/com.example.uianaliticsxml.AddDestinationActivity#86503
08-30 18:42:27.637  1408  4817 D InputTransport: Input channel destroyed: '149885e', fd=1078
08-30 18:42:27.638 31120 31120 D InsetsController: onStateChanged: InsetsState: {mDisplayFrame=Rect(0, 0 - 1080, 2400), mDisplayCutout=DisplayCutout{insets=Rect(0, 80 - 0, 0) waterfall=Insets{left=0, top=0, right=0, bottom=0} boundingRect={Bounds=[Rect(0, 0 - 0, 0), Rect(510, 0 - 570, 80), Rect(0, 0 - 0, 0), Rect(0, 0 - 0, 0)]} cutoutPathParserInfo={CutoutPathParserInfo{displayWidth=1080 displayHeight=2400 physicalDisplayWidth=1080 physicalDisplayHeight=2400 density={3.0} cutoutSpec={M 0,0 H -10 V 26.66666666666667 H 10 V 0 H 0 Z @dp} rotation={0} scale={1.0} physicalPixelDisplaySizeRatio={1.0}}}}, mRoundedCorners=RoundedCorners{[RoundedCorner{position=TopLeft, radius=96, center=Point(96, 96)}, RoundedCorner{position=TopRight, radius=96, center=Point(984, 96)}, RoundedCorner{position=BottomRight, radius=96, center=Point(984, 2304)}, RoundedCorner{position=BottomLeft, radius=96, center=Point(96, 2304)}]}  mRoundedCornerFrame=Rect(0, 0 - 1080, 2400), mPrivacyIndicatorBounds=PrivacyIndicatorBounds {static bounds=Rect(948, 0 - 1080, 80) rotation=0}, mSources= { InsetsSource: {mType=ITYPE_STATUS_BAR, mFrame=[0,0][1080,80], mVisible=true, mInsetsRoundedCornerFrame=false}, InsetsSource: {mType=ITYPE_NAVIGATION_BAR, mFrame=[0,2355][1080,2400], mVisible=true, mInsetsRoundedCornerFrame=false}, InsetsSource: {mType=ITYPE_LEFT_GESTURES, mFrame=[0,0][90,2400], mVisible=true, mInsetsRoundedCornerFrame=false}, InsetsSource: {mType=ITYPE_RIGHT_GESTURES, mFrame=[990,0][1080,2400], mVisible=true, mInsetsRoundedCornerFrame=false}, InsetsSource: {mType=ITYPE_TOP_MANDATORY_GESTURES, mFrame=[0,0][1080,116], mVisible=true, mInsetsRoundedCornerFrame=false}, InsetsSource: {mType=ITYPE_BOTTOM_MANDATORY_GESTURES, mFrame=[0,2304][1080,2400], mVisible=true, mInsetsRoundedCornerFrame=false}, InsetsSource: {mType=ITYPE_LEFT_DISPLAY_CUTOUT, mFrame=[0,0][-100000,2400], mVisible=true, mInsetsRoundedCornerFrame=false}, InsetsSource: {mType=ITYPE_TOP_DISPLAY_CUTOUT, mFrame=[0,0][1080,80], mVisible=true, mInsetsRoundedCornerFrame=false}, InsetsSource: {mType=ITYPE_RIGHT_DISPLAY_CUTOUT, mFrame=[100000,0][1080,2400], mVisible=true, mInsetsRoundedCornerFrame=false}, InsetsSource: {mType=ITYPE_BOTTOM_DISPLAY_CUTOUT, mFrame=[0,100000][1080,2400], mVisible=true, mInsetsRoundedCornerFrame=false}, InsetsSource: {mType=ITYPE_TOP_TAPPABLE_ELEMENT, mFrame=[0,0][1080,80], mVisible=true, mInsetsRoundedCornerFrame=false}, InsetsSource: {mType=ITYPE_BOTTOM_TAPPABLE_ELEMENT, mFrame=[0,0][0,0], mVisible=true, mInsetsRoundedCornerFrame=false} } host=com.example.uianaliticsxml/com.example.uianaliticsxml.AddDestinationActivity from=android.view.ViewRootImpl.setView:1700
08-30 18:42:27.639 31120 31120 I ViewRootImpl@37fca9f[AddDestinationActivity]: setView = com.android.internal.policy.DecorView@59353a6 TM=true
08-30 18:42:27.639 31120 31120 I MSHandlerLifeCycle: removeMultiSplitHandler: no exist. decor=DecorView@59353a6[AddDestinationActivity]
08-30 18:42:27.639  1408  1531 D AnalyticsContainerHandler: handleMessage : { when=0 what=1 target=com.android.server.knox.KnoxAnalyticsContainer$AnalyticsHandler }
08-30 18:42:27.642 31120 31120 D ViewRootImpl@37fca9f[AddDestinationActivity]: performTraversals params={(0,0)(fillxfill) sim={adjust=pan forwardNavigation} ty=BASE_APPLICATION wanim=0x1030309
08-30 18:42:27.642 31120 31120 D ViewRootImpl@37fca9f[AddDestinationActivity]:   fl=81810100
08-30 18:42:27.642 31120 31120 D ViewRootImpl@37fca9f[AddDestinationActivity]:   pfl=12020040
08-30 18:42:27.642 31120 31120 D ViewRootImpl@37fca9f[AddDestinationActivity]:   bhv=DEFAULT
08-30 18:42:27.642 31120 31120 D ViewRootImpl@37fca9f[AddDestinationActivity]:   fitSides= naviIconColor=0}
08-30 18:42:27.642 31120 31120 D ViewRootImpl@37fca9f[AddDestinationActivity]: performTraversals mFirst=true windowShouldResize=true viewVisibilityChanged=false mForceNextWindowRelayout=false params={(0,0)(fillxfill) sim={adjust=pan forwardNavigation} ty=BASE_APPLICATION wanim=0x1030309
08-30 18:42:27.642 31120 31120 D ViewRootImpl@37fca9f[AddDestinationActivity]:   fl=81810100
08-30 18:42:27.642 31120 31120 D ViewRootImpl@37fca9f[AddDestinationActivity]:   pfl=12020040
08-30 18:42:27.642 31120 31120 D ViewRootImpl@37fca9f[AddDestinationActivity]:   bhv=DEFAULT
08-30 18:42:27.642 31120 31120 D ViewRootImpl@37fca9f[AddDestinationActivity]:   fitSides= naviIconColor=0}
08-30 18:42:27.642  1408  4817 V WindowManager: Relayout Window{149885e u0 com.example.uianaliticsxml/com.example.uianaliticsxml.AddDestinationActivity}: viewVisibility=0 req=1080x2400 d0
08-30 18:42:27.643  1054  2920 I SurfaceFlinger: id=86504 createSurf flag=40004, com.example.uianaliticsxml/com.example.uianaliticsxml.AddDestinationActivity$_31120#86504
08-30 18:42:27.645  1054  2920 I SurfaceFlinger: id=86505 createSurf flag=24000, Surface(name=e0b30c0 StatusBar)/@0x15aa7e0 - animation-leash of insets_animation#86505
08-30 18:42:27.646  1054  2920 I SurfaceFlinger: id=86506 createSurf flag=24000, Surface(name=40811ff NavigationBar0)/@0x7c5593f - animation-leash of insets_animation#86506
