08-30 18:43:19.586  1054  1054 D SurfaceFlinger:      DEVICE | 0xb4000070998c7650 | 0100 | RGBA_8888    |    0.0    0.0 1080.0 2400.0 |    0    0 1080 2400 | com.sec.android.app.launcher/com.sec[...]ivities.LauncherActivity$_2446#86704
08-30 18:43:19.586  1054  1054 D SurfaceFlinger:      DEVICE | 0xb4000070998b8310 | 0100 | RGBA_8888    |    0.0    0.0 1080.0 2400.0 |   76  168 1004 2232 | Splash Screen com.example.uianaliticsxml$_1872#86734
08-30 18:43:19.586  1054  1054 D SurfaceFlinger:      DEVICE | 0xb4000070998c5a50 | 0100 | RGBA_8888    |    0.0    0.0 1080.0   80.0 |    0    0 1080   80 | StatusBar$_1872#94
08-30 18:43:19.586  1054  1054 D SurfaceFlinger:      DEVICE | 0xb4000070998c8d10 | 0100 | RGBA_8888    |    0.0    0.0   67.0  329.0 | 1013  384 1080  713 | com.samsung.android.app.cocktailbars[...]rvice.CocktailBarService$_4516#85627
08-30 18:43:19.586  1054  1054 D SurfaceFlinger:      DEVICE | 0xb4000070998dd0d0 | 0100 | RGBA_8888    |    0.0    0.0 1080.0  144.0 |    0 2256 1080 2400 | NavigationBar0$_1872#87
08-30 18:43:19.586  1054  1054 D SurfaceFlinger:
08-30 18:43:19.587 32133 32133 D ActivityThread: setConscryptValidator
08-30 18:43:19.587 32133 32133 D ActivityThread: setConscryptValidator - put
08-30 18:43:19.594  1408  3284 D InputDispatcher: Focused application(0): ActivityRecord{cbd70f u0 com.example.uianaliticsxml/.MainActivity} t26439}
08-30 18:43:19.596 32133 32133 D CompatibilityChangeReporter: Compat change id reported: 171979766; UID 10790; state: ENABLED
08-30 18:43:19.597  1055  1088 I heimdall: insert_task_to_group:67, insert tgid 32133 to group com.example.uianaliticsxml, ret = 0
08-30 18:43:19.597  1408  1486 I SemPersonaManager: SecureFolder personaId = 150
08-30 18:43:19.599  6000  6172 I Rubin   : [1116] t9.a.c(SourceFile:1) : Notify com.samsung.android.rubin.inferenceengine.contextanalytics.engine.loggers.d's database is updated.
08-30 18:43:19.605  6000  6172 I Rubin   : [1116] ha.e.m(SourceFile:6) : isSatisfiedByCmh is false
08-30 18:43:19.619 32133 32133 D nativeloader: Configuring classloader-namespace for other apk /data/app/~~WSfr5Cyt4O_58oBd9vGGqA==/com.example.uianaliticsxml-FX0HmDCex3Oh80MmKZhXuw==/base.apk. target_sdk_version=33, uses_libraries=, library_path=/data/app/~~WSfr5Cyt4O_58oBd9vGGqA==/com.example.uianaliticsxml-FX0HmDCex3Oh80MmKZhXuw==/lib/arm64, permitted_path=/data:/mnt/expand:/data/user/0/com.example.uianaliticsxml
08-30 18:43:19.627 32133 32133 V GraphicsEnvironment: ANGLE Developer option for 'com.example.uianaliticsxml' set to: 'default'
08-30 18:43:19.627 32133 32133 V GraphicsEnvironment: ANGLE GameManagerService for com.example.uianaliticsxml: false
08-30 18:43:19.627 32133 32133 V GraphicsEnvironment: App is not on the allowlist for updatable production driver.
08-30 18:43:19.630 32133 32133 D NetworkSecurityConfig: No Network Security Config specified, using platform default
08-30 18:43:19.631 32133 32133 D NetworkSecurityConfig: No Network Security Config specified, using platform default
08-30 18:43:19.637  1408  1486 D EnterpriseDeviceManagerService: isMdmAdminPresentInternal() : MDM Admin Found - com.samsung.knox.securefolder
08-30 18:43:19.638 32133 32157 D OpenGLRenderer: RenderThread::requireGlContext()
08-30 18:43:19.639  1408  3212 I MediaSessionMonitor: Media session stopped : controllerList empty
08-30 18:43:19.641  2446 11470 I RecentModel: onTaskStackChangedBackground
08-30 18:43:19.642  4516  4516 I ActivityUtils: HomePackage : com.sec.android.app.launcher, resumePackageName : com.example.uianaliticsxml
08-30 18:43:19.644 32133 32133 D AppCompatDelegate: Checking for metadata for AppLocalesMetadataHolderService : Service not found
08-30 18:43:19.648 32133 32157 D OpenGLRenderer: RenderThread::setGrContext()
08-30 18:43:19.653 32133 32133 I DecorView: [INFO] isPopOver=false config=true
08-30 18:43:19.653 32133 32133 I DecorView: updateCaptionType: isFloating=false isApplication=true hasWindowDecorCaption=false this=DecorView@bfda673[]
08-30 18:43:19.653 32133 32133 D DecorView: setCaptionType = 0, this = DecorView@bfda673[]
08-30 18:43:19.654 32133 32133 I DecorView: getCurrentDensityDpi: from real metrics. densityDpi=480 msg=resources_loaded
08-30 18:43:19.654 32133 32133 I DecorView: setWindowBackground: isPopOver=false color=ff1c1b1f d=android.graphics.drawable.ColorDrawable@fcc89a9
08-30 18:43:19.663 32133 32133 D CompatibilityChangeReporter: Compat change id reported: 210923482; UID 10790; state: ENABLED
08-30 18:43:19.671 32133 32133 I MSHandlerLifeCycle: check: return. pkg=com.example.uianaliticsxml parent=null callers=com.android.internal.policy.DecorView.setVisibility:4378 android.app.ActivityThread.handleResumeActivity:5463 android.app.servertransaction.ResumeActivityItem.execute:54 android.app.servertransaction.ActivityTransactionItem.execute:45 android.app.servertransaction.TransactionExecutor.executeLifecycleState:176
08-30 18:43:19.671 32133 32133 I MSHandlerLifeCycle: removeMultiSplitHandler: no exist. decor=DecorView@bfda673[]
08-30 18:43:19.672 32133 32157 D NativeCustomFrequencyManager: [NativeCFMS] BpCustomFrequencyManager::BpCustomFrequencyManager()
08-30 18:43:19.674  1408  4389 D InputTransport: Input channel constructed: 'dd54c53', fd=993
08-30 18:43:19.674  1408  4389 D InputTransport: Input channel constructed: 'dd54c53', fd=1018
08-30 18:43:19.674  1408  4389 D InputTransport: Input channel constructed: 'dd54c53', fd=1020
08-30 18:43:19.674  1054  2920 I SurfaceFlinger: id=86739 createSurf flag=80004, dd54c53 com.example.uianaliticsxml/com.example.uianaliticsxml.MainActivity#86739
08-30 18:43:19.675  1408  4389 D InputTransport: Input channel destroyed: 'dd54c53', fd=1020
08-30 18:43:19.675 32133 32133 D InsetsController: onStateChanged: InsetsState: {mDisplayFrame=Rect(0, 0 - 1080, 2400), mDisplayCutout=DisplayCutout{insets=Rect(0, 80 - 0, 0) waterfall=Insets{left=0, top=0, right=0, bottom=0} boundingRect={Bounds=[Rect(0, 0 - 0, 0), Rect(510, 0 - 570, 80), Rect(0, 0 - 0, 0), Rect(0, 0 - 0, 0)]} cutoutPathParserInfo={CutoutPathParserInfo{displayWidth=1080 displayHeight=2400 physicalDisplayWidth=1080 physicalDisplayHeight=2400 density={3.0} cutoutSpec={M 0,0 H -10 V 26.66666666666667 H 10 V 0 H 0 Z @dp} rotation={0} scale={1.0} physicalPixelDisplaySizeRatio={1.0}}}}, mRoundedCorners=RoundedCorners{[RoundedCorner{position=TopLeft, radius=96, center=Point(96, 96)}, RoundedCorner{position=TopRight, radius=96, center=Point(984, 96)}, RoundedCorner{position=BottomRight, radius=96, center=Point(984, 2304)}, RoundedCorner{position=BottomLeft, radius=96, center=Point(96, 2304)}]}  mRoundedCornerFrame=Rect(0, 0 - 1080, 2400), mPrivacyIndicatorBounds=PrivacyIndicatorBounds {static bounds=Rect(948, 0 - 1080, 80) rotation=0}, mSources= { InsetsSource: {mType=ITYPE_STATUS_BAR, mFrame=[0,0][1080,80], mVisible=true, mInsetsRoundedCornerFrame=false}, InsetsSource: {mType=ITYPE_NAVIGATION_BAR, mFrame=[0,2355][1080,2400], mVisible=true, mInsetsRoundedCornerFrame=false}, InsetsSource: {mType=ITYPE_LEFT_GESTURES, mFrame=[0,0][90,2400], mVisible=true, mInsetsRoundedCornerFrame=false}, InsetsSource: {mType=ITYPE_RIGHT_GESTURES, mFrame=[990,0][1080,2400], mVisible=true, mInsetsRoundedCornerFrame=false}, InsetsSource: {mType=ITYPE_TOP_MANDATORY_GESTURES, mFrame=[0,0][1080,116], mVisible=true, mInsetsRoundedCornerFrame=false}, InsetsSource: {mType=ITYPE_BOTTOM_MANDATORY_GESTURES, mFrame=[0,2304][1080,2400], mVisible=true, mInsetsRoundedCornerFrame=false}, InsetsSource: {mType=ITYPE_LEFT_DISPLAY_CUTOUT, mFrame=[0,0][-100000,2400], mVisible=true, mInsetsRoundedCornerFrame=false}, InsetsSource: {mType=ITYPE_TOP_DISPLAY_CUTOUT, mFrame=[0,0][1080,80], mVisible=true, mInsetsRoundedCornerFrame=false}, InsetsSource: {mType=ITYPE_RIGHT_DISPLAY_CUTOUT, mFrame=[100000,0][1080,2400], mVisible=true, mInsetsRoundedCornerFrame=false}, InsetsSource: {mType=ITYPE_BOTTOM_DISPLAY_CUTOUT, mFrame=[0,100000][1080,2400], mVisible=true, mInsetsRoundedCornerFrame=false}, InsetsSource: {mType=ITYPE_TOP_TAPPABLE_ELEMENT, mFrame=[0,0][1080,80], mVisible=true, mInsetsRoundedCornerFrame=false}, InsetsSource: {mType=ITYPE_BOTTOM_TAPPABLE_ELEMENT, mFrame=[0,0][0,0], mVisible=true, mInsetsRoundedCornerFrame=false}, InsetsSource: {mType=ITYPE_IME, mFrame=[0,0][0,0], mVisible=false, mInsetsRoundedCornerFrame=false} } host=com.example.uianaliticsxml/com.example.uianaliticsxml.MainActivity from=android.view.ViewRootImpl.setView:1700
08-30 18:43:19.677 32133 32133 I ViewRootImpl@787e33[MainActivity]: setView = com.android.internal.policy.DecorView@bfda673 TM=true
08-30 18:43:19.677 32133 32133 I MSHandlerLifeCycle: removeMultiSplitHandler: no exist. decor=DecorView@bfda673[MainActivity]
08-30 18:43:19.678  1408  1531 D AnalyticsContainerHandler: handleMessage : { when=0 what=1 target=com.android.server.knox.KnoxAnalyticsContainer$AnalyticsHandler }
08-30 18:43:19.682 32133 32133 D ViewRootImpl@787e33[MainActivity]: performTraversals params={(0,0)(fillxfill) sim={adjust=resize forwardNavigation} ty=BASE_APPLICATION wanim=0x1030309
08-30 18:43:19.682 32133 32133 D ViewRootImpl@787e33[MainActivity]:   fl=81810100
08-30 18:43:19.682 32133 32133 D ViewRootImpl@787e33[MainActivity]:   pfl=12020040
08-30 18:43:19.682 32133 32133 D ViewRootImpl@787e33[MainActivity]:   bhv=DEFAULT
08-30 18:43:19.682 32133 32133 D ViewRootImpl@787e33[MainActivity]:   fitSides= naviIconColor=0}
08-30 18:43:19.683 32133 32133 D ViewRootImpl@787e33[MainActivity]: performTraversals mFirst=true windowShouldResize=true viewVisibilityChanged=false mForceNextWindowRelayout=false params={(0,0)(fillxfill) sim={adjust=resize forwardNavigation} ty=BASE_APPLICATION wanim=0x1030309
08-30 18:43:19.683 32133 32133 D ViewRootImpl@787e33[MainActivity]:   fl=81810100
08-30 18:43:19.683 32133 32133 D ViewRootImpl@787e33[MainActivity]:   pfl=12020040
08-30 18:43:19.683 32133 32133 D ViewRootImpl@787e33[MainActivity]:   bhv=DEFAULT
08-30 18:43:19.683 32133 32133 D ViewRootImpl@787e33[MainActivity]:   fitSides= naviIconColor=0}
08-30 18:43:19.683  1408  4389 V WindowManager: Relayout Window{dd54c53 u0 com.example.uianaliticsxml/com.example.uianaliticsxml.MainActivity}: viewVisibility=0 req=1080x2400 d0
08-30 18:43:19.683  1054  2920 I SurfaceFlinger: id=86740 createSurf flag=40004, com.example.uianaliticsxml/com.example.uianaliticsxml.MainActivity$_32133#86740
08-30 18:43:19.686  1054  1092 I SurfaceFlinger: id=86741 createSurf flag=24000, Surface(name=e0b30c0 StatusBar)/@0x15aa7e0 - animation-leash of insets_animation#86741
08-30 18:43:19.686  1054  1092 I SurfaceFlinger: id=86742 createSurf flag=24000, Surface(name=40811ff NavigationBar0)/@0x7c5593f - animation-leash of insets_animation#86742
08-30 18:43:19.687  2446 11470 I TouchInteractionService: onSystemUiStateChanged, stateFlags : 131072 |allow_gesture|
08-30 18:43:19.687  2446  2446 I RecentsAnimationDeviceState: setSystemUiFlags, stateFlags : 131072
08-30 18:43:19.687  2446  2446 I TouchInteractionService: onSystemUiFlagsChanged, lastSysUIFlags : 0
08-30 18:43:19.687  1408  4389 V WindowManager: Relayout hash=dd54c53, pid=32133, syncId=-1: mAttrs={(0,0)(fillxfill) sim={adjust=resize forwardNavigation} ty=BASE_APPLICATION wanim=0x1030309
08-30 18:43:19.687  1408  4389 V WindowManager:   fl=81810100
08-30 18:43:19.687  1408  4389 V WindowManager:   pfl=12020040
08-30 18:43:19.687  1408  4389 V WindowManager:   bhv=DEFAULT
08-30 18:43:19.687  1408  4389 V WindowManager:   fitSides= naviIconColor=0}
08-30 18:43:19.688  1054  2920 I SurfaceFlinger: id=86743 createSurf flag=24004, Surface(name=WindowToken{b98a346 type=2019 android.os.BinderProxy@123bd88})/@0x5f2620c - animation-leash of token_transform#86743
08-30 18:43:19.688 32133 32133 D BLASTBufferQueue: new BLASTBufferQueue, mNativeObject= 0xb40000770be1d130 name= ViewRootImpl@787e33[MainActivity] sc.mNativeObject= 0xb40000769be40cc0 caller= android.view.ViewRootImpl.updateBlastSurfaceIfNeeded:2789 android.view.ViewRootImpl.relayoutWindow:9635 android.view.ViewRootImpl.performTraversals:3759 android.view.ViewRootImpl.doTraversal:2991 android.view.ViewRootImpl$TraversalRunnable.run:10665 android.view.Choreographer$CallbackRecord.run:1301 android.view.Choreographer$CallbackRecord.run:1309 android.view.Choreographer.doCallbacks:923 android.view.Choreographer.doFrame:852 android.view.Choreographer$FrameDisplayEventReceiver.run:1283
08-30 18:43:19.688 32133 32133 D BLASTBufferQueue: update, w= 1080 h= 2400 mNativeObject= 0xb40000770be1d130 sc.mNativeObject= 0xb40000769be40cc0 format= -1 caller= android.graphics.BLASTBufferQueue.<init>:76 android.view.ViewRootImpl.updateBlastSurfaceIfNeeded:2789 android.view.ViewRootImpl.relayoutWindow:9635 android.view.ViewRootImpl.performTraversals:3759 android.view.ViewRootImpl.doTraversal:2991 android.view.ViewRootImpl$TraversalRunnable.run:10665
08-30 18:43:19.688 32133 32133 I ViewRootImpl@787e33[MainActivity]: Relayout returned: old=(0,0,1080,2400) new=(0,0,1080,2400) req=(1080,2400)0 dur=5 res=0x3 s={true 0xb40000779be52000} ch=true seqId=0
08-30 18:43:19.688 32133 32133 D ViewRootImpl@787e33[MainActivity]: mThreadedRenderer.initialize() mSurface={isValid=true 0xb40000779be52000} hwInitialized=true
08-30 18:43:19.689   934  1134 I display : getColorModes:: Supported color modes (3)
08-30 18:43:19.689   934  1134 I display : 	[0] mode 0
08-30 18:43:19.689   934  1134 I display : 	[1] mode 7
08-30 18:43:19.689   934  1134 I display : 	[2] mode 6
08-30 18:43:19.690 32133 32157 D OpenGLRenderer: eglCreateWindowSurface
08-30 18:43:19.693   627   969 I servicemanager: Could not find android.hardware.graphics.allocator.IAllocator/default in the VINTF manifest.
08-30 18:43:19.700 32133 32133 D ViewRootImpl@787e33[MainActivity]: reportNextDraw android.view.ViewRootImpl.performTraversals:4313 android.view.ViewRootImpl.doTraversal:2991 android.view.ViewRootImpl$TraversalRunnable.run:10665 android.view.Choreographer$CallbackRecord.run:1301 android.view.Choreographer$CallbackRecord.run:1309
08-30 18:43:19.700 32133 32133 D ViewRootImpl@787e33[MainActivity]: Setup new sync id=0
08-30 18:43:19.700 32133 32133 D ViewRootImpl@787e33[MainActivity]: Setting syncFrameCallback
08-30 18:43:19.700 32133 32133 D ViewRootImpl@787e33[MainActivity]: registerCallbacksForSync syncBuffer=false
08-30 18:43:19.701  1054  1054 I Layer   : id=86705 removeFromCurrentState Surface(name=e0b30c0 StatusBar)/@0x15aa7e0 - animation-leash of insets_animation#86705 (130)
08-30 18:43:19.701  1054  1054 I Layer   : id=86706 removeFromCurrentState Surface(name=40811ff NavigationBar0)/@0x7c5593f - animation-leash of insets_animation#86706 (130)
08-30 18:43:19.701  1054  1054 I SurfaceFlinger: [dd54c53 com.example.uianaliticsxml/com.example.uianaliticsxml.MainActivity#86739] FrameRatePriority: 1
08-30 18:43:19.701  1054  1054 I SurfaceFlinger: id=86705 Removed Surface(name=e0b30c0 StatusBar)/@0x15aa7e0 - animation-leash of insets_animation#86705 (130)
08-30 18:43:19.701  1054  1054 I SurfaceFlinger: id=86706 Removed Surface(name=40811ff NavigationBar0)/@0x7c5593f - animation-leash of insets_animation#86706 (130)
08-30 18:43:19.701  1054  1054 I Layer   : id=86705 Destroyed Surface(name=e0b30c0 StatusBar)/@0x15aa7e0 - animation-leash of insets_animation#86705
08-30 18:43:19.701  1054  1054 I Layer   : id=86706 Destroyed Surface(name=40811ff NavigationBar0)/@0x7c5593f - animation-leash of insets_animation#86706
08-30 18:43:19.703  1054  1054 D SurfaceFlinger: Display 4633128672291735937 HWC layers:
08-30 18:43:19.703  1054  1054 D SurfaceFlinger:      DEVICE | 0xb4000070998c9410 | 0100 | RGBx_8888    |  660.0    0.0 1740.0 2400.0 |    0    0 1080 2400 | Wallpaper BBQ wrapper#80
08-30 18:43:19.703  1054  1054 D SurfaceFlinger:      DEVICE | 0xb4000070998c7650 | 0100 | RGBA_8888    |    0.0    0.0 1080.0 2400.0 |    0    0 1080 2400 | com.sec.android.app.launcher/com.sec[...]ivities.LauncherActivity$_2446#86704
08-30 18:43:19.703  1054  1054 D SurfaceFlinger:      DEVICE | 0xb4000070998b8310 | 0100 | RGBA_8888    |    0.0    0.0 1080.0 2400.0 |   22   48 1058 2352 | Splash Screen com.example.uianaliticsxml$_1872#86734
08-30 18:43:19.703  1054  1054 D SurfaceFlinger:      DEVICE | 0xb4000070998c5a50 | 0100 | RGBA_8888    |    0.0    0.0 1080.0   80.0 |    0    0 1080   80 | StatusBar$_1872#94
08-30 18:43:19.703  1054  1054 D SurfaceFlinger:      DEVICE | 0xb4000070998c8d10 | 0100 | RGBA_8888    |    0.0    0.0   67.0  329.0 | 1013  384 1080  713 | com.samsung.android.app.cocktailbars[...]rvice.CocktailBarService$_4516#85627
08-30 18:43:19.703  1054  1054 D SurfaceFlinger:
08-30 18:43:19.703 32133 32169 D ViewRootImpl@787e33[MainActivity]: Received frameDrawingCallback syncResult=0 frameNum=1.
08-30 18:43:19.703 32133 32169 D ViewRootImpl@787e33[MainActivity]: Setting up sync and frameCommitCallback
08-30 18:43:19.717  1054  1054 I Layer   : id=86737 removeFromCurrentState Surface(name=WindowToken{b98a346 type=2019 android.os.BinderProxy@123bd88})/@0x5f2620c - animation-leash of token_transform#86737 (128)
08-30 18:43:19.717  1054  1054 D SurfaceFlinger: [input] inputWindowCommands.focusRequests size is 1
08-30 18:43:19.717  1054  1054 I SurfaceFlinger: id=86737 Removed Surface(name=WindowToken{b98a346 type=2019 android.os.BinderProxy@123bd88})/@0x5f2620c - animation-leash of token_transform#86737 (128)
08-30 18:43:19.717  1054  1054 I Layer   : id=86737 Destroyed Surface(name=WindowToken{b98a346 type=2019 android.os.BinderProxy@123bd88})/@0x5f2620c - animation-leash of token_transform#86737
08-30 18:43:19.718  1054  1169 D SurfaceFlinger: [input] setFocusedWindow: dd54c53 com.example.uianaliticsxml/com.example.uianaliticsxml.MainActivity
08-30 18:43:19.718  1408  1904 D InputDispatcher: Focus request (0): dd54c53 com.example.uianaliticsxml/com.example.uianaliticsxml.MainActivity but waiting because NOT_VISIBLE
08-30 18:43:19.730  1408  1786 W SemWifiTransportLayerUtils: getApplicationCategory - IOException com.example.uianaliticsxml
08-30 18:43:19.730  1408  1786 W System.err: java.io.FileNotFoundException: https://play.google.com/store/apps/details?id=com.example.uianaliticsxml&hl=en
08-30 18:43:19.730  1408  1786 W System.err: 	at com.android.okhttp.internal.huc.HttpURLConnectionImpl.getInputStream(HttpURLConnectionImpl.java:255)
08-30 18:43:19.730  1408  1786 W System.err: 	at com.android.okhttp.internal.huc.DelegatingHttpsURLConnection.getInputStream(DelegatingHttpsURLConnection.java:211)
08-30 18:43:19.730  1408  1786 W System.err: 	at com.android.okhttp.internal.huc.HttpsURLConnectionImpl.getInputStream(HttpsURLConnectionImpl.java:30)
08-30 18:43:19.730  1408  1786 W System.err: 	at com.samsung.android.server.wifi.tcp.SemWifiTransportLayerUtils.getApplicationCategory(SemWifiTransportLayerUtils.java:104)
08-30 18:43:19.730  1408  1786 W System.err: 	at com.samsung.android.server.wifi.tcp.SemWifiTransportLayerMonitor$TcpMonitorHandler.handleMessage(SemWifiTransportLayerMonitor.java:244)
08-30 18:43:19.730  1408  1786 W System.err: 	at android.os.Handler.dispatchMessage(Handler.java:106)
08-30 18:43:19.730  1408  1786 W System.err: 	at android.os.Looper.loopOnce(Looper.java:226)
08-30 18:43:19.730  1408  1786 W System.err: 	at android.os.Looper.loop(Looper.java:313)
08-30 18:43:19.730  1408  1786 W System.err: 	at android.os.HandlerThread.run(HandlerThread.java:67)
08-30 18:43:19.731  1408  1786 D SemWifiTransportLayerMonitor.TcpMonitorHandler: MSG_SAVE_PACKAGE_INFO
08-30 18:43:19.731  1408  1786 D SemWifiTransportLayerFileManager: saveWifiPackageInfoToFile
08-30 18:43:19.731  1408  1786 D SemWifiTransportLayerFileManager: writeWifiPackageInfoList
08-30 18:43:19.736  1054  1054 D SurfaceFlinger: Display 4633128672291735937 HWC layers:
08-30 18:43:19.736  1054  1054 D SurfaceFlinger:      DEVICE | 0xb4000070998c9410 | 0100 | RGBx_8888    |  660.0    0.0 1740.0 2400.0 |    0    0 1080 2400 | Wallpaper BBQ wrapper#80
08-30 18:43:19.736  1054  1054 D SurfaceFlinger:      DEVICE | 0xb4000070998c7650 | 0100 | RGBA_8888    |    0.0    0.0 1080.0 2400.0 |    0    0 1080 2400 | com.sec.android.app.launcher/com.sec[...]ivities.LauncherActivity$_2446#86704
08-30 18:43:19.736  1054  1054 D SurfaceFlinger:      DEVICE | 0xb4000070998b8310 | 0100 | RGBA_8888    |    0.0    0.0 1080.0 2400.0 |   14   32 1066 2368 | Splash Screen com.example.uianaliticsxml$_1872#86734
08-30 18:43:19.736  1054  1054 D SurfaceFlinger:      DEVICE | 0xb4000070998dd0d0 | 0100 | RGBA_8888    |    0.0    0.0 1080.0  144.0 |   14 2228 1066 2368 | NavigationBar0$_1872#87
08-30 18:43:19.736  1054  1054 D SurfaceFlinger:      DEVICE | 0xb4000070998c5a50 | 0100 | RGBA_8888    |    0.0    0.0 1080.0   80.0 |    0    0 1080   80 | StatusBar$_1872#94
08-30 18:43:19.736  1054  1054 D SurfaceFlinger:      DEVICE | 0xb4000070998c8d10 | 0100 | RGBA_8888    |    0.0    0.0   67.0  329.0 | 1013  384 1080  713 | com.samsung.android.app.cocktailbars[...]rvice.CocktailBarService$_4516#85627
08-30 18:43:19.736  1054  1054 D SurfaceFlinger:
08-30 18:43:19.756 32133 32157 D BLASTBufferQueue: [ViewRootImpl@787e33[MainActivity]#0](f:0,a:0) onFrameAvailable the first frame is available
08-30 18:43:19.757 32133 32157 D ViewRootImpl@787e33[MainActivity]: Received frameCommittedCallback lastAttemptedDrawFrameNum=1 didProduceBuffer=true
08-30 18:43:19.757 32133 32157 D OpenGLRenderer: CFMS:: SetUp Pid : 32133    Tid : 32157
08-30 18:43:19.758 32133 32157 W Parcel  : Expecting binder but got null!
08-30 18:43:19.758 32133 32133 D ViewRootImpl@787e33[MainActivity]: onSyncComplete
08-30 18:43:19.758 32133 32133 D ViewRootImpl@787e33[MainActivity]: setupSync seqId=0 mSyncId=0 fn=1 caller=android.view.ViewRootImpl$$ExternalSyntheticLambda11.accept:6 android.window.SurfaceSyncer.lambda$setupSync$1$android-window-SurfaceSyncer:128 android.window.SurfaceSyncer$$ExternalSyntheticLambda1.accept:8 android.window.SurfaceSyncer$SyncSet.checkIfSyncIsComplete:382 android.window.SurfaceSyncer$SyncSet.markSyncReady:359 android.window.SurfaceSyncer.markSyncReady:151 android.view.ViewRootImpl.performTraversals:4373
08-30 18:43:19.759 32133 32133 D ViewRootImpl@787e33[MainActivity]: reportDrawFinished seqId=0 mSyncId=-1 fn=1 mSurfaceChangedTransaction=0xb4000076cbe19190
08-30 18:43:19.761  1054  2920 I SurfaceFlinger: id=86744 createSurf flag=24000, Surface(name=dd54c53 com.example.uianaliticsxml/com.example.uianaliticsxml.MainActivity)/@0x8033b3e - animation-leash of starting_reveal#86744
08-30 18:43:19.763  1408  1483 I PkgPredictorService-SecIpmManagerServiceImpl: reportToNAP uid:10790 com.example.uianaliticsxml/com.example.uianaliticsxml.MainActivity thisTime:252
08-30 18:43:19.763  1408 12401 D PkgPredictorService-IpmAdcpController: com.example.uianaliticsxml become forground, dex profile begin
08-30 18:43:19.763  1408  1483 I ActivityTaskManager: Displayed com.example.uianaliticsxml/.MainActivity: +252ms
08-30 18:43:19.763  3345  3345 E pageboostd: Received HALT command code 2
08-30 18:43:19.768  1408  4450 D InputDispatcher: Focus entered window (0): dd54c53 com.example.uianaliticsxml/com.example.uianaliticsxml.MainActivity
08-30 18:43:19.770 32133 32133 I ViewRootImpl@787e33[MainActivity]: MSG_WINDOW_FOCUS_CHANGED 1 0
08-30 18:43:19.770 32133 32133 D ViewRootImpl@787e33[MainActivity]: mThreadedRenderer.initializeIfNeeded()#2 mSurface={isValid=true 0xb40000779be52000}
08-30 18:43:19.770 32133 32133 D InputMethodManager: startInputInner - Id : 0
08-30 18:43:19.770 32133 32133 I InputMethodManager: startInputInner - mService.startInputOrWindowGainedFocus
08-30 18:43:19.772  1408  4450 D InputMethodManagerService: DESKTOP MODE! : 2
08-30 18:43:19.772  1408  4450 D InputMethodManagerService: NOT IN KNOX DESKTOP MODE!
08-30 18:43:19.772  1408  4450 V InputMethodManagerService: getDisplayIdOfInputMethodWindowToBeAdded: displayId=0
08-30 18:43:19.773  1408  4450 D InputTransport: Input channel constructed: 'ClientS', fd=831
08-30 18:43:19.773  1408  4450 D InputTransport: Input channel constructed: 'ClientS', fd=838
08-30 18:43:19.773  1408  4450 D InputTransport: Input channel destroyed: 'ClientS', fd=838
08-30 18:43:19.777  1408  4450 D InputMethodManagerService: isImeSwitcherDisabledPackage : false
08-30 18:43:19.778  1408  4450 D InputMethodManagerService: checkDisplayOfStartInputAndUpdateKeyboard: displayId=0, mFocusedDisplayId=0
08-30 18:43:19.778  1408  4450 D InputTransport: Input channel constructed: 'ClientS', fd=838
08-30 18:43:19.778  1408  4450 D InputTransport: Input channel destroyed: 'ClientS', fd=838
08-30 18:43:19.778 32133 32133 D InputMethodManager: startInputInner - Id : 0
08-30 18:43:19.778  5015  5015 I HBD     : HoneyBoardService onFinishInput
08-30 18:43:19.779  5015  5015 I HBD     : a IC have been unbinding,  RemoteInputConnection{idHash=#dc09ff5}
08-30 18:43:19.779  5015  5015 I HBD     : HoneyBoardService [PF_CL][onFinishInput]  0 ms
08-30 18:43:19.779  5015  5015 I HBD     : HoneyBoardService [IMI] onStartInput - caller pid : 32133 , caller uid : 10790
08-30 18:43:19.779  5015  5015 I HBD     : j updateConfigs
08-30 18:43:19.779  5015  5015 I HBD     : j isEnabledNightMode : true
08-30 18:43:19.779  5015  5015 I HBD     : a IC have been binding, RemoteInputConnection{idHash=#b2113fb}
08-30 18:43:19.779  1054  1054 D SurfaceFlinger: Display 4633128672291735937 HWC layers:
08-30 18:43:19.779  1054  1054 D SurfaceFlinger:      DEVICE | 0xb4000070998c9410 | 0100 | RGBx_8888    |  660.0    0.0 1740.0 2400.0 |    0    0 1080 2400 | Wallpaper BBQ wrapper#80
08-30 18:43:19.779  1054  1054 D SurfaceFlinger:      DEVICE | 0xb4000070998c7650 | 0100 | RGBA_8888    |    0.0    0.0 1080.0 2400.0 |    0    0 1080 2400 | com.sec.android.app.launcher/com.sec[...]ivities.LauncherActivity$_2446#86704
08-30 18:43:19.779  1054  1054 D SurfaceFlinger:      DEVICE | 0xb4000070998bd8d0 | 0102 | RGBA_8888    |    0.0    0.0 1080.0 2400.0 |    9   19 1071 2381 | com.example.uianaliticsxml/com.examp[...]aliticsxml.MainActivity$_32133#86740
08-30 18:43:19.779  1054  1054 D SurfaceFlinger:      DEVICE | 0xb4000070998b8310 | 0100 | RGBA_8888    |    0.0    0.0 1080.0 2400.0 |    9   19 1071 2381 | Splash Screen com.example.uianaliticsxml$_1872#86734
08-30 18:43:19.779  1054  1054 D SurfaceFlinger:      DEVICE | 0xb4000070998dd0d0 | 0100 | RGBA_8888    |    0.0    0.0 1080.0  144.0 |    9 2239 1071 2381 | NavigationBar0$_1872#87
08-30 18:43:19.779  1054  1054 D SurfaceFlinger:      DEVICE | 0xb4000070998c5a50 | 0100 | RGBA_8888    |    0.0    0.0 1080.0   80.0 |    0    0 1080   80 | StatusBar$_1872#94
08-30 18:43:19.779  1054  1054 D SurfaceFlinger:      DEVICE | 0xb4000070998c8d10 | 0100 | RGBA_8888
08-30 18:43:19.779  1054  1054 D SurfaceFlinger:    |    0.0    0.0   67.0  329.0 | 1013  384 1080  713 | com.samsung.android.app.cocktailbars[...]rvice.CocktailBarService$_4516#85627
08-30 18:43:19.779  1054  1054 D SurfaceFlinger:
08-30 18:43:19.779  1054  2920 I SurfaceFlinger: id=86745 createSurf flag=24004, Surface(name=2c93aa8 InputMethod)/@0xa6600a7 - animation-leash of insets_animation#86745
08-30 18:43:19.779  5015  5015 I HBD     : h [EditorInputType]setPrivateImeOptionsToTable privateImeOptions ( null )
08-30 18:43:19.779  5015  5015 I HBD     : b incognitoMode : false
08-30 18:43:19.779  5015  5015 I HBD     : a needOff = true , isForceOff = false, isNullInputClass : true
08-30 18:43:19.779  5015  5015 I HBD     : h getDefaultInputRange : UNKNOWN
08-30 18:43:19.779  5015  5015 I HBD     : h getDefaultInputRange : UNKNOWN
08-30 18:43:19.779  5015  5015 I HBD     : h getDefaultInputRange : UNKNOWN
08-30 18:43:19.781  4148 31473 I MediaProvider: Deleted 0 0 0 0 0 0 1 items on external_primary due to com.example.benchmark
08-30 18:43:19.781  1408  4450 D SyncManager: userId - 0 auto - true
08-30 18:43:19.782  5015  5015 I HBD     : a needOff = true , isForceOff = false, isNullInputClass : true
08-30 18:43:19.783  5015  5015 I HBD     : a update cached prediction status : false
08-30 18:43:19.783  5015  5015 I HBD     : h getDefaultInputRange : UNKNOWN
08-30 18:43:19.783  5015  5015 I HBD     : a currentState : 0
08-30 18:43:19.784  1054  1054 I Layer   : id=86709 removeFromCurrentState Surface(name=2c93aa8 InputMethod)/@0xa6600a7 - animation-leash of insets_animation#86709 (129)
08-30 18:43:19.784  1054  1054 I SurfaceFlinger: id=86709 Removed Surface(name=2c93aa8 InputMethod)/@0xa6600a7 - animation-leash of insets_animation#86709 (129)
08-30 18:43:19.784  1054  1054 I Layer   : id=86709 Destroyed Surface(name=2c93aa8 InputMethod)/@0xa6600a7 - animation-leash of insets_animation#86709
08-30 18:43:19.786  5015  5015 I HBD     : h load selected json path : /data/data/com.samsung.android.honeyboard/files/selected.json
08-30 18:43:19.786  5015  5015 I HBD     : h load selected json info : {"version":"1.0","currentLanguageOrder":0,"selected":[{"activeOptionList":["auto_replace","auto_spacing"],"engName":"Serbian","id":3604480,"inputType":"qwertz","isUsed":true},{"activeOptionList":["auto_replace","auto_spacing"],"engName":"Serbian","id":52887552,"inputType":"qwerty","isUsed":true}]}
08-30 18:43:19.786  5015  5015 I HBD     : a [UpdatePolicy] [post] a: 0 cl: 3604480 kit: [0/1] vt: 0 ir: 1
08-30 18:43:19.786  5015  5015 I HBD     : a [NRIC] resetNoResponseState
08-30 18:43:19.787  5015  5015 I HBD     : a needOff = true , isForceOff = false, isNullInputClass : true
08-30 18:43:19.787  5015  5015 I HBD     : a update cached prediction status : false
08-30 18:43:19.787  5015  5015 I HBD     : HoneyBoardService [PF_OP][onStartInput]  8 ms
08-30 18:43:19.787  1408  4450 D InputMethodManagerService: isImeSwitcherDisabledPackage : false
08-30 18:43:19.787  1408  4389 I SemDvfsHyPerManager: acquire hyper - AMS_RESUME_TAIL/1408@20, type = -999
08-30 18:43:19.787  1408  4389 I SemDvfsHyPerManager: acquire hyper - AMS_ACT_LAZY/1408@21, type = -999
08-30 18:43:19.787   944   984 I HYPER-HAL: [RequestManager.cpp]acquire(): Acquired ID : 1020326  [1408 / 20]    HINT : AMS_RESUME_TAIL    list :
08-30 18:43:19.788   944   984 I HYPER-HAL: [ResourceManager.cpp]updateResource(): [CPUMinFreq] UpdateResource Request ID : 1020326    Value : 1768000
08-30 18:43:19.788   944   984 I HYPER-HAL: [ResourceManager.cpp]removeResource(): [CPUMinFreq] RemoveResource Request ID : 1034671
08-30 18:43:19.789   944   984 I HYPER-HAL: [RequestManager.cpp]releaseLocked(): Released ID : 1034671
08-30 18:43:19.790  5015  5015 I InputMethodService: removeImeSurface
08-30 18:43:19.790  5015  5015 I MSHandlerLifeCycle: check: return. pkg=com.samsung.android.honeyboard isActivity=false callers=com.android.internal.policy.DecorView.setVisibility:4378 android.app.Dialog.hide:771 android.inputmethodservice.InputMethodService.removeImeSurface:1290 android.inputmethodservice.InputMethodService.scheduleImeSurfaceRemoval:1279 android.inputmethodservice.InputMethodService.-$$Nest$mscheduleImeSurfaceRemoval:0
08-30 18:43:19.790  5015  5015 I MSHandlerLifeCycle: removeMultiSplitHandler: no exist. decor=DecorView@690e142[InputMethod]
08-30 18:43:19.791 28148 28169 D Benchmark: Result: Starting: Intent { act=android.intent.action.MAIN cat=[android.intent.category.LAUNCHER] flg=0x10008000 pkg=com.example.uianaliticsxml cmp=com.example.uianaliticsxml/.MainActivity }
08-30 18:43:19.791 28148 28169 D Benchmark: Status: ok
08-30 18:43:19.791 28148 28169 D Benchmark: LaunchState: COLD
08-30 18:43:19.791 28148 28169 D Benchmark: Activity: com.example.uianaliticsxml/.MainActivity
08-30 18:43:19.791 28148 28169 D Benchmark: TotalTime: 252
08-30 18:43:19.791 28148 28169 D Benchmark: WaitTime: 254
08-30 18:43:19.791 28148 28169 D Benchmark: Complete
08-30 18:43:19.846 28148 28169 I System.out: 0 Flags,FrameTimelineVsyncId,IntendedVsync,Vsync,InputEventId,HandleInputStart,AnimationStart,PerformTraversalsStart,DrawStart,FrameDeadline,FrameInterval,FrameStartTime,SyncQueued,SyncStart,IssueDrawCommandsStart,SwapBuffers,FrameCompleted,DequeueBufferDuration,QueueBufferDuration,GpuCompleted,SwapBuffersCompleted,DisplayPresentTime,CommandSubmissionCompleted,
08-30 18:43:19.846 28148 28169 I System.out: 1 1,60100571,202479237756754,202479254474534,0,202479265882865,202479265883288,202479265943481,202479287966288,202479254423420,202479265871442,16717780,202479289914904,202479290249404,202479291278019,202479343089557,202479344789711,22462,289923,202479344789711,202479344493173,0,202479343089557,
08-30 18:43:19.846 28148 28169 I System.out: 2 0,60100675,202479354706069,202479354706069,0,202479355126288,202479355126519,202479355126711,202479356333288,202479371372735,202479355124711,16705660,202479357342173,202479357420904,202479357511788,202479358672365,202479359831404,19923,174154,202479359831404,202479359195634,0,202479358672365,
08-30 18:43:19.846 28148 28169 I System.out: 3 0,60100684,202479371411729,202479371411729,0,202479371802096,202479371802673,202479371802827,202479371844288,202479388078395,202479371799634,16705026,202479371943634,202479373985519,202479374067057,202479375176173,202479376331134,21269,206654,202479376331134,202479376227288,0,202479375176173,
08-30 18:43:19.846 28148 28169 I System.out: 0 Flags,FrameTimelineVsyncId,IntendedVsync,Vsync,InputEventId,HandleInputStart,AnimationStart,PerformTraversalsStart,DrawStart,FrameDeadline,FrameInterval,FrameStartTime,SyncQueued,SyncStart,IssueDrawCommandsStart,SwapBuffers,FrameCompleted,DequeueBufferDuration,QueueBufferDuration,GpuCompleted,SwapBuffersCompleted,DisplayPresentTime,CommandSubmissionCompleted,
08-30 18:43:19.846 28148 28169 I System.out: 1 1,60100571,202479237756754,202479254474534,0,202479265882865,202479265883288,202479265943481,202479287966288,202479254423420,202479265871442,16717780,202479289914904,202479290249404,202479291278019,202479343089557,202479344789711,22462,289923,202479344789711,202479344493173,0,202479343089557,
08-30 18:43:19.846 28148 28169 I System.out: 2 0,60100675,202479354706069,202479354706069,0,202479355126288,202479355126519,202479355126711,202479356333288,202479371372735,202479355124711,16705660,202479357342173,202479357420904,202479357511788,202479358672365,202479359831404,19923,174154,202479359831404,202479359195634,0,202479358672365,
08-30 18:43:19.846 28148 28169 I System.out: 3 0,60100684,202479371411729,202479371411729,0,202479371802096,202479371802673,202479371802827,202479371844288,202479388078395,202479371799634,16705026,202479371943634,202479373985519,202479374067057,202479375176173,202479376331134,21269,206654,202479376331134,202479376227288,0,202479375176173,
08-30 18:43:19.852  1872  1953 I ViewRootImpl@c9a7c5c[uianaliticsxml]: mWNT: t=0xb4000076cbeecf30 mBlastBufferQueue=0xb40000770bf4f210 fn= 2 caller= android.view.SyncRtSurfaceTransactionApplier.applyTransaction:96 android.view.SyncRtSurfaceTransactionApplier.lambda$scheduleApply$0$android-view-SyncRtSurfaceTransactionApplier:69 android.view.SyncRtSurfaceTransactionApplier$$ExternalSyntheticLambda0.onFrameDraw:4
08-30 18:43:19.852  1872  1953 D BLASTBufferQueue: mergeWithNextTransaction, mNativeObject= 0xb40000770bf4f210 t.mNativeObject= 0xb4000076cbeecf30 frameNumber= 2 caller= android.view.ViewRootImpl.mergeWithNextTransaction:12594 android.view.SyncRtSurfaceTransactionApplier.applyTransaction:96 android.view.SyncRtSurfaceTransactionApplier.lambda$scheduleApply$0$android-view-SyncRtSurfaceTransactionApplier:69 android.view.SyncRtSurfaceTransactionApplier$$ExternalSyntheticLambda0.onFrameDraw:4 android.graphics.HardwareRenderer$FrameDrawingCallback.onFrameDraw:924 android.view.ViewRootImpl$6.onFrameDraw:2053
08-30 18:43:19.852  1872  1953 I ViewRootImpl@c9a7c5c[uianaliticsxml]: mWNT: t=0xb4000076cbe77750 mBlastBufferQueue=0xb40000770bf4f210 fn= 2 caller= android.view.SyncRtSurfaceTransactionApplier.applyTransaction:96 android.view.SyncRtSurfaceTransactionApplier.lambda$scheduleApply$0$android-view-SyncRtSurfaceTransactionApplier:69 android.view.SyncRtSurfaceTransactionApplier$$ExternalSyntheticLambda0.onFrameDraw:4
08-30 18:43:19.852  1872  1953 D BLASTBufferQueue: mergeWithNextTransaction, mNativeObject= 0xb40000770bf4f210 t.mNativeObject= 0xb4000076cbe77750 frameNumber= 2 caller= android.view.ViewRootImpl.mergeWithNextTransaction:12594 android.view.SyncRtSurfaceTransactionApplier.applyTransaction:96 android.view.SyncRtSurfaceTransactionApplier.lambda$scheduleApply$0$android-view-SyncRtSurfaceTransactionApplier:69 android.view.SyncRtSurfaceTransactionApplier$$ExternalSyntheticLambda0.onFrameDraw:4 android.graphics.HardwareRenderer$FrameDrawingCallback.onFrameDraw:924 android.view.ViewRootImpl$6.onFrameDraw:2053
08-30 18:43:19.868  1872  1952 I ViewRootImpl@c9a7c5c[uianaliticsxml]: mWNT: t=0xb4000076cc049110 mBlastBufferQueue=0xb40000770bf4f210 fn= 3 caller= android.view.SyncRtSurfaceTransactionApplier.applyTransaction:96 android.view.SyncRtSurfaceTransactionApplier.lambda$scheduleApply$0$android-view-SyncRtSurfaceTransactionApplier:69 android.view.SyncRtSurfaceTransactionApplier$$ExternalSyntheticLambda0.onFrameDraw:4
08-30 18:43:19.868  1872  1952 D BLASTBufferQueue: mergeWithNextTransaction, mNativeObject= 0xb40000770bf4f210 t.mNativeObject= 0xb4000076cc049110 frameNumber= 3 caller= android.view.ViewRootImpl.mergeWithNextTransaction:12594 android.view.SyncRtSurfaceTransactionApplier.applyTransaction:96 android.view.SyncRtSurfaceTransactionApplier.lambda$scheduleApply$0$android-view-SyncRtSurfaceTransactionApplier:69 android.view.SyncRtSurfaceTransactionApplier$$ExternalSyntheticLambda0.onFrameDraw:4 android.graphics.HardwareRenderer$FrameDrawingCallback.onFrameDraw:924 android.view.ViewRootImpl$6.onFrameDraw:2053
08-30 18:43:19.881  1408  1772 D SemNscXgbMsL1: Probability - Cloud gaming: [0.050076254]
08-30 18:43:19.881  1408  1772 D SemNscXgbMsL1: Probability - Real time: [0.03315302]
08-30 18:43:19.881  1408  1772 D SemNscXgbMsL1: Probability - Non real time: [0.9750201]
08-30 18:43:19.881  1408  1772 D SemNscXgbMsL1: 1 sample inference time: 0.133616 msecs
08-30 18:43:19.881  1408  1772 D SemNscXgbL2Rt: L2 RT 1 sample inference time: 0.325231 msecs
08-30 18:43:19.881  1408  1772 D SemNscXgbL2Nrt: L2 NRT 1 sample inference time: 0.320423 msecs
08-30 18:43:19.885  1872  1953 I ViewRootImpl@c9a7c5c[uianaliticsxml]: mWNT: t=0xb4000076cbfcb230 mBlastBufferQueue=0xb40000770bf4f210 fn= 4 caller= android.view.SyncRtSurfaceTransactionApplier.applyTransaction:96 android.view.SyncRtSurfaceTransactionApplier.lambda$scheduleApply$0$android-view-SyncRtSurfaceTransactionApplier:69 android.view.SyncRtSurfaceTransactionApplier$$ExternalSyntheticLambda0.onFrameDraw:4
08-30 18:43:19.885  1872  1953 D BLASTBufferQueue: mergeWithNextTransaction, mNativeObject= 0xb40000770bf4f210 t.mNativeObject= 0xb4000076cbfcb230 frameNumber= 4 caller= android.view.ViewRootImpl.mergeWithNextTransaction:12594 android.view.SyncRtSurfaceTransactionApplier.applyTransaction:96 android.view.SyncRtSurfaceTransactionApplier.lambda$scheduleApply$0$android-view-SyncRtSurfaceTransactionApplier:69 android.view.SyncRtSurfaceTransactionApplier$$ExternalSyntheticLambda0.onFrameDraw:4 android.graphics.HardwareRenderer$FrameDrawingCallback.onFrameDraw:924 android.view.ViewRootImpl$6.onFrameDraw:2053
08-30 18:43:19.901  2446  2446 I ViewRootImpl@e5a6e97[LauncherActivity]: handleAppVisibility mAppVisible = true visible = false
08-30 18:43:19.901 27008 27008 I ViewRootImpl@c7010bb[LauncherActivity]: handleAppVisibility mAppVisible = true visible = false
08-30 18:43:19.902  1872  1886 D WallpaperService: dispatchAppVisibility onVisibilityChanged(): false
08-30 18:43:19.903  1872  1924 D OpenGLRenderer: setSurface called with nullptr
08-30 18:43:19.903  1872  1924 D OpenGLRenderer: setSurface() destroyed EGLSurface
08-30 18:43:19.903  1872  1924 D OpenGLRenderer: destroyEglSurface
08-30 18:43:19.904  1210  4083 I CameraService: onUidStateChanged: uid=10039, procState is changed. (1 -> 0)
08-30 18:43:19.905  1872  1916 D ViewRootImpl@c9a7c5c[uianaliticsxml]: performTraversals mFirst=false windowShouldResize=false viewVisibilityChanged=true mForceNextWindowRelayout=false params=null
08-30 18:43:19.905  1408  4389 V WindowManager: Relayout Window{f47a34 u0 Splash Screen com.example.uianaliticsxml}: viewVisibility=8 req=1080x2400 d0
08-30 18:43:19.905  1872  1872 D WallpaperService: reportVisibility onVisibilityChanged visible: false
08-30 18:43:19.906  1872  2118 I ImageWallpaper[GLEngine]:  onVisibilityChanged false , 0
08-30 18:43:19.906  1408  4389 V WindowManager: Relayout hash=f47a34, pid=1872, syncId=-1: mAttrs={(0,0)(fillxfill) sim={adjust=pan} ty=APPLICATION_STARTING fmt=TRANSLUCENT wanim=0x1030309
08-30 18:43:19.906  1408  4389 V WindowManager:   fl=81030118
08-30 18:43:19.906  1408  4389 V WindowManager:   pfl=16000010
08-30 18:43:19.906  1408  4389 V WindowManager:   bhv=DEFAULT
08-30 18:43:19.906  1408  4389 V WindowManager:   fitSides= naviIconColor=0}
08-30 18:43:19.908  1872  1916 I ViewRootImpl@c9a7c5c[uianaliticsxml]: Relayout returned: old=(0,0,1080,2400) new=(0,0,1080,2400) req=(1080,2400)8 dur=2 res=0x2 s={false 0x0} ch=true seqId=0
08-30 18:43:19.909  1872  1916 I ViewRootImpl@c9a7c5c[uianaliticsxml]: dispatchDetachedFromWindow
08-30 18:43:19.909  1408  1904 D InputTransport: Input channel destroyed: 'f47a34 ', fd=921
08-30 18:43:19.909  1408  1904 W InputManager-JNI: Input channel object 'f47a34 Splash Screen com.example.uianaliticsxml (client)' was disposed without first being removed with the input manager!
08-30 18:43:19.909  1408  1904 D InputTransport: Input channel destroyed: 'f47a34 ', fd=943
08-30 18:43:19.910  1872  1916 D InputTransport: Input channel destroyed: 'f47a34 ', fd=374
08-30 18:43:19.918 27008 27053 D OpenGLRenderer: setSurface called with nullptr
08-30 18:43:19.918 27008 27053 D OpenGLRenderer: setSurface() destroyed EGLSurface
08-30 18:43:19.918 27008 27053 D OpenGLRenderer: destroyEglSurface
08-30 18:43:19.918  1054  1054 I Layer   : id=86735 removeFromCurrentState Surface(name=Task=1)/@0x7bcb610 - animation-leash of app_transition#86735 (128)
08-30 18:43:19.918  1054  1054 I Layer   : id=86736 removeFromCurrentState Surface(name=Task=26439)/@0x266302c - animation-leash of app_transition#86736 (128)
08-30 18:43:19.918  1054  1054 I Layer   : Layer [com.sec.android.app.launcher/com.sec.android.app.launcher.activities.LauncherActivity$_2446#86704] hidden!! flag(1)
08-30 18:43:19.918  1054  1054 I Layer   : Layer [com.sec.android.app.launcher/com.sec.android.app.launcher.activities.LauncherActivity$_27008#86707] hidden!! flag(1)
08-30 18:43:19.918  1054  1054 I Layer   : Layer [Splash Screen com.example.uianaliticsxml$_1872#86734] hidden!! flag(1)
08-30 18:43:19.918  1054  1054 I Layer   : id=86733 removeFromCurrentState f47a34 Splash Screen com.example.uianaliticsxml#86733 (128)
08-30 18:43:19.918  1054  1054 I Layer   : id=86734 removeFromCurrentState Splash Screen com.example.uianaliticsxml$_1872#86734 (128)
08-30 18:43:19.918  1054  1054 I Layer   : id=86744 removeFromCurrentState Surface(name=dd54c53 com.example.uianaliticsxml/com.example.uianaliticsxml.MainActivity)/@0x8033b3e - animation-leash of starting_reveal#86744 (128)
08-30 18:43:19.918  1054  1054 I Layer   : id=86734 removeFromCurrentState Splash Screen com.example.uianaliticsxml$_1872#86734 (128)
08-30 18:43:19.918  1054  1054 I SurfaceFlinger: id=86733 Removed f47a34 Splash Screen com.example.uianaliticsxml#86733 (128)
08-30 18:43:19.918  1054  1054 I SurfaceFlinger: id=86734 Removed Splash Screen com.example.uianaliticsxml$_1872#86734 (128)
08-30 18:43:19.918  1054  1054 I SurfaceFlinger: id=86736 Removed Surface(name=Task=26439)/@0x266302c - animation-leash of app_transition#86736 (128)
08-30 18:43:19.918  1054  1054 I SurfaceFlinger: id=86735 Removed Surface(name=Task=1)/@0x7bcb610 - animation-leash of app_transition#86735 (128)
08-30 18:43:19.918  1054  1054 I Layer   : id=86733 Destroyed f47a34 Splash Screen com.example.uianaliticsxml#86733
08-30 18:43:19.918  1054  1054 I Layer   : id=86735 Destroyed Surface(name=Task=1)/@0x7bcb610 - animation-leash of app_transition#86735
08-30 18:43:19.918  1054  1054 I Layer   : id=86736 Destroyed Surface(name=Task=26439)/@0x266302c - animation-leash of app_transition#86736
08-30 18:43:19.920 27008 27008 D ViewRootImpl@c7010bb[LauncherActivity]: performTraversals mFirst=false windowShouldResize=false viewVisibilityChanged=true mForceNextWindowRelayout=false params=null
08-30 18:43:19.920  1408  1904 V WindowManager: Relayout Window{4d13dc u0 com.sec.android.app.launcher/com.sec.android.app.launcher.activities.LauncherActivity}: viewVisibility=8 req=1080x2400 d0
08-30 18:43:19.921  1054  1054 I Layer   : id=86734 Destroyed Splash Screen com.example.uianaliticsxml$_1872#86734
08-30 18:43:19.921  1408  4389 V WindowManager: Relayout Window{693ba00 u0 com.sec.android.app.launcher/com.sec.android.app.launcher.activities.LauncherActivity}: viewVisibility=8 req=1080x2400 d0
08-30 18:43:19.921  1408  1904 V WindowManager: Relayout hash=4d13dc, pid=2446, syncId=-1: mAttrs={(0,0)(fillxfill) sim={adjust=nothing forwardNavigation} layoutInDisplayCutoutMode=shortEdges ty=BASE_APPLICATION fmt=TRANSPARENT wanim=0x10302f4
08-30 18:43:19.921  1408  1904 V WindowManager:   fl=81910100
08-30 18:43:19.921  1408  1904 V WindowManager:   pfl=1e020040
08-30 18:43:19.921  1408  1904 V WindowManager:   vsysui=1700
08-30 18:43:19.921  1408  1904 V WindowManager:   bhv=SHOW_TRANSIENT_BARS_BY_SWIPE
08-30 18:43:19.921  1408  1904 V WindowManager:   fitSides= screenDimDuration=100000 naviIconColor=0}
08-30 18:43:19.923  2446  2446 I ViewRootImpl@e5a6e97[LauncherActivity]: Relayout returned: old=(0,0,1080,2400) new=(0,0,1080,2400) req=(1080,2400)8 dur=2 res=0x2 s={false 0x0} ch=true seqId=0
08-30 18:43:19.923  2446  2446 I ViewRootImpl@e5a6e97[LauncherActivity]: stopped(true) old = false
08-30 18:43:19.923  2446  2446 I Launcher: !@Boot_DEBUG: Launcher.onStop()
08-30 18:43:19.923  2446  2446 I Launcher: !@Boot_EBS_D: Launcher.onStop()
08-30 18:43:19.923  1054  1054 D SurfaceFlinger: Display 4633128672291735937 HWC layers:
08-30 18:43:19.923  1054  1054 D SurfaceFlinger:      DEVICE | 0xb4000070998d3f90 | 0102 | RGBA_8888    |    0.0    0.0 1080.0 2400.0 |    0    0 1080 2400 | com.example.uianaliticsxml/com.examp[...]aliticsxml.MainActivity$_32133#86740
08-30 18:43:19.923  1054  1054 D SurfaceFlinger:      DEVICE | 0xb4000070998dd0d0 | 0100 | RGBA_8888    |    0.0    0.0 1080.0  144.0 |    0 2256 1080 2400 | NavigationBar0$_1872#87
08-30 18:43:19.923  1054  1054 D SurfaceFlinger:      DEVICE | 0xb4000070998c5a50 | 0100 | RGBA_8888    |    0.0    0.0 1080.0   80.0 |    0    0 1080   80 | StatusBar$_1872#94
08-30 18:43:19.923  1054  1054 D SurfaceFlinger:      DEVICE | 0xb4000070998c8d10 | 0100 | RGBA_8888    |    0.0    0.0   67.0  329.0 | 1013  384 1080  713 | com.samsung.android.app.cocktailbars[...]rvice.CocktailBarService$_4516#85627
08-30 18:43:19.923  1054  1054 D SurfaceFlinger:
08-30 18:43:19.923  2446  2446 I BaseActivity: removeActivityFlags, flags : 17
08-30 18:43:19.923  2446  2446 I WallpaperViewBlurController: dispatchTransactionSurface: mCurrentBlur = 0
08-30 18:43:19.923  2446  2446 I StateManager: goToState isInState Normal
08-30 18:43:19.923  2446  2446 W LauncherAppWidgetHost: setShouldListenFlag, mFlags:7 flag:start on:false isFront:false
08-30 18:43:19.923  2446  2877 I IMM_LC  : hsifw() - flag : 0
08-30 18:43:19.923  2446  2877 I IMM_LC  : hsifw() - mService.hideSoftInput
08-30 18:43:19.924  1408  4450 I AppWidgetServiceImpl: stopListening callbacks : null
08-30 18:43:19.924  2446  2446 W LauncherAppWidgetHost: stopListening, mFlags:2 isFront:false
08-30 18:43:19.924  2446  2446 W Launcher.NotificationListener: removeNotificationsChangedListener
08-30 18:43:19.924  2446  2446 I Launcher.NotificationListener: unregisterObserver, this is not notificationService!!
08-30 18:43:19.924  2446  2446 I BadgeCountUpdaterImpl: onNotificationsChangedDisConnected
08-30 18:43:19.924  1408  4389 V WindowManager: Relayout hash=693ba00, pid=27008, syncId=-1: mAttrs={(0,0)(fillxfill) gr=LEFT CENTER_HORIZONTAL sim={adjust=resize} layoutInDisplayCutoutMode=shortEdges ty=DRAWN_APPLICATION fmt=TRANSPARENT wanim=0x10302f4 alpha=0.0
08-30 18:43:19.924  1408  4389 V WindowManager:   fl=81850118
08-30 18:43:19.924  1408  4389 V WindowManager:   pfl=16020040
08-30 18:43:19.924  1408  4389 V WindowManager:   bhv=DEFAULT
08-30 18:43:19.924  1408  4389 V WindowManager:   fitSides=
08-30 18:43:19.924  1408  4389 V WindowManager:  dimAmount=0.0 naviIconColor=0}
08-30 18:43:19.924  2446  2446 I DecorView: notifyKeepScreenOnChanged: keepScreenOn=false
08-30 18:43:19.925  2446  2446 I MSHandlerLifeCycle: removeMultiSplitHandler: no exist. decor=DecorView@cfdfbb9[LauncherActivity]
08-30 18:43:19.925  2446  2880 I LiveIconUpdateEventHandler: cancelMinuteChangeAlarm
08-30 18:43:19.925 27008 27008 I ViewRootImpl@c7010bb[LauncherActivity]: Relayout returned: old=(0,0,1080,2400) new=(0,0,1080,2400) req=(1080,2400)8 dur=5 res=0x2 s={false 0x0} ch=true seqId=0
08-30 18:43:19.926  2446  2880 I LiveIconUpdateEventHandler: cancelDateChangeAlarm
08-30 18:43:19.934  2446  2446 I LauncherRootView: handleSystemWindowInsets Rect(0, 80 - 0, 45)
08-30 18:43:19.935  1408  4389 V WindowManager: Relayout Window{4d13dc u0 com.sec.android.app.launcher/com.sec.android.app.launcher.activities.LauncherActivity}: viewVisibility=8 req=1080x2400 d0
08-30 18:43:19.936  1408  4389 V WindowManager: Relayout hash=4d13dc, pid=2446, syncId=-1: mAttrs={(0,0)(fillxfill) sim={adjust=nothing} layoutInDisplayCutoutMode=shortEdges ty=BASE_APPLICATION fmt=TRANSPARENT wanim=0x10302f4
08-30 18:43:19.936  1408  4389 V WindowManager:   fl=81910100
08-30 18:43:19.936  1408  4389 V WindowManager:   pfl=1e020040
08-30 18:43:19.936  1408  4389 V WindowManager:   vsysui=1700
08-30 18:43:19.936  1408  4389 V WindowManager:   bhv=SHOW_TRANSIENT_BARS_BY_SWIPE
08-30 18:43:19.936  1408  4389 V WindowManager:   fitSides= naviIconColor=0}
