08-30 18:43:15.324  1872  1872 D FaceWidgetRemoteViewsManager: updateRemoteViewsResponseMap(FaceWidgetKey{packageName='com.samsung.android.app.routines#dashboard', location=LOCKSCREEN}) removed response map
08-30 18:43:15.324  1872  1872 D FaceWidgetRemoteViewsManager: onUpdateFaceWidgetRemoteViews() item = FaceWidgetRemoteViewsItem [com.samsung.android.app.routines, FaceWidgetRemoteInfo [pkgName - com.samsung.android.app.routines, packageNamePageId - com.samsung.android.app.routines#dashboard, pageId - dashboard, isShowing - true, remoteviews - [(LOCKSCREEN,android.widget.RemoteViews@312a318),(FULLSCREEN,android.widget.RemoteViews@930f171),,,,,], additionalView - null] com.samsung.android.app.facewidget.pages.remoteview.g@1cd6b56] com.samsung.android.app.facewidget.pages.remoteview.k@ae106fb
08-30 18:43:15.325  1872  1872 D FaceWidgetRemoteViewsManager: updateFaceWidgetRemoteViewsPage() info = FaceWidgetRemoteInfo [pkgName - com.samsung.android.app.routines, packageNamePageId - com.samsung.android.app.routines#dashboard, pageId - dashboard, isShowing - true, remoteviews - [(LOCKSCREEN,android.widget.RemoteViews@312a318),(FULLSCREEN,android.widget.RemoteViews@930f171),,,,,], additionalView - null] com.samsung.android.app.facewidget.pages.remoteview.g@1cd6b56
08-30 18:43:15.325  1872  1872 D FaceWidgetRemoteViewsItem: updateFaceWidgetRemoteViewsInfo FaceWidgetRemoteInfo [pkgName - com.samsung.android.app.routines, packageNamePageId - com.samsung.android.app.routines#dashboard, pageId - dashboard, isShowing - true, remoteviews - [(LOCKSCREEN,android.widget.RemoteViews@312a318),(FULLSCREEN,android.widget.RemoteViews@930f171),,,,,], additionalView - null] com.samsung.android.app.facewidget.pages.remoteview.g@1cd6b56
08-30 18:43:15.325  1872  1872 D FaceWidgetRemoteViewsItem: updateFaceWidgetRemoteViewsInfo FaceWidgetRemoteInfo [pkgName - com.samsung.android.app.routines, packageNamePageId - com.samsung.android.app.routines#dashboard, pageId - dashboard, isShowing - true, remoteviews - [(LOCKSCREEN,android.widget.RemoteViews@312a318),(FULLSCREEN,android.widget.RemoteViews@930f171),,,,,], additionalView - null] com.samsung.android.app.facewidget.pages.remoteview.g@1cd6b56
08-30 18:43:15.325  1872  1872 D FaceWidgetViewModel: updateAdditionalInfoView no view
08-30 18:43:15.325  1872  1872 D FaceWidgetViewModel: updateInfoParameters(additional info) isAODState = false, clockSidePadding = (72, 72), musicSidePadding = (30, 30)
08-30 18:43:15.325  1872  1872 D FaceWidgetDashBoardViewModel: reorderPages false
08-30 18:43:15.325  1872  1872 D FaceWidgetDashBoardObserver: onChanged  pagesOrder=[servicebox_music, servicebox_alarm, com.samsung.android.app.routines#dashboard], mIsNeedReorder=false
08-30 18:43:15.325  1872  1872 D FaceWidgetContainerObserver: onChanged() FaceWidgetContainerLiveData{mIsContainerVisible=false, mClipLayoutVisibility=0, mRotation=0, mIsOwnerVisible=8, mOwnerInfoGravity=17, mAdditionalInfoGravity=17, mClockSideStartPadding=72, mClockSideEndPadding=72, mMusicSideStartPadding=30, mMusicSideEndPadding=30, mInfoSideStartPadding=72, mInfoSideEndPadding=72, mClipLayoutWidth = -1, mIsUpdateOwnerInfoText=false, mAdditionalInfoRemoteView=null, mHasCMAS=false, mIsAdditionalViewGoingToSleep=false, mConfig=CustomConfiguration{fontScale=1.0, screenLayout=268435810, orientation=1, screenWidthDp=360, screenHeightDp=758, smallestScreenWidthDp=360, densityDpi=480, uiMode=33, isRTL=false, mConfiguration={1.0 220mcc5mnc [en_US,da_DK,ru_RU,sr_RS] ldltr sw360dp w360dp h758dp 480dpi nrml long port night finger -keyb/v/h -nav/h winConfig={ mBounds=Rect(0, 0 - 1080, 2400) mAppBounds=Rect(0, 80 - 1080, 2355) mMaxBounds=Rect(0, 0 - 1080, 2400) mDisplayRotation=ROTATION_0 mWindowingMode=fullscreen mDisplayWindowingMode=fullscreen mActivityType=undefined mAlwaysOnTop=undefined mRotation=ROTATION_0 mPopOver=undefined mStageConfig=undefined mFreeformTaskPinningState=undefined mFreeformStashState=undefined} s.24991 fontWeightAdjustment=0 ff=0 bf=0 bts=0 desktop/d dm/n ?dc ?dcui themeSeq=0}}}
08-30 18:43:15.325  1872  1872 D FaceWidgetOwnerInfoView: updateOwnerInfo(hasCMAS): 0
08-30 18:43:15.325  1872  1872 D FaceWidgetOwnerInfoManager: getOwnerInfo() bottom concept
08-30 18:43:15.325  1872  1872 D FaceWidgetPagesController: onGravityChanged()
08-30 18:43:15.325  1872  1872 D FaceWidgetClockPage: setClockGravity() gravity = 49
08-30 18:43:15.333  1852  1852 D CarrierSvcBindHelper: onHandleForceStop: [com.example.uianaliticsxml]
08-30 18:43:15.334  1852  1852 D CarrierSvcBindHelper: No carrier app for: 0
08-30 18:43:15.334  2285  2285 D RegisteredServicesCache: invalidateCache : 0
08-30 18:43:15.335  1852  1852 D CarrierSvcBindHelper: No carrier app for: 1
08-30 18:43:15.340  2285  2285 E ApduServiceInfo: Not adding <aid-group> with empty or invalid AIDs
08-30 18:43:15.340  2285  2285 I NfcKnoxUtil: isNFCAllowed is called for userId - 0
08-30 18:43:15.340  1408  1496 I libprocessgroup: Successfully killed process cgroup uid 10790 pid 31901 in 10ms
08-30 18:43:15.342  2285  2285 D NfcKnoxUtil: NFC checking for 0
08-30 18:43:15.341 31866 31866 I Process : Sending signal. PID: 31866 SIG: 9
08-30 18:43:15.342  2285  2285 W NfcKnoxUtil:  container manager null for 0
08-30 18:43:15.342  2285  2285 I NfcKnoxUtil: allow NFC for 0
08-30 18:43:15.342  2285  2285 D RegisteredOtherServicesCache: invalidate : 0
08-30 18:43:15.343  2285  2285 I RegisteredOtherServicesCache: current user: 0, is managed profile : false, is dual profile : false
08-30 18:43:15.344  2285  2285 I CardEmulationManager: current user id : 0, is managed profile : false, is dual profile : false verify install : false
08-30 18:43:15.344  2285  2285 I RegisteredAidCache:  user id = 0
08-30 18:43:15.345  2285  2285 I RegisteredAidCache:  user id = 150
08-30 18:43:15.347  2285  2285 I RegisteredAidCache: aidInfo: 0
08-30 18:43:15.347  2285  2285 I RegisteredAidCache: aidInfo: 0
08-30 18:43:15.347  2285  2285 I RegisteredAidCache: aidInfo: 0
08-30 18:43:15.347  2285  2285 I RegisteredAidCache: aidInfo: 0
08-30 18:43:15.347  2285  2285 I RegisteredAidCache: aidInfo: 0
08-30 18:43:15.347  2285  2285 I RegisteredAidCache: aidInfo: 0
08-30 18:43:15.347  2285  2285 D AidRoutingManager: support iso7816 protocol route
08-30 18:43:15.347  2285  2285 D AidRoutingManager: getRouteForNfcExecutionEnvironment : SIM1
08-30 18:43:15.347  2285  2285 D AidRoutingManager: defaultRoute(this) : 0x2, defaultRoute(Cache) : 0x2
08-30 18:43:15.347  2285  2285 D AidRoutingManager: [seList] - add default route : 0x2
08-30 18:43:15.348  2285  2285 D AidRoutingManager: [seList] - add route : 0x0
08-30 18:43:15.348  2285  2285 D AidRoutingManager: entry changed : false
08-30 18:43:15.348  2285  2285 D AidRoutingManager: power changed : false
08-30 18:43:15.348  2285  2285 D AidRoutingManager: route changed : false
08-30 18:43:15.348  2285  2285 D AidRoutingManager: routing update is not required
08-30 18:43:15.351  1408  1493 D EnterpriseDeviceManagerService: Package has changed for user 0
08-30 18:43:15.352  1408  1493 D EnterpriseDeviceManagerService: Admin package name: com.samsung.android.kgclient
08-30 18:43:15.353  4516  4516 I AppsEdge.PanelContainer: onPackageChanged
08-30 18:43:15.353  2446  2446 I Launcher.Model: isValidStateInKnoxMode:false user:UserHandle{0}
08-30 18:43:15.354  2446  2878 I PackageUpdatedTask: mAllAppsList.updatePackage com.example.uianaliticsxml
08-30 18:43:15.354  1408  1493 I SemExecuteManagerService: onPackageModified
08-30 18:43:15.354  1408  1493 I SemExecuteManagerService: onSomePackagesChanged
08-30 18:43:15.360  2285  2285 D RegisteredNfcFServicesCache: Service unchanged, not updating
08-30 18:43:15.360  2321  2338 I SecureElementService: SEReader getReaders()
08-30 18:43:15.360  2321  2338 D SecureElementService: getReaders() for com.android.nfc
08-30 18:43:15.361  2321  2338 I SecureElementService: SEReader getReaders()
08-30 18:43:15.361  2321  2338 D SecureElementService: getReaders() for com.android.nfc
08-30 18:43:15.362  1872  1872 D BubblesManager: onNotificationChannelModified : pkg=com.samsung.android.app.routines ,modificationType:3
08-30 18:43:15.363  1872  1872 D BubblesManager: onNotificationChannelModified : pkg=com.samsung.android.app.routines ,modificationType:1
08-30 18:43:15.363  6615 31944 I AppsEdge.Service: changeItem() removed=false
08-30 18:43:15.365  6615 31944 I AppsEdge.DBHelper: getFavoriteItems : true
08-30 18:43:15.367  2321  2338 I SecureElementService: SEReader getReaders()
08-30 18:43:15.367  2321  2338 D SecureElementService: getReaders() for com.android.nfc
08-30 18:43:15.367 12555 12555 I SCS@AiSearch user 0: (ObserverWorker::AOSP_MP) [main] entering in startWork():
08-30 18:43:15.367  2321  2338 I SecureElementService: SEReader getReaders()
08-30 18:43:15.367  2321  2338 D SecureElementService: getReaders() for com.android.nfc
08-30 18:43:15.367 12555 12555 I SCS@AiSearch user 0: (BaseCollector::AOSP_MP) [main] entering in onChange():
08-30 18:43:15.368 12555 12603 I SCS@AiSearch user 0: (BaseCollector::AOSP_MP) [AOSP_MP-0] entering in collectChanges():
08-30 18:43:15.371  1408  1440 D PackageManager: setEnabledSetting : userId = 0 packageName = com.samsung.android.scs cmp = androidx.work.impl.background.systemalarm.RescheduleReceiver newState = 1 callingPackage = 10105/com.samsung.android.scs
08-30 18:43:15.371  1408  1440 D ApplicationPolicy: getApplicationStateEnabled : pkg = com.samsung.android.scs userId : 0
08-30 18:43:15.371  1408  1440 D ApplicationPolicy: getApplicationComponentState : pkg = com.samsung.android.scs userId : 0
08-30 18:43:15.376   911   911 I Zygote  : Process 31901 exited due to signal 9 (Killed)
08-30 18:43:15.381  2446  2878 I AppIconSolution: getThemeIconWithBG called with public API, pkg = com.example.uianaliticsxml, mode = 48
08-30 18:43:15.381  6615 31944 I AppsEdge.DBHelper: getFavoriteItems type = 0, pos = 0, id = 6, item = 0@com.android.chrome/com.google.android.apps.chrome.Main&0
08-30 18:43:15.381  2446  2878 I AppIconSolution: return adaptive icon for com.example.uianaliticsxml, isNight = true
08-30 18:43:15.381  2446  2878 I LauncherActivityInfo: packageName: com.example.uianaliticsxml, useThemeIcon: false, height: 216, width: 216, density: 640
08-30 18:43:15.386  6615 31944 I AppsEdge.DBHelper: getFavoriteItems type = 0, pos = 1, id = 7, item = 0@com.samsung.android.app.notes/com.samsung.android.app.notes.memolist.MemoListActivity&0
08-30 18:43:15.389  1408  1496 I libprocessgroup: Successfully killed process cgroup uid 10066 pid 31866 in 0ms
08-30 18:43:15.391   911   911 D Zygote  : Forked child process 31945
08-30 18:43:15.391   911   911 I Zygote  : Process 31866 exited due to signal 9 (Killed)
08-30 18:43:15.391  6615 31944 I AppsEdge.DBHelper: getFavoriteItems type = 0, pos = 2, id = 8, item = 0@com.google.android.calendar/com.android.calendar.AllInOneActivity&0
08-30 18:43:15.392  2446  2878 I HsAllAppsList: set ComponentInfo{com.example.uianaliticsxml/com.example.uianaliticsxml.MainActivity} app progress level to 100
08-30 18:43:15.393  2446  2878 I WidgetsModel: EasyModeWidget will be excluded on WidgetList.
08-30 18:43:15.394  2446  2878 I AppIconSolution: return adaptive icon for com.example.uianaliticsxml, isNight = true
08-30 18:43:15.400  1408  1772 D SemNscXgbMsL1: Probability - Cloud gaming: [0.06295559]
08-30 18:43:15.400  1408  1772 D SemNscXgbMsL1: Probability - Real time: [0.07551129]
08-30 18:43:15.400  1408  1772 D SemNscXgbMsL1: Probability - Non real time: [0.96641546]
08-30 18:43:15.400  1408  1772 D SemNscXgbMsL1: 1 sample inference time: 0.260192 msecs
08-30 18:43:15.401  1408  1772 D SemNscXgbL2Rt: L2 RT 1 sample inference time: 0.3155 msecs
08-30 18:43:15.401  1408  1772 D SemNscXgbL2Nrt: L2 NRT 1 sample inference time: 0.282346 msecs
08-30 18:43:15.405  2446  2878 I PackageUpdatedTask: modified, appInfo : AppInfo(id=562 type=APP hidden=0 container=all_apps screen=5 rank=17 rankOfList=-1 user=UserHandle{0} title=UI Analitics XML componentName=ComponentInfo{com.example.uianaliticsxml/com.example.uianaliticsxml.MainActivity} screenType=0 runtimeStatusFlags=384 status=0)
08-30 18:43:15.406  2446  2878 I AppsModelWriter: updateItems(start) : needToNormalize = true
08-30 18:43:15.406  2446  2878 I AppsModelWriter: updateItems(start) > needToBind = true
08-30 18:43:15.406  2446  2878 I AppsModelWriter: updateItems(start)> 0, 562, 0, -102, 5, 17, UserHandle{0}, 0, UI Analitics XML, -1, -1
08-30 18:43:15.406  2446  2878 I AppsModelWriter: normalizeVisibleItems : [matched = true] col = 4, raw : 5
08-30 18:43:15.406  2446  2878 I AppsModelWriter: normalizeVisibleItems(visibleItems)> 0, 33, 2, -102, 0, 0, UserHandle{0}, 0, Samsung, -1, -1
08-30 18:43:15.406  2446  2878 I AppsModelWriter: normalizeVisibleItems(visibleItems)> 0, 44, 2, -102, 0, 1, UserHandle{0}, 0, Google, -1, -1
08-30 18:43:15.406  2446  2878 I AppsModelWriter: normalizeVisibleItems(visibleItems)> 0, 57, 0, -102, 0, 2, UserHandle{0}, 0, OneDrive, -1, -1
08-30 18:43:15.406  2446  2878 I AppsModelWriter: normalizeVisibleItems(visibleItems)> 0, 61, 0, -102, 0, 3, UserHandle{0}, 0, Galaxy Store, -1, -1
08-30 18:43:15.406  2446  2878 I AppsModelWriter: normalizeVisibleItems(visibleItems)> 0, 62, 0, -102, 0, 4, UserHandle{0}, 0, Play Store, -1, -1
08-30 18:43:15.406  2446  2878 I AppsModelWriter: normalizeVisibleItems(visibleItems)> 0, 63, 0, -102, 0, 5, UserHandle{0}, 0, Facebook, -1, -1
08-30 18:43:15.406  2446  2878 I AppsModelWriter: normalizeVisibleItems(visibleItems)> 0, 65, 0, -102, 0, 6, UserHandle{0}, 0, Netflix, -1, -1
08-30 18:43:15.406  2446  2878 I AppsModelWriter: normalizeVisibleItems(visibleItems)> 0, 66, 0, -102, 0, 7, UserHandle{0}, 0, Phone, -1, -1
08-30 18:43:15.406  2446  2878 I AppsModelWriter: normalizeVisibleItems(visibleItems)> 0, 54, 0, -102, 0, 8, UserHandle{0}, 0, Messages, -1, -1
08-30 18:43:15.406  2446  2878 I AppsModelWriter: normalizeVisibleItems(visibleItems)> 0, 68, 0, -102, 0, 9, UserHandle{0}, 0, Camera, -1, -1
08-30 18:43:15.406  2446  2878 I AppsModelWriter: normalizeVisibleItems(visibleItems)> 0, 69, 0, -102, 0, 10, UserHandle{0}, 0, Gallery, -1, -1
08-30 18:43:15.406  2446  2878 I AppsModelWriter: normalizeVisibleItems(visibleItems)> 0, 70, 0, -102, 0, 11, UserHandle{0}, 0, Clock, -1, -1
08-30 18:43:15.406  2446  2878 I AppsModelWriter: normalizeVisibleItems(visibleItems)> 0, 71, 0, -102, 0, 12, UserHandle{0}, 0, Contacts, -1, -1
08-30 18:43:15.406  2446  2878 I AppsModelWriter: normalizeVisibleItems(visibleItems)> 0, 72, 0, -102, 0, 13, UserHandle{0}, 0, Settings, -1, -1
08-30 18:43:15.406  2446  2878 I AppsModelWriter: normalizeVisibleItems(visibleItems)> 0, 74, 0, -102, 0, 14, UserHandle{0}, 0, Tips, -1, -1
08-30 18:43:15.406  2446  2878 I AppsModelWriter: normalizeVisibleItems(visibleItems)> 0, 75, 0, -102, 0, 15, UserHandle{0}, 0, Calendar, -1, -1
08-30 18:43:15.406  2446  2878 I AppsModelWriter: normalizeVisibleItems(visibleItems)> 0, 78, 0, -102, 0, 16, UserHandle{0}, 0, Game Launcher, -1, -1
08-30 18:43:15.406  2446  2878 I AppsModelWriter: normalizeVisibleItems(visibleItems)> 0, 80, 0, -102, 0, 17, UserHandle{0}, 0, Samsung Free, -1, -1
08-30 18:43:15.406  2446  2878 I AppsModelWriter: normalizeVisibleItems(visibleItems)> 0, 82, 0, -102, 0, 18, UserHandle{0}, 0, A1, -1, -1
08-30 18:43:15.406  2446  2878 I AppsModelWriter: normalizeVisibleItems(visibleItems)> 0, 83, 0, -102, 0, 19, UserHandle{0}, 0, Block Puzzle Sudoku, -1, -1
08-30 18:43:15.406  2446  2878 I AppsModelWriter: normalizeVisibleItems(visibleItems)> 0, 84, 0, -102, 1, 0, UserHandle{0}, 0, Moj A1, -1, -1
08-30 18:43:15.406  2446  2878 I AppsModelWriter: normalizeVisibleItems(visibleItems)> 0, 85, 0, -102, 1, 1, UserHandle{0}, 0, A1 Cloud, -1, -1
08-30 18:43:15.406  2446  2878 I AppsModelWriter: normalizeVisibleItems(visibleItems)> 0, 86, 0, -102, 1, 2, UserHandle{0}, 0, Galaxy Wearable, -1, -1
08-30 18:43:15.406  2446  2878 I AppsModelWriter: normalizeVisibleItems(visibleItems)> 0, 87, 0, -102, 1, 3, UserHandle{0}, 0, Microsoft 365 (Office), -1, -1
08-30 18:43:15.406  2446  2878 I AppsModelWriter: normalizeVisibleItems(visibleItems)> 0, 88, 0, -102, 1, 4, UserHandle{0}, 0, LinkedIn, -1, -1
08-30 18:43:15.406  2446  2878 I AppsModelWriter: normalizeVisibleItems(visibleItems)> 0, 89, 0, -102, 1, 5, UserHandle{0}, 0, Samsung Global Goals, -1, -1
08-30 18:43:15.406  2446  2878 I AppsModelWriter: normalizeVisibleItems(visibleItems)> 0, 91, 0, -102, 1, 6, UserHandle{0}, 0, Calculator, -1, -1
08-30 18:43:15.406  2446  2878 I AppsModelWriter: normalizeVisibleItems(visibleItems)> 0, 92, 0, -102, 1, 7, UserHandle{0}, 0, Samsung Health, -1, -1
08-30 18:43:15.406  2446  2878 I AppsModelWriter: normalizeVisibleItems(visibleItems)> 0, 93, 0, -102, 1, 8, UserHandle{0}, 0, Internet, -1, -1
08-30 18:43:15.406  2446  2878 I AppsModelWriter: normalizeVisibleItems(visibleItems)> 0, 94, 0, -102, 1, 9, UserHandle{0}, 0, Samsung Notes, -1, -1
08-30 18:43:15.406  2446  2878 I AppsModelWriter: normalizeVisibleItems(visibleItems)> 0, 95, 0, -102, 1, 10, UserHandle{0}, 0, Samsung Members, -1, -1
08-30 18:43:15.406  2446  2878 I AppsModelWriter: normalizeVisibleItems(visibleItems)> 0, 96, 0, -102, 1, 11, UserHandle{0}, 0, Voice Recorder, -1, -1
08-30 18:43:15.406  2446  2878 I AppsModelWriter: normalizeVisibleItems(visibleItems)> 0, 97, 0, -102, 1, 12, UserHandle{0}, 0, SmartThings, -1, -1
08-30 18:43:15.406  2446  2878 I AppsModelWriter: normalizeVisibleItems(visibleItems)> 0, 98, 0, -102, 1, 13, UserHandle{0}, 0, Spotify, -1, -1
08-30 18:43:15.406  2446  2878 I AppsModelWriter: normalizeVisibleItems(visibleItems)> 0, 99, 0, -102, 1, 14, UserHandle{0}, 0, Drive, -1, -1
08-30 18:43:15.406  2446  2878 I AppsModelWriter: normalizeVisibleItems(visibleItems)> 0, 100, 0, -102, 1, 15, UserHandle{0}, 0, Photos, -1, -1
08-30 18:43:15.406  2446  2878 I AppsModelWriter: normalizeVisibleItems(visibleItems)> 0, 101, 0, -102, 1, 16, UserHandle{0}, 0, YT Music, -1, -1
08-30 18:43:15.406  2446  2878 I AppsModelWriter: normalizeVisibleItems(visibleItems)> 0, 102, 0, -102, 1, 17, UserHandle{0}, 0, Meet, -1, -1
08-30 18:43:15.406  2446  2878 I AppsModelWriter: normalizeVisibleItems(visibleItems)> 0, 103, 0, -102, 1, 18, UserHandle{0}, 0, WhatsApp, -1, -1
08-30 18:43:15.406  2446  2878 I AppsModelWriter: normalizeVisibleItems(visibleItems)> 0, 105, 0, -102, 2, 0, UserHandle{0}, 0, Skype, -1, -1
08-30 18:43:15.407  2446  2878 I AppsModelWriter: normalizeVisibleItems(visibleItems)> 0, 106, 0, -102, 2, 1, UserHandle{0}, 0, Teams, -1, -1
08-30 18:43:15.407  2446  2878 I AppsModelWriter: normalizeVisibleItems(visibleItems)> 0, 107, 0, -102, 2, 2, UserHandle{0}, 0, Zepp Life, -1, -1
08-30 18:43:15.407  2446  2878 I AppsModelWriter: normalizeVisibleItems(visibleItems)> 0, 108, 0, -102, 2, 3, UserHandle{0}, 0, Viber, -1, -1
08-30 18:43:15.407  2446  2878 I AppsModelWriter: normalizeVisibleItems(visibleItems)> 0, 109, 0, -102, 2, 4, UserHandle{0}, 0, Messenger, -1, -1
08-30 18:43:15.407  2446  2878 I AppsModelWriter: normalizeVisibleItems(visibleItems)> 0, 110, 0, -102, 2, 5, UserHandle{0}, 0, Authenticator, -1, -1
08-30 18:43:15.407  2446  2878 I AppsModelWriter: normalizeVisibleItems(visibleItems)> 0, 111, 0, -102, 2, 6, UserHandle{0}, 0, Authenticator, -1, -1
08-30 18:43:15.407  2446  2878 I AppsModelWriter: normalizeVisibleItems(visibleItems)> 0, 112, 0, -102, 2, 7, UserHandle{0}, 0, Snapchat, -1, -1
08-30 18:43:15.407  2446  2878 I AppsModelWriter: normalizeVisibleItems(visibleItems)> 0, 113, 0, -102, 2, 8, UserHandle{0}, 0, A1 mWallet, -1, -1
08-30 18:43:15.407  2446  2878 I AppsModelWriter: normalizeVisibleItems(visibleItems)> 0, 114, 0, -102, 2, 9, UserHandle{0}, 0, mBanking, -1, -1
08-30 18:43:15.407  2446  2878 I AppsModelWriter: normalizeVisibleItems(visibleItems)> 0, 116, 0, -102, 2, 10, UserHandle{0}, 0, Secure Folder, -1, -1
08-30 18:43:15.407  2446  2878 I AppsModelWriter: normalizeVisibleItems(visibleItems)> 0, 117, 0, -102, 2, 11, UserHandle{0}, 0, Color Grab, -1, -1
08-30 18:43:15.407  2446  2878 I AppsModelWriter: normalizeVisibleItems(visibleItems)> 0, 119, 0, -102, 2, 12, UserHandle{0}, 0, CoinGecko, -1, -1
08-30 18:43:15.407  2446  2878 I AppsModelWriter: normalizeVisibleItems(visibleItems)> 0, 148, 0, -102, 3, 0, UserHandle{0}, 0, Duo Mobile, -1, -1
08-30 18:43:15.407  2446  2878 I AppsModelWriter: normalizeVisibleItems(visibleItems)> 0, 149, 0, -102, 3, 1, UserHandle{0}, 0, Reminder, -1, -1
08-30 18:43:15.407  2446  2878 I AppsModelWriter: normalizeVisibleItems(visibleItems)> 0, 158, 0, -102, 3, 2, UserHandle{0}, 0, Lens, -1, -1
08-30 18:43:15.407  2446  2878 I AppsModelWriter: normalizeVisibleItems(visibleItems)> 0, 159, 0, -102, 3, 3, UserHandle{0}, 0, Glovo, -1, -1
08-30 18:43:15.407  2446  2878 I AppsModelWriter: normalizeVisibleItems(visibleItems)> 0, 160, 0, -102, 3, 4, UserHandle{0}, 0, Wolt, -1, -1
08-30 18:43:15.407  2446  2878 I AppsModelWriter: normalizeVisibleItems(visibleItems)> 0, 165, 0, -102, 3, 5, UserHandle{0}, 0, Habits, -1, -1
08-30 18:43:15.407  2446  2878 I AppsModelWriter: normalizeVisibleItems(visibleItems)> 0, 172, 0, -102, 3, 6, UserHandle{0}, 0, Booking.com, -1, -1
08-30 18:43:15.407  2446  2878 I AppsModelWriter: normalizeVisibleItems(visibleItems)> 0, 184, 0, -102, 3, 7, UserHandle{0}, 0, VOZZi, -1, -1
08-30 18:43:15.407  2446  2878 I AppsModelWriter: normalizeVisibleItems(visibleItems)> 0, 187, 0, -102, 3, 8, UserHandle{0}, 0, Calendar, -1, -1
08-30 18:43:15.407  2446  2878 I AppsModelWriter: normalizeVisibleItems(visibleItems)> 0, 188, 0, -102, 3, 9, UserHandle{0}, 0, Quick measure, -1, -1
08-30 18:43:15.407  2446  2878 I AppsModelWriter: normalizeVisibleItems(visibleItems)> 0, 204, 0, -102, 3, 10, UserHandle{0}, 0, PrviTaxi Ni, -1, -1
08-30 18:43:15.407  2446  2878 I AppsModelWriter: normalizeVisibleItems(visibleItems)> 0, 208, 0, -102, 3, 11, UserHandle{0}, 0, Jet, -1, -1
08-30 18:43:15.407  2446  2878 I AppsModelWriter: normalizeVisibleItems(visibleItems)> 0, 211, 0, -102, 4, 0, UserHandle{0}, 0, Wallet, -1, -1
08-30 18:43:15.407  2446  2878 I AppsModelWriter: normalizeVisibleItems(visibleItems)> 0, 215, 0, -102, 4, 1, UserHandle{0}, 0, Wizz Air, -1, -1
08-30 18:43:15.407  2446  2878 I AppsModelWriter: normalizeVisibleItems(visibleItems)> 0, 221, 0, -102, 4, 2, UserHandle{0}, 0, Mister D, -1, -1
08-30 18:43:15.407  2446  2878 I AppsModelWriter: normalizeVisibleItems(visibleItems)> 0, 224, 0, -102, 4, 3, UserHandle{0}, 0, Milioner, -1, -1
08-30 18:43:15.407  2446  2878 I AppsModelWriter: normalizeVisibleItems(visibleItems)> 0, 228, 0, -102, 4, 4, UserHandle{0}, 0, Slagalica, -1, -1
08-30 18:43:15.407  2446  2878 I AppsModelWriter: normalizeVisibleItems(visibleItems)> 0, 258, 0, -102, 4, 5, UserHandle{0}, 0, Dark Stories, -1, -1
08-30 18:43:15.407  2446  2878 I AppsModelWriter: normalizeVisibleItems(visibleItems)> 0, 269, 0, -102, 4, 6, UserHandle{0}, 0, Smart Life, -1, -1
08-30 18:43:15.407  2446  2878 I AppsModelWriter: normalizeVisibleItems(visibleItems)> 0, 272, 0, -102, 4, 7, UserHandle{0}, 0, Kiwi.com, -1, -1
08-30 18:43:15.407  2446  2878 I AppsModelWriter: normalizeVisibleItems(visibleItems)> 0, 283, 0, -102, 4, 8, UserHandle{0}, 0, Danfoss Link, -1, -1
08-30 18:43:15.407  2446  2878 I AppsModelWriter: normalizeVisibleItems(visibleItems)> 0, 290, 0, -102, 4, 9, UserHandle{0}, 0, UDP Monitor, -1, -1
08-30 18:43:15.407  2446  2878 I AppsModelWriter: normalizeVisibleItems(visibleItems)> 0, 293, 0, -102, 4, 10, UserHandle{0}, 0, Xiaomi Earbuds, -1, -1
08-30 18:43:15.407  2446  2878 I AppsModelWriter: normalizeVisibleItems(visibleItems)> 0, 308, 0, -102, 4, 11, UserHandle{0}, 0, AliExpress, -1, -1
08-30 18:43:15.407  2446  2878 I AppsModelWriter: normalizeVisibleItems(visibleItems)> 0, 310, 0, -102, 4, 12, UserHandle{0}, 0, Diversis, -1, -1
08-30 18:43:15.407  2446  2878 I AppsModelWriter: normalizeVisibleItems(visibleItems)> 0, 325, 0, -102, 4, 13, UserHandle{0}, 0, BlaBlaCar, -1, -1
08-30 18:43:15.407  2446  2878 I AppsModelWriter: normalizeVisibleItems(visibleItems)> 0, 334, 0, -102, 5, 0, UserHandle{0}, 0, Slagalica, -1, -1
08-30 18:43:15.407  2446  2878 I AppsModelWriter: normalizeVisibleItems(visibleItems)> 0, 370, 0, -102, 5, 1, UserHandle{0}, 0, HeartFrame, -1, -1
08-30 18:43:15.407  2446  2878 I AppsModelWriter: normalizeVisibleItems(visibleItems)> 0, 375, 0, -102, 5, 2, UserHandle{0}, 0, Loomis, -1, -1
08-30 18:43:15.407  2446  2878 I AppsModelWriter: normalizeVisibleItems(visibleItems)> 0, 376, 0, -102, 5, 3, UserHandle{0}, 0, EFR Connect, -1, -1
08-30 18:43:15.407  2446  2878 I AppsModelWriter: normalizeVisibleItems(visibleItems)> 0, 377, 0, -102, 5, 4, UserHandle{0}, 0, nRF Connect, -1, -1
08-30 18:43:15.407  2446  2878 I AppsModelWriter: normalizeVisibleItems(visibleItems)> 0, 104, 0, -102, 5, 5, UserHandle{0}, 0, Instagram, -1, -1
08-30 18:43:15.407  2446  2878 I AppsModelWriter: normalizeVisibleItems(visibleItems)> 0, 391, 0, -102, 5, 6, UserHandle{0}, 0, Danfoss Eco, -1, -1
08-30 18:43:15.407  2446  2878 I AppsModelWriter: normalizeVisibleItems(visibleItems)> 0, 392, 0, -102, 5, 7, UserHandle{0}, 0, Aura, -1, -1
08-30 18:43:15.407  2446  2878 I AppsModelWriter: normalizeVisibleItems(visibleItems)> 0, 394, 0, -102, 5, 8, UserHandle{0}, 0, ESP8266 SmartConfig, -1, -1
08-30 18:43:15.407  2446  2878 I AppsModelWriter: normalizeVisibleItems(visibleItems)> 0, 395, 0, -102, 5, 9, UserHandle{0}, 0, EspTouch, -1, -1
08-30 18:43:15.407  2446  2878 I AppsModelWriter: normalizeVisibleItems(visibleItems)> 0, 396, 0, -102, 5, 10, UserHandle{0}, 0, StayFree, -1, -1
08-30 18:43:15.407  2446  2878 I AppsModelWriter: normalizeVisibleItems(visibleItems)> 0, 401, 0, -102, 5, 11, UserHandle{0}, 0, Vysor, -1, -1
08-30 18:43:15.407  2446  2878 I AppsModelWriter: normalizeVisibleItems(visibleItems)> 0, 516, 0, -102, 5, 12, UserHandle{0}, 0, Danfoss TPOne, -1, -1
08-30 18:43:15.407  2446  2878 I AppsModelWriter: normalizeVisibleItems(visibleItems)> 0, 517, 0, -102, 5, 13, UserHandle{0}, 0, Danfoss TPOne, -1, -1
08-30 18:43:15.407  2446  2878 I AppsModelWriter: normalizeVisibleItems(visibleItems)> 0, 518, 0, -102, 5, 14, UserHandle{0}, 0, Moj Maxi, -1, -1
08-30 18:43:15.407  2446  2878 I AppsModelWriter: normalizeVisibleItems(visibleItems)> 0, 519, 0, -102, 5, 15, UserHandle{0}, 0, DEVI Control, -1, -1
08-30 18:43:15.407  2446  2878 I AppsModelWriter: normalizeVisibleItems(visibleItems)> 0, 559, 0, -102, 5, 16, UserHandle{0}, 0, UI Analitics Compose, -1, -1
08-30 18:43:15.407  2446  2878 I AppsModelWriter: normalizeVisibleItems(visibleItems)> 0, 562, 0, -102, 5, 17, UserHandle{0}, 0, UI Analitics XML, -1, -1
08-30 18:43:15.408 11697 11703 I adbd    : jdwp connection from 31945
08-30 18:43:15.410  2446  2878 I AppsModelWriter: updateItems(end) : updateItem> 0, 562, 0, -102, 5, 17, UserHandle{0}, 0, UI Analitics XML, -1, -1
08-30 18:43:15.410  2446  2878 I PostPositionOperator: addAllItems() - All
08-30 18:43:15.410  2446  2878 I PostPositionOperator: addItem() - , isWidgetOnly : false
08-30 18:43:15.410  2446  2446 I AppsModelWriter: bindAppsItems() - visibleAddItems : 0, visibleUpdateItems : 1, removeItems : 0
08-30 18:43:15.411  2446  2446 I Launcher.AppsContainerView: bindAppsUpdates() => add: 0, update: 1, remove: 0
08-30 18:43:15.411  2446  2446 I Launcher.AppsPagedView: UpdateItems => id: 562, rank: 17, screenId: 5, cellX: 1, cellY: 4, container: -102, dirty: false, title: UI Analitics XML, isFolder: false, user: UserHandle{0}, disabled: false, screenType: 0
08-30 18:43:15.413  1055  1088 I heimdall: insert_task_to_group:67, insert tgid 31945 to group com.sec.android.app.chromecustomizations, ret = 0
08-30 18:43:15.413 31945 31945 D ActivityThread: setConscryptValidator
08-30 18:43:15.413 31945 31945 D ActivityThread: setConscryptValidator - put
08-30 18:43:15.415 18584 18584 I ResourceOverlayService_0: waitAndQuit called
08-30 18:43:15.415 18584 18584 I ResourceOverlayService_0: activity user id 0 process id 0
08-30 18:43:15.417 12555 12603 I SCS@AiSearch user 0: (BaseCollector::AOSP_MP) fetchInternal values : maxSyncId: 1000010110 indexCount: 630 sourceCount: 630
08-30 18:43:15.420  2446  2878 I PackageUpdatedTask: set null app progress level to 100
08-30 18:43:15.421 31945 31945 D CompatibilityChangeReporter: Compat change id reported: 171979766; UID 10790; state: ENABLED
08-30 18:43:15.421  1055  1088 I heimdall: insert_task_to_group:67, insert tgid 31945 to group com.example.uianaliticsxml, ret = 0
08-30 18:43:15.427  2446  2446 I Launcher.AppsPagedView: setLayout(), l: 38, r: 38, b: 106, spacing: 39
08-30 18:43:15.427  2446  2446 I Launcher.AppsPagedView: setLayout(), l: 38, r: 38, b: 106, spacing: 39
08-30 18:43:15.427  2446  2446 I Launcher.AppsPagedView: setLayout(), l: 38, r: 38, b: 106, spacing: 39
08-30 18:43:15.427  2446  2446 I Launcher.AppsPagedView: setLayout(), l: 38, r: 38, b: 106, spacing: 39
08-30 18:43:15.427  2446  2446 I Launcher.AppsPagedView: setLayout(), l: 38, r: 38, b: 106, spacing: 39
08-30 18:43:15.427 31945 31945 D nativeloader: Configuring classloader-namespace for other apk /data/app/~~WSfr5Cyt4O_58oBd9vGGqA==/com.example.uianaliticsxml-FX0HmDCex3Oh80MmKZhXuw==/base.apk. target_sdk_version=33, uses_libraries=, library_path=/data/app/~~WSfr5Cyt4O_58oBd9vGGqA==/com.example.uianaliticsxml-FX0HmDCex3Oh80MmKZhXuw==/lib/arm64, permitted_path=/data:/mnt/expand:/data/user/0/com.example.uianaliticsxml
08-30 18:43:15.428  2446  2446 I Launcher.AppsPagedView: setLayout(), l: 38, r: 38, b: 106, spacing: 39
08-30 18:43:15.429  2446  2446 W SuggestedAppsManager: pending predictedApps : 9
08-30 18:43:15.432  2446  2878 I WidgetsModel: EasyModeWidget will be excluded on WidgetList.
08-30 18:43:15.434  2446  2878 I PostPositionOperator: addItem() - com.example.uianaliticsxml, isWidgetOnly : true
08-30 18:43:15.435  2446  2878 W PackageUpdatedTask: refreshSearchLayout return, operation is not matched
08-30 18:43:15.435  2446  2878 I SuggestedItemsFacade: updateItems : 9
08-30 18:43:15.435  2446  2878 I SuggestedItemsFacade: DPS items : Instagram, ComponentInfo{com.instagram.android/com.instagram.android.activity.MainTabActivity}
08-30 18:43:15.435  2446  2878 I SuggestedItemsFacade: DPS items : Messenger, ComponentInfo{com.facebook.orca/com.facebook.orca.auth.StartScreenActivity}
08-30 18:43:15.435  2446  2878 I SuggestedItemsFacade: DPS items : WhatsApp, ComponentInfo{com.whatsapp/com.whatsapp.Main}
08-30 18:43:15.435  2446  2878 I SuggestedItemsFacade: DPS items : UI Analitics XML, ComponentInfo{com.example.uianaliticsxml/com.example.uianaliticsxml.MainActivity}
08-30 18:43:15.435  2446  2878 I SuggestedItemsFacade: DPS items : YouTube, ComponentInfo{com.google.android.youtube/com.google.android.youtube.app.honeycomb.Shell$HomeActivity}
08-30 18:43:15.435  2446  2878 I SuggestedItemsFacade: DPS items : DEVI Control, ComponentInfo{com.danfoss.lotto.integration/com.danfoss.lotto.ui.activity.SplashScreen}
08-30 18:43:15.435  2446  2878 I SuggestedItemsFacade: DPS items : Skype, ComponentInfo{com.skype.raider/com.skype4life.MainActivity}
08-30 18:43:15.435  2446  2878 I SuggestedItemsFacade: DPS items : Chrome, ComponentInfo{com.android.chrome/com.google.android.apps.chrome.Main}
08-30 18:43:15.435  2446  2878 I SuggestedItemsFacade: DPS items : Messages, ComponentInfo{com.google.android.apps.messaging/com.google.android.apps.messaging.ui.ConversationListActivity}
08-30 18:43:15.438 31945 31945 V GraphicsEnvironment: ANGLE Developer option for 'com.example.uianaliticsxml' set to: 'default'
08-30 18:43:15.438 31945 31945 V GraphicsEnvironment: ANGLE GameManagerService for com.example.uianaliticsxml: false
08-30 18:43:15.438 31945 31945 V GraphicsEnvironment: App is not on the allowlist for updatable production driver.
08-30 18:43:15.439 12555 12603 I SCS@AiSearch user 0: (IndexManager) [AOSP_MP-0] entering in addIndex():
08-30 18:43:15.440 12555 12603 I SCS@AiSearch user 0: (BaseCollector::AOSP_MP) fetch: fetching took  49 ms
08-30 18:43:15.440 12555 12603 I SCS@AiSearch user 0: (BaseCollector::AOSP_MP) fetchChanges: applied 0 items
08-30 18:43:15.440 12555 12603 I SCS@AiSearch user 0: (BaseCollector::AOSP_MP) Collect finished. Result: true
08-30 18:43:15.441 12555 12603 I SCS@AiSearch user 0: (BaseCollector::AOSP_MP) enqueue ObserverWorker name: com.sec.android.app.myfiles, policy: APPEND_OR_REPLACE
08-30 18:43:15.441 12555 12588 I WM-WorkerWrapper: Worker result SUCCESS for Work [ id=18899435-65d9-4c7c-bca5-42a97043c5b3, tags={ com.sec.android.app.myfiles, com.samsung.android.scs.ai.search.data.collector.ObserverWorker } ]
08-30 18:43:15.446 31945 31945 D NetworkSecurityConfig: No Network Security Config specified, using platform default
08-30 18:43:15.452 31945 31945 D NetworkSecurityConfig: No Network Security Config specified, using platform default
08-30 18:43:15.467  1408  3284 D PackageManager: setEnabledSetting : userId = 0 packageName = com.samsung.android.scs cmp = androidx.work.impl.background.systemalarm.RescheduleReceiver newState = 1 callingPackage = 10105/com.samsung.android.scs
08-30 18:43:15.468  1408  3284 D ApplicationPolicy: getApplicationStateEnabled : pkg = com.samsung.android.scs userId : 0
08-30 18:43:15.468  1408  3284 D ApplicationPolicy: getApplicationComponentState : pkg = com.samsung.android.scs userId : 0
08-30 18:43:15.469 31945 31945 D ProfileInstaller: Installing profile for com.example.uianaliticsxml
08-30 18:43:15.479 31945 31945 D ProfileInstaller: RESULT_INSTALL_SUCCESS
08-30 18:43:15.485 28148 28169 D Benchmark: Killing process com.example.uianaliticsxml
08-30 18:43:15.521  1408  1496 I libprocessgroup: Successfully killed process cgroup uid 10790 pid 31945 in 0ms
08-30 18:43:15.523  2285  2285 D RegisteredServicesCache: invalidateCache : 0
08-30 18:43:15.523  1852  1852 D CarrierSvcBindHelper: onHandleForceStop: [com.example.uianaliticsxml]
08-30 18:43:15.524  1852  1852 D CarrierSvcBindHelper: No carrier app for: 0
08-30 18:43:15.525  1852  1852 D CarrierSvcBindHelper: No carrier app for: 1
08-30 18:43:15.532  2285  2285 E ApduServiceInfo: Not adding <aid-group> with empty or invalid AIDs
08-30 18:43:15.532  2285  2285 I NfcKnoxUtil: isNFCAllowed is called for userId - 0
08-30 18:43:15.532  2285  2285 D NfcKnoxUtil: NFC checking for 0
08-30 18:43:15.533  2285  2285 W NfcKnoxUtil:  container manager null for 0
08-30 18:43:15.533  2285  2285 I NfcKnoxUtil: allow NFC for 0
08-30 18:43:15.533  2285  2285 D RegisteredOtherServicesCache: invalidate : 0
08-30 18:43:15.534  2285  2285 I RegisteredOtherServicesCache: current user: 0, is managed profile : false, is dual profile : false
08-30 18:43:15.535  2285  2285 I CardEmulationManager: current user id : 0, is managed profile : false, is dual profile : false verify install : false
08-30 18:43:15.535  2285  2285 I RegisteredAidCache:  user id = 0
08-30 18:43:15.536  2285  2285 I RegisteredAidCache:  user id = 150
08-30 18:43:15.539  2285  2285 I RegisteredAidCache: aidInfo: 0
08-30 18:43:15.539  2285  2285 I RegisteredAidCache: aidInfo: 0
08-30 18:43:15.539  2285  2285 I RegisteredAidCache: aidInfo: 0
08-30 18:43:15.539  2285  2285 I RegisteredAidCache: aidInfo: 0
08-30 18:43:15.539  2285  2285 I RegisteredAidCache: aidInfo: 0
08-30 18:43:15.539  2285  2285 I RegisteredAidCache: aidInfo: 0
08-30 18:43:15.539  2285  2285 D AidRoutingManager: support iso7816 protocol route
08-30 18:43:15.539  2285  2285 D AidRoutingManager: getRouteForNfcExecutionEnvironment : SIM1
08-30 18:43:15.539  2285  2285 D AidRoutingManager: defaultRoute(this) : 0x2, defaultRoute(Cache) : 0x2
08-30 18:43:15.539  2285  2285 D AidRoutingManager: [seList] - add default route : 0x2
08-30 18:43:15.539  2285  2285 D AidRoutingManager: [seList] - add route : 0x0
08-30 18:43:15.539  2285  2285 D AidRoutingManager: entry changed : false
08-30 18:43:15.539  2285  2285 D AidRoutingManager: power changed : false
08-30 18:43:15.539  2285  2285 D AidRoutingManager: route changed : false
08-30 18:43:15.539  2285  2285 D AidRoutingManager: routing update is not required
08-30 18:43:15.540  2285  2285 D RegisteredNfcFServicesCache: Service unchanged, not updating
08-30 18:43:15.541  2321  2338 I SecureElementService: SEReader getReaders()
08-30 18:43:15.541  2321  2338 D SecureElementService: getReaders() for com.android.nfc
08-30 18:43:15.541  2321  2338 I SecureElementService: SEReader getReaders()
08-30 18:43:15.541  2321  2338 D SecureElementService: getReaders() for com.android.nfc
08-30 18:43:15.543   911   911 I Zygote  : Process 31945 exited due to signal 9 (Killed)
08-30 18:43:15.545  2321  2338 I SecureElementService: SEReader getReaders()
08-30 18:43:15.545  2321  2338 D SecureElementService: getReaders() for com.android.nfc
08-30 18:43:15.545  2321  2338 I SecureElementService: SEReader getReaders()
08-30 18:43:15.545  2321  2338 D SecureElementService: getReaders() for com.android.nfc
08-30 18:43:15.546  1244  1613 D installd: Found valid user 150
08-30 18:43:15.559  1244  1613 D installd: Found valid user 150
08-30 18:43:15.565  1408  4389 I PackageDexOptimizer: Running dexopt (dexoptNeeded=-3) on: /data/app/~~WSfr5Cyt4O_58oBd9vGGqA==/com.example.uianaliticsxml-FX0HmDCex3Oh80MmKZhXuw==/base.apk pkg=com.example.uianaliticsxml isa=arm64 dexoptFlags=boot_complete,profile_guided,force,enable_hidden_api_checks targetFilter=speed-profile oatDir=/data/app/~~WSfr5Cyt4O_58oBd9vGGqA==/com.example.uianaliticsxml-FX0HmDCex3Oh80MmKZhXuw==/oat classLoaderContext=PCL[]{}
08-30 18:43:15.568  1244  1613 V installd: DexInv: --- BEGIN '/data/app/~~WSfr5Cyt4O_58oBd9vGGqA==/com.example.uianaliticsxml-FX0HmDCex3Oh80MmKZhXuw==/base.apk' ---
08-30 18:43:15.568  1244  1613 V installd: Running /apex/com.android.art/bin/dex2oat32 in=base.apk out=/data/app/~~WSfr5Cyt4O_58oBd9vGGqA==/com.example.uianaliticsxml-FX0HmDCex3Oh80MmKZhXuw==/oat/arm64/base.odex
08-30 18:43:15.573 31982 31982 W libprocessgroup: Failed to open /dev/stune/background/tasks: No such file or directory
08-30 18:43:15.573 31982 31982 V libprocessgroup: Applying profile action SetCgroup failed
08-30 18:43:15.590 31982 31982 W dex2oat32: Mismatch between instruction set variant of device (ISA: Arm64 Feature string: -a53,crc,lse,fp16,dotprod,-sve) and features returned by the hardware (ISA: Arm64 Feature string: -a53,-crc,-lse,-fp16,-dotprod,-sve)
08-30 18:43:15.593 31982 31982 I dex2oat32: /apex/com.android.art/bin/dex2oat32 --input-vdex-fd=11 --output-vdex-fd=10 --profile-file-fd=13 --classpath-dir=/data/app/~~WSfr5Cyt4O_58oBd9vGGqA==/com.example.uianaliticsxml-FX0HmDCex3Oh80MmKZhXuw== --class-loader-context=PCL[]{} --compiler-filter=speed-profile --compilation-reason=cmdline --max-image-block-size=524288 --resolve-startup-const-strings=true --generate-mini-debug-info -j6
08-30 18:43:15.902  1408  1772 D SemNscXgbMsL1: Probability - Cloud gaming: [0.02796874]
08-30 18:43:15.903  1408  1772 D SemNscXgbMsL1: Probability - Real time: [0.023900852]
08-30 18:43:15.903  1408  1772 D SemNscXgbMsL1: Probability - Non real time: [0.9638163]
08-30 18:43:15.903  1408  1772 D SemNscXgbMsL1: 1 sample inference time: 0.398269 msecs
08-30 18:43:15.903  1408  1772 D SemNscXgbL2Rt: L2 RT 1 sample inference time: 0.767346 msecs
08-30 18:43:15.904  1408  1772 D SemNscXgbL2Nrt: L2 NRT 1 sample inference time: 0.698577 msecs
08-30 18:43:16.080  1408  1731 W SearchableInfo: Invalid searchable metadata for com.samsung.android.messaging/.ui.view.recipientspicker.PickerActivity: Search label must be a resource reference.
08-30 18:43:16.185 23460 31988 I ProvidersCache: Provider returned no roots. Possibly naughty: com.microsoft.skydrive.content.StorageAccessProvider
08-30 18:43:16.231  1408  3581 D SemWifiUsabilityStatsMonitor: onWifiUsabilityStats - seqNum 45959, isSameBssidAndFreq true
08-30 18:43:16.231  1408  1774 I SemWifiLinkQualityMonitor: Link Qos Query: 0.081 ms / 98.393 Mbps (144 / 0.017 / 1.125)
08-30 18:43:16.272 23460 32003 I ProvidersCache: Provider returned no roots. Possibly naughty: com.microsoft.skydrive.content.StorageAccessProvider
08-30 18:43:16.278   939   939 I Sensors : batch(19) - light_cct_sensor try to batching with 200000000
08-30 18:43:16.279   939   939 I Sensors : LightCCT_Sensor old sensor_state 279040, new sensor_state : 1409595381924352 en : 1
08-30 18:43:16.282   939   939 I Sensors : enable:: light_cct_sensor(19)
08-30 18:43:16.283  1408  2178 D SensorManager: registerListener :: 33, TMD4912 Light CCT, 200000, 0, com.samsung.android.displaysolution.EyeComfortSolutionService$1@3f8bdb3
08-30 18:43:16.283   939   939 I Sensors : flush light_cct_sensor
08-30 18:43:16.283   939   939 I Sensors : MetaEvent:: reportMetaEvent
08-30 18:43:16.283   939   939 I Sensors : wakeMessage
08-30 18:43:16.283  2446  2880 I QuickstepModelDelegate: Widget predictions updated
08-30 18:43:16.283   939  1602 E Sensors : MetaEvent:: 33
08-30 18:43:16.283   939  1602 E Sensors : MetaEvent: hasPendingEvent+++(1)
08-30 18:43:16.284  1408  2178 D SensorManager: registerListener :: 33, TMD4912 Light CCT, 200000, 0, com.samsung.android.displaysolution.EyeComfortSolutionService$2@7377b63
08-30 18:43:16.307   939  1602 I Sensors : lux = 0, CCT = 0, r = 48, g = 17, b = 82, c = 24, atime = 2060, again = 4096, lux_raw = 1, brightness = 18, time = 535439478137007
08-30 18:43:16.309  1408  2178 D SensorService: Calling activate off 33
08-30 18:43:16.310   939   939 I Sensors : batch(19) - light_cct_sensor try to batching with 200000000
08-30 18:43:16.310  1408  2178 D SensorManager: unregisterListener :: com.samsung.android.displaysolution.EyeComfortSolutionService$1@3f8bdb3
08-30 18:43:16.311  1408  2178 D SensorService: Calling activate off 33
08-30 18:43:16.311   939   939 I Sensors : LightCCT_Sensor old sensor_state 279040, new sensor_state : 1409591086957056 en : 0
08-30 18:43:16.315   939   939 I Sensors : disable:: light_cct_sensor(19)
08-30 18:43:16.315  1408  2178 D SensorManager: unregisterListener :: com.samsung.android.displaysolution.EyeComfortSolutionService$2@7377b63
08-30 18:43:16.354  1408  1408 I SemExecuteManagerService: handleMessage: MSG_START_SCAN received. Start scanning.
08-30 18:43:16.405  1408  1772 D SemNscXgbMsL1: Probability - Cloud gaming: [0.081154004]
08-30 18:43:16.405  1408  1772 D SemNscXgbMsL1: Probability - Real time: [0.071219124]
08-30 18:43:16.405  1408  1772 D SemNscXgbMsL1: Probability - Non real time: [0.9558453]
08-30 18:43:16.405  1408  1772 D SemNscXgbMsL1: 1 sample inference time: 0.249846 msecs
08-30 18:43:16.405  1408  1772 D SemNscXgbL2Rt: L2 RT 1 sample inference time: 0.36 msecs
08-30 18:43:16.406  1408  1772 D SemNscXgbL2Nrt: L2 NRT 1 sample inference time: 0.268769 msecs
08-30 18:43:16.416 18584 18584 I ResourceOverlayService_0: waitAndQuit called
08-30 18:43:16.417 18584 18584 I ResourceOverlayService_0: activity user id 0 process id 0
08-30 18:43:16.516  1408 12401 I Process : Sending signal. PID: 31688 SIG: 10
08-30 18:43:16.768  1408  3178 W LocationManagerService: onFreezeStateChanged, uid[10057]=true
08-30 18:43:16.764 28631 28652 I PrivacyDashboard: PermissionAccessInformationContentProvider  bulkInsert : 1
08-30 18:43:16.809 12555 12768 I SCS@AiSearch user 0: (AppsDataWorker) [androidx.work-2] entering in doWork():
08-30 18:43:16.809 12555 12768 I SCS@AiSearch user 0: (AppsDataObserver) [androidx.work-2] entering in execute():
08-30 18:43:16.809 12555 12768 I SCS@AiSearch user 0: (AppsDataObserver-CMD_UPDATE_LIST) changed package count: 1
08-30 18:43:16.861  1408  3178 W LocationManagerService: onFreezeStateChanged, uid[10096]=true
08-30 18:43:16.871 12555 12768 I SCS@AiSearch user 0: (AppsDataObserver) [androidx.work-2] leaving from execute():  result is true
08-30 18:43:16.871 12555 12768 I SCS@AiSearch user 0: (AppsDataWorker) [androidx.work-2] leaving from doWork():
08-30 18:43:16.872 12555 12575 I WM-WorkerWrapper: Worker result SUCCESS for Work [ id=f62a34c7-c1ef-4362-b46b-8d3704ec5c42, tags={ com.samsung.android.scs.ai.search.scheduling.workers.AppsDataWorker, CMD_UPDATE_LIST } ]
08-30 18:43:16.907  1408  1772 D SemNscXgbMsL1: Probability - Cloud gaming: [0.025319107]
08-30 18:43:16.907  1408  1772 D SemNscXgbMsL1: Probability - Real time: [0.029701171]
08-30 18:43:16.908  1408  1772 D SemNscXgbMsL1: Probability - Non real time: [0.8603882]
08-30 18:43:16.908  1408  1772 D SemNscXgbMsL1: 1 sample inference time: 0.996692 msecs
08-30 18:43:16.910  1408  1772 D SemNscXgbL2Rt: L2 RT 1 sample inference time: 1.887307 msecs
08-30 18:43:16.911  1408  1772 D SemNscXgbL2Nrt: L2 NRT 1 sample inference time: 1.494385 msecs
08-30 18:43:17.065  1408  3178 W LocationManagerService: onFreezeStateChanged, uid[10291]=true
08-30 18:43:17.073 31982 31982 I dex2oat32: Explicit concurrent copying GC freed 22844(6552KB) AllocSpace objects, 0(0B) LOS objects, 90% free, 160KB/1696KB, paused 29us,6us total 4.049ms
08-30 18:43:17.153 31982 31982 I dex2oat32: dex2oat took 1.564s (2.839s cpu) (threads: 6) arena alloc=2442KB (2500744B) java alloc=160KB (163912B) native alloc=10MB (10520768B) free=60MB (63725968B)
08-30 18:43:17.198  1244  1613 V installd: DexInv: --- END '/data/app/~~WSfr5Cyt4O_58oBd9vGGqA==/com.example.uianaliticsxml-FX0HmDCex3Oh80MmKZhXuw==/base.apk' (success) ---
08-30 18:43:17.246 28148 28169 D Benchmark: Killing process com.example.uianaliticsxml
08-30 18:43:17.298  2285  2285 D RegisteredServicesCache: invalidateCache : 0
08-30 18:43:17.301  1852  1852 D CarrierSvcBindHelper: onHandleForceStop: [com.example.uianaliticsxml]
08-30 18:43:17.302  1852  1852 D CarrierSvcBindHelper: No carrier app for: 0
08-30 18:43:17.302  1852  1852 D CarrierSvcBindHelper: No carrier app for: 1
08-30 18:43:17.303  2285  2285 E ApduServiceInfo: Not adding <aid-group> with empty or invalid AIDs
08-30 18:43:17.303  2285  2285 I NfcKnoxUtil: isNFCAllowed is called for userId - 0
08-30 18:43:17.304  2285  2285 D NfcKnoxUtil: NFC checking for 0
08-30 18:43:17.305  2285  2285 W NfcKnoxUtil:  container manager null for 0
08-30 18:43:17.305  2285  2285 I NfcKnoxUtil: allow NFC for 0
08-30 18:43:17.305  2285  2285 D RegisteredOtherServicesCache: invalidate : 0
08-30 18:43:17.306  2285  2285 I RegisteredOtherServicesCache: current user: 0, is managed profile : false, is dual profile : false
08-30 18:43:17.308  2285  2285 I CardEmulationManager: current user id : 0, is managed profile : false, is dual profile : false verify install : false
08-30 18:43:17.308  2285  2285 I RegisteredAidCache:  user id = 0
08-30 18:43:17.309  2285  2285 I RegisteredAidCache:  user id = 150
08-30 18:43:17.311  2285  2285 I RegisteredAidCache: aidInfo: 0
08-30 18:43:17.311  2285  2285 I RegisteredAidCache: aidInfo: 0
08-30 18:43:17.311  2285  2285 I RegisteredAidCache: aidInfo: 0
08-30 18:43:17.311  2285  2285 I RegisteredAidCache: aidInfo: 0
08-30 18:43:17.311  2285  2285 I RegisteredAidCache: aidInfo: 0
08-30 18:43:17.311  2285  2285 I RegisteredAidCache: aidInfo: 0
08-30 18:43:17.311  4148 29751 W MediaProvider: isAppCloneUserPair for user 0: false
08-30 18:43:17.311  2285  2285 D AidRoutingManager: support iso7816 protocol route
08-30 18:43:17.311  2285  2285 D AidRoutingManager: getRouteForNfcExecutionEnvironment : SIM1
08-30 18:43:17.311  2285  2285 D AidRoutingManager: defaultRoute(this) : 0x2, defaultRoute(Cache) : 0x2
08-30 18:43:17.312  2285  2285 D AidRoutingManager: [seList] - add default route : 0x2
08-30 18:43:17.312  2285  2285 D AidRoutingManager: [seList] - add route : 0x0
08-30 18:43:17.312  2285  2285 D AidRoutingManager: entry changed : false
08-30 18:43:17.312  2285  2285 D AidRoutingManager: power changed : false
08-30 18:43:17.312  2285  2285 D AidRoutingManager: route changed : false
08-30 18:43:17.312  2285  2285 D AidRoutingManager: routing update is not required
08-30 18:43:17.313  2285  2285 D RegisteredNfcFServicesCache: Service unchanged, not updating
08-30 18:43:17.313  2321  2338 I SecureElementService: SEReader getReaders()
08-30 18:43:17.313  2321  2338 D SecureElementService: getReaders() for com.android.nfc
08-30 18:43:17.314  2321  2338 I SecureElementService: SEReader getReaders()
08-30 18:43:17.314  2321  2338 D SecureElementService: getReaders() for com.android.nfc
08-30 18:43:17.318  4148 29751 V MediaProvider: Inserted id:1000011098 less than next row id backup:1000012000.
08-30 18:43:17.320  2321  2338 I SecureElementService: SEReader getReaders()
08-30 18:43:17.320  2321  2338 D SecureElementService: getReaders() for com.android.nfc
08-30 18:43:17.320  2321  2338 I SecureElementService: SEReader getReaders()
08-30 18:43:17.321  2321  2338 D SecureElementService: getReaders() for com.android.nfc
08-30 18:43:17.329  1408  4389 D SyncManager: userId - 0 auto - true
08-30 18:43:17.373  1408  2145 I SLocation: RequestSamsungPosition - connect To Secphone service
08-30 18:43:17.383  1408  2145 D SLocation: SPManager - requestUpdate - SP
08-30 18:43:17.387  1408  1408 D SLocation: RequestSamsungPosition - onServiceConnected()
08-30 18:43:17.387  1408  1408 I SLocation: RequestSamsungPosition - inside invokeOemRilRequestRaw, send msg to CP through ril for SP.
08-30 18:43:17.404  1408  2145 D SLocation: SPManager - invalid SP Location!
08-30 18:43:17.404  1408  2145 D SLocation: DetectMovementSPListener - receive SP timeout!
08-30 18:43:17.404  1408  2145 D SLocation: SPManager - removeUpdate - SP
08-30 18:43:17.404  1408  2145 D SLocation: RequestSamsungPosition - unbindService SecPhoneServiceConnection.
08-30 18:43:17.412  1408  1772 D SemNscXgbMsL1: Probability - Cloud gaming: [0.027208261]
08-30 18:43:17.412  1408  1772 D SemNscXgbMsL1: Probability - Real time: [0.033787917]
08-30 18:43:17.413  1408  1772 D SemNscXgbMsL1: Probability - Non real time: [0.94979465]
08-30 18:43:17.413  1408  1772 D SemNscXgbMsL1: 1 sample inference time: 0.527616 msecs
08-30 18:43:17.414  1408  1772 D SemNscXgbL2Rt: L2 RT 1 sample inference time: 1.380807 msecs
08-30 18:43:17.415  1408  1772 D SemNscXgbL2Nrt: L2 NRT 1 sample inference time: 0.753384 msecs
