08-30 18:42:24.174  8622  3086 W ChimeraUtils: Module com.google.android.gms.nearby_en missing resource null(0)
08-30 18:42:24.181 31008 31008 D ActivityThread: setConscryptValidator
08-30 18:42:24.182 31008 31008 D ActivityThread: setConscryptValidator - put
08-30 18:42:24.189  8622 30677 I Fitness : (REDACTED) OnPackageChangedOperation got intent: %s
08-30 18:42:24.189  8622  3086 W ChimeraUtils: Module com.google.android.gms.nearby_en missing resource null(0)
08-30 18:42:24.205 31008 31008 D CompatibilityChangeReporter: Compat change id reported: 171979766; UID 10066; state: ENABLED
08-30 18:42:24.213  8163  8359 I Finsky  : [1094] joh.a(201): AIM: AppInfoManager-Perf > ItemModel > CacheSize=104, cacheHitCount=0, cacheMissCount=0, total appsWithNoServerDataCount=6. Missed  in cache (limit 10) : []
08-30 18:42:24.222 18584 18584 I ResourceOverlayService_0: waitAndQuit called
08-30 18:42:24.222  8163  8384 I Finsky  : [1097] joh.a(201): AIM: AppInfoManager-Perf > ItemModel > CacheSize=104, cacheHitCount=0, cacheMissCount=0, total appsWithNoServerDataCount=6. Missed  in cache (limit 10) : []
08-30 18:42:24.222 18584 18584 I ResourceOverlayService_0: activity user id 0 process id 0
08-30 18:42:24.229  8163  8384 I Finsky  : [1097] iur.accept(156): AIM: AppInfoManager-Perf > getApps > data collection finished
08-30 18:42:24.229  8163  8384 I Finsky  : [1097] jdo.run(772): AIM: AppInfoManager-Perf > maybeDestroyAppInfoManager is called. actives = 0
08-30 18:42:24.257 28148 28169 D PerfettoCapture: Supported ABIs: arm64-v8a, armeabi-v7a, armeabi
08-30 18:42:24.257 28148 28169 D PerfettoCapture: Recording perfetto trace
08-30 18:42:24.262  8622 30646 I Fitness : (REDACTED) FitCleanupIntentOperation received Intent %s
08-30 18:42:24.273  1408  1772 D SemNscXgbMsL1: Probability - Cloud gaming: [0.09597292]
08-30 18:42:24.274  1408  1772 D SemNscXgbMsL1: Probability - Real time: [0.07934801]
08-30 18:42:24.274  1408  1772 D SemNscXgbMsL1: Probability - Non real time: [0.9306449]
08-30 18:42:24.274  1408  1772 D SemNscXgbMsL1: 1 sample inference time: 1.543616 msecs
08-30 18:42:24.276  1408  1772 D SemNscXgbL2Rt: L2 RT 1 sample inference time: 1.745539 msecs
08-30 18:42:24.277  1408  1772 D SemNscXgbL2Nrt: L2 NRT 1 sample inference time: 1.426808 msecs
08-30 18:42:24.284 12555 12555 I SCS@AiSearch user 0: (ObserverWorker::AOSP_MP) [main] entering in startWork():
08-30 18:42:24.285 12555 12555 I SCS@AiSearch user 0: (BaseCollector::AOSP_MP) [main] entering in onChange():
08-30 18:42:24.286 12555 12603 I SCS@AiSearch user 0: (BaseCollector::AOSP_MP) [AOSP_MP-0] entering in collectChanges():
08-30 18:42:24.288  4148 29747 W MediaProvider: isAppCloneUserPair for user 0: false
08-30 18:42:24.295  4148 29747 V MediaProvider: Inserted id:1000011057 less than next row id backup:1000012000.
08-30 18:42:24.322  1408  1906 D PackageManager: setEnabledSetting : userId = 0 packageName = com.samsung.android.scs cmp = androidx.work.impl.background.systemalarm.RescheduleReceiver newState = 1 callingPackage = 10105/com.samsung.android.scs
08-30 18:42:24.323  1408  1906 D ApplicationPolicy: getApplicationStateEnabled : pkg = com.samsung.android.scs userId : 0
08-30 18:42:24.324  1408  1906 D ApplicationPolicy: getApplicationComponentState : pkg = com.samsung.android.scs userId : 0
08-30 18:42:24.339 12555 12603 I SCS@AiSearch user 0: (BaseCollector::AOSP_MP) fetchInternal values : maxSyncId: 1000010110 indexCount: 630 sourceCount: 630
08-30 18:42:24.339  1408  4388 D SyncManager: userId - 0 auto - true
08-30 18:42:24.342 28148 28169 I PerfettoCapture: Cleanup perfetto before starting.
08-30 18:42:24.346  2446 17754 I LauncherProvider: External provider call by package : com.samsung.android.app.galaxyfinder  for method : get_home_mode
08-30 18:42:24.346  2446 17754 I ExternalMethodFactory: get_home_mode
08-30 18:42:24.368 12555 12603 I SCS@AiSearch user 0: (IndexManager) [AOSP_MP-0] entering in addIndex():
08-30 18:42:24.369 10782 27933 I Icing   : Indexing com.google.android.gms-apps from com.google.android.gms
08-30 18:42:24.373  8622 21204 I BluetoothAdapter: STATE_BLE_ON
08-30 18:42:24.373  8622 21204 I BluetoothAdapter: appoCount is = 1 G/S = 5/4
08-30 18:42:24.373 12555 12603 I SCS@AiSearch user 0: (BaseCollector::AOSP_MP) fetch: fetching took  50 ms
08-30 18:42:24.373 12555 12603 I SCS@AiSearch user 0: (BaseCollector::AOSP_MP) fetchChanges: applied 0 items
08-30 18:42:24.373 12555 12603 I SCS@AiSearch user 0: (BaseCollector::AOSP_MP) Collect finished. Result: true
08-30 18:42:24.373  8622 21204 W ChimeraUtils: Module com.google.android.gms.nearby_en missing resource null(0)
08-30 18:42:24.373 10782 27933 I Icing   : Indexing done com.google.android.gms-apps
08-30 18:42:24.374 12555 12589 I WM-WorkerWrapper: Worker result SUCCESS for Work [ id=80c4ba89-0bd9-4d6b-a2b4-86419150c6e4, tags={ com.sec.android.app.myfiles, com.samsung.android.scs.ai.search.data.collector.ObserverWorker } ]
08-30 18:42:24.376 12555 12603 I SCS@AiSearch user 0: (BaseCollector::AOSP_MP) enqueue ObserverWorker name: com.sec.android.app.myfiles, policy: APPEND_OR_REPLACE
08-30 18:42:24.376  8622 21204 W ChimeraUtils: Module com.google.android.gms.nearby_en missing resource null(0)
08-30 18:42:24.377  8622 21204 W ChimeraUtils: Module com.google.android.gms.nearby_en missing resource null(0)
08-30 18:42:24.397  1408  4388 D PackageManager: setEnabledSetting : userId = 0 packageName = com.samsung.android.scs cmp = androidx.work.impl.background.systemalarm.RescheduleReceiver newState = 1 callingPackage = 10105/com.samsung.android.scs
08-30 18:42:24.397  1408  4388 D ApplicationPolicy: getApplicationStateEnabled : pkg = com.samsung.android.scs userId : 0
08-30 18:42:24.398  1408  4388 D ApplicationPolicy: getApplicationComponentState : pkg = com.samsung.android.scs userId : 0
08-30 18:42:24.413  2446 17754 I LauncherProvider: External provider call by package : com.samsung.android.app.galaxyfinder  for method : get_home_mode
08-30 18:42:24.413  2446 17754 I ExternalMethodFactory: get_home_mode
08-30 18:42:24.442 28148 28169 I PerfettoCapture: Perfetto output file cleanup -
08-30 18:42:24.443 28148 28169 I PerfettoCapture: Starting perfetto tracing with cmd: cat /storage/emulated/0/Android/media/com.example.benchmark/trace_config.pb | perfetto --background -c - -o /data/misc/perfetto-traces/trace_output.pb
08-30 18:42:24.447  4148 15461 W MediaProvider: isAppCloneUserPair for user 0: false
08-30 18:42:24.448  4148 15461 V MediaProvider: Inserted id:1000011090 less than next row id backup:1000012000.
08-30 18:42:24.452  1408  1665 D SyncManager: userId - 0 auto - true
08-30 18:42:24.489 31008 31008 I Process : Sending signal. PID: 31008 SIG: 9
08-30 18:42:24.494 31068 31068 I perfetto:    perfetto_cmd.cc:1001 Connected to the Perfetto traced service, starting tracing
08-30 18:42:24.495  1131  1131 I perfetto: ing_service_impl.cc:953 Configured tracing session 149, #sources:4, duration:0 ms, #buffers:2, total buffer size:36864 KB, total sessions:1, uid:2000 session name: ""
08-30 18:42:24.496  1122  1122 I perfetto:  probes_producer.cc:139 Ftrace setup (target_buf=297)
08-30 18:42:24.501  4148 30235 I MediaProvider: Deleted 0 0 0 0 0 0 1 items on external_primary due to com.example.benchmark
08-30 18:42:24.501  1408  1906 D SyncManager: userId - 0 auto - true
08-30 18:42:24.510 28148 28169 I PerfettoCapture: Perfetto output - 31068
08-30 18:42:24.510 28148 28169 I PerfettoCapture: EXITCODE=0
08-30 18:42:24.523  1408  1496 I libprocessgroup: Successfully killed process cgroup uid 10066 pid 31008 in 0ms
08-30 18:42:24.526   911   911 I Zygote  : Process 31008 exited due to signal 9 (Killed)
08-30 18:42:24.526  1036  1206 I EDEN    : [Exynos][EDEN][v1.6.20][SERVICE] processAliveMointorMain:190: Try to check pid=(971)...
08-30 18:42:24.548   628   628 I hwservicemanager: getTransport: Cannot find entry android.hardware.atrace@1.0::IAtraceDevice/default in either framework or device VINTF manifest.
08-30 18:42:24.552 28148 28169 I PerfettoCapture: Perfetto tracing started successfully with pid 31068.
08-30 18:42:24.565  1122  1122 I perfetto:    ftrace_procfs.cc:335 enabled ftrace in /sys/kernel/tracing/
08-30 18:42:24.568 28148 28169 I PerfettoCapture: /sys/kernel/tracing/tracing_on = 1, polled 0 times, capture fully started
08-30 18:42:24.574  4148 29457 I MediaProvider: Deleted 1 0 0 0 0 0 0 items on external_primary due to com.example.benchmark
08-30 18:42:24.575  1408  1906 D SyncManager: userId - 0 auto - true
08-30 18:42:24.590  1408  1665 D InputDispatcher: Inject key (28134/2000): action=0, f=0x0, d=-1, time=202424162000000
08-30 18:42:24.590  1408  1665 D InputManager-JNI: !@interceptKeyBeforeQueueing(0), action=0, interactive=true
08-30 18:42:24.590  1408  1665 D WindowManager: interceptKeyTq keycode=3 interactive=true keyguardActive=false policyFlags=2b000000
08-30 18:42:24.590  1408  1665 D PhoneWindowManagerExt: interceptKeyTq code=3 down=true repeatCount=0 displayId=-1 interactive=true
08-30 18:42:24.590  1408  1665 D WindowManager: interceptKeyTq interceptKeyResult=1
08-30 18:42:24.591  1408  1665 D InputManager-JNI: !@handleInterceptActions(0), action=0, wmActions=1
08-30 18:42:24.591  1408  1669 D WindowManager: interceptKeyTi keyCode=3 down=true repeatCount=0 keyguardOn=false canceled=false
08-30 18:42:24.591  1408  1669 D PhoneWindowManagerExt: interceptKeyTi code=3 down=true repeatCount=0 displayId=-1 interactive=true
08-30 18:42:24.592  1408  1665 D InputDispatcher: Inject key (28134/2000): action=1, f=0x0, d=-1, time=202424162000000
08-30 18:42:24.592  1408  1665 D InputManager-JNI: !@interceptKeyBeforeQueueing(0), action=1, interactive=true
08-30 18:42:24.592  1408  1665 D WindowManager: interceptKeyTq keycode=3 interactive=true keyguardActive=false policyFlags=2b000000
08-30 18:42:24.592  1408  1665 D PhoneWindowManagerExt: interceptKeyTq code=3 down=false repeatCount=0 displayId=-1 interactive=true
08-30 18:42:24.592  1408  1665 D WindowManager: interceptKeyTq interceptKeyResult=1
08-30 18:42:24.592  1408  1665 D InputManager-JNI: !@handleInterceptActions(0), action=1, wmActions=1
08-30 18:42:24.592  1408  1669 D WindowManager: interceptKeyTi keyCode=3 down=false repeatCount=0 keyguardOn=false canceled=false
08-30 18:42:24.592  1408  1669 D PhoneWindowManagerExt: interceptKeyTi code=3 down=false repeatCount=0 displayId=-1 interactive=true
08-30 18:42:24.596  1872  1872 D PopupUI.PopupUI: PopupUIReceiver.onReceive() action : android.intent.action.CLOSE_SYSTEM_DIALOGS
08-30 18:42:24.597  1872  1872 V ShadeControllerImpl: NotificationShadeWindow: com.android.systemui.statusbar.phone.NotificationShadeWindowView{4549e7e I.E...... ......ID 0,0-1080,2400} canPanelBeCollapsed(): false
08-30 18:42:24.597  1872  1872 D LocationControllerImpl: onReceive() = android.intent.action.CLOSE_SYSTEM_DIALOGS
08-30 18:42:24.597  1408  1484 D WindowManager: startDockOrHome: startReason= startDockOrHome
08-30 18:42:24.597  1872  1872 D QSMoreButton: action:android.intent.action.CLOSE_SYSTEM_DIALOGS
08-30 18:42:24.597  1872  1872 D SecVolume.SecVolumeStore: dispatch [ACTION_DISMISS_REQUESTED] with [STATE_NO_DISPATCH]
08-30 18:42:24.597  1872  1872 D SecVolume.SecVolumeStore:   > New State : [STATE_NO_DISPATCH]
08-30 18:42:24.600  2446  2446 I BaseActivity: removeActivityFlags, flags : 6
08-30 18:42:24.601  2446  2446 I DragController: endDrag
08-30 18:42:24.601  2446  2446 W LauncherAppWidgetHost: setShouldListenFlag, mFlags:15 flag:resume on:false isFront:false
08-30 18:42:24.601  2446  2446 I SPayUpdater: updateSpayHandler launcher activity is paused false
08-30 18:42:24.602  2446  2446 I Launcher: onNewIntent, isActionMain : true internalStateHandled : false shouldMoveToDefaultScreen : true true
08-30 18:42:24.602  2446  2446 I Launcher: onNewIntent, moveToDefaultScreen
08-30 18:42:24.602  2446  2446 I OverviewCommandHelper: clearPendingCommands
08-30 18:42:24.602  2446  2446 I ViewRootImpl@e5a6e97[LauncherActivity]: stopped(false) old = false
08-30 18:42:24.602  2446  2446 I Launcher: !@Boot_DEBUG: Launcher.onResume()
08-30 18:42:24.602  2446  2446 I Launcher: !@Boot_EBS_D: Launcher.onResume()
08-30 18:42:24.602  2446  2446 I BaseActivity: addActivityFlags, flags : 18
08-30 18:42:24.602  2446  2446 I BaseActivity: removeActivityFlags, flags : 32
08-30 18:42:24.602  2446  2446 I AppsSearchBar: restoreCurrentCellLayoutAlpha: null
08-30 18:42:24.602  2446  2446 W SearchLauncherServiceMover: isMoving : false
08-30 18:42:24.603  2446  2446 I DecorView: notifyKeepScreenOnChanged: keepScreenOn=false
08-30 18:42:24.603  2446 24249 I Launcher: DisplayMetrics from Resources : DisplayMetrics{density=3.0, width=1080, height=2275, scaledDensity=3.0, xdpi=422.03, ydpi=423.333}
08-30 18:42:24.603  2446 24249 I Launcher: realMetrics from Wm : DisplayMetrics{density=3.0, width=1080, height=2400, scaledDensity=3.0, xdpi=422.03, ydpi=423.333}
08-30 18:42:24.603  2446 24249 I Launcher: DeviceProfile, isLand : false, isMultiWin :false, availableWidthPx : 1080, availableHeightPx : 2320
08-30 18:42:24.604  2446  2877 I IMM_LC  : hsifw() - flag : 0
08-30 18:42:24.604  2446  2877 I IMM_LC  : hsifw() - mService.hideSoftInput
08-30 18:42:24.604  2446  2880 I SPayUpdater: updateSpayHandler, show = true, defaultPage = true
08-30 18:42:24.605  1408  1486 I SemPersonaManager: SecureFolder personaId = 150
08-30 18:42:24.606  2446  2877 I IMM_LC  : hsifw() - flag : 0
08-30 18:42:24.606  2446  2877 I IMM_LC  : hsifw() - mService.hideSoftInput
08-30 18:42:24.607  2446  2446 I Launcher: setWallpaperOffsets
08-30 18:42:24.607  2446  2446 I DecorView: notifyKeepScreenOnChanged: keepScreenOn=false
08-30 18:42:24.608  2446  2446 I MSHandlerLifeCycle: removeMultiSplitHandler: no exist. decor=DecorView@cfdfbb9[LauncherActivity]
08-30 18:42:24.608  2446  2446 I BaseActivity: addActivityFlags, flags : 4
08-30 18:42:24.608  2446  2446 I Launcher: onDeferredResumed
08-30 18:42:24.608  2446  2446 I InstallShortcutReceiver: flushInstallQueue 0
08-30 18:42:24.608  2446  2446 I Launcher.NotificationListener: onNotificationFullRefresh
08-30 18:42:24.608  2446  2446 I BadgeCountUpdaterImpl: onNotificationsChangedConnected
08-30 18:42:24.608  2446  2446 W LauncherAppWidgetHost: setShouldListenFlag, mFlags:7 flag:resume on:true isFront:false
08-30 18:42:24.608  2446  2878 I InstallShortcutReceiver: flushQueueInBackground 0
08-30 18:42:24.609  1872  1872 D PopupUI.PopupUI: PopupUIReceiver.onReceive() action : android.intent.action.CLOSE_SYSTEM_DIALOGS
08-30 18:42:24.610  1872  1872 V ShadeControllerImpl: NotificationShadeWindow: com.android.systemui.statusbar.phone.NotificationShadeWindowView{4549e7e I.E...... ......ID 0,0-1080,2400} canPanelBeCollapsed(): false
08-30 18:42:24.610  1872  1872 D LocationControllerImpl: onReceive() = android.intent.action.CLOSE_SYSTEM_DIALOGS
08-30 18:42:24.610  1872  1872 D QSMoreButton: action:android.intent.action.CLOSE_SYSTEM_DIALOGS
08-30 18:42:24.610  1872  1872 D SecVolume.SecVolumeStore: dispatch [ACTION_DISMISS_REQUESTED] with [STATE_NO_DISPATCH]
08-30 18:42:24.610  1872  1872 D SecVolume.SecVolumeStore:   > New State : [STATE_NO_DISPATCH]
08-30 18:42:24.613  2446  2878 I Launcher.NotificationListener: notificationIsValidForUI : com.wssyncmldm missingTitleAndText : false isGroupHeader : false
08-30 18:42:24.613  2446  2878 I Launcher.NotificationListener: notificationIsValidForUI : android missingTitleAndText : false isGroupHeader : false
08-30 18:42:24.613  2446  2878 I Launcher.NotificationListener: notificationIsValidForUI : com.viber.voip missingTitleAndText : false isGroupHeader : true
08-30 18:42:24.613  2446  2878 I Launcher.NotificationListener: notificationIsValidForUI : com.viber.voip missingTitleAndText : false isGroupHeader : false
08-30 18:42:24.613  2446  2878 I Launcher.NotificationListener: notificationIsValidForUI : com.viber.voip missingTitleAndText : false isGroupHeader : false
08-30 18:42:24.613  2446  2878 I Launcher.NotificationListener: notificationIsValidForUI : com.viber.voip missingTitleAndText : false isGroupHeader : false
08-30 18:42:24.613  2446  2878 I Launcher.NotificationListener: notificationIsValidForUI : com.xiaomi.hm.health missingTitleAndText : false isGroupHeader : false
08-30 18:42:24.613  2446  2878 I Launcher.NotificationListener: Full refresh isConnected : true active size : 6
08-30 18:42:24.613  4188  4419 D KnoxHelper: getActivityList callingUserId: 0, target user: 0
08-30 18:42:24.614  4188  4419 D KnoxHelper: getActivityList callingUserId: 0, target user: 0
08-30 18:42:24.615  4188  4419 D KnoxHelper: getActivityList callingUserId: 0, target user: 0
08-30 18:42:24.616  4188  4419 D KnoxHelper: getActivityList callingUserId: 0, target user: 0
08-30 18:42:24.616  4188  4419 D KnoxHelper: getActivityList callingUserId: 0, target user: 0
08-30 18:42:24.617  4188  4419 D KnoxHelper: getActivityList callingUserId: 0, target user: 0
08-30 18:42:24.618  1408  1441 V WindowManager: Relayout Window{4d13dc u0 com.sec.android.app.launcher/com.sec.android.app.launcher.activities.LauncherActivity}: viewVisibility=0 req=1080x2400 d0
08-30 18:42:24.618  4188  4419 D KnoxHelper: getActivityList callingUserId: 0, target user: 0
08-30 18:42:24.619  4188  4419 D KnoxHelper: getActivityList callingUserId: 0, target user: 0
08-30 18:42:24.620  4188  4419 D KnoxHelper: getActivityList callingUserId: 0, target user: 0
08-30 18:42:24.620  1408  1441 V WindowManager: Relayout hash=4d13dc, pid=2446, syncId=-1: mAttrs={(0,0)(fillxfill) sim={adjust=nothing forwardNavigation} layoutInDisplayCutoutMode=shortEdges ty=BASE_APPLICATION fmt=TRANSPARENT wanim=0x10302f4
08-30 18:42:24.620  1408  1441 V WindowManager:   fl=81910100
08-30 18:42:24.620  1408  1441 V WindowManager:   pfl=1e020040
08-30 18:42:24.620  1408  1441 V WindowManager:   vsysui=1700
08-30 18:42:24.620  1408  1441 V WindowManager:   bhv=SHOW_TRANSIENT_BARS_BY_SWIPE
08-30 18:42:24.620  1408  1441 V WindowManager:   fitSides= screenDimDuration=100000 naviIconColor=0}
08-30 18:42:24.621  2446  2446 I ViewRootImpl@e5a6e97[LauncherActivity]: Relayout returned: old=(0,0,1080,2400) new=(0,0,1080,2400) req=(1080,2400)0 dur=3 res=0x0 s={true 0xb40000779c0b7200} ch=false seqId=0
08-30 18:42:24.621  4188  4419 D KnoxHelper: getActivityList callingUserId: 0, target user: 0
08-30 18:42:24.621  2446  2446 I PopupDataProvider: onNotificationFullRefresh prev dotInfoSize : 4
08-30 18:42:24.621  2446  2446 I PopupDataProvider: refresh badge  package : com.xiaomi.hm.health count : 1
08-30 18:42:24.621  2446  2446 I PopupDataProvider: refresh badge  package : android count : 1
08-30 18:42:24.621  2446  2446 I PopupDataProvider: refresh badge  package : com.wssyncmldm count : 1
08-30 18:42:24.621  2446  2446 I PopupDataProvider: refresh badge  package : com.viber.voip count : 3
08-30 18:42:24.621  2446  2446 I IconView: applyDotState itemInfo : Zepp Life display : 1 count : 1
08-30 18:42:24.621  4188  4419 D KnoxHelper: getActivityList callingUserId: 0, target user: 0
08-30 18:42:24.622  2446  2446 I IconView: applyDotState itemInfo : Viber display : 1 count : 3
08-30 18:42:24.623  4188  4419 D KnoxHelper: getActivityList callingUserId: 0, target user: 0
08-30 18:42:24.624  4188  4419 D KnoxHelper: getActivityList callingUserId: 0, target user: 0
08-30 18:42:24.624  4188  4419 D KnoxHelper: getActivityList callingUserId: 0, target user: 0
08-30 18:42:24.625  4188  4419 D KnoxHelper: getActivityList callingUserId: 0, target user: 0
08-30 18:42:24.625  4188  4419 D KnoxHelper: getActivityList callingUserId: 0, target user: 0
08-30 18:42:24.626  4188  4419 D KnoxHelper: getActivityList callingUserId: 0, target user: 0
08-30 18:42:24.626  4188  4419 D KnoxHelper: getActivityList callingUserId: 0, target user: 0
08-30 18:42:24.627  4188  4419 D KnoxHelper: getActivityList callingUserId: 0, target user: 0
08-30 18:42:24.627  4188  4419 D KnoxHelper: getActivityList callingUserId: 0, target user: 0
08-30 18:42:24.628  4188  4419 D KnoxHelper: getActivityList callingUserId: 0, target user: 0
08-30 18:42:24.628  4188  4419 D KnoxHelper: getActivityList callingUserId: 0, target user: 0
08-30 18:42:24.629  4188  4419 D KnoxHelper: getActivityList callingUserId: 0, target user: 0
08-30 18:42:24.629  4188  4419 D KnoxHelper: getActivityList callingUserId: 0, target user: 0
08-30 18:42:24.630  4188  4419 D KnoxHelper: getActivityList callingUserId: 0, target user: 0
08-30 18:42:24.630  4188  4419 D KnoxHelper: getActivityList callingUserId: 0, target user: 0
08-30 18:42:24.633  4188  4419 D KnoxHelper: getActivityList callingUserId: 0, target user: 0
08-30 18:42:24.634  4188  4419 D KnoxHelper: getActivityList callingUserId: 0, target user: 0
08-30 18:42:24.634  4188  4419 D KnoxHelper: getActivityList callingUserId: 0, target user: 0
08-30 18:42:24.635  4188  4419 D KnoxHelper: getActivityList callingUserId: 0, target user: 0
08-30 18:42:24.635  4188  4419 D KnoxHelper: getActivityList callingUserId: 0, target user: 0
08-30 18:42:24.635  4188  4419 D KnoxHelper: getActivityList callingUserId: 0, target user: 0
08-30 18:42:24.636  4188  4419 D KnoxHelper: getActivityList callingUserId: 0, target user: 0
08-30 18:42:24.636  4188  4419 D KnoxHelper: getActivityList callingUserId: 0, target user: 0
08-30 18:42:24.637  4188  4419 D KnoxHelper: getActivityList callingUserId: 0, target user: 0
08-30 18:42:24.669  1408  1493 D EnterpriseDeviceManagerService: Package has changed for user 0
08-30 18:42:24.669  1408  1493 D EnterpriseDeviceManagerService: Admin package name: com.samsung.android.kgclient
08-30 18:42:24.670  4516  4516 I AppsEdge.PanelContainer: onPackageChanged
08-30 18:42:24.670  2446  2446 I Launcher.Model: isValidStateInKnoxMode:false user:UserHandle{0}
08-30 18:42:24.671  2446  2878 I PackageUpdatedTask: mAllAppsList.updatePackage com.example.uianaliticsxml
08-30 18:42:24.674  1408  1493 I SemExecuteManagerService: onPackageModified
08-30 18:42:24.674  1408  1493 I SemExecuteManagerService: onSomePackagesChanged
08-30 18:42:24.678  6615 31082 I AppsEdge.Service: changeItem() removed=false
08-30 18:42:24.679  6615 31082 I AppsEdge.DBHelper: getFavoriteItems : true
08-30 18:42:24.679  2446  2878 I AppIconSolution: getThemeIconWithBG called with public API, pkg = com.example.uianaliticsxml, mode = 48
08-30 18:42:24.680  2446  2878 I AppIconSolution: return adaptive icon for com.example.uianaliticsxml, isNight = true
08-30 18:42:24.680  2446  2878 I LauncherActivityInfo: packageName: com.example.uianaliticsxml, useThemeIcon: false, height: 216, width: 216, density: 640
08-30 18:42:24.685  6615 31082 I AppsEdge.DBHelper: getFavoriteItems type = 0, pos = 0, id = 6, item = 0@com.android.chrome/com.google.android.apps.chrome.Main&0
08-30 18:42:24.686  6615 31082 I AppsEdge.DBHelper: getFavoriteItems type = 0, pos = 1, id = 7, item = 0@com.samsung.android.app.notes/com.samsung.android.app.notes.memolist.MemoListActivity&0
08-30 18:42:24.688  6615 31082 I AppsEdge.DBHelper: getFavoriteItems type = 0, pos = 2, id = 8, item = 0@com.google.android.calendar/com.android.calendar.AllInOneActivity&0
08-30 18:42:24.695  2446  2878 I HsAllAppsList: set ComponentInfo{com.example.uianaliticsxml/com.example.uianaliticsxml.MainActivity} app progress level to 100
08-30 18:42:24.696  2446  2878 I WidgetsModel: EasyModeWidget will be excluded on WidgetList.
08-30 18:42:24.699  2446  2878 I AppIconSolution: return adaptive icon for com.example.uianaliticsxml, isNight = true
08-30 18:42:24.713  2446  2878 I PackageUpdatedTask: modified, appInfo : AppInfo(id=561 type=APP hidden=0 container=all_apps screen=5 rank=17 rankOfList=-1 user=UserHandle{0} title=UI Analitics XML componentName=ComponentInfo{com.example.uianaliticsxml/com.example.uianaliticsxml.MainActivity} screenType=0 runtimeStatusFlags=384 status=0)
08-30 18:42:24.713  2446  2878 I AppsModelWriter: updateItems(start) : needToNormalize = true
08-30 18:42:24.713  2446  2878 I AppsModelWriter: updateItems(start) > needToBind = true
08-30 18:42:24.713  2446  2878 I AppsModelWriter: updateItems(start)> 0, 561, 0, -102, 5, 17, UserHandle{0}, 0, UI Analitics XML, -1, -1
08-30 18:42:24.714  2446  2878 I AppsModelWriter: normalizeVisibleItems : [matched = true] col = 4, raw : 5
08-30 18:42:24.714  2446  2878 I AppsModelWriter: normalizeVisibleItems(visibleItems)> 0, 33, 2, -102, 0, 0, UserHandle{0}, 0, Samsung, -1, -1
08-30 18:42:24.714  2446  2878 I AppsModelWriter: normalizeVisibleItems(visibleItems)> 0, 44, 2, -102, 0, 1, UserHandle{0}, 0, Google, -1, -1
08-30 18:42:24.714  2446  2878 I AppsModelWriter: normalizeVisibleItems(visibleItems)> 0, 57, 0, -102, 0, 2, UserHandle{0}, 0, OneDrive, -1, -1
08-30 18:42:24.714  2446  2878 I AppsModelWriter: normalizeVisibleItems(visibleItems)> 0, 61, 0, -102, 0, 3, UserHandle{0}, 0, Galaxy Store, -1, -1
08-30 18:42:24.714  2446  2878 I AppsModelWriter: normalizeVisibleItems(visibleItems)> 0, 62, 0, -102, 0, 4, UserHandle{0}, 0, Play Store, -1, -1
08-30 18:42:24.714  2446  2878 I AppsModelWriter: normalizeVisibleItems(visibleItems)> 0, 63, 0, -102, 0, 5, UserHandle{0}, 0, Facebook, -1, -1
08-30 18:42:24.714  2446  2878 I AppsModelWriter: normalizeVisibleItems(visibleItems)> 0, 65, 0, -102, 0, 6, UserHandle{0}, 0, Netflix, -1, -1
08-30 18:42:24.714  2446  2878 I AppsModelWriter: normalizeVisibleItems(visibleItems)> 0, 66, 0, -102, 0, 7, UserHandle{0}, 0, Phone, -1, -1
08-30 18:42:24.714  2446  2878 I AppsModelWriter: normalizeVisibleItems(visibleItems)> 0, 54, 0, -102, 0, 8, UserHandle{0}, 0, Messages, -1, -1
08-30 18:42:24.714  2446  2878 I AppsModelWriter: normalizeVisibleItems(visibleItems)> 0, 68, 0, -102, 0, 9, UserHandle{0}, 0, Camera, -1, -1
08-30 18:42:24.714  2446  2878 I AppsModelWriter: normalizeVisibleItems(visibleItems)> 0, 69, 0, -102, 0, 10, UserHandle{0}, 0, Gallery, -1, -1
08-30 18:42:24.714  2446  2878 I AppsModelWriter: normalizeVisibleItems(visibleItems)> 0, 70, 0, -102, 0, 11, UserHandle{0}, 0, Clock, -1, -1
08-30 18:42:24.714  2446  2878 I AppsModelWriter: normalizeVisibleItems(visibleItems)> 0, 71, 0, -102, 0, 12, UserHandle{0}, 0, Contacts, -1, -1
08-30 18:42:24.714  2446  2878 I AppsModelWriter: normalizeVisibleItems(visibleItems)> 0, 72, 0, -102, 0, 13, UserHandle{0}, 0, Settings, -1, -1
08-30 18:42:24.714  2446  2878 I AppsModelWriter: normalizeVisibleItems(visibleItems)> 0, 74, 0, -102, 0, 14, UserHandle{0}, 0, Tips, -1, -1
08-30 18:42:24.714  2446  2878 I AppsModelWriter: normalizeVisibleItems(visibleItems)> 0, 75, 0, -102, 0, 15, UserHandle{0}, 0, Calendar, -1, -1
08-30 18:42:24.714  2446  2878 I AppsModelWriter: normalizeVisibleItems(visibleItems)> 0, 78, 0, -102, 0, 16, UserHandle{0}, 0, Game Launcher, -1, -1
08-30 18:42:24.714  2446  2878 I AppsModelWriter: normalizeVisibleItems(visibleItems)> 0, 80, 0, -102, 0, 17, UserHandle{0}, 0, Samsung Free, -1, -1
08-30 18:42:24.714  2446  2878 I AppsModelWriter: normalizeVisibleItems(visibleItems)> 0, 82, 0, -102, 0, 18, UserHandle{0}, 0, A1, -1, -1
08-30 18:42:24.714  2446  2878 I AppsModelWriter: normalizeVisibleItems(visibleItems)> 0, 83, 0, -102, 0, 19, UserHandle{0}, 0, Block Puzzle Sudoku, -1, -1
08-30 18:42:24.714  2446  2878 I AppsModelWriter: normalizeVisibleItems(visibleItems)> 0, 84, 0, -102, 1, 0, UserHandle{0}, 0, Moj A1, -1, -1
08-30 18:42:24.714  2446  2878 I AppsModelWriter: normalizeVisibleItems(visibleItems)> 0, 85, 0, -102, 1, 1, UserHandle{0}, 0, A1 Cloud, -1, -1
08-30 18:42:24.714  2446  2878 I AppsModelWriter: normalizeVisibleItems(visibleItems)> 0, 86, 0, -102, 1, 2, UserHandle{0}, 0, Galaxy Wearable, -1, -1
08-30 18:42:24.714  2446  2878 I AppsModelWriter: normalizeVisibleItems(visibleItems)> 0, 87, 0, -102, 1, 3, UserHandle{0}, 0, Microsoft 365 (Office), -1, -1
08-30 18:42:24.714  2446  2878 I AppsModelWriter: normalizeVisibleItems(visibleItems)> 0, 88, 0, -102, 1, 4, UserHandle{0}, 0, LinkedIn, -1, -1
08-30 18:42:24.714  2446  2878 I AppsModelWriter: normalizeVisibleItems(visibleItems)> 0, 89, 0, -102, 1, 5, UserHandle{0}, 0, Samsung Global Goals, -1, -1
08-30 18:42:24.714  2446  2878 I AppsModelWriter: normalizeVisibleItems(visibleItems)> 0, 91, 0, -102, 1, 6, UserHandle{0}, 0, Calculator, -1, -1
08-30 18:42:24.714  2446  2878 I AppsModelWriter: normalizeVisibleItems(visibleItems)> 0, 92, 0, -102, 1, 7, UserHandle{0}, 0, Samsung Health, -1, -1
08-30 18:42:24.714  2446  2878 I AppsModelWriter: normalizeVisibleItems(visibleItems)> 0, 93, 0, -102, 1, 8, UserHandle{0}, 0, Internet, -1, -1
08-30 18:42:24.714  2446  2878 I AppsModelWriter: normalizeVisibleItems(visibleItems)> 0, 94, 0, -102, 1, 9, UserHandle{0}, 0, Samsung Notes, -1, -1
08-30 18:42:24.714  2446  2878 I AppsModelWriter: normalizeVisibleItems(visibleItems)> 0, 95, 0, -102, 1, 10, UserHandle{0}, 0, Samsung Members, -1, -1
08-30 18:42:24.714  2446  2878 I AppsModelWriter: normalizeVisibleItems(visibleItems)> 0, 96, 0, -102, 1, 11, UserHandle{0}, 0, Voice Recorder, -1, -1
08-30 18:42:24.714  2446  2878 I AppsModelWriter: normalizeVisibleItems(visibleItems)> 0, 97, 0, -102, 1, 12, UserHandle{0}, 0, SmartThings, -1, -1
08-30 18:42:24.714  2446  2878 I AppsModelWriter: normalizeVisibleItems(visibleItems)> 0, 98, 0, -102, 1, 13, UserHandle{0}, 0, Spotify, -1, -1
08-30 18:42:24.714  2446  2878 I AppsModelWriter: normalizeVisibleItems(visibleItems)> 0, 99, 0, -102, 1, 14, UserHandle{0}, 0, Drive, -1, -1
08-30 18:42:24.714  2446  2878 I AppsModelWriter: normalizeVisibleItems(visibleItems)> 0, 100, 0, -102, 1, 15, UserHandle{0}, 0, Photos, -1, -1
08-30 18:42:24.714  2446  2878 I AppsModelWriter: normalizeVisibleItems(visibleItems)> 0, 101, 0, -102, 1, 16, UserHandle{0}, 0, YT Music, -1, -1
08-30 18:42:24.714  2446  2878 I AppsModelWriter: normalizeVisibleItems(visibleItems)> 0, 102, 0, -102, 1, 17, UserHandle{0}, 0, Meet, -1, -1
08-30 18:42:24.714  2446  2878 I AppsModelWriter: normalizeVisibleItems(visibleItems)> 0, 103, 0, -102, 1, 18, UserHandle{0}, 0, WhatsApp, -1, -1
08-30 18:42:24.714  2446  2878 I AppsModelWriter: normalizeVisibleItems(visibleItems)> 0, 105, 0, -102, 2, 0, UserHandle{0}, 0, Skype, -1, -1
08-30 18:42:24.714  2446  2878 I AppsModelWriter: normalizeVisibleItems(visibleItems)> 0, 106, 0, -102, 2, 1, UserHandle{0}, 0, Teams, -1, -1
08-30 18:42:24.714  2446  2878 I AppsModelWriter: normalizeVisibleItems(visibleItems)> 0, 107, 0, -102, 2, 2, UserHandle{0}, 0, Zepp Life, -1, -1
08-30 18:42:24.714  2446  2878 I AppsModelWriter: normalizeVisibleItems(visibleItems)> 0, 108, 0, -102, 2, 3, UserHandle{0}, 0, Viber, -1, -1
08-30 18:42:24.714  2446  2878 I AppsModelWriter: normalizeVisibleItems(visibleItems)> 0, 109, 0, -102, 2, 4, UserHandle{0}, 0, Messenger, -1, -1
08-30 18:42:24.714  2446  2878 I AppsModelWriter: normalizeVisibleItems(visibleItems)> 0, 110, 0, -102, 2, 5, UserHandle{0}, 0, Authenticator, -1, -1
08-30 18:42:24.714  2446  2878 I AppsModelWriter: normalizeVisibleItems(visibleItems)> 0, 111, 0, -102, 2, 6, UserHandle{0}, 0, Authenticator, -1, -1
08-30 18:42:24.714  2446  2878 I AppsModelWriter: normalizeVisibleItems(visibleItems)> 0, 112, 0, -102, 2, 7, UserHandle{0}, 0, Snapchat, -1, -1
08-30 18:42:24.714  2446  2878 I AppsModelWriter: normalizeVisibleItems(visibleItems)> 0, 113, 0, -102, 2, 8, UserHandle{0}, 0, A1 mWallet, -1, -1
08-30 18:42:24.714  2446  2878 I AppsModelWriter: normalizeVisibleItems(visibleItems)> 0, 114, 0, -102, 2, 9, UserHandle{0}, 0, mBanking, -1, -1
08-30 18:42:24.714  2446  2878 I AppsModelWriter: normalizeVisibleItems(visibleItems)> 0, 116, 0, -102, 2, 10, UserHandle{0}, 0, Secure Folder, -1, -1
08-30 18:42:24.714  2446  2878 I AppsModelWriter: normalizeVisibleItems(visibleItems)> 0, 117, 0, -102, 2, 11, UserHandle{0}, 0, Color Grab, -1, -1
08-30 18:42:24.714  2446  2878 I AppsModelWriter: normalizeVisibleItems(visibleItems)> 0, 119, 0, -102, 2, 12, UserHandle{0}, 0, CoinGecko, -1, -1
08-30 18:42:24.714  2446  2878 I AppsModelWriter: normalizeVisibleItems(visibleItems)> 0, 148, 0, -102, 3, 0, UserHandle{0}, 0, Duo Mobile, -1, -1
08-30 18:42:24.714  2446  2878 I AppsModelWriter: normalizeVisibleItems(visibleItems)> 0, 149, 0, -102, 3, 1, UserHandle{0}, 0, Reminder, -1, -1
08-30 18:42:24.714  2446  2878 I AppsModelWriter: normalizeVisibleItems(visibleItems)> 0, 158, 0, -102, 3, 2, UserHandle{0}, 0, Lens, -1, -1
08-30 18:42:24.714  2446  2878 I AppsModelWriter: normalizeVisibleItems(visibleItems)> 0, 159, 0, -102, 3, 3, UserHandle{0}, 0, Glovo, -1, -1
08-30 18:42:24.714  2446  2878 I AppsModelWriter: normalizeVisibleItems(visibleItems)> 0, 160, 0, -102, 3, 4, UserHandle{0}, 0, Wolt, -1, -1
08-30 18:42:24.714  2446  2878 I AppsModelWriter: normalizeVisibleItems(visibleItems)> 0, 165, 0, -102, 3, 5, UserHandle{0}, 0, Habits, -1, -1
08-30 18:42:24.714  2446  2878 I AppsModelWriter: normalizeVisibleItems(visibleItems)> 0, 172, 0, -102, 3, 6, UserHandle{0}, 0, Booking.com, -1, -1
08-30 18:42:24.714  2446  2878 I AppsModelWriter: normalizeVisibleItems(visibleItems)> 0, 184, 0, -102, 3, 7, UserHandle{0}, 0, VOZZi, -1, -1
08-30 18:42:24.714  2446  2878 I AppsModelWriter: normalizeVisibleItems(visibleItems)> 0, 187, 0, -102, 3, 8, UserHandle{0}, 0, Calendar, -1, -1
08-30 18:42:24.714  2446  2878 I AppsModelWriter: normalizeVisibleItems(visibleItems)> 0, 188, 0, -102, 3, 9, UserHandle{0}, 0, Quick measure, -1, -1
08-30 18:42:24.714  2446  2878 I AppsModelWriter: normalizeVisibleItems(visibleItems)> 0, 204, 0, -102, 3, 10, UserHandle{0}, 0, PrviTaxi Ni, -1, -1
08-30 18:42:24.714  2446  2878 I AppsModelWriter: normalizeVisibleItems(visibleItems)> 0, 208, 0, -102, 3, 11, UserHandle{0}, 0, Jet, -1, -1
08-30 18:42:24.714  2446  2878 I AppsModelWriter: normalizeVisibleItems(visibleItems)> 0, 211, 0, -102, 4, 0, UserHandle{0}, 0, Wallet, -1, -1
08-30 18:42:24.714  2446  2878 I AppsModelWriter: normalizeVisibleItems(visibleItems)> 0, 215, 0, -102, 4, 1, UserHandle{0}, 0, Wizz Air, -1, -1
08-30 18:42:24.714  2446  2878 I AppsModelWriter: normalizeVisibleItems(visibleItems)> 0, 221, 0, -102, 4, 2, UserHandle{0}, 0, Mister D, -1, -1
08-30 18:42:24.714  2446  2878 I AppsModelWriter: normalizeVisibleItems(visibleItems)> 0, 224, 0, -102, 4, 3, UserHandle{0}, 0, Milioner, -1, -1
08-30 18:42:24.714  2446  2878 I AppsModelWriter: normalizeVisibleItems(visibleItems)> 0, 228, 0, -102, 4, 4, UserHandle{0}, 0, Slagalica, -1, -1
08-30 18:42:24.714  2446  2878 I AppsModelWriter: normalizeVisibleItems(visibleItems)> 0, 258, 0, -102, 4, 5, UserHandle{0}, 0, Dark Stories, -1, -1
08-30 18:42:24.714  2446  2878 I AppsModelWriter: normalizeVisibleItems(visibleItems)> 0, 269, 0, -102, 4, 6, UserHandle{0}, 0, Smart Life, -1, -1
08-30 18:42:24.714  2446  2878 I AppsModelWriter: normalizeVisibleItems(visibleItems)> 0, 272, 0, -102, 4, 7, UserHandle{0}, 0, Kiwi.com, -1, -1
08-30 18:42:24.714  2446  2878 I AppsModelWriter: normalizeVisibleItems(visibleItems)> 0, 283, 0, -102, 4, 8, UserHandle{0}, 0, Danfoss Link, -1, -1
08-30 18:42:24.714  2446  2878 I AppsModelWriter: normalizeVisibleItems(visibleItems)> 0, 290, 0, -102, 4, 9, UserHandle{0}, 0, UDP Monitor, -1, -1
08-30 18:42:24.714  2446  2878 I AppsModelWriter: normalizeVisibleItems(visibleItems)> 0, 293, 0, -102, 4, 10, UserHandle{0}, 0, Xiaomi Earbuds, -1, -1
08-30 18:42:24.715  2446  2878 I AppsModelWriter: normalizeVisibleItems(visibleItems)> 0, 308, 0, -102, 4, 11, UserHandle{0}, 0, AliExpress, -1, -1
08-30 18:42:24.715  2446  2878 I AppsModelWriter: normalizeVisibleItems(visibleItems)> 0, 310, 0, -102, 4, 12, UserHandle{0}, 0, Diversis, -1, -1
08-30 18:42:24.715  2446  2878 I AppsModelWriter: normalizeVisibleItems(visibleItems)> 0, 325, 0, -102, 4, 13, UserHandle{0}, 0, BlaBlaCar, -1, -1
08-30 18:42:24.715  2446  2878 I AppsModelWriter: normalizeVisibleItems(visibleItems)> 0, 334, 0, -102, 5, 0, UserHandle{0}, 0, Slagalica, -1, -1
08-30 18:42:24.715  2446  2878 I AppsModelWriter: normalizeVisibleItems(visibleItems)> 0, 370, 0, -102, 5, 1, UserHandle{0}, 0, HeartFrame, -1, -1
08-30 18:42:24.715  2446  2878 I AppsModelWriter: normalizeVisibleItems(visibleItems)> 0, 375, 0, -102, 5, 2, UserHandle{0}, 0, Loomis, -1, -1
08-30 18:42:24.715  2446  2878 I AppsModelWriter: normalizeVisibleItems(visibleItems)> 0, 376, 0, -102, 5, 3, UserHandle{0}, 0, EFR Connect, -1, -1
08-30 18:42:24.715  2446  2878 I AppsModelWriter: normalizeVisibleItems(visibleItems)> 0, 377, 0, -102, 5, 4, UserHandle{0}, 0, nRF Connect, -1, -1
08-30 18:42:24.715  2446  2878 I AppsModelWriter: normalizeVisibleItems(visibleItems)> 0, 104, 0, -102, 5, 5, UserHandle{0}, 0, Instagram, -1, -1
08-30 18:42:24.715  2446  2878 I AppsModelWriter: normalizeVisibleItems(visibleItems)> 0, 391, 0, -102, 5, 6, UserHandle{0}, 0, Danfoss Eco, -1, -1
08-30 18:42:24.715  2446  2878 I AppsModelWriter: normalizeVisibleItems(visibleItems)> 0, 392, 0, -102, 5, 7, UserHandle{0}, 0, Aura, -1, -1
08-30 18:42:24.715  2446  2878 I AppsModelWriter: normalizeVisibleItems(visibleItems)> 0, 394, 0, -102, 5, 8, UserHandle{0}, 0, ESP8266 SmartConfig, -1, -1
08-30 18:42:24.715  2446  2878 I AppsModelWriter: normalizeVisibleItems(visibleItems)> 0, 395, 0, -102, 5, 9, UserHandle{0}, 0, EspTouch, -1, -1
08-30 18:42:24.715  2446  2878 I AppsModelWriter: normalizeVisibleItems(visibleItems)> 0, 396, 0, -102, 5, 10, UserHandle{0}, 0, StayFree, -1, -1
08-30 18:42:24.715  2446  2878 I AppsModelWriter: normalizeVisibleItems(visibleItems)> 0, 401, 0, -102, 5, 11, UserHandle{0}, 0, Vysor, -1, -1
08-30 18:42:24.715  2446  2878 I AppsModelWriter: normalizeVisibleItems(visibleItems)> 0, 516, 0, -102, 5, 12, UserHandle{0}, 0, Danfoss TPOne, -1, -1
08-30 18:42:24.715  2446  2878 I AppsModelWriter: normalizeVisibleItems(visibleItems)> 0, 517, 0, -102, 5, 13, UserHandle{0}, 0, Danfoss TPOne, -1, -1
08-30 18:42:24.715  2446  2878 I AppsModelWriter: normalizeVisibleItems(visibleItems)> 0, 518, 0, -102, 5, 14, UserHandle{0}, 0, Moj Maxi, -1, -1
08-30 18:42:24.715  2446  2878 I AppsModelWriter: normalizeVisibleItems(visibleItems)> 0, 519, 0, -102, 5, 15, UserHandle{0}, 0, DEVI Control, -1, -1
08-30 18:42:24.715  2446  2878 I AppsModelWriter: normalizeVisibleItems(visibleItems)> 0, 559, 0, -102, 5, 16, UserHandle{0}, 0, UI Analitics Compose, -1, -1
08-30 18:42:24.715  2446  2878 I AppsModelWriter: normalizeVisibleItems(visibleItems)> 0, 561, 0, -102, 5, 17, UserHandle{0}, 0, UI Analitics XML, -1, -1
08-30 18:42:24.716  2446  2878 I AppsModelWriter: updateItems(end) : updateItem> 0, 561, 0, -102, 5, 17, UserHandle{0}, 0, UI Analitics XML, -1, -1
08-30 18:42:24.716  2446  2878 I PostPositionOperator: addAllItems() - All
08-30 18:42:24.716  2446  2446 I AppsModelWriter: bindAppsItems() - visibleAddItems : 0, visibleUpdateItems : 1, removeItems : 0
08-30 18:42:24.716  2446  2878 I PostPositionOperator: addItem() - , isWidgetOnly : false
08-30 18:42:24.716  2446  2446 I Launcher.AppsContainerView: bindAppsUpdates() => add: 0, update: 1, remove: 0
08-30 18:42:24.716  2446  2446 I Launcher.AppsPagedView: UpdateItems => id: 561, rank: 17, screenId: 5, cellX: 1, cellY: 4, container: -102, dirty: false, title: UI Analitics XML, isFolder: false, user: UserHandle{0}, disabled: false, screenType: 0
08-30 18:42:24.722  2446  2446 I Launcher.AppsPagedView: setLayout(), l: 38, r: 38, b: 106, spacing: 39
08-30 18:42:24.722  2446  2446 I Launcher.AppsPagedView: setLayout(), l: 38, r: 38, b: 106, spacing: 39
08-30 18:42:24.722  2446  2446 I Launcher.AppsPagedView: setLayout(), l: 38, r: 38, b: 106, spacing: 39
08-30 18:42:24.722  2446  2446 I Launcher.AppsPagedView: setLayout(), l: 38, r: 38, b: 106, spacing: 39
08-30 18:42:24.722  2446  2446 I Launcher.AppsPagedView: setLayout(), l: 38, r: 38, b: 106, spacing: 39
08-30 18:42:24.723  2446  2446 I Launcher.AppsPagedView: setLayout(), l: 38, r: 38, b: 106, spacing: 39
08-30 18:42:24.724  6615  6623 W id.app.appsedge: Reducing the number of considered missed Gc histogram windows from 181 to 100
08-30 18:42:24.732  2446  2878 I PackageUpdatedTask: set null app progress level to 100
08-30 18:42:24.733  2446  2446 W SuggestedAppsManager: pending predictedApps : 9
08-30 18:42:24.736  2446  2878 I WidgetsModel: EasyModeWidget will be excluded on WidgetList.
08-30 18:42:24.739  2446  2878 I PostPositionOperator: addItem() - com.example.uianaliticsxml, isWidgetOnly : true
08-30 18:42:24.739  2446  2878 W PackageUpdatedTask: refreshSearchLayout return, operation is not matched
08-30 18:42:24.740  2446  2878 I SuggestedItemsFacade: updateItems : 9
08-30 18:42:24.740  2446  2878 I SuggestedItemsFacade: DPS items : Instagram, ComponentInfo{com.instagram.android/com.instagram.android.activity.MainTabActivity}
08-30 18:42:24.740  2446  2878 I SuggestedItemsFacade: DPS items : Messenger, ComponentInfo{com.facebook.orca/com.facebook.orca.auth.StartScreenActivity}
08-30 18:42:24.740  2446  2878 I SuggestedItemsFacade: DPS items : WhatsApp, ComponentInfo{com.whatsapp/com.whatsapp.Main}
08-30 18:42:24.740  2446  2878 I SuggestedItemsFacade: DPS items : UI Analitics XML, ComponentInfo{com.example.uianaliticsxml/com.example.uianaliticsxml.MainActivity}
08-30 18:42:24.740  2446  2878 I SuggestedItemsFacade: DPS items : YouTube, ComponentInfo{com.google.android.youtube/com.google.android.youtube.app.honeycomb.Shell$HomeActivity}
08-30 18:42:24.740  2446  2878 I SuggestedItemsFacade: DPS items : DEVI Control, ComponentInfo{com.danfoss.lotto.integration/com.danfoss.lotto.ui.activity.SplashScreen}
08-30 18:42:24.740  2446  2878 I SuggestedItemsFacade: DPS items : Skype, ComponentInfo{com.skype.raider/com.skype4life.MainActivity}
08-30 18:42:24.740  2446  2878 I SuggestedItemsFacade: DPS items : AliExpress, ComponentInfo{com.alibaba.aliexpresshd/com.aliexpress.app.FirstActivity}
08-30 18:42:24.740  2446  2878 I SuggestedItemsFacade: DPS items : Chrome, ComponentInfo{com.android.chrome/com.google.android.apps.chrome.Main}
08-30 18:42:24.778  1408  1772 D SemNscXgbMsL1: Probability - Cloud gaming: [0.04415229]
08-30 18:42:24.778  1408  1772 D SemNscXgbMsL1: Probability - Real time: [0.10864212]
08-30 18:42:24.778  1408  1772 D SemNscXgbMsL1: Probability - Non real time: [0.915227]
08-30 18:42:24.778  1408  1772 D SemNscXgbMsL1: 1 sample inference time: 0.275231 msecs
08-30 18:42:24.779  1408  1772 D SemNscXgbL2Rt: L2 RT 1 sample inference time: 0.34 msecs
08-30 18:42:24.779  1408  1772 D SemNscXgbL2Nrt: L2 NRT 1 sample inference time: 0.2835 msecs
08-30 18:42:24.923  1408  1808 D NetdEventListenerService: DNS Requested by : 142, 10096, 7, true
08-30 18:42:25.121 12555 12555 I SCS@AiSearch user 0: (ObserverWorker::AOSP_MP) [main] entering in startWork():
08-30 18:42:25.122 12555 12555 I SCS@AiSearch user 0: (BaseCollector::AOSP_MP) [main] entering in onChange():
08-30 18:42:25.123 12555 12603 I SCS@AiSearch user 0: (BaseCollector::AOSP_MP) [AOSP_MP-0] entering in collectChanges():
08-30 18:42:25.134  1408  4366 D PackageManager: setEnabledSetting : userId = 0 packageName = com.samsung.android.scs cmp = androidx.work.impl.background.systemalarm.RescheduleReceiver newState = 1 callingPackage = 10105/com.samsung.android.scs
08-30 18:42:25.135  1408  4366 D ApplicationPolicy: getApplicationStateEnabled : pkg = com.samsung.android.scs userId : 0
08-30 18:42:25.137  1408  4366 D ApplicationPolicy: getApplicationComponentState : pkg = com.samsung.android.scs userId : 0
08-30 18:42:25.226 18584 18584 I ResourceOverlayService_0: waitAndQuit called
08-30 18:42:25.227 18584 18584 I ResourceOverlayService_0: activity user id 0 process id 0
08-30 18:42:25.250 12555 12603 I SCS@AiSearch user 0: (BaseCollector::AOSP_MP) fetchInternal values : maxSyncId: 1000010110 indexCount: 630 sourceCount: 630
08-30 18:42:25.279  1408  1772 D SemNscXgbMsL1: Probability - Cloud gaming: [0.04415229]
08-30 18:42:25.280  1408  1772 D SemNscXgbMsL1: Probability - Real time: [0.10864212]
08-30 18:42:25.280  1408  1772 D SemNscXgbMsL1: Probability - Non real time: [0.915227]
08-30 18:42:25.280  1408  1772 D SemNscXgbMsL1: 1 sample inference time: 1.432423 msecs
08-30 18:42:25.283  1408  1772 D SemNscXgbL2Rt: L2 RT 1 sample inference time: 3.059077 msecs
08-30 18:42:25.286  1408  1772 D SemNscXgbL2Nrt: L2 NRT 1 sample inference time: 2.440193 msecs
08-30 18:42:25.295 12555 12603 I SCS@AiSearch user 0: (IndexManager) [AOSP_MP-0] entering in addIndex():
08-30 18:42:25.298 12555 12603 I SCS@AiSearch user 0: (BaseCollector::AOSP_MP) fetch: fetching took  85 ms
08-30 18:42:25.298 12555 12603 I SCS@AiSearch user 0: (BaseCollector::AOSP_MP) fetchChanges: applied 0 items
08-30 18:42:25.299 12555 12603 I SCS@AiSearch user 0: (BaseCollector::AOSP_MP) Collect finished. Result: true
08-30 18:42:25.302 12555 12588 I WM-WorkerWrapper: Worker result SUCCESS for Work [ id=ac69f09c-fa67-406f-93a0-9d7c09826569, tags={ com.sec.android.app.myfiles, com.samsung.android.scs.ai.search.data.collector.ObserverWorker } ]
08-30 18:42:25.306 12555 12603 I SCS@AiSearch user 0: (BaseCollector::AOSP_MP) enqueue ObserverWorker name: com.sec.android.app.myfiles, policy: APPEND_OR_REPLACE
08-30 18:42:25.347  1408  3220 D PackageManager: setEnabledSetting : userId = 0 packageName = com.samsung.android.scs cmp = androidx.work.impl.background.systemalarm.RescheduleReceiver newState = 1 callingPackage = 10105/com.samsung.android.scs
08-30 18:42:25.348  1408  3220 D ApplicationPolicy: getApplicationStateEnabled : pkg = com.samsung.android.scs userId : 0
08-30 18:42:25.349  1408  3220 D ApplicationPolicy: getApplicationComponentState : pkg = com.samsung.android.scs userId : 0
08-30 18:42:25.370  1408 31087 D WifiConnectivityMonitor.DnsPingerHandler: setCurrentLinkProperties: lp={InterfaceName: wlan0 LinkAddresses: [ fe80::e0fe:96ff:fe59:dfee/64,192.168.1.4/24,2a06:5b05:8c01:7500:e0fe:96ff:fe59:dfee/64,2a06:5b05:8c01:7500:49bf:b9ab:2d0d:9df8/64 ] DnsAddresses: [ /192.168.1.1 ] Domains: null MTU: 0 ServerAddress: /192.168.1.1 TcpBufferSizes: 524288,1048576,4194304,524288,1048576,4194304 Routes: [ fe80::/64 -> :: wlan0 mtu 0,::/0 -> fe80::1 wlan0 mtu 0,2a06:5b05:8c01:7500::/64 -> :: wlan0 mtu 0,192.168.1.0/24 -> 0.0.0.0 wlan0 mtu 0,0.0.0.0/0 -> 192.168.1.1 wlan0 mtu 0 ]}
08-30 18:42:25.473  1408 31088 D TrafficStats: tagSocket(1110) with statsTag=0xffffffff, statsUid=-1
08-30 18:42:25.608 28148 28169 W InteractionController: runAndwaitForEvents timed out waiting for events
08-30 18:42:25.632  2446  2880 I QuickstepModelDelegate: Widget predictions updated
08-30 18:42:25.674  1408  1731 W SearchableInfo: Invalid searchable metadata for com.samsung.android.messaging/.ui.view.recipientspicker.PickerActivity: Search label must be a resource reference.
08-30 18:42:25.674  1408  1408 I SemExecuteManagerService: handleMessage: MSG_START_SCAN received. Start scanning.
08-30 18:42:25.676  1408 31088 D WifiConnectivityMonitor.DnsThread:  [|205]
08-30 18:42:25.676  1408  1792 D WifiConnectivityMonitor.NetworkStatsAnalyzer: DNS resultType : 0, responseTime : 205
08-30 18:42:25.676  1408  1790 D OpenNetworkQos[4.00]: updateBssidLatestDnsResultType - result: 0
08-30 18:42:25.676  1408  1790 D OpenNetworkQos[4.00]: updateBssidNoInternet: mBssidNoInternet = false
08-30 18:42:25.676  1408  1790 D OpenNetworkQos[4.00]: getOpenNetworkQosNoInternetStatus: false
08-30 18:42:25.676  1408  1790 D OpenNetworkQos[4.00]: getOpenNetworkQosScores: 30 26 26
08-30 18:42:25.676 28148 28169 D Benchmark: Starting activity with command: am start -W "intent:#Intent;action=android.intent.action.MAIN;category=android.intent.category.LAUNCHER;launchFlags=0x10008000;package=com.example.uianaliticsxml;component=com.example.uianaliticsxml/.MainActivity;end"
08-30 18:42:25.676  1408  1790 I WifiProfileShare: network QoS data was changed (internet), updateQoSData networkType: true, qosData: false
08-30 18:42:25.677  1408  3249 V WifiProfileShare.Caster: update wips network, size: 0
08-30 18:42:25.677  1408  3249 D WifiProfileShare: nearby scanning settings run
08-30 18:42:25.677  1408  3249 D WifiProfileShare: network score provider settings enabled
08-30 18:42:25.677  1408  3249 D OpenNetworkQos[4.00]: getOpenNetworkQosScores: 30 26 26
08-30 18:42:25.677  1408  3249 D OpenNetworkQos[4.00]: getOpenNetworkQosNoInternetStatus: false
08-30 18:42:25.677  1408  3249 I WifiProfileShare.Caster: current network type: 0, score: [30, 26, 26]
08-30 18:42:25.678  1408  3249 V WifiProfileShare.Cache: update network score 00:e4:06:**:**:ac
08-30 18:42:25.678  1408  3249 D WifiProfileShare.ScanMatcher: getMcfDataList size:3
08-30 18:42:25.678  1408  3249 I WifiProfileShare.Caster: qos data was updated , before:type:QOS, pBssid:1e:26:ac, qosData:7c after:type:QOS, pBssid:1e:26:ac, qosData:7c
08-30 18:42:25.679  1408  3249 I [MCFSDK_android_1.2.4010]_4_b: isNetworkEnabled - type : 1 ret : true
08-30 18:42:25.679  1408  3249 D WifiProfileShare.McfCast: -ME--- mIsNetworkEnabled :true
08-30 18:42:25.679  1408  3249 D WifiProfileShare.McfCast: updateQoSData ignored, same contents
08-30 18:42:25.679  1408  3249 D WifiProfileShare.MCF: success update QosData !
08-30 18:42:25.680  1408  3249 I [MCFSDK_android_1.2.4010]_4_b: isNetworkEnabled - type : 1 ret : true
08-30 18:42:25.680  1408  3249 D WifiProfileShare.McfCast: -ME--- mIsNetworkEnabled :true
08-30 18:42:25.680  1408  3249 D WifiProfileShare.McfCast: -ME--- updatePasswordDate pwdData size:3
08-30 18:42:25.689  4148 29748 W MediaProvider: isAppCloneUserPair for user 0: false
08-30 18:42:25.695  4148 29748 V MediaProvider: Inserted id:1000011091 less than next row id backup:1000012000.
08-30 18:42:25.702  1408  3220 D SyncManager: userId - 0 auto - true
08-30 18:42:25.788  1408  1772 D SemNscXgbMsL1: Probability - Cloud gaming: [0.03088493]
08-30 18:42:25.789  1408  1772 D SemNscXgbMsL1: Probability - Real time: [0.18274203]
08-30 18:42:25.789  1408  1772 D SemNscXgbMsL1: Probability - Non real time: [0.8611055]
08-30 18:42:25.789  1408  1772 D SemNscXgbMsL1: 1 sample inference time: 1.227923 msecs
08-30 18:42:25.791  1408  1772 D SemNscXgbL2Rt: L2 RT 1 sample inference time: 2.372731 msecs
