08-30 19:05:31.597 10290 10308 I [SC]LinkContextProvider: getMigrationState: Bundle[{IsPartnersSyncEnabled=false, IsNewCloudUser=true, IsTriggeredDevice=false, EOFStage=None, AllowedOperations=[MeridianLargeCard, MeridianInterfaceSupport], LinkState=None, IsMigrationSupported=true}]
08-30 19:05:31.601  1408  1483 I system_server: No primary.vdex file in DexMetadata archive. Not doing fast verification.
08-30 19:05:31.602  1408  1483 I PkgPredictorService-SecIpmManagerServiceImpl: reportToNAP uid:10792 com.example.uianaliticscompose/com.example.uianaliticscompose.MainActivity thisTime:707
08-30 19:05:31.602  1408 12401 D PkgPredictorService-IpmAdcpController: com.example.uianaliticscompose become forground, dex profile begin
08-30 19:05:31.602  1408 12401 E PkgPredictorService-IpmAdcpController: file not found:java.io.FileNotFoundException: /sys/fs/cgroup/uid_10792/pid_9989/cgroup.procs: open failed: ENOENT (No such file or directory)
08-30 19:05:31.603 10223 10223 D CompatibilityChangeReporter: Compat change id reported: 160794467; UID 10278; state: ENABLED
08-30 19:05:31.604  1408  1483 I ActivityTaskManager: Displayed com.example.uianaliticscompose/.MainActivity: +707ms
08-30 19:05:31.605  3345  3345 E pageboostd: Received HALT command code 2
08-30 19:05:31.611 10290 10290 I DIAGMON_SDK[605036][026-399-529756] : generated SR object
08-30 19:05:31.643  1408  5159 D PackageManager: setEnabledSetting : userId = 0 packageName = com.microsoft.office.officehubrow cmp = androidx.work.impl.background.systemjob.SystemJobService newState = 1 callingPackage = 10278/com.microsoft.office.officehubrow
08-30 19:05:31.645  1408  5159 D ApplicationPolicy: getApplicationStateEnabled : pkg = com.microsoft.office.officehubrow userId : 0
08-30 19:05:31.645  1408  5159 D ApplicationPolicy: getApplicationComponentState : pkg = com.microsoft.office.officehubrow userId : 0
08-30 19:05:31.647 10226 10226 I OneAuth : Setting up telemetry with audience: Production
08-30 19:05:31.647 10226 10226 I OneAuth : Configuring OneAuth...
08-30 19:05:31.647 10226 10226 I OneAuth : OneAuth configuration completed
08-30 19:05:31.661 10175 10189 I SamsungAccount: [AccountManagerProvider] Calling package : microsoft.skydrive.
08-30 19:05:31.661 10175 10189 I SamsungAccount: [SignatureCheckUtil] runCheckSignatureAsync
08-30 19:05:31.661 10175 10189 I SamsungAccount: [SignaturePreconditionChecker] getSignatureResult - fromSesSdk : false
08-30 19:05:31.661 10175 10189 I SamsungAccount: [SignatureInfoDbHelper] getSignatureResult - [10/21n36][microsoft.skydrive.]
08-30 19:05:31.661 10175 10189 I SamsungAccount: [SignatureInfoDbHelper] searchOnUser
08-30 19:05:31.664 10175 10189 I SamsungAccount: [SignatureInfoDbHelper] searchOnUser - [10/21n36][microsoft.skydrive.][64/3d550] => matched
08-30 19:05:31.664 10175 10189 I SamsungAccount: [SignatureInfoDbHelper] search - matched
08-30 19:05:31.664 10175 10189 I SamsungAccount: [SignatureCheckUtil] runCheckSignatureAsync(fromDb) - matched
08-30 19:05:31.664 10175 10189 I SamsungAccount: [AccountManagerProvider] This is the access of the allowed application
08-30 19:05:31.667 10290 10290 I [SC]SamsungCloudApp: time elapsed to initialize ExceptionFilterInitializer: 15
08-30 19:05:31.670 10290 10290 I [SC]SamsungCloudApp: time elapsed to initialize ContextInitializer: 3
08-30 19:05:31.686 10290 10290 I [SC]SyncAccountRecoveryManager: onAppCreated
08-30 19:05:31.687 10290 10290 I [SC]SamsungCloudApp: time elapsed to initialize OperatorInitializer: 17
08-30 19:05:31.687 10290 10290 I [SC]SamsungCloudApp: time elapsed to initialize BixbyInitializer: 0
08-30 19:05:31.687 10290 10290 I [SC]SamsungCloudApp: time elapsed to initialize SamsungAccountEventHandlerInitializer: 0
08-30 19:05:31.688 10290 10290 I [SC]SamsungCloudApp: time elapsed to initialize RxJavaInitializer: 1
08-30 19:05:31.703 10290 10388 I [SC]DeviceUtil: hasSepLiteSignature: false
08-30 19:05:31.706 10290 10394 I [SC]CommonNotiUtil: hideProgress: GALLERY_EXT_UPLOAD_PROGRESSING
08-30 19:05:31.711 10290 10399 I [SC]ConfigurationManager: getSimplePolicy
08-30 19:05:31.712 10290 10290 I [SC]SamsungCloudApp: time elapsed to initialize DependencyInjectionInitializer: 24
08-30 19:05:31.714  1408  1718 D ConnectivityService: Rematched networks [computed 0ms] [applied 0ms] [issued 1]
08-30 19:05:31.714  1408  1718 D ConnectivityService: NetworkReassignment : no changes
08-30 19:05:31.719 10290 10394 W Bundle  : Key com.samsung.android.scloud.BackupServiceVersion expected String but value was a java.lang.Float.  The default value <null> was returned.
08-30 19:05:31.719 10290 10394 W Bundle  : Attempt to cast generated internal exception:
08-30 19:05:31.719 10290 10394 W Bundle  : java.lang.ClassCastException: java.lang.Float cannot be cast to java.lang.String
08-30 19:05:31.719 10290 10394 W Bundle  : 	at android.os.BaseBundle.getString(BaseBundle.java:1377)
08-30 19:05:31.719 10290 10394 W Bundle  : 	at o3.h.G(NotificationOperator.java:7)
08-30 19:05:31.719 10290 10394 W Bundle  : 	at m3.i.n(Operators.java:2)
08-30 19:05:31.719 10290 10394 W Bundle  : 	at m3.i.a(Unknown Source:0)
08-30 19:05:31.719 10290 10394 W Bundle  : 	at m3.e.run(Unknown Source:4)
08-30 19:05:31.719 10290 10394 W Bundle  : 	at java.lang.Thread.run(Thread.java:1012)
08-30 19:05:31.721 10290 10399 I [SC]ConfigurationItemDataManager: getFilePath : configurationName = scloud_simplePolicy
08-30 19:05:31.725 10290 10430 I [SC]SamsungCloudApp: time elapsed to initialize AccountDependentInitializer: 0
08-30 19:05:31.727 10290 10408 I [SC]DeviceControlOperator: handled: REQUEST_REFRESH_APP_ICON
08-30 19:05:31.728 10290 10429 I [SC]SamsungCloudApp: time elapsed to initialize PushInitializer: 1
08-30 19:05:31.731 10290 10426 I [SC]SyncInitializer: initialize
08-30 19:05:31.733 10290 10426 I [SC]SyncInitializer: initializePrivate
08-30 19:05:31.733 10290 10425 I [SC]DeviceObservers: start
08-30 19:05:31.733 10290 10426 I [SC][DEPENDENCY][Gallery]: is created
08-30 19:05:31.733 10290 10426 I [SC][DEPENDENCY][AR Emoji]: is created
08-30 19:05:31.733 10290 10426 I [SC][DEPENDENCY][Wi-Fi]: is created
08-30 19:05:31.733 10290 10426 I [SC][DEPENDENCY][Bluetooth]: is created
08-30 19:05:31.733 10290 10425 I [SC]DevicePropertyManager: addPropertyChangeListener: NetworkConnectionAllowedObservable
08-30 19:05:31.733 10290 10425 I [SC]SamsungCloudApp: time elapsed to initialize DeviceDependentInitializer: 1
08-30 19:05:31.736 10290 10423 I [SC]SamsungCloudApp: time elapsed to initialize DesignCodeConsumerInitializer: 1
08-30 19:05:31.736 10226 10368 I ADMPushRegistration: isSupported Class.forName(ADM_CLASS): err:java.lang.ClassNotFoundException: com.amazon.device.messaging.ADM
08-30 19:05:31.742 10226 10368 I ADMPushRegistration: isSupported Class.forName(ADM_CLASS): err:java.lang.ClassNotFoundException: com.amazon.device.messaging.ADM
08-30 19:05:31.742 10226 10368 I PushModule: NotificationProvider: fcm
08-30 19:05:31.746  1045  1297 V APM_AudioPolicyManager: getDeviceConnectionState() undeclared device, type 00000004, address:
08-30 19:05:31.746  1045  1297 V APM_AudioPolicyManager: getDeviceConnectionState() undeclared device, type 00000008, address:
08-30 19:05:31.754 10290 10422 I [SC]MediaMigration: existCloudFile : false
08-30 19:05:31.756 10290 10422 I [SC]BaseSyncUtil: com.android.bluetooth isSupported: true, isEnabled: true
08-30 19:05:31.759 10290 10422 I [SC]ComponentInitializer: switchBtComponent: com.samsung.bt.btservice.btsettingsprovider
08-30 19:05:31.758  1408  1808 D NetdEventListenerService: DNS Requested by : 142, 10301, 7, true
08-30 19:05:31.759 10290 10422 I [SC]SyncUtil: invisibleSync: com.samsung.android.scloud.deviceproperty
08-30 19:05:31.765 10290 10422 I [SC]SyncSettingManager: switchOnOff: com.samsung.android.scloud.deviceproperty, 0
08-30 19:05:31.765 10290 10416 I [SC]LinkContextProvider: call : LOAD_CONTEXT
08-30 19:05:31.765 10290 10422 I [SC]SyncSettingManager: setIsSyncable: com.samsung.android.scloud.deviceproperty, 0
08-30 19:05:31.765 10290 10422 I [SC]BaseSyncUtil: visibleSync: com.samsung.bt.btservice.btsettingsprovider
08-30 19:05:31.765 10290 10422 I [SC]SyncSettingManager: setIsSyncable: com.samsung.bt.btservice.btsettingsprovider, 1
08-30 19:05:31.777 10290 10427 I [SC]SamsungCloudApp: time elapsed to initialize CtbInitializer: 48
08-30 19:05:31.785 10290 10434 I [SC][SmpUtil]: Firebase init
08-30 19:05:31.786 10290 10422 I [SC]SamsungCloudApp: time elapsed to initialize ComponentInitializer: 50
08-30 19:05:31.787 10290 10428 I [SC]SamsungCloudApp: time elapsed to initialize OdmInitializer: 59
08-30 19:05:31.788 10175 10175 I SamsungAccount: [AIDLRequestService] OnCreate Service
08-30 19:05:31.788 10290 10424 I [SC]BackupInitializer: backup features initialized.
08-30 19:05:31.788 10290 10424 I [SC]SamsungCloudApp: time elapsed to initialize BackupInitializer: 54
08-30 19:05:31.790 10175 10175 I SamsungAccount: [AIDLRequestService] OnBind
08-30 19:05:31.790 10175 10175 I SamsungAccount: [AIDLRequestService] [InAIDL] Service bound
08-30 19:05:31.790 10290 10448 I [SC]ConfigurationManager: getCtbMaintenanceSupportPolicy : scloud_temporary_backup
08-30 19:05:31.793 12555 12555 I SCS@AiSearch user 0: (SearchProvider) onTrimMemory(): 60
08-30 19:05:31.794  1408  1772 D SemNscXgbMsL1: Probability - Cloud gaming: [0.15228578]
08-30 19:05:31.795  1408  1772 D SemNscXgbMsL1: Probability - Real time: [0.06432803]
08-30 19:05:31.795  1408  1772 D SemNscXgbMsL1: Probability - Non real time: [0.89681983]
08-30 19:05:31.795  1408  1772 D SemNscXgbMsL1: 1 sample inference time: 0.180962 msecs
08-30 19:05:31.795  1408  1772 D SemNscXgbL2Rt: L2 RT 1 sample inference time: 0.362731 msecs
08-30 19:05:31.795  1408  1772 D SemNscXgbL2Nrt: L2 NRT 1 sample inference time: 0.298 msecs
08-30 19:05:31.796 10290 10426 I [SC]SyncInitialization: initialize
08-30 19:05:31.797 27719 27739 W Bugle   : TextClassifierLibManagerImpl: Reclaiming memory at level: 80
08-30 19:05:31.797 10290 10448 I [SC]ConfigurationItemDataManager: getFilePath : configurationName = scloud_temporary_backup
08-30 19:05:31.803 10223 10223 D TSLTokenProviderImpl: Initializing Token Share Manager
08-30 19:05:31.804 10223 10223 D TSLTokenProviderImpl: Check if this IsTSLDebugMode
08-30 19:05:31.805 10223 10223 D TokenSharingManager_v1.6.4: Library works in release mode
08-30 19:05:31.817 10223 10223 E AppHost.Android: Low memory. Level : 5. System may start killing background processes.
08-30 19:05:31.819 10223 10223 E AppHost.Android: Low memory. Level : 40. System may start killing background processes.
08-30 19:05:31.820  1408  1496 I libprocessgroup: Successfully killed process cgroup uid 10229 pid 5867 in 5ms
08-30 19:05:31.823  9947  9947 D TokenSharingManager_v1.6.6: Connected to com.microsoft.office.officehubrow
08-30 19:05:31.824  1408  3581 D SemWifiUsabilityStatsMonitor: onWifiUsabilityStats - seqNum 46387, isSameBssidAndFreq true
08-30 19:05:31.825  1408  1774 I SemWifiLinkQualityMonitor: Link Qos Query: 0.111 ms / 72.105 Mbps (86 / 0.018 / 1.000)
08-30 19:05:31.826 10290 10426 I [SC]SamsungCloudApp: time elapsed to initialize SyncInitializer: 95
08-30 19:05:31.827 10290 10290 I [SC]SamsungCloudApp: onCreate: completed.
08-30 19:05:31.827 10223 10259 D PackageUtils_v1.6.4: Package com.microsoft.skydrive is signed with a0:79:42:15:27:8a:56:7e:88:7a:f6:cd:e0:15:a5:e8:84:14:ef:64:0f:7d:ab:38:55:a3:e7:79:65:8b:e7:78
08-30 19:05:31.839 10290 10290 I CapsuleProvider_1.0.24: releasing initialize wait lock.
08-30 19:05:31.841 10290 10290 I [SC]SbixbyProxy: Bixby 2.0 was activiated
08-30 19:05:31.850 10290 10442 I [SC]AbstractPatchDevice: Account or cert isn't exist
08-30 19:05:31.858 10226 10226 I OneAuth : OneAuth startup successful!
08-30 19:05:31.865 10290 10454 I [SC]EnqueueConfiguration: run.
08-30 19:05:31.867 10267 10281 W henticator:auth: Accessing hidden method Lsun/misc/Unsafe;->getAndAddLong(Ljava/lang/Object;JJ)J (max-target-r, reflection, denied)
08-30 19:05:31.868 10290 10443 I [SC]AbstractPatchDevice: Account or cert isn't exist
08-30 19:05:31.879 10290 10454 I [SC]SamsungCloudApp: getWorkManagerConfiguration
08-30 19:05:31.883  1408  9548 D system_server: mAFPC_Read - w = 1080, h = 2400, s = 8, f = 4, s_size = 10444800, luminance = 16, count = 2522, captureOrientation = 0
08-30 19:05:31.904  1408  5159 D PackageManager: setEnabledSetting : userId = 0 packageName = com.samsung.android.scloud cmp = androidx.work.impl.background.systemjob.SystemJobService newState = 1 callingPackage = 5009/com.samsung.android.scloud
08-30 19:05:31.906  1408  5159 D ApplicationPolicy: getApplicationStateEnabled : pkg = com.samsung.android.scloud userId : 0
08-30 19:05:31.907 10290 10468 I [SC][SamsungAccountService]: onServiceConnected.
08-30 19:05:31.907  1408  5159 D ApplicationPolicy: getApplicationComponentState : pkg = com.samsung.android.scloud userId : 0
08-30 19:05:31.913 10175 10191 I SamsungAccount: [OpenContentProvider]  URI : content://com.msc.openprovider.openContentProvider/tncRequest
08-30 19:05:31.913 10175 10191 I SamsungAccount: [AccountManagerUtil] isSamsungAccountSignedIn : true
08-30 19:05:31.913 10175 10191 I SamsungAccount: [SignatureCheckUtil] runCheckSignatureWithEmptyId
08-30 19:05:31.913 10175 10191 I SamsungAccount: [SignatureCheckUtil] runCheckSignatureAsync
08-30 19:05:31.913 10175 10191 I SamsungAccount: [SignaturePreconditionChecker] getSignatureResult - fromSesSdk : true
08-30 19:05:31.913 10175 10191 I SamsungAccount: [SignatureInfoDbHelper] getSignatureResult - [][android.scloud.]
08-30 19:05:31.914 10175 10191 I SamsungAccount: [SignatureInfoHelper] getClientIdFromMetaData : [10/c27bh]
08-30 19:05:31.914 10175 10191 I SamsungAccount: [SignatureInfoDbHelper] searchOnUser
08-30 19:05:31.915 10290 10433 I [SC]AllowListBuilder: setDefaultAllowList
08-30 19:05:31.916 10175 10191 I SamsungAccount: [SignatureInfoDbHelper] searchOnUser - [10/c27bh][android.scloud.][64/3291d] => matched
08-30 19:05:31.916 10175 10191 I SamsungAccount: [SignatureInfoDbHelper] search - matched
08-30 19:05:31.916 10175 10191 I SamsungAccount: [SignatureCheckUtil] runCheckSignatureAsync(fromDb) - matched
08-30 19:05:31.921 10226 10480 I OneAuth : OneAuth discovering SSO accounts
08-30 19:05:31.923 10290 10468 I [SC][AccountSupplier]: isValidSamsungAccount: name: 0 email: 0
08-30 19:05:31.926  1408  4366 D PackageManager: setEnabledSetting : userId = 0 packageName = com.skype.raider cmp = com.microsoft.tokenshare.TokenSharingService newState = 2 callingPackage = 10295/com.skype.raider
08-30 19:05:31.933 10175 10191 I SamsungAccount: [OpenContentProvider]  URI : content://com.msc.openprovider.openContentProvider/tncRequest
08-30 19:05:31.934 10175 10191 I SamsungAccount: [AccountManagerUtil] isSamsungAccountSignedIn : true
08-30 19:05:31.934 10175 10191 I SamsungAccount: [SignatureCheckUtil] runCheckSignatureWithEmptyId
08-30 19:05:31.934 10175 10191 I SamsungAccount: [SignatureCheckUtil] runCheckSignatureAsync
08-30 19:05:31.934 10175 10191 I SamsungAccount: [SignaturePreconditionChecker] getSignatureResult - fromSesSdk : true
08-30 19:05:31.934 10175 10191 I SamsungAccount: [SignatureInfoDbHelper] getSignatureResult - [][android.scloud.]
08-30 19:05:31.934 10175 10191 I SamsungAccount: [SignatureInfoHelper] getClientIdFromMetaData : [10/c27bh]
08-30 19:05:31.934 10175 10191 I SamsungAccount: [SignatureInfoDbHelper] searchOnUser
08-30 19:05:31.939   690   690 W keymaster_tee: [WRN]begin req PARAMS: A32 B2 P64
08-30 19:05:31.939  8622  8635 W ProviderHelper: Unknown dynamite feature providerinstaller.dynamite
08-30 19:05:31.940 10175 10191 I SamsungAccount: [SignatureInfoDbHelper] searchOnUser - [10/c27bh][android.scloud.][64/3291d] => matched
08-30 19:05:31.940 10175 10191 I SamsungAccount: [SignatureInfoDbHelper] search - matched
08-30 19:05:31.940 10175 10191 I SamsungAccount: [SignatureCheckUtil] runCheckSignatureAsync(fromDb) - matched
08-30 19:05:31.944  1408  1665 D PackageManager: setEnabledSetting : userId = 0 packageName = com.skype.raider cmp = com.microsoft.tokenshare.TokenSharingService newState = 0 callingPackage = 10295/com.skype.raider
08-30 19:05:31.944  1408  1665 D ApplicationPolicy: getApplicationStateEnabled : pkg = com.skype.raider userId : 0
08-30 19:05:31.945  1408  1665 D ApplicationPolicy: getApplicationComponentState : pkg = com.skype.raider userId : 0
08-30 19:05:31.949  9947  9947 D PackageUtils_v1.6.6: Package com.skype.raider is signed with 7d:53:93:51:ca:39:c2:7c:a7:06:40:9e:5a:9b:6b:06:2d:b9:bf:8d:c3:d8:ca:a6:13:70:67:ae:7f:68:b5:e7
08-30 19:05:31.962 10223 10350 I Registry:  initFile - END
08-30 19:05:31.962 10223 10350 I Registry:  Is DB Population completed : false
08-30 19:05:31.962 10223 10350 I Registry:  init - END
08-30 19:05:31.973 10290 10434 I FirebaseApp: Device unlocked: initializing all Firebase APIs for app [DEFAULT]
08-30 19:05:31.974 12555 12555 I SCS@AiSearch user 0: (SearchProvider) onTrimMemory(): 60
08-30 19:05:31.974 10223 10223 E AppHost.Android: Low memory. Level : 40. System may start killing background processes.
08-30 19:05:31.976 10226 10226 I ReactApp: onTrimMemory level: 5
08-30 19:05:31.983  8163  8163 I Finsky  : [2] tff.onTrimMemory(13): Memory trim requested to level 60
08-30 19:05:31.983  8163  8163 I Finsky  : [2] nbm.accept(57): Flushing in-memory image cache
08-30 19:05:31.986 10290 10472 I [SC]SecMediaChangeMonitor: onStartMonitoring
08-30 19:05:31.986  9947  9947 D TokenSharingManager_v1.6.6: Connected to com.skype.raider
08-30 19:05:31.987 27719 27742 W Bugle   : TextClassifierLibManagerImpl: Reclaiming memory at level: 80
08-30 19:05:31.997 10290 10468 I [SC][AccountSupplier]: isValidSamsungAccount: name: 0 email: 0
08-30 19:05:31.998   911   911 I Zygote  : Process 5867 exited due to signal 9 (Killed)
08-30 19:05:32.001  1408  1496 I libprocessgroup: Successfully killed process cgroup uid 10294 pid 7984 in 6ms
08-30 19:05:32.004   690   690 W keymaster_tee: [WRN]begin req PARAMS: A32 B2 P64
08-30 19:05:32.011 10290 10448 I [SC]CtbConfigurationManager: initialized : 1693415132011
08-30 19:05:32.013 10175 10191 I SamsungAccount: [AIDLInterfaceBinder] [InAIDL] registerCallback start
08-30 19:05:32.013 10175 10191 I SamsungAccount: [AIDLInterfaceBinder] [InAIDL] REG_CALLING_PACKAGE : android.scloud.
08-30 19:05:32.013 10175 10191 I SamsungAccount: [AIDLInterfaceBinder] [InAIDL] registerCallback start. Package = android.scloud.
08-30 19:05:32.013 10175 10191 I SamsungAccount: [CBM] CallbackManager
08-30 19:05:32.013 10175 10191 I SamsungAccount: [CBM] [InAIDL-CallbackManager] registerCallback
08-30 19:05:32.013 10175 10191 I SamsungAccount: [CBM] [InAIDL-CallbackManager] checkRegisterCallbackCondition
08-30 19:05:32.013 10175 10191 I SamsungAccount: [CBM] [InAIDL-CallbackManager]getRegistrationCodeIfAlreadyRegistered
08-30 19:05:32.014 10175 10191 I SamsungAccount: [CBM] [InAIDL-CallbackManager]Success registerCallback
08-30 19:05:32.014 10175 10191 I SamsungAccount: [AIDLInterfaceBinder] [InAIDL] registerCallback end. registrationCode :Y29tLnNhbXN1bmcuYW5kcm9pZC5zY2xvdWQx Package = android.scloud.
08-30 19:05:32.014 10290 10468 I [SC][SamsungAccountService]: ServiceConnection: onServiceConnected. Y29tLnNhbXN1bmcuYW5kcm9pZC5zY2xvdWQx
08-30 19:05:32.014 10290 10468 I [SC][SamsungAccountService]: ServiceConnection: onServiceConnected. request.
08-30 19:05:32.014 10175 10191 I SamsungAccount: [AIDLInterfaceBinder] [InAIDL] requestAccesstoken
08-30 19:05:32.015 10175 10191 I SamsungAccount: [AIDLInterfaceBinder] [InAIDL] BundleInfo = [ additional:user_id,cc,api_server_url,auth_server_url,login_id, scope:galaxystore.openapi]
08-30 19:05:32.015 10175 10191 I SamsungAccount: [AIDLInterfaceBinder] [InAIDL] checkRequestCondition
08-30 19:05:32.015 10290 10458 I [SC]CtbDeviceRepository: updateSiopLevel. siopLevel: -1
08-30 19:05:32.015 10175 10191 I SamsungAccount: [CBM] [InAIDL-CallbackManager]getCallbackInfo
08-30 19:05:32.020 10175 10191 I SamsungAccount: [CBM] [InAIDL-CallbackManager]getCallbackInfo
08-30 19:05:32.021 10175 10191 I SamsungAccount: [AIDLInterfaceBinder] [InAIDL]Start AccessTokenRunnable Thread. package = android.scloud.
08-30 19:05:32.021 10175 10191 I SamsungAccount: [PermissionsUtils] checkPrivilegedPhonePermissionOfCallingPackage
08-30 19:05:32.021 10226 10226 I ReactApp: dumpMemoryUsage [BeforeOnTrim] JavaUsedMemInMB=6 MB JavaMaxHeapSizeInMB=256 MB JavaAvailHeapSizeInMB=250 MB
08-30 19:05:32.021 10226 10226 I ReactApp: SysTotalMem=7,551,086,592 SysAvailMem=2,946,342,912 Threshold=408,944,640 InLowMem=false
08-30 19:05:32.021 10226 10226 I ReactApp: dalvikPss=2,534 KB dalvikPrivateDirty=2,508 KB dalvikSharedDirty=984 KB
08-30 19:05:32.021 10226 10226 I ReactApp: nativePss=3,547 KB nativePrivateDirty=3,536 KB nativeSharedDirty=1,164 KB
08-30 19:05:32.021 10226 10226 I ReactApp: otherPss=40,983 KB otherPrivateDirty=7,652 KB otherSharedDirty=13,372 KB
08-30 19:05:32.021 10226 10226 I ReactApp: summary.java-heap=7,168 KB summary.native-heap=3,536 KB summary.code=31,428 KB summary.stack=648 KB summary.graphics=0 KB summary.private-other=1,744 KB summary.system=3,030 KB summary.total-pss=47,554 KB summary.total-swap=33,124 KB
08-30 19:05:32.022 10226 10226 I ReactApp: onTrimMemory flush Fresco in-memory cache FG mode. level=5
08-30 19:05:32.022 10175 10191 I SamsungAccount: [PermissionsUtils] hasPrivilegedPhonePermission : true
08-30 19:05:32.022 10175 10191 I SamsungAccount: [CBM] [InAIDL-CallbackManager]getCallbackInfo
08-30 19:05:32.022 10175 10191 I SamsungAccount: [CBM] setCurrentRequestType :1
08-30 19:05:32.023 10223 10380 D CompatibilityChangeReporter: Compat change id reported: 194532703; UID 10278; state: ENABLED
08-30 19:05:32.025 10226 10226 I Choreographer: Skipped 38 frames!  The application may be doing too much work on its main thread.
08-30 19:05:32.029 10226 10226 I ReactApp: onTrimMemory level: 40
08-30 19:05:32.041  9947 10495 D TokenSharingManager_v1.6.6: Fetched accounts from com.skype.raider
08-30 19:05:32.041  9947  9947 D TokenSharingManager_v1.6.6: Disconnecting from com.skype.raider
08-30 19:05:32.065 10226 10226 I ReactApp: dumpMemoryUsage [BeforeOnTrim] JavaUsedMemInMB=6 MB JavaMaxHeapSizeInMB=256 MB JavaAvailHeapSizeInMB=250 MB
08-30 19:05:32.065 10226 10226 I ReactApp: SysTotalMem=7,551,086,592 SysAvailMem=2,941,349,888 Threshold=408,944,640 InLowMem=false
08-30 19:05:32.065 10226 10226 I ReactApp: dalvikPss=2,534 KB dalvikPrivateDirty=2,508 KB dalvikSharedDirty=984 KB
08-30 19:05:32.065 10226 10226 I ReactApp: nativePss=3,547 KB nativePrivateDirty=3,536 KB nativeSharedDirty=1,164 KB
08-30 19:05:32.065 10226 10226 I ReactApp: otherPss=40,983 KB otherPrivateDirty=7,652 KB otherSharedDirty=13,372 KB
08-30 19:05:32.065 10226 10226 I ReactApp: summary.java-heap=7,168 KB summary.native-heap=3,536 KB summary.code=31,428 KB summary.stack=648 KB summary.graphics=0 KB summary.private-other=1,744 KB summary.system=3,030 KB summary.total-pss=47,554 KB summary.total-swap=33,124 KB
08-30 19:05:32.065 10226 10226 I ReactApp: onTrimMemory flush Fresco in-memory cache BG mode. level=40
08-30 19:05:32.069 10290 10456 I [SC][DEPENDENCY][LIB][Internet][RPC]: contentUri: content://com.sec.android.app.sbrowser.sync.setting.provider
08-30 19:05:32.076 10290 10456 I [SC][DEPENDENCY][LIB][Internet]: is created
08-30 19:05:32.077 10290 10456 I [SC][DEPENDENCY][Contacts]: is created
08-30 19:05:32.087 10290 10504 I [SC]ConfigurationManager: getBackupSupportPolicy : scloud-backup-ctb-transfer
08-30 19:05:32.088 10290 10434 I SmpLog  : [SMP] init. S:true P:SPP_ONLY_MODE A:a
08-30 19:05:32.088 10175 10500 I SamsungAccount: [AbstractProcessRunnable] [InAIDL-AbstractProcessRunnable]isAvailableRunningProcess start Package = android.scloud.
08-30 19:05:32.089 10290 10456 I [SC][DEPENDENCY][STD][Reminder]: is created
08-30 19:05:32.090 10175 10500 I SamsungAccount: [NetworkStateUtil] == networkStateCheck == true
08-30 19:05:32.090 10175 10500 I SamsungAccount: [AccountManagerUtil] isSamsungAccountSignedIn : true
08-30 19:05:32.092 10290 10504 I [SC]CtbConfigurationManager: initialized : 1693415132092
08-30 19:05:32.092 10290 10454 I [SC]CtbConfigurationManager: get : 1693415132092
08-30 19:05:32.096   690   690 W keymaster_tee: [WRN]begin req PARAMS: A32 B2 P64
08-30 19:05:32.098 10290 10456 I [SC][DEPENDENCY][STD][Samsung Notes]: is created
08-30 19:05:32.101 10290 10451 I [SC]KeyStoreDisabler: Disable Keystore
08-30 19:05:32.102 10226 10481 D nativeloader: Configuring classloader-namespace for system apk /system/framework/com.android.media.remotedisplay.jar. target_sdk_version=34, uses_libraries=ALL, library_path=/data/app/~~eQIEnN1FQKWMkfCHc9K-vg==/com.google.android.gms-2DgikQz5C3iTu5qt2b_yTg==/lib/arm64:/data/app/~~eQIEnN1FQKWMkfCHc9K-vg==/com.google.android.gms-2DgikQz5C3iTu5qt2b_yTg==/base.apk!/lib/arm64-v8a:/system/lib64:/system_ext/lib64, permitted_path=/data:/mnt/expand:/data/user/0/com.google.android.gms:/system/lib64:/system_ext/lib64
08-30 19:05:32.102 10226 10481 D nativeloader: Extending system_exposed_libraries: lib.engmodejni.samsung.so:libSecEmbms.telephony.samsung.so:libsce_v1.crypto.samsung.so:libSFEffect.fonteffect.samsung.so:libBeauty_v4.camera.samsung.so:libexifa.camera.samsung.so:libjpega.camera.samsung.so:libOpenCv.camera.samsung.so:libVideoClassifier.camera.samsung.so:libtensorflowLite.dynamic_viewing.camera.samsung.so:libImageScreener.camera.samsung.so:libMyFilter.camera.samsung.so:libtflite2.myfilters.camera.samsung.so:libCandidSnapJNI.camera.samsung.so:libHIDTSnapJNI.camera.samsung.so:libSmartScan.camera.samsung.so:libRectify.camera.samsung.so:libDocRectifyWrapper.camera.samsung.so:libUltraWideDistortionCorrection.camera.samsung.so:libHpr_RecGAE_cvFeature_v1.0.camera.samsung.so:libHprFace_GAE_api.camera.samsung.so:libFace_Landmark_API.camera.samsung.so:libHprFace_GAE_jni.camera.samsung.so:libFacialBasedSelfieCorrection.camera.samsung.so:libcolor_engine.camera.samsung.so:libDLInterface_aidl.camera.samsung.so:libObjectDetector_v1.camera.samsung.so:libImageTagger.camera.
08-30 19:05:32.104 10223 10259 D TokenSharingService_v1.6.4: Binding request is approved from com.microsoft.skydrive, MS app = true, debug mode = false
08-30 19:05:32.106 10175 10500 I SamsungAccount: [DbManagerV2] getDataState : VALID
08-30 19:05:32.107 10175 10500 I SamsungAccount: [SignatureCheckUtil] runCheckSignatureAsync
08-30 19:05:32.107 10175 10500 I SamsungAccount: [SignaturePreconditionChecker] getSignatureResult - fromSesSdk : false
08-30 19:05:32.107 10175 10500 I SamsungAccount: [SignatureInfoDbHelper] getSignatureResult - [10/c27bh][android.scloud.]
08-30 19:05:32.107 10175 10500 I SamsungAccount: [SignatureInfoDbHelper] searchOnUser
08-30 19:05:32.107 10290 10456 E [SC]SyncDependencyFactory: [E] dependency meta data not found: com.samsung.android.app.memo
08-30 19:05:32.107 10290 10456 E [SC]SyncDependencyFactory: [E] dependency meta data not found: com.samsung.android.snote
08-30 19:05:32.108 10290 10456 I [SC][DEPENDENCY][SNote]: is created
08-30 19:05:32.110 10290 10456 I [SC][DEPENDENCY][Samsung Pass]: is created
08-30 19:05:32.112 10290 10456 E [SC]SyncDependencyFactory: [E] dependency meta data not found: com.samsung.android.app.pinboard
08-30 19:05:32.112 10290 10456 I [SC][DEPENDENCY][Scrapbook]: is created
08-30 19:05:32.123 10175 10500 I SamsungAccount: [SignatureInfoDbHelper] searchOnUser - [10/c27bh][android.scloud.][64/3291d] => matched
08-30 19:05:32.123 10175 10500 I SamsungAccount: [SignatureInfoDbHelper] search - matched
08-30 19:05:32.123 10175 10500 I SamsungAccount: [SignatureCheckUtil] runCheckSignatureAsync(fromDb) - matched
08-30 19:05:32.123 10175 10500 I SamsungAccount: [AbstractProcessRunnable] [InAIDL-AbstractProcessRunnable]isAvailableRunningProcess end. Package = android.scloud.
08-30 19:05:32.123 10175 10500 I SamsungAccount: [AccessTokenRunnable] [InAIDL-AccessTokenRunnable]runProcess start. Package = android.scloud.
08-30 19:05:32.124 10175 10500 I SamsungAccount: [StateCheckUtil] isGoogleLinked = true
08-30 19:05:32.124 10175 10500 I SamsungAccount: [AccessTokenRunnable] check_basic_profile = false needToCheckServer = false
08-30 19:05:32.129 10223 10223 E AppHost.Android: Low memory. Level : 40. System may start killing background processes.
08-30 19:05:32.129 12555 12555 I SCS@AiSearch user 0: (SearchProvider) onTrimMemory(): 60
08-30 19:05:32.130  8163  8163 I Finsky  : [2] tff.onTrimMemory(13): Memory trim requested to level 60
08-30 19:05:32.130  8163  8163 I Finsky  : [2] nbm.accept(57): Flushing in-memory image cache
08-30 19:05:32.138 10175 10500 I SamsungAccount: [DeviceManager] salesCode : TOP
08-30 19:05:32.138 10175 10500 I SamsungAccount: [DeviceManager] isNewLduProdCode : false
08-30 19:05:32.138 10175 10500 I SamsungAccount: [CountryCodeUtil] isChinaCountryCode : false
08-30 19:05:32.138 10175 10500 I SamsungAccount: [ChinaPermissionUtil] isChnSecurityPopupNeeded - false
08-30 19:05:32.138  9947  9979 D PackageUtils_v1.6.6: Package com.skype.raider is signed with 7d:53:93:51:ca:39:c2:7c:a7:06:40:9e:5a:9b:6b:06:2d:b9:bf:8d:c3:d8:ca:a6:13:70:67:ae:7f:68:b5:e7
08-30 19:05:32.138  9947  9979 D TokenSharingService_v1.6.6: Binding request is approved from com.skype.raider, MS app = true, debug mode = false
08-30 19:05:32.139 10175 10500 I SamsungAccount: [StateCheckUtil] isChildAccount : false
08-30 19:05:32.139 10175 10500 I SamsungAccount: [AccessTokenRunnable] [InAIDL-AccessTokenRunnable]isAccessTokenReusable. Package = android.scloud.
08-30 19:05:32.140 10226 10226 I ReactApp: onTrimMemory level: 40
08-30 19:05:32.143 10226 10368 W ReactContext: initializeMessageQueueThreads() is called.
08-30 19:05:32.144 10226 10226 I ReactApp: dumpMemoryUsage [BeforeOnTrim] JavaUsedMemInMB=7 MB JavaMaxHeapSizeInMB=256 MB JavaAvailHeapSizeInMB=249 MB
08-30 19:05:32.144 10226 10226 I ReactApp: SysTotalMem=7,551,086,592 SysAvailMem=2,950,090,752 Threshold=408,944,640 InLowMem=false
08-30 19:05:32.144 10226 10226 I ReactApp: dalvikPss=2,534 KB dalvikPrivateDirty=2,508 KB dalvikSharedDirty=984 KB
08-30 19:05:32.144 10226 10226 I ReactApp: nativePss=3,547 KB nativePrivateDirty=3,536 KB nativeSharedDirty=1,164 KB
08-30 19:05:32.144 10226 10226 I ReactApp: otherPss=40,983 KB otherPrivateDirty=7,652 KB otherSharedDirty=13,372 KB
08-30 19:05:32.144 10226 10226 I ReactApp: summary.java-heap=7,168 KB summary.native-heap=3,536 KB summary.code=31,428 KB summary.stack=648 KB summary.graphics=0 KB summary.private-other=1,744 KB summary.system=3,030 KB summary.total-pss=47,554 KB summary.total-swap=33,124 KB
08-30 19:05:32.145 10226 10226 I ReactApp: onTrimMemory flush Fresco in-memory cache BG mode. level=40
08-30 19:05:32.146 10175 10500 I SamsungAccount: [StateCheckUtil] isOverIntervalTime, renewTimeStamp = false
08-30 19:05:32.146 10175 10500 I SamsungAccount: [AccessTokenRunnable] [InAIDL-AccessTokenRunnable]checkAndSetAccessToken. Package = android.scloud.
08-30 19:05:32.146 10175 10500 I SamsungAccount: [AccessToken] getAccessTokenInfo
08-30 19:05:32.151 10290 10563 E [SC][DEPENDENCY][LIB][Internet][RPC]: [E] Unknown authority com.sec.android.app.sbrowser.sync.setting.provider
08-30 19:05:32.151 10290 10563 I [SC][DEPENDENCY][LIB][Internet][RPC]: isSupported: true
08-30 19:05:32.152 10290 10553 E [SC]SyncPolicyManager: [E] com.samsung.android.app.pinboard is not installed
08-30 19:05:32.156 10290 10555 I [SC]BaseSyncUtil: com.android.bluetooth isSupported: true, isEnabled: true
08-30 19:05:32.156 10290 10562 I [SC][DEPENDENCY][Wi-Fi]: mum user id: 0, is guest user: false
08-30 19:05:32.157 10290 10562 I [SC]BaseSyncUtil: com.android.settings isSupported: true, isEnabled: true
08-30 19:05:32.158 10290 10554 E [SC]SyncPolicyManager: [E] com.samsung.android.app.memo is not installed
08-30 19:05:32.158 10290 10557 I [SC]DeviceUtil: hasSepLiteSpec: false
08-30 19:05:32.158 10290 10559 E [SC]SyncPolicyManager: [E] com.samsung.android.snote is not installed
08-30 19:05:32.162  1408  4260 D SyncManager: userId - 0 auto - true
08-30 19:05:32.162 10290 10557 I [SC]MediaApi: isSyncAutomatically(): master sync: true
08-30 19:05:32.164 10290 10557 I [SC]MediaApi: isSyncAutomatically(), false
08-30 19:05:32.167 10226 10481 D nativeloader: Configuring classloader-namespace for system apk /system/framework/com.android.location.provider.jar. target_sdk_version=34, uses_libraries=ALL, library_path=/data/app/~~eQIEnN1FQKWMkfCHc9K-vg==/com.google.android.gms-2DgikQz5C3iTu5qt2b_yTg==/lib/arm64:/data/app/~~eQIEnN1FQKWMkfCHc9K-vg==/com.google.android.gms-2DgikQz5C3iTu5qt2b_yTg==/base.apk!/lib/arm64-v8a:/system/lib64:/system_ext/lib64, permitted_path=/data:/mnt/expand:/data/user/0/com.google.android.gms:/system/lib64:/system_ext/lib64
08-30 19:05:32.167 10226 10481 D nativeloader: Extending system_exposed_libraries: lib.engmodejni.samsung.so:libSecEmbms.telephony.samsung.so:libsce_v1.crypto.samsung.so:libSFEffect.fonteffect.samsung.so:libBeauty_v4.camera.samsung.so:libexifa.camera.samsung.so:libjpega.camera.samsung.so:libOpenCv.camera.samsung.so:libVideoClassifier.camera.samsung.so:libtensorflowLite.dynamic_viewing.camera.samsung.so:libImageScreener.camera.samsung.so:libMyFilter.camera.samsung.so:libtflite2.myfilters.camera.samsung.so:libCandidSnapJNI.camera.samsung.so:libHIDTSnapJNI.camera.samsung.so:libSmartScan.camera.samsung.so:libRectify.camera.samsung.so:libDocRectifyWrapper.camera.samsung.so:libUltraWideDistortionCorrection.camera.samsung.so:libHpr_RecGAE_cvFeature_v1.0.camera.samsung.so:libHprFace_GAE_api.camera.samsung.so:libFace_Landmark_API.camera.samsung.so:libHprFace_GAE_jni.camera.samsung.so:libFacialBasedSelfieCorrection.camera.samsung.so:libcolor_engine.camera.samsung.so:libDLInterface_aidl.camera.samsung.so:libObjectDetector_v1.camera.samsung.so:libImageTagger.camera.
08-30 19:05:32.171   911   911 D Zygote  : Forked child process 10570
08-30 19:05:32.172 10290 10567 I [SC]SyncPackageRemoved: execute: com.samsung.android.SmartClip
08-30 19:05:32.172 10290 10567 I [SC]SyncSettingManager: getCategory: com.samsung.android.SmartClip
08-30 19:05:32.173 10290 10552 I [SC]BaseSyncUtil: com.samsung.android.aremoji isSupported: true, isEnabled: true
08-30 19:05:32.181 10223 10223 E AppHost.Android: Low memory. Level : 40. System may start killing background processes.
08-30 19:05:32.181  8163  8163 I Finsky  : [2] tff.onTrimMemory(13): Memory trim requested to level 60
08-30 19:05:32.181 13474 13474 I [PASS][CMN]DrawableCache: clearData LruCache[maxSize=32768,hits=0,misses=0,hitRate=0%]
08-30 19:05:32.181  8163  8163 I Finsky  : [2] nbm.accept(57): Flushing in-memory image cache
08-30 19:05:32.182 12555 12555 I SCS@AiSearch user 0: (SearchProvider) onTrimMemory(): 60
08-30 19:05:32.186 13474 10035 I [PASS][SPASS]SettingDBProvider: call
08-30 19:05:32.189   911   911 D Zygote  : Forked child process 10576
08-30 19:05:32.190 10570 10570 E id.app.reminder: Not starting debugger since process cannot load the jdwp agent.
08-30 19:05:32.193 10290 10560 I [SC]SyncSettingManager: getCategory: com.samsung.android.samsungpass.scloud
08-30 19:05:32.196 10570 10570 D ActivityThread: setConscryptValidator
08-30 19:05:32.196 10570 10570 D ActivityThread: setConscryptValidator - put
08-30 19:05:32.202 10290 10560 I [SC]SyncSettingManager: setSyncStatus: SyncStatusVo{authority='com.samsung.android.samsungpass.scloud', state='INACTIVE', errorCode='999'}
08-30 19:05:32.203 10290 10560 I [SC]SyncSettingManager: getContentVo: com.samsung.android.samsungpass.scloud, d4FjaEWIDx
08-30 19:05:32.205 10576 10576 E droid.app.notes: Not starting debugger since process cannot load the jdwp agent.
08-30 19:05:32.209 10576 10576 D ActivityThread: setConscryptValidator
08-30 19:05:32.209 10290 10560 I [SC]SyncProvision: provisioning of Samsung Pass is done
08-30 19:05:32.209 10576 10576 D ActivityThread: setConscryptValidator - put
08-30 19:05:32.213 10267 10281 D PackageUtils_v0.1.2022110701: Package com.microsoft.skydrive is signed with a0:79:42:15:27:8a:56:7e:88:7a:f6:cd:e0:15:a5:e8:84:14:ef:64:0f:7d:ab:38:55:a3:e7:79:65:8b:e7:78
08-30 19:05:32.220 10226 10481 D nativeloader: Configuring classloader-namespace for system apk /system/system_ext/framework/org.carconnectivity.android.digitalkey.rangingintent.jar. target_sdk_version=34, uses_libraries=ALL, library_path=/data/app/~~eQIEnN1FQKWMkfCHc9K-vg==/com.google.android.gms-2DgikQz5C3iTu5qt2b_yTg==/lib/arm64:/data/app/~~eQIEnN1FQKWMkfCHc9K-vg==/com.google.android.gms-2DgikQz5C3iTu5qt2b_yTg==/base.apk!/lib/arm64-v8a:/system/lib64:/system_ext/lib64, permitted_path=/data:/mnt/expand:/data/user/0/com.google.android.gms:/system/lib64:/system_ext/lib64
08-30 19:05:32.220 10226 10481 D nativeloader: Extending system_exposed_libraries: lib.engmodejni.samsung.so:libSecEmbms.telephony.samsung.so:libsce_v1.crypto.samsung.so:libSFEffect.fonteffect.samsung.so:libBeauty_v4.camera.samsung.so:libexifa.camera.samsung.so:libjpega.camera.samsung.so:libOpenCv.camera.samsung.so:libVideoClassifier.camera.samsung.so:libtensorflowLite.dynamic_viewing.camera.samsung.so:libImageScreener.camera.samsung.so:libMyFilter.camera.samsung.so:libtflite2.myfilters.camera.samsung.so:libCandidSnapJNI.camera.samsung.so:libHIDTSnapJNI.camera.samsung.so:libSmartScan.camera.samsung.so:libRectify.camera.samsung.so:libDocRectifyWrapper.camera.samsung.so:libUltraWideDistortionCorrection.camera.samsung.so:libHpr_RecGAE_cvFeature_v1.0.camera.samsung.so:libHprFace_GAE_api.camera.samsung.so:libFace_Landmark_API.camera.samsung.so:libHprFace_GAE_jni.camera.samsung.so:libFacialBasedSelfieCorrection.camera.samsung.so:libcolor_engine.camera.samsung.so:libDLInterface_aidl.camera.samsung.so:libObjectDetector_v1.camera.samsung.so:libImageTagger.camera.
08-30 19:05:32.225 10576 10576 D CompatibilityChangeReporter: Compat change id reported: 171979766; UID 10285; state: ENABLED
08-30 19:05:32.226  1055  1088 I heimdall: insert_task_to_group:67, insert tgid 10576 to group com.samsung.android.app.notes, ret = 0
08-30 19:05:32.239 10226 10481 D nativeloader: Configuring classloader-namespace for system apk /system/system_ext/framework/org.carconnectivity.android.digitalkey.secureelement.jar. target_sdk_version=34, uses_libraries=ALL, library_path=/data/app/~~eQIEnN1FQKWMkfCHc9K-vg==/com.google.android.gms-2DgikQz5C3iTu5qt2b_yTg==/lib/arm64:/data/app/~~eQIEnN1FQKWMkfCHc9K-vg==/com.google.android.gms-2DgikQz5C3iTu5qt2b_yTg==/base.apk!/lib/arm64-v8a:/system/lib64:/system_ext/lib64, permitted_path=/data:/mnt/expand:/data/user/0/com.google.android.gms:/system/lib64:/system_ext/lib64
08-30 19:05:32.239 10226 10481 D nativeloader: Extending system_exposed_libraries: lib.engmodejni.samsung.so:libSecEmbms.telephony.samsung.so:libsce_v1.crypto.samsung.so:libSFEffect.fonteffect.samsung.so:libBeauty_v4.camera.samsung.so:libexifa.camera.samsung.so:libjpega.camera.samsung.so:libOpenCv.camera.samsung.so:libVideoClassifier.camera.samsung.so:libtensorflowLite.dynamic_viewing.camera.samsung.so:libImageScreener.camera.samsung.so:libMyFilter.camera.samsung.so:libtflite2.myfilters.camera.samsung.so:libCandidSnapJNI.camera.samsung.so:libHIDTSnapJNI.camera.samsung.so:libSmartScan.camera.samsung.so:libRectify.camera.samsung.so:libDocRectifyWrapper.camera.samsung.so:libUltraWideDistortionCorrection.camera.samsung.so:libHpr_RecGAE_cvFeature_v1.0.camera.samsung.so:libHprFace_GAE_api.camera.samsung.so:libFace_Landmark_API.camera.samsung.so:libHprFace_GAE_jni.camera.samsung.so:libFacialBasedSelfieCorrection.camera.samsung.so:libcolor_engine.camera.samsung.so:libDLInterface_aidl.camera.samsung.so:libObjectDetector_v1.camera.samsung.so:libImageTagger.camera.
08-30 19:05:32.243 10290 10557 I [SC]MediaApi: isWiFiOnly(), res - true
08-30 19:05:32.243 10290 10557 I [SC]SyncSettingManager: getCategory: media
08-30 19:05:32.245 10226 10481 W ziparchive: Unable to open '/system_ext/framework/org.carconnectivity.android.digitalkey.timesync.dm': No such file or directory
08-30 19:05:32.245 10226 10481 W ziparchive: Unable to open '/system_ext/framework/org.carconnectivity.android.digitalkey.timesync.dm': No such file or directory
08-30 19:05:32.248 10226 10481 D nativeloader: Configuring classloader-namespace for system apk /system_ext/framework/org.carconnectivity.android.digitalkey.timesync.jar. target_sdk_version=34, uses_libraries=ALL, library_path=/data/app/~~eQIEnN1FQKWMkfCHc9K-vg==/com.google.android.gms-2DgikQz5C3iTu5qt2b_yTg==/lib/arm64:/data/app/~~eQIEnN1FQKWMkfCHc9K-vg==/com.google.android.gms-2DgikQz5C3iTu5qt2b_yTg==/base.apk!/lib/arm64-v8a:/system/lib64:/system_ext/lib64, permitted_path=/data:/mnt/expand:/data/user/0/com.google.android.gms:/system/lib64:/system_ext/lib64
08-30 19:05:32.248 10226 10481 D nativeloader: Extending system_exposed_libraries: lib.engmodejni.samsung.so:libSecEmbms.telephony.samsung.so:libsce_v1.crypto.samsung.so:libSFEffect.fonteffect.samsung.so:libBeauty_v4.camera.samsung.so:libexifa.camera.samsung.so:libjpega.camera.samsung.so:libOpenCv.camera.samsung.so:libVideoClassifier.camera.samsung.so:libtensorflowLite.dynamic_viewing.camera.samsung.so:libImageScreener.camera.samsung.so:libMyFilter.camera.samsung.so:libtflite2.myfilters.camera.samsung.so:libCandidSnapJNI.camera.samsung.so:libHIDTSnapJNI.camera.samsung.so:libSmartScan.camera.samsung.so:libRectify.camera.samsung.so:libDocRectifyWrapper.camera.samsung.so:libUltraWideDistortionCorrection.camera.samsung.so:libHpr_RecGAE_cvFeature_v1.0.camera.samsung.so:libHprFace_GAE_api.camera.samsung.so:libFace_Landmark_API.camera.samsung.so:libHprFace_GAE_jni.camera.samsung.so:libFacialBasedSelfieCorrection.camera.samsung.so:libcolor_engine.camera.samsung.so:libDLInterface_aidl.camera.samsung.so:libObjectDetector_v1.camera.samsung.so:libImageTagger.camera.
08-30 19:05:32.253 10290 10557 I [SC]SyncSettingManager: setIsSyncable: media, 1
08-30 19:05:32.253 10290 10564 I [SC]SyncSettingManager: getCategory: com.android.calendar
08-30 19:05:32.253 10290 10557 I [SC]SyncSettingManager: setSyncStatus: SyncStatusVo{authority='media', state='INACTIVE', errorCode='999'}
08-30 19:05:32.253 10290 10557 I [SC]SyncSettingManager: getContentVo: media, phzej3S76k
08-30 19:05:32.256 10290 10555 I [SC]SyncSettingManager: getCategory: com.samsung.bt.btservice.btsettingsprovider
08-30 19:05:32.256 10290 10562 I [SC]SyncSettingManager: getCategory: com.android.settings.wifiprofilesync
08-30 19:05:32.256 10290 10552 I [SC]SyncSettingManager: getCategory: com.samsung.android.aremoji.cloud
08-30 19:05:32.257 10290 10563 I [SC]SyncSettingManager: getCategory: com.sec.android.app.sbrowser
08-30 19:05:32.257 10290 10551 I [SC]SyncSettingManager: getCategory: com.android.contacts
08-30 19:05:32.257 10290 10564 I [SC]SyncSettingManager: getIsSyncable: com.android.calendar
08-30 19:05:32.259 10290 10557 I [SC]SyncProvision: provisioning of Gallery is done
08-30 19:05:32.264 10226 10481 D nativeloader: Configuring classloader-namespace for other apk /data/app/~~eQIEnN1FQKWMkfCHc9K-vg==/com.google.android.gms-2DgikQz5C3iTu5qt2b_yTg==/base.apk. target_sdk_version=34, uses_libraries=, library_path=/data/app/~~eQIEnN1FQKWMkfCHc9K-vg==/com.google.android.gms-2DgikQz5C3iTu5qt2b_yTg==/lib/arm64:/data/app/~~eQIEnN1FQKWMkfCHc9K-vg==/com.google.android.gms-2DgikQz5C3iTu5qt2b_yTg==/base.apk!/lib/arm64-v8a, permitted_path=/data:/mnt/expand:/data/user/0/com.google.android.gms
08-30 19:05:32.264 10570 10570 D CompatibilityChangeReporter: Compat change id reported: 171979766; UID 10200; state: ENABLED
08-30 19:05:32.264  1055  1088 I heimdall: insert_task_to_group:67, insert tgid 10570 to group com.samsung.android.app.reminder, ret = 0
08-30 19:05:32.269 10290 10555 I [SC]SyncSettingManager: getIsSyncable: com.samsung.bt.btservice.btsettingsprovider
08-30 19:05:32.270 10290 10524 I SmpLog  : [SMP] Test mode: false, v:3.3.3.3, com.samsung.android.scloud
08-30 19:05:32.271 10290 10524 I SmpLog  : [SMP] ptype:fcm, token:...yN (163), D:null, U:null, S:false, M:null, P:SPP_ONLY_MODE
08-30 19:05:32.274 10290 10562 I [SC]SyncSettingManager: getIsSyncable: com.android.settings.wifiprofilesync
08-30 19:05:32.278 10290 10552 I [SC]SyncSettingManager: getIsSyncable: com.samsung.android.aremoji.cloud
08-30 19:05:32.280 10290 10563 I [SC]SyncSettingManager: getIsSyncable: com.sec.android.app.sbrowser
08-30 19:05:32.281 10290 10569 I [SC]SyncPackageRemoved: execute: com.samsung.android.snoteprovider4
08-30 19:05:32.281 10290 10569 I [SC]SyncSettingManager: getCategory: com.samsung.android.snoteprovider4
08-30 19:05:32.283 10290 10524 I SmpLog  : [SMP] SEND BR : smp init success
08-30 19:05:32.287 10226 10481 V NativeCrypto: Registering com/google/android/gms/org/conscrypt/NativeCrypto's 295 native methods...
08-30 19:05:32.296 10290 10551 I [SC]SyncSettingManager: getIsSyncable: com.android.contacts
08-30 19:05:32.296  1408  1772 D SemNscXgbMsL1: Probability - Cloud gaming: [0.09996737]
08-30 19:05:32.296  1408  1772 D SemNscXgbMsL1: Probability - Real time: [0.13983351]
08-30 19:05:32.296  1408  1772 D SemNscXgbMsL1: Probability - Non real time: [0.94348097]
08-30 19:05:32.296  1408  1772 D SemNscXgbMsL1: 1 sample inference time: 0.220654 msecs
08-30 19:05:32.297  1408  1772 D SemNscXgbL2Rt: L2 RT 1 sample inference time: 0.418077 msecs
08-30 19:05:32.297  1408  1772 D SemNscXgbL2Nrt: L2 NRT 1 sample inference time: 0.305615 msecs
08-30 19:05:32.300 10223 10347 I TSLTokenProviderImpl: Count of TSL accounts returned = 1
08-30 19:05:32.301 10223 10259 I TSLTokenProviderImpl: Count of TSL accounts returned = 1
08-30 19:05:32.303  9947 10464 D TokenSharingManager_v1.6.6: Fetched accounts from com.microsoft.office.officehubrow
08-30 19:05:32.303  9947 10464 V OneAuthLog: [OneAuth:Verbose:5nqk7:00000000-0000-0000-0000-000000000000] End reading accounts from TSL
08-30 19:05:32.303  9947 10464 V OneAuthLog: [OneAuth:Verbose:5nqk9:00000000-0000-0000-0000-000000000000] Start to read refresh token from TSL
08-30 19:05:32.307 10175 10500 I SamsungAccount: [RBIVO] getStringFormAdditionalBundleKey : expired_access_token
08-30 19:05:32.308 10175 10500 I SamsungAccount: [AccessTokenRunnable] expiredAccessToken is Empty. curTimeSec=1693415132, TimeGap=6377
08-30 19:05:32.308 10175 10500 I SamsungAccount: [AccessTokenRunnable] IsTokenReusable : true
08-30 19:05:32.308 10175 10500 I SamsungAccount: [AccessTokenRunnable] Accesstoken is reusable and isNeedToCheckServer is false
08-30 19:05:32.308 10175 10500 I SamsungAccount: [DbManagerV2] getMccFromDB
08-30 19:05:32.308 10175 10500 I SamsungAccount: [DbManagerV2] getDataV02ForItems : MCC from Db
08-30 19:05:32.311 10290 10564 I [SC]SyncSettingManager: setSyncStatus: SyncStatusVo{authority='com.android.calendar', state='INACTIVE', errorCode='999'}
08-30 19:05:32.312 10290 10564 I [SC]SyncSettingManager: getContentVo: com.android.calendar, 8kLTKS0V1y
08-30 19:05:32.316   690   690 W keymaster_tee: [WRN]begin req PARAMS: A32 B2 P64
08-30 19:05:32.320  9947 10464 D PackageUtils_v1.6.6: Package com.microsoft.office.officehubrow is signed with b9:25:13:6f:3e:a7:c0:a1:95:16:90:a1:ab:31:39:10:da:81:f4:09:94:a8:53:42:ec:62:28:88:f1:28:70:51
08-30 19:05:32.321  9947 10464 D TokenSharingManager_v1.6.6: Connecting to com.microsoft.office.officehubrow ver:1.6.4
08-30 19:05:32.322 10290 10555 I [SC]SyncSettingManager: setSyncStatus: SyncStatusVo{authority='com.samsung.bt.btservice.btsettingsprovider', state='INACTIVE', errorCode='999'}
08-30 19:05:32.326  9947  9947 D TokenSharingManager_v1.6.6: Connected to com.microsoft.office.officehubrow
08-30 19:05:32.329  1408  1496 I libprocessgroup: Successfully killed process cgroup uid 1000 pid 9060 in 5ms
08-30 19:05:32.332 10223 10259 D PackageUtils_v1.6.4: Package com.microsoft.skydrive is signed with a0:79:42:15:27:8a:56:7e:88:7a:f6:cd:e0:15:a5:e8:84:14:ef:64:0f:7d:ab:38:55:a3:e7:79:65:8b:e7:78
08-30 19:05:32.332 10223 10259 D TokenSharingService_v1.6.4: Binding request is approved from com.microsoft.skydrive, MS app = true, debug mode = false
08-30 19:05:32.333  9947 10495 D TokenSharingManager_v1.6.6: Fetched token from com.microsoft.office.officehubrow
08-30 19:05:32.334 10290 10555 I [SC]SyncSettingManager: getContentVo: com.samsung.bt.btservice.btsettingsprovider, BhjdLP0vkK
08-30 19:05:32.335 13474 13474 I [PASS][CMN]DrawableCache: clearData LruCache[maxSize=32768,hits=0,misses=0,hitRate=0%]
08-30 19:05:32.336  9947  9947 E TokenSharingManager_v1.6.6: unbind() called without a matching bind() call for com.microsoft.office.officehubrow
08-30 19:05:32.341  9947 10464 V OneAuthLog: [OneAuth:Verbose:5nqla:00000000-0000-0000-0000-000000000000] End reading refresh token from TSL
08-30 19:05:32.342  9947 10464 V OneAuthLog: [OneAuth:Verbose:6k1zf:ceef4d98-c6ba-4097-9228-1638fad81934] Start to read from account store
08-30 19:05:32.342  9947 10464 V OneAuthLog: [OneAuth:Verbose:6k1zg:ceef4d98-c6ba-4097-9228-1638fad81934] Read from account store succeeded
08-30 19:05:32.343  9947  9947 D TokenSharingManager_v1.6.6: Disconnecting from com.microsoft.office.officehubrow
08-30 19:05:32.349 10290 10562 I [SC]SyncSettingManager: setSyncStatus: SyncStatusVo{authority='com.android.settings.wifiprofilesync', state='INACTIVE', errorCode='999'}
08-30 19:05:32.350 18584 18584 I ResourceOverlayService_0: waitAndQuit called
08-30 19:05:32.350 18584 18584 I ResourceOverlayService_0: activity user id 0 process id 0
08-30 19:05:32.350 10290 10562 I [SC]SyncSettingManager: getContentVo: com.android.settings.wifiprofilesync, wYJPhxEsaA
08-30 19:05:32.353 10290 10552 I [SC]SyncSettingManager: setSyncStatus: SyncStatusVo{authority='com.samsung.android.aremoji.cloud', state='INACTIVE', errorCode='999'}
08-30 19:05:32.354 10576 10576 W ziparchive: Unable to open '/system/framework/SmpsManager.dm': No such file or directory
08-30 19:05:32.354 10576 10576 W ziparchive: Unable to open '/system/framework/SmpsManager.dm': No such file or directory
08-30 19:05:32.354 10290 10552 I [SC]SyncSettingManager: getContentVo: com.samsung.android.aremoji.cloud, k6M02It8oQ
