08-30 19:05:26.697  9691  9716 I TestRunner: started: scrollTest(com.example.benchmark.ExampleStartupBenchmark)
08-30 19:05:26.706  1054  2920 I SurfaceFlinger: id=87218 createSurf flag=80004, WindowToken{a95d239 type=2032 android.os.Binder@abeea00}#87218
08-30 19:05:26.710  9691  9716 I GrantPermissionCallable: Permission: android.permission.READ_EXTERNAL_STORAGE is already granted!
08-30 19:05:26.710  9691  9716 I GrantPermissionCallable: Permission: android.permission.WRITE_EXTERNAL_STORAGE is already granted!
08-30 19:05:26.716 28622 28680 I ftcc    : (REDACTED) #onAccessibilityStateChanged enabled: %s
08-30 19:05:26.716 28622 28694 I ftcc    : #onChange
08-30 19:05:26.717 28622 28694 I cswn    : #FCF: onChange
08-30 19:05:26.717 28622 28694 I cswr    : (REDACTED) FCF System FeatureName to check: %s
08-30 19:05:26.717 28622 28694 I cswr    : (REDACTED) FCF: Device model check status : %s
08-30 19:05:26.717 28622 28696 I cswo    : FCF A11y Checker - readyForTngMa
08-30 19:05:26.718 28622 28678 I ctty    : (REDACTED) #isBluetoothOrWiredHeadsetConnected Number of connected audio devices: %s
08-30 19:05:26.718 28622 28694 I csvx    : (REDACTED) #FCF: Assistant primary locale : %s
08-30 19:05:26.718 28622 28678 I csxn    : (REDACTED) #FCF: Headset Connected Status: %s
08-30 19:05:26.718 28622 28694 I csvx    : (REDACTED) #FCF: Assistant Primary locale check status : %s
08-30 19:05:26.718 28622 28677 I csza    : (REDACTED) #FCF: Demo mode check status : %s
08-30 19:05:26.718 28622 28678 I cszb    : (REDACTED) #FCF: Managed profile check status : %s
08-30 19:05:26.720 28622 28695 I cszd    : (REDACTED) [%d] productivity accounts setup for current account.
08-30 19:05:26.721 27008 27045 I bjhg    : NGA disabled since it's running Panthera and at least one a11y feature is on.
08-30 19:05:26.721 27008 27045 I bjhg    : (REDACTED) Nga state changed to %s
08-30 19:05:26.727 27008  9721 I aojg    : (REDACTED) Successfully received auth token for scope: %s in time %d ms
08-30 19:05:26.729 27008  9720 I aojg    : (REDACTED) Successfully received auth token for scope: %s in time %d ms
08-30 19:05:26.729 27008  9719 I aojg    : (REDACTED) Successfully received auth token for scope: %s in time %d ms
08-30 19:05:26.730 28622 28677 I zdc     : (REDACTED) Nga on-device enabled based on TNG:MA active state: %b
08-30 19:05:26.730 28622 28677 I zdc     : (REDACTED) Nga on-device enabled based on TNG:MA active state: %b
08-30 19:05:26.730 28622 28677 I zdc     : Unsubscribed to apa or classic variant change.
08-30 19:05:26.734  4188  4188 I AiAiCaptions: onReceive(): Battery saver mode turned on.
08-30 19:05:26.736  4354  4354 I [+0200]oneconnect[1.8.05.24_01][CORE]: QcManagerReceiver.onReceive - action: android.os.action.POWER_SAVE_MODE_CHANGED
08-30 19:05:26.741  1408  3178 W LocationManagerService: onFreezeStateChanged, uid[10244]=false
08-30 19:05:26.742  2245 19476 W BtGatt.GattService: unfreezeScan() - No AppScanStats found with uid: 10244
08-30 19:05:26.746  1872  1872 I AODTileStateController: onReceive: BR = [android.os.action.POWER_SAVE_MODE_CHANGED]
08-30 19:05:26.747  1872  1872 I AODTileStateController: requestListeningState:
08-30 19:05:26.748  8622  8622 I PersonalSafety: Settings changed. [CONTEXT service_id=310 ]
08-30 19:05:26.751  1872  1872 D TileServices: Couldn't find tile for ComponentInfo{com.samsung.android.app.aodservice/com.samsung.android.app.aodservice.settings.AODTileService}
08-30 19:05:26.751  1872  1872 D TileServices: Couldn't find tile for ComponentInfo{com.samsung.android.app.aodservice/com.samsung.android.app.aodservice.settings.AODTileService}
08-30 19:05:26.751  1872  1872 D TileServices: Couldn't find tile for ComponentInfo{com.samsung.android.app.aodservice/com.samsung.android.app.aodservice.settings.AODTileService}
08-30 19:05:26.751  1872  1872 D TileServices: Couldn't find tile for ComponentInfo{com.samsung.android.app.aodservice/com.samsung.android.app.aodservice.settings.AODTileService}
08-30 19:05:26.751  1872  1872 D TileServices: Couldn't find tile for ComponentInfo{com.samsung.android.app.aodservice/com.samsung.android.app.aodservice.settings.AODTileService}
08-30 19:05:26.751  1872  1872 D TileServices: Couldn't find tile for ComponentInfo{com.samsung.android.app.aodservice/com.samsung.android.app.aodservice.settings.AODTileService}
08-30 19:05:26.751  1872  1872 D TileServices: Couldn't find tile for ComponentInfo{com.samsung.android.app.aodservice/com.samsung.android.app.aodservice.settings.AODTileService}
08-30 19:05:26.751  1872  1872 D TileServices: Couldn't find tile for ComponentInfo{com.samsung.android.app.aodservice/com.samsung.android.app.aodservice.settings.AODTileService}
08-30 19:05:26.751  1872  1872 D TileServices: Couldn't find tile for ComponentInfo{com.samsung.android.app.aodservice/com.samsung.android.app.aodservice.settings.AODTileService}
08-30 19:05:26.752  5275  5447 E msgr.msys: E[N mccw.liger]onReadError(501)=>read/error
08-30 19:05:26.752  5275  5404 E msgr.msys: E[N WA]_WCCXMPPStreamDisconnectHandler(222)=>xmpp/disconnect: Error Domain=MCCWLigerStream Code=2
08-30 19:05:26.752  5275  5474 E msgr.msys: E[N MQTT]readErr(148)=>TCPStreamTransport readErr
08-30 19:05:26.752  5275  5474 E msgr.msys: E[N MQTT]onReadError(648)=>LigerBasedStreamTransport onReadError
08-30 19:05:26.756  2245 19476 W BtGatt.GattService: unfreezeScan() - No AppScanStats found with uid: 10299
08-30 19:05:26.760  1408  3178 W LocationManagerService: onFreezeStateChanged, uid[10299]=false
08-30 19:05:26.763 28622 28694 I ctbq    : (REDACTED) #FCF evaluate: %s
08-30 19:05:26.763 28622 28694 I ctbq    : (REDACTED) TngMaStatusChecker#evaluateInternal completed in %s millis
08-30 19:05:26.763 28622 28694 I csln    : (REDACTED) TNG:MA status updated: %s
08-30 19:05:26.763 28622 28694 I csln    : TNG:MA became ineligible, client should disconnect
08-30 19:05:26.764 28622 28694 I csln    : #disconnectAndStop - preventing double stop
08-30 19:05:26.764 28622 28694 I ctbq    : #invalidationSource: adding saa update checker
08-30 19:05:26.764 28622 28694 I ctbq    : #invalidationSource: adding headset checker
08-30 19:05:26.766  8622  6273 I NearbySharing: (REDACTED) Power Save is already %s, skipping invalidate
08-30 19:05:26.768  8622  6273 I NearbySharing: (REDACTED) Screen is already %s, skipping invalidate
08-30 19:05:26.776 27008 27145 I bjmb    : Trying to enqueue PieTriggeringWorker
08-30 19:05:26.777 28622 28622 I aads    : (REDACTED) eventData = %s
08-30 19:05:26.777 28622 28693 I zqo     : Logging success flow
08-30 19:05:26.788  1408  1408 I SemExecuteManagerService: handleMessage: MSG_START_SCAN received. Start scanning.
08-30 19:05:26.789  5275  5399 E msgr.msys: E[S sync]_createResponseError(195)=>Network Response 9a8ee847-85d9-4129-9464-bb6448c62696 contains sync error Error Domain=mqtt Code=2002 - Underlying error (null): Error Domain=mqtt Code=2002
08-30 19:05:26.790  5275  5404 E msgr.msys: E[N data-request]_HandleDataResponse(1782)=>Data request error for task 85a9797f-2323-488c-977c-ffe4f8dbd08e (response type 1): (null)
08-30 19:05:26.792  5275  5275 W msgr.MobileConfigFactoryImpl: SESSIONLESS factory used for 2 param
08-30 19:05:26.793  9691  9716 D Benchmark: Usable output directory: /storage/emulated/0/Android/media/com.example.benchmark
08-30 19:05:26.793  9691  9716 D Benchmark: Output Directory: /sdcard/Android/media/com.example.benchmark/additional_test_output
08-30 19:05:26.793  5275  5275 W msgr.MobileConfigFactoryImpl: SESSIONLESS factory used for 2 param
08-30 19:05:26.797  5275  5399 E msgr.msys: E[S sync]_createResponseError(195)=>Network Response efe4064e-96fa-4f20-b2ee-6315bb9756b3 contains sync error Error Domain=mqtt Code=2002 - Underlying error (null): Error Domain=mqtt Code=2002
08-30 19:05:26.797  1408  1808 D NetdEventListenerService: DNS Requested by : 142, 10299, 7, true
08-30 19:05:26.800  5275  5399 E msgr.msys: E[S sync]_createResponseError(195)=>Network Response 3287ae5f-3bac-425b-946d-8b025323268b contains sync error Error Domain=mqtt Code=2002 - Underlying error (null): Error Domain=mqtt Code=2002
08-30 19:05:26.802 27008 27145 I bjmb    : Trying to enqueue PieTriggeringWorker
08-30 19:05:26.803  5275  5399 E msgr.msys: E[S sync]_createResponseError(195)=>Network Response d9ef3c8d-ee9d-45d4-a4cd-ae3d51e53c38 contains sync error Error Domain=mqtt Code=2002 - Underlying error (null): Error Domain=mqtt Code=2002
08-30 19:05:26.804 28622 28622 I aads    : (REDACTED) eventData = %s
08-30 19:05:26.806  5275  5399 E msgr.msys: E[S sync]_createResponseError(195)=>Network Response f30d22ef-f6b4-4b43-80f5-1a12fbffcdd2 contains sync error Error Domain=mqtt Code=2002 - Underlying error (null): Error Domain=mqtt Code=2002
08-30 19:05:26.807  4148 31473 W MediaProvider: isAppCloneUserPair for user 0: false
08-30 19:05:26.809  5275  5399 E msgr.msys: E[S sync]_createResponseError(195)=>Network Response 45cd0ff9-5c85-4f3e-a46a-148de1944238 contains sync error Error Domain=mqtt Code=2002 - Underlying error (null): Error Domain=mqtt Code=2002
08-30 19:05:26.810  4148 31473 V MediaProvider: Inserted id:1000011152 less than next row id backup:1000012000.
08-30 19:05:26.812  5275  5399 E msgr.msys: E[S task_queue_handling]MCDLightSpeedTaskExecutorNetworkCompletionCallback(1017)=>Handling send error for taskId=27549 batchSize=1 queue=contact_sharing_settings
08-30 19:05:26.812  5275  5399 E msgr.msys: E[S send]_MCDEpochCreateByData(272)=>Failed to find an existing network_requests row ( queue name = (null), sync database id = -1, network task identifier = 85a9797f-2323-488c-977c-ffe4f8dbd08e): Error Domain=Facebook_MCD_epoch Code=200004
08-30 19:05:26.812  5275  5399 E msgr.msys: E[S task_queue_processing]_handleServerSendNetworkErrorResponse(389)=>Task executor failed to create epoch by network task identifier: Error Domain=Facebook_MCD_epoch Code=200004
08-30 19:05:26.814  1408  4349 D SyncManager: userId - 0 auto - true
08-30 19:05:26.854  4148 31471 I MediaProvider: Deleted 0 0 0 0 0 0 1 items on external_primary due to com.example.benchmark
08-30 19:05:26.854  1408  2566 D SyncManager: userId - 0 auto - true
08-30 19:05:26.885  1408  1408 I AccessibilityManagerService: semIsAccessibilityServiceEnabled()
08-30 19:05:26.885  1408  1408 I AccessibilityManagerService: accesibilityService is null
08-30 19:05:26.885  1408  1408 I AccessibilityManagerService: semIsAccessibilityServiceEnabled()
08-30 19:05:26.885  1408  1408 I AccessibilityManagerService: accesibilityService is null
08-30 19:05:26.885  1408  1408 D AS.AudioService: Accessibility volume enabled = false
08-30 19:05:26.885  9691  9716 D Benchmark: Killing process com.example.uianaliticscompose
08-30 19:05:26.885  1872  1872 V Navbar.Store: handleEvent(0) OnNavBarUpdateA11YService(clickable=false, longClickable=false) [Module] NavigationBar
08-30 19:05:26.885  1872  1872 V Navbar.Store: [Band]SETUPWIZARD_PACK_UPDATE_A11Y_SERVICE
08-30 19:05:26.886  6374  6374 V SafetyCenterAccessibilityListener: accessibility event occurred, safety center feature not enabled.
08-30 19:05:26.916  2285  2285 D RegisteredServicesCache: invalidateCache : 0
08-30 19:05:26.919  2285  2285 E ApduServiceInfo: Not adding <aid-group> with empty or invalid AIDs
08-30 19:05:26.919  2285  2285 I NfcKnoxUtil: isNFCAllowed is called for userId - 0
08-30 19:05:26.919  1852  1852 D CarrierSvcBindHelper: onHandleForceStop: [com.example.uianaliticscompose]
08-30 19:05:26.919  2285  2285 D NfcKnoxUtil: NFC checking for 0
08-30 19:05:26.919  1852  1852 D CarrierSvcBindHelper: No carrier app for: 0
08-30 19:05:26.919  1852  1852 D CarrierSvcBindHelper: No carrier app for: 1
08-30 19:05:26.920  2285  2285 W NfcKnoxUtil:  container manager null for 0
08-30 19:05:26.920  2285  2285 I NfcKnoxUtil: allow NFC for 0
08-30 19:05:26.920  2285  2285 D RegisteredOtherServicesCache: invalidate : 0
08-30 19:05:26.920  2285  2285 I RegisteredOtherServicesCache: current user: 0, is managed profile : false, is dual profile : false
08-30 19:05:26.921  2285  2285 I CardEmulationManager: current user id : 0, is managed profile : false, is dual profile : false verify install : false
08-30 19:05:26.922  2285  2285 I RegisteredAidCache:  user id = 0
08-30 19:05:26.922  2285  2285 I RegisteredAidCache:  user id = 150
08-30 19:05:26.924  2285  2285 I RegisteredAidCache: aidInfo: 0
08-30 19:05:26.924  2285  2285 I RegisteredAidCache: aidInfo: 0
08-30 19:05:26.924  2285  2285 I RegisteredAidCache: aidInfo: 0
08-30 19:05:26.924  2285  2285 I RegisteredAidCache: aidInfo: 0
08-30 19:05:26.924  2285  2285 I RegisteredAidCache: aidInfo: 0
08-30 19:05:26.924  2285  2285 I RegisteredAidCache: aidInfo: 0
08-30 19:05:26.924  2285  2285 D AidRoutingManager: support iso7816 protocol route
08-30 19:05:26.924  2285  2285 D AidRoutingManager: getRouteForNfcExecutionEnvironment : SIM1
08-30 19:05:26.924  2285  2285 D AidRoutingManager: defaultRoute(this) : 0x2, defaultRoute(Cache) : 0x2
08-30 19:05:26.924  2285  2285 D AidRoutingManager: [seList] - add default route : 0x2
08-30 19:05:26.924  2285  2285 D AidRoutingManager: [seList] - add route : 0x0
08-30 19:05:26.924  2285  2285 D AidRoutingManager: entry changed : false
08-30 19:05:26.924  2285  2285 D AidRoutingManager: power changed : false
08-30 19:05:26.924  2285  2285 D AidRoutingManager: route changed : false
08-30 19:05:26.924  2285  2285 D AidRoutingManager: routing update is not required
08-30 19:05:26.924  9691  9716 D Benchmark: Resetting com.example.uianaliticscompose
08-30 19:05:26.924  2285  2285 D RegisteredNfcFServicesCache: Service unchanged, not updating
08-30 19:05:26.925  2321  2338 I SecureElementService: SEReader getReaders()
08-30 19:05:26.925  2321  2338 D SecureElementService: getReaders() for com.android.nfc
08-30 19:05:26.925  2321  2338 I SecureElementService: SEReader getReaders()
08-30 19:05:26.925  2321  2338 D SecureElementService: getReaders() for com.android.nfc
08-30 19:05:26.927  2321  2338 I SecureElementService: SEReader getReaders()
08-30 19:05:26.927  2321  2338 D SecureElementService: getReaders() for com.android.nfc
08-30 19:05:26.927  2321  2338 I SecureElementService: SEReader getReaders()
08-30 19:05:26.927  2321  2338 D SecureElementService: getReaders() for com.android.nfc
08-30 19:05:26.932  4148 31472 W MediaProvider: isAppCloneUserPair for user 0: false
08-30 19:05:26.933  4148 31472 V MediaProvider: Inserted id:1000011153 less than next row id backup:1000012000.
08-30 19:05:26.937  1408  2566 D SyncManager: userId - 0 auto - true
08-30 19:05:26.987  1408  2566 D SyncManager: userId - 0 auto - true
08-30 19:05:26.987  4148 29457 I MediaProvider: Deleted 0 0 0 0 0 0 1 items on external_primary due to com.example.benchmark
08-30 19:05:26.995  9691  9716 D Benchmark: Copying APK to /data/local/tmp/com.example.uianaliticscompose-1693415126995.apk
08-30 19:05:26.998  4148 29751 W MediaProvider: isAppCloneUserPair for user 0: false
08-30 19:05:26.998  4148 29751 V MediaProvider: Inserted id:1000011154 less than next row id backup:1000012000.
08-30 19:05:27.001  1408  2566 D SyncManager: userId - 0 auto - true
08-30 19:05:27.071  4148 31467 I MediaProvider: Deleted 0 0 0 0 0 0 1 items on external_primary due to com.example.benchmark
08-30 19:05:27.071  1408  2092 D SyncManager: userId - 0 auto - true
08-30 19:05:27.079  9691  9716 D Benchmark: Uninstalling com.example.uianaliticscompose
08-30 19:05:27.084  4148 31469 W MediaProvider: isAppCloneUserPair for user 0: false
08-30 19:05:27.086  4148 31469 V MediaProvider: Inserted id:1000011155 less than next row id backup:1000012000.
08-30 19:05:27.090  1408  2092 D SyncManager: userId - 0 auto - true
08-30 19:05:27.126  1408  1538 D ApplicationPolicy: getApplicationUninstallationEnabled
08-30 19:05:27.127  1408  1538 D ApplicationPolicy: getApplicationUninstallationEnabled :  enabled true
08-30 19:05:27.127  1408  1538 D ApplicationPolicy: getApplicationUninstallationEnabled
08-30 19:05:27.127  1408  1538 D ApplicationPolicy: getApplicationUninstallationEnabled :  enabled true
08-30 19:05:27.142  1244 11786 D installd: Found valid user 150
08-30 19:05:27.143  1408  1538 D PackageManager.SDP: Try removing package directory
08-30 19:05:27.143  1408  1538 D PackageManager.SDP: not Sdp package...
08-30 19:05:27.270  1408  1772 D SemNscXgbMsL1: Probability - Cloud gaming: [0.030762522]
08-30 19:05:27.270  1408  1772 D SemNscXgbMsL1: Probability - Real time: [0.012965039]
08-30 19:05:27.270  1408  1772 D SemNscXgbMsL1: Probability - Non real time: [0.9538829]
08-30 19:05:27.270  1408  1772 D SemNscXgbMsL1: 1 sample inference time: 0.232 msecs
08-30 19:05:27.271  1408  1772 D SemNscXgbL2Rt: L2 RT 1 sample inference time: 0.448923 msecs
08-30 19:05:27.271  1408  1772 D SemNscXgbL2Nrt: L2 NRT 1 sample inference time: 0.384038 msecs
08-30 19:05:27.295  1408  1538 W EnterpriseLicenseService: updateAdminPermissions() :com.sec.android.app.shealth
08-30 19:05:27.295  1408  1538 I PackageManager: setLicensePermissions
08-30 19:05:27.295  1408  1538 I PackageManager: setLicensePermissions : packageName = com.sec.android.app.shealth(com.android.server.utils.WatchedArrayMap@d6ffd01f)
08-30 19:05:27.296  1408  1538 D EnterpriseLicenseService: getPermissions() - deserializeObject
08-30 19:05:27.309 12555 13051 I SCS@AiSearch user 0: (AppsDataWorker) [androidx.work-3] entering in doWork():
08-30 19:05:27.309 12555 13051 I SCS@AiSearch user 0: (AppsDataObserver) [androidx.work-3] entering in execute():
08-30 19:05:27.309 12555 13051 I SCS@AiSearch user 0: (AppsDataObserver-CMD_UPDATE_LIST) changed package count: 1
08-30 19:05:27.338  1408  1483 W system_server: Long monitor contention with owner PackageManager (1538) at void com.android.server.pm.PackageManagerService$PackageManagerInternalImpl.writePermissionSettings(int[], boolean)(PackageManagerService.java:8044) waiters=0 in com.android.server.pm.Computer com.android.server.pm.PackageManagerService.snapshotComputer() for 192ms
08-30 19:05:27.339 18584 18584 I ResourceOverlayService_0: waitAndQuit called
08-30 19:05:27.341 18584 18584 I ResourceOverlayService_0: activity user id 0 process id 0
08-30 19:05:27.414  1408  1528 E JavaBinder: *** Uncaught remote exception!  (Exceptions are not yet supported across processes.)
08-30 19:05:27.414  1408  1528 E JavaBinder: java.lang.RuntimeException: android.os.RemoteException: No packages for uid
08-30 19:05:27.414  1408  1528 E JavaBinder: 	at android.os.Parcel.writeException(Parcel.java:2808)
08-30 19:05:27.414  1408  1528 E JavaBinder: 	at android.os.Binder.execTransactInternal(Binder.java:1340)
08-30 19:05:27.414  1408  1528 E JavaBinder: 	at android.os.Binder.execTransact(Binder.java:1280)
08-30 19:05:27.414  1408  1528 E JavaBinder: 	at android.os.BinderProxy.transactNative(Native Method)
08-30 19:05:27.414  1408  1528 E JavaBinder: 	at android.os.BinderProxy.transact(BinderProxy.java:653)
08-30 19:05:27.414  1408  1528 E JavaBinder: 	at android.security.maintenance.IKeystoreMaintenance$Stub$Proxy.clearNamespace(IKeystoreMaintenance.java:396)
08-30 19:05:27.414  1408  1528 E JavaBinder: 	at android.security.AndroidKeyStoreMaintenance.clearNamespace(AndroidKeyStoreMaintenance.java:121)
08-30 19:05:27.414  1408  1528 E JavaBinder: 	at com.android.server.pm.AppDataHelper.clearKeystoreData(AppDataHelper.java:683)
08-30 19:05:27.414  1408  1528 E JavaBinder: 	at com.android.server.pm.RemovePackageHelper.lambda$removePackageDataLIF$0(RemovePackageHelper.java:365)
08-30 19:05:27.414  1408  1528 E JavaBinder: 	at com.android.server.pm.RemovePackageHelper.$r8$lambda$CdLjf7T74SGi80Vbl4vCfcOfajM(Unknown Source:0)
08-30 19:05:27.414  1408  1528 E JavaBinder: 	at com.android.server.pm.RemovePackageHelper$$ExternalSyntheticLambda0.run(Unknown Source:4)
08-30 19:05:27.414  1408  1528 E JavaBinder: 	at android.os.Handler.handleCallback(Handler.java:942)
08-30 19:05:27.414  1408  1528 E JavaBinder: 	at android.os.Handler.dispatchMessage(Handler.java:99)
08-30 19:05:27.414  1408  1528 E JavaBinder: 	at android.os.Looper.loopOnce(Looper.java:226)
08-30 19:05:27.414  1408  1528 E JavaBinder: 	at android.os.Looper.loop(Looper.java:313)
08-30 19:05:27.414  1408  1528 E JavaBinder: 	at android.os.HandlerThread.run(HandlerThread.java:67)
08-30 19:05:27.414  1408  1528 E JavaBinder: 	at com.android.server.ServiceThread.run(ServiceThread.java:44)
08-30 19:05:27.414  1408  1528 E JavaBinder: Caused by: android.os.RemoteException: No packages for uid
08-30 19:05:27.414  1408  1528 E JavaBinder: 	at com.android.server.security.KeyAttestationApplicationIdProviderService.getKeyAttestationApplicationId(KeyAttestationApplicationIdProviderService.java:59)
08-30 19:05:27.414  1408  1528 E JavaBinder: 	at android.security.keymaster.IKeyAttestationApplicationIdProvider$Stub.onTransact(IKeyAttestationApplicationIdProvider.java:94)
08-30 19:05:27.414  1408  1528 E JavaBinder: 	at android.os.Binder.execTransactInternal(Binder.java:1321)
08-30 19:05:27.414  1408  1528 E JavaBinder: 	... 15 more
08-30 19:05:27.414   689 29461 W keystore_att_id: get_package_name : 10787, status is Status(-129, EX_TRANSACTION_FAILED): 'UNKNOWN_TRANSACTION: ', exception=-129
08-30 19:05:27.414   689 29461 D keystore_att_id: mpm == null
08-30 19:05:27.418  1408  1528 E JavaBinder: *** Uncaught remote exception!  (Exceptions are not yet supported across processes.)
08-30 19:05:27.418  1408  1528 E JavaBinder: java.lang.RuntimeException: android.os.RemoteException: No packages for uid
08-30 19:05:27.418  1408  1528 E JavaBinder: 	at android.os.Parcel.writeException(Parcel.java:2808)
08-30 19:05:27.418  1408  1528 E JavaBinder: 	at android.os.Binder.execTransactInternal(Binder.java:1340)
08-30 19:05:27.418  1408  1528 E JavaBinder: 	at android.os.Binder.execTransact(Binder.java:1280)
08-30 19:05:27.418  1408  1528 E JavaBinder: 	at android.os.BinderProxy.transactNative(Native Method)
08-30 19:05:27.418  1408  1528 E JavaBinder: 	at android.os.BinderProxy.transact(BinderProxy.java:653)
08-30 19:05:27.418  1408  1528 E JavaBinder: 	at android.security.maintenance.IKeystoreMaintenance$Stub$Proxy.clearNamespace(IKeystoreMaintenance.java:396)
08-30 19:05:27.418  1408  1528 E JavaBinder: 	at android.security.AndroidKeyStoreMaintenance.clearNamespace(AndroidKeyStoreMaintenance.java:121)
08-30 19:05:27.418  1408  1528 E JavaBinder: 	at com.android.server.pm.AppDataHelper.clearKeystoreData(AppDataHelper.java:683)
08-30 19:05:27.418  1408  1528 E JavaBinder: 	at com.android.server.pm.RemovePackageHelper.lambda$removePackageDataLIF$0(RemovePackageHelper.java:365)
08-30 19:05:27.418  1408  1528 E JavaBinder: 	at com.android.server.pm.RemovePackageHelper.$r8$lambda$CdLjf7T74SGi80Vbl4vCfcOfajM(Unknown Source:0)
08-30 19:05:27.418  1408  1528 E JavaBinder: 	at com.android.server.pm.RemovePackageHelper$$ExternalSyntheticLambda0.run(Unknown Source:4)
08-30 19:05:27.418  1408  1528 E JavaBinder: 	at android.os.Handler.handleCallback(Handler.java:942)
08-30 19:05:27.418  1408  1528 E JavaBinder: 	at android.os.Handler.dispatchMessage(Handler.java:99)
08-30 19:05:27.418  1408  1528 E JavaBinder: 	at android.os.Looper.loopOnce(Looper.java:226)
08-30 19:05:27.418  1408  1528 E JavaBinder: 	at android.os.Looper.loop(Looper.java:313)
08-30 19:05:27.418  1408  1528 E JavaBinder: 	at android.os.HandlerThread.run(HandlerThread.java:67)
08-30 19:05:27.418  1408  1528 E JavaBinder: 	at com.android.server.ServiceThread.run(ServiceThread.java:44)
08-30 19:05:27.418  1408  1528 E JavaBinder: Caused by: android.os.RemoteException: No packages for uid
08-30 19:05:27.418  1408  1528 E JavaBinder: 	at com.android.server.security.KeyAttestationApplicationIdProviderService.getKeyAttestationApplicationId(KeyAttestationApplicationIdProviderService.java:59)
08-30 19:05:27.418  1408  1528 E JavaBinder: 	at android.security.keymaster.IKeyAttestationApplicationIdProvider$Stub.onTransact(IKeyAttestationApplicationIdProvider.java:94)
08-30 19:05:27.418  1408  1528 E JavaBinder: 	at android.os.Binder.execTransactInternal(Binder.java:1321)
08-30 19:05:27.418  1408  1528 E JavaBinder: 	... 15 more
08-30 19:05:27.421   689 29461 W keystore_att_id: package manager request for key attestation ID failed with:  -129
08-30 19:05:27.429 12555 13051 I SCS@AiSearch user 0: (IndexManager) [androidx.work-3] entering in deleteIndex():  ids.size():1
08-30 19:05:27.429 12555 13051 I SCS@AiSearch user 0: (IndexManager) getIndexWriter(): indexName com.samsung.android.apps
08-30 19:05:27.429 12555 13051 I SCS@AiSearch user 0: (IndexManager) [DELETE] indexName=[com.samsung.android.apps], #ids= 1
08-30 19:05:27.430 12555 13051 I SCS@AiSearch user 0: (IndexSearcherManager) [androidx.work-3] entering in refreshSearcherManager():  refreshSearcherManager for com.samsung.android.apps
08-30 19:05:27.439 12555 13051 I SCS@AiSearch user 0: (IndexSearcherManager) [androidx.work-3] leaving from refreshSearcherManager():
08-30 19:05:27.439 12555 13051 I SCS@AiSearch user 0: (AppsDataObserver) [androidx.work-3] leaving from execute():  result is true
08-30 19:05:27.439 12555 13051 I SCS@AiSearch user 0: (AppsDataWorker) [androidx.work-3] leaving from doWork():
08-30 19:05:27.439 12555 12902 I SCS@AiSearch user 0: (IndexManager) [pool-14-thread-1] entering in commitIndexWriter():
08-30 19:05:27.440  1408  1538 D PackageManager: result of delete: 1{91467154}
08-30 19:05:27.440 12555 12589 I WM-WorkerWrapper: Worker result SUCCESS for Work [ id=90b13d8b-c41e-4d2a-87e6-e88929b374af, tags={ com.samsung.android.scs.ai.search.scheduling.workers.AppsDataWorker, CMD_UPDATE_LIST } ]
08-30 19:05:27.442   691   691 I android.hardware.keymaster@4.0-impl_strong: StrongBox: hardware/samsung_slsi/exynos/ssp/strongbox_keymaster/strongbox_device/StrongboxKeymaster4Device.cpp: addRngEntropy: 320
08-30 19:05:27.461   691   691 I StrongBox: StrongBox: ssp_hwctl_enable done. refcount(1)
08-30 19:05:27.487   691   691 I StrongBox: StrongBox: ssp_hwctl_disable done. refcount(0)
08-30 19:05:27.489  1408  1528 E JavaBinder: *** Uncaught remote exception!  (Exceptions are not yet supported across processes.)
08-30 19:05:27.489  1408  1528 E JavaBinder: java.lang.RuntimeException: android.os.RemoteException: No packages for uid
08-30 19:05:27.489  1408  1528 E JavaBinder: 	at android.os.Parcel.writeException(Parcel.java:2808)
08-30 19:05:27.489  1408  1528 E JavaBinder: 	at android.os.Binder.execTransactInternal(Binder.java:1340)
08-30 19:05:27.489  1408  1528 E JavaBinder: 	at android.os.Binder.execTransact(Binder.java:1280)
08-30 19:05:27.489  1408  1528 E JavaBinder: 	at android.os.BinderProxy.transactNative(Native Method)
08-30 19:05:27.489  1408  1528 E JavaBinder: 	at android.os.BinderProxy.transact(BinderProxy.java:653)
08-30 19:05:27.489  1408  1528 E JavaBinder: 	at android.security.maintenance.IKeystoreMaintenance$Stub$Proxy.clearNamespace(IKeystoreMaintenance.java:396)
08-30 19:05:27.489  1408  1528 E JavaBinder: 	at android.security.AndroidKeyStoreMaintenance.clearNamespace(AndroidKeyStoreMaintenance.java:121)
08-30 19:05:27.489  1408  1528 E JavaBinder: 	at com.android.server.pm.AppDataHelper.clearKeystoreData(AppDataHelper.java:683)
08-30 19:05:27.489  1408  1528 E JavaBinder: 	at com.android.server.pm.RemovePackageHelper.lambda$removePackageDataLIF$0(RemovePackageHelper.java:365)
08-30 19:05:27.489  1408  1528 E JavaBinder: 	at com.android.server.pm.RemovePackageHelper.$r8$lambda$CdLjf7T74SGi80Vbl4vCfcOfajM(Unknown Source:0)
08-30 19:05:27.489  1408  1528 E JavaBinder: 	at com.android.server.pm.RemovePackageHelper$$ExternalSyntheticLambda0.run(Unknown Source:4)
08-30 19:05:27.489  1408  1528 E JavaBinder: 	at android.os.Handler.handleCallback(Handler.java:942)
08-30 19:05:27.489  1408  1528 E JavaBinder: 	at android.os.Handler.dispatchMessage(Handler.java:99)
08-30 19:05:27.489  1408  1528 E JavaBinder: 	at android.os.Looper.loopOnce(Looper.java:226)
08-30 19:05:27.489  1408  1528 E JavaBinder: 	at android.os.Looper.loop(Looper.java:313)
08-30 19:05:27.489  1408  1528 E JavaBinder: 	at android.os.HandlerThread.run(HandlerThread.java:67)
08-30 19:05:27.489  1408  1528 E JavaBinder: 	at com.android.server.ServiceThread.run(ServiceThread.java:44)
08-30 19:05:27.489  1408  1528 E JavaBinder: Caused by: android.os.RemoteException: No packages for uid
08-30 19:05:27.489  1408  1528 E JavaBinder: 	at com.android.server.security.KeyAttestationApplicationIdProviderService.getKeyAttestationApplicationId(KeyAttestationApplicationIdProviderService.java:59)
08-30 19:05:27.489  1408  1528 E JavaBinder: 	at android.security.keymaster.IKeyAttestationApplicationIdProvider$Stub.onTransact(IKeyAttestationApplicationIdProvider.java:94)
08-30 19:05:27.489  1408  1528 E JavaBinder: 	at android.os.Binder.execTransactInternal(Binder.java:1321)
08-30 19:05:27.489  1408  1528 E JavaBinder: 	... 15 more
08-30 19:05:27.489   689   700 W keystore_att_id: get_package_name : 15010787, status is Status(-129, EX_TRANSACTION_FAILED): 'UNKNOWN_TRANSACTION: ', exception=-129
08-30 19:05:27.489   689   700 D keystore_att_id: mpm == null
08-30 19:05:27.490  1408  1528 E JavaBinder: *** Uncaught remote exception!  (Exceptions are not yet supported across processes.)
08-30 19:05:27.490  1408  1528 E JavaBinder: java.lang.RuntimeException: android.os.RemoteException: No packages for uid
08-30 19:05:27.490  1408  1528 E JavaBinder: 	at android.os.Parcel.writeException(Parcel.java:2808)
08-30 19:05:27.490  1408  1528 E JavaBinder: 	at android.os.Binder.execTransactInternal(Binder.java:1340)
08-30 19:05:27.490  1408  1528 E JavaBinder: 	at android.os.Binder.execTransact(Binder.java:1280)
08-30 19:05:27.490  1408  1528 E JavaBinder: 	at android.os.BinderProxy.transactNative(Native Method)
08-30 19:05:27.490  1408  1528 E JavaBinder: 	at android.os.BinderProxy.transact(BinderProxy.java:653)
08-30 19:05:27.490  1408  1528 E JavaBinder: 	at android.security.maintenance.IKeystoreMaintenance$Stub$Proxy.clearNamespace(IKeystoreMaintenance.java:396)
08-30 19:05:27.490  1408  1528 E JavaBinder: 	at android.security.AndroidKeyStoreMaintenance.clearNamespace(AndroidKeyStoreMaintenance.java:121)
08-30 19:05:27.490  1408  1528 E JavaBinder: 	at com.android.server.pm.AppDataHelper.clearKeystoreData(AppDataHelper.java:683)
08-30 19:05:27.490  1408  1528 E JavaBinder: 	at com.android.server.pm.RemovePackageHelper.lambda$removePackageDataLIF$0(RemovePackageHelper.java:365)
08-30 19:05:27.490  1408  1528 E JavaBinder: 	at com.android.server.pm.RemovePackageHelper.$r8$lambda$CdLjf7T74SGi80Vbl4vCfcOfajM(Unknown Source:0)
08-30 19:05:27.490  1408  1528 E JavaBinder: 	at com.android.server.pm.RemovePackageHelper$$ExternalSyntheticLambda0.run(Unknown Source:4)
08-30 19:05:27.490  1408  1528 E JavaBinder: 	at android.os.Handler.handleCallback(Handler.java:942)
08-30 19:05:27.490  1408  1528 E JavaBinder: 	at android.os.Handler.dispatchMessage(Handler.java:99)
08-30 19:05:27.490  1408  1528 E JavaBinder: 	at android.os.Looper.loopOnce(Looper.java:226)
08-30 19:05:27.490  1408  1528 E JavaBinder: 	at android.os.Looper.loop(Looper.java:313)
08-30 19:05:27.490  1408  1528 E JavaBinder: 	at android.os.HandlerThread.run(HandlerThread.java:67)
08-30 19:05:27.490  1408  1528 E JavaBinder: 	at com.android.server.ServiceThread.run(ServiceThread.java:44)
08-30 19:05:27.490  1408  1528 E JavaBinder: Caused by: android.os.RemoteException: No packages for uid
08-30 19:05:27.490  1408  1528 E JavaBinder: 	at com.android.server.security.KeyAttestationApplicationIdProviderService.getKeyAttestationApplicationId(KeyAttestationApplicationIdProviderService.java:59)
08-30 19:05:27.490  1408  1528 E JavaBinder: 	at android.security.keymaster.IKeyAttestationApplicationIdProvider$Stub.onTransact(IKeyAttestationApplicationIdProvider.java:94)
08-30 19:05:27.490  1408  1528 E JavaBinder: 	at android.os.Binder.execTransactInternal(Binder.java:1321)
08-30 19:05:27.490  1408  1528 E JavaBinder: 	... 15 more
08-30 19:05:27.490   689   700 W keystore_att_id: package manager request for key attestation ID failed with:  -129
08-30 19:05:27.499  1408  2092 D SyncManager: userId - 0 auto - true
08-30 19:05:27.499  4148 31472 I MediaProvider: Deleted 0 0 0 0 0 0 1 items on external_primary due to com.example.benchmark
08-30 19:05:27.520  9691  9716 D Benchmark: Installing com.example.uianaliticscompose
08-30 19:05:27.528  4148 29457 W MediaProvider: isAppCloneUserPair for user 0: false
08-30 19:05:27.531  4148 29457 V MediaProvider: Inserted id:1000011156 less than next row id backup:1000012000.
08-30 19:05:27.538  1408  4349 D SyncManager: userId - 0 auto - true
08-30 19:05:27.608  1408  4349 I PersonaServiceHelper: isCallerApprovedToInstall(uid:2000 userHandle:0)
08-30 19:05:27.608  1408  4349 I PersonaServiceHelper: DO is not enabled. no Knox app install enforcement
08-30 19:05:27.608  1408  4349 I PackageInstaller:  getting through the check android.content.pm.PackageInstaller$SessionParams@93cc9f user id 0
08-30 19:05:27.608  1408  4349 I PackageInstaller: UserManager.DISALLOW_NON_MARKET_APP_BY_KNOX : false
08-30 19:05:27.653  1408  1436 I system_server: Background concurrent copying GC freed 196934(11MB) AllocSpace objects, 13(560KB) LOS objects, 15% free, 129MB/153MB, paused 104us,245us total 238.629ms
08-30 19:05:27.696  1408  1483 W system_server: Long monitor contention with owner ActivityManager (1494) at void com.android.server.appop.HistoricalRegistry.clearHistory(int, java.lang.String)(HistoricalRegistry.java:659) waiters=1 in com.android.server.appop.AppOpsService$PackageVerificationResult com.android.server.appop.AppOpsService.verifyAndGetBypass(int, java.lang.String, java.lang.String, java.lang.String) for 219ms
08-30 19:05:27.703 12555 12902 I SCS@AiSearch user 0: (IndexManager) [pool-14-thread-1] leaving from commitIndexWriter():
08-30 19:05:27.712  1872  1872 D TileServices: mUninstallReceiver onReceive = Intent { act=android.intent.action.PACKAGE_REMOVED dat=package: flg=0x4000010 (has extras) }
08-30 19:05:27.713  1872  1872 D KeyguardUpdateMonitor: received broadcast android.intent.action.PACKAGE_REMOVED
08-30 19:05:27.713  1872  1872 D TileServices: mUninstallReceiver onReceive = Intent { act=android.intent.action.PACKAGE_REMOVED dat=package: flg=0x4000010 (has extras) }
08-30 19:05:27.713  1872  1872 D TileServices: mUninstallReceiver onReceive = Intent { act=android.intent.action.PACKAGE_REMOVED dat=package: flg=0x4000010 (has extras) }
08-30 19:05:27.713  1872  1872 D TileServices: mUninstallReceiver onReceive = Intent { act=android.intent.action.PACKAGE_REMOVED dat=package: flg=0x4000010 (has extras) }
08-30 19:05:27.714  1408  1636 D SEP_UNION_SemDeviceInfoManagerService: onReceive : android.intent.action.PACKAGE_REMOVED, userId = 0
08-30 19:05:27.714  3159  3217 I PackageInfoManager_FLP: action : ACTION_PACKAGE_REMOVED, packageName = com.example.uianaliticscompose
08-30 19:05:27.714  4148  4148 W MediaProvider: WorkProfileOwnerApps cache is empty
08-30 19:05:27.714  1872  1872 D KeyguardShortcutManager: onReceive : Intent.EXTRA_REPLACING false, com.example.uianaliticscompose
08-30 19:05:27.714  1872  1872 D TileServices: mUninstallReceiver onReceive = Intent { act=android.intent.action.PACKAGE_REMOVED dat=package: flg=0x4000010 (has extras) }
08-30 19:05:27.714  1872  1872 D TileServices: mUninstallReceiver onReceive = Intent { act=android.intent.action.PACKAGE_REMOVED dat=package: flg=0x4000010 (has extras) }
08-30 19:05:27.714  1872  1872 D TileServices: mUninstallReceiver onReceive = Intent { act=android.intent.action.PACKAGE_REMOVED dat=package: flg=0x4000010 (has extras) }
08-30 19:05:27.715  1872  1872 D SPluginManagerImpl: onReceive: android.intent.action.PACKAGE_REMOVED, size:{com.samsung.android.systemui.multistar.MultiStarManager$2@1160dd8=SPluginInstanceManager@176962628 (action=com.samsung.systemui.action.PLUGIN_MULTISTAR), com.android.systemui.pluginlock.PluginLockMediatorImpl@3a51c7e=SPluginInstanceManager@145396013 (action=com.samsung.systemui.action.PLUGIN_LOCK), com.android.systemui.noticenter.NotiCenterPlugin$NotiCenterPluginListener@4d3265b=SPluginInstanceManager@246003298 (action=com.samsung.systemui.action.PLUGIN_NOTICENTER), com.android.systemui.slimindicator.SlimIndicatorPluginMediator@6000b72=SPluginInstanceManager@94417907 (action=com.samsung.systemui.action.SPLUGIN_SLIMINDICATOR), com.android.systemui.lockstar.PluginLockStarManager@9a4e42c=SPluginInstanceManager@221436080 (action=com.samsung.systemui.action.PLUGIN_LOCK_STAR), com.android.systemui.navigationbar.plugin.PluginBarInteractionManager$pluginListener$1@9d49be4=SPluginInstanceManager@80483113 (action=com.samsung.systemui.navigationbar.PLUGIN), com.android.systemui.volume.VolumeStarInteractor$1@cab78d1=SPluginInstanceManager@57726638 (action=com.samsung.systemui.volume.PLUGIN)}
08-30 19:05:27.715  1872  1872 D TileServices: mUninstallReceiver onReceive = Intent { act=android.intent.action.PACKAGE_REMOVED dat=package: flg=0x4000010 (has extras) }
08-30 19:05:27.715  1872  1872 D TileServices: mUninstallReceiver onReceive = Intent { act=android.intent.action.PACKAGE_REMOVED dat=package: flg=0x4000010 (has extras) }
08-30 19:05:27.715  1872  1872 D FaceWidgetMusicViewModel: onPackageRemoved() pkg = com.example.uianaliticscompose, r = false
08-30 19:05:27.715  1872  1872 D FaceWidgetMusicViewModel: resetDataAndClear()
08-30 19:05:27.715  1872  1872 D FaceWidgetMetadataParser: removePackage() key = com.example.uianaliticscompose
08-30 19:05:27.716 28622 28622 I GsaVoiceInteractionSrv: (REDACTED) O received %s
08-30 19:05:27.717  8163  8163 I Finsky  : [2] vmm.g(1): vmm - Received: android.intent.action.PACKAGE_REMOVED, [zJHqn38esHYmwG6EfT4qVHIyuavWxLCSjrhEj5_F4ag]
08-30 19:05:27.717  1408  1701 D UrspService: uid(10787) removed
08-30 19:05:27.718  4365  4365 W FASProvider: delete cnt : 1
08-30 19:05:27.718  8163  8163 I Finsky  : [2] vnb.u(84): Package no longer installed: com.example.uianaliticscompose
08-30 19:05:27.719 12555 12555 I SCS@AiSearch user 0: (PackageBroadcastReceiver) onReceive android.intent.action.PACKAGE_REMOVED
08-30 19:05:27.719 12555 12555 I SCS@AiSearch user 0: (PackageBroadcastReceiver) packageName: com.example.uianaliticscompose
08-30 19:05:27.719 12555 12555 I SCS@AiSearch user 0: (PackageBroadcastReceiver) Packages changed: [com.example.uianaliticscompose]
08-30 19:05:27.720 12555 12555 I SCS@AiSearch user 0: (AppsDataObserver) scheduling worker CMD_UPDATE_LIST
08-30 19:05:27.721  1408  1636 D SEP_UNION_SemDeviceInfoManagerService: sendIntentAction() action = android.intent.action.PACKAGE_REMOVED, tag =
08-30 19:05:27.721  1852  1852 D CarrierSvcBindHelper: onPackageRemoved: com.example.uianaliticscompose
08-30 19:05:27.721  1852  1852 D CarrierSvcBindHelper: No carrier app for: 0
08-30 19:05:27.721  1852  1852 D CarrierSvcBindHelper: No carrier app for: 1
08-30 19:05:27.721  1852  1852 I VvmPkgInstalledRcvr: onReceive(): android.intent.action.PACKAGE_REMOVED
08-30 19:05:27.723  4365  4365 E SQLiteLog: (1) no such table: 10787 in "DELETE FROM [10787]"
08-30 19:05:27.726  1408  1670 I InputReader: Reconfiguring input devices, changes=KEYBOARD_LAYOUTS |
08-30 19:05:27.726  2285  2285 D RegisteredServicesCache: invalidateCache : 0
08-30 19:05:27.726  1408  1702 W WifiService: Couldn't get PackageInfo for package:com.example.uianaliticscompose
08-30 19:05:27.726  1408  1702 D WifiService: Remove settings for package:com.example.uianaliticscompose
08-30 19:05:27.726  1408  1702 D WifiConfigManager: Remove all networks for app ApplicationInfo{6a7ae11 com.example.uianaliticscompose}
08-30 19:05:27.728  1852  1852 I VvmPkgInstalledRcvr: packageName: com.example.uianaliticscompose, systemDialer: com.samsung.android.dialer
08-30 19:05:27.732  2285  2285 E ApduServiceInfo: Not adding <aid-group> with empty or invalid AIDs
08-30 19:05:27.732  2285  2285 I NfcKnoxUtil: isNFCAllowed is called for userId - 0
08-30 19:05:27.733  8163  8163 I Finsky  : [2] vnb.u(84): Package no longer installed: com.example.uianaliticscompose
08-30 19:05:27.733  8163  8163 I Finsky  : [2] jmo.f(9): AIM: AppInfoCacheUpdater -> invalidating apps: [com.example.uianaliticscompose]
08-30 19:05:27.734  8163  8163 I Finsky  : [2] jnf.g(21): AIM: AppInfoManager-Perf > getApps > called for 1 apps
08-30 19:05:27.735  8163  9391 I Finsky  : [1331] be.accept(65): Asset module storage cleared for package com.example.uianaliticscompose.
08-30 19:05:27.736  8163  8359 I Finsky  : [1094] jol.a(56): AIM: AppInfoManager-Perf > OnDeviceAppInfo > cacheHitCount=0, cacheMissCount=1. Missed  in cache (limit 10) : [com.example.uianaliticscompose]
08-30 19:05:27.738  2285  2285 D NfcKnoxUtil: NFC checking for 0
08-30 19:05:27.738  8163  8340 I Finsky  : [1087] jma.apply(539): AIM: Got app ownership map. App counts: . Unique apps: 0
08-30 19:05:27.738  8163  9392 I Finsky  : [1332] kjp.aei(99): [ContentSync] finished, scheduled=false
08-30 19:05:27.738  2285  2285 W NfcKnoxUtil:  container manager null for 0
08-30 19:05:27.738  2285  2285 I NfcKnoxUtil: allow NFC for 0
08-30 19:05:27.738  2285  2285 D RegisteredOtherServicesCache: invalidate : 0
08-30 19:05:27.739  1408  1632 I RoleService: Granting default roles...
08-30 19:05:27.739  2285  2285 I RegisteredOtherServicesCache: current user: 0, is managed profile : false, is dual profile : false
08-30 19:05:27.740  2285  2285 I CardEmulationManager: current user id : 0, is managed profile : false, is dual profile : false verify install : false
08-30 19:05:27.741  2285  2285 I RegisteredAidCache:  user id = 0
08-30 19:05:27.741  2285  2285 I RegisteredAidCache:  user id = 150
08-30 19:05:27.743  1408  4389 D PackageManager: setEnabledSetting : userId = 0 packageName = com.samsung.android.scs cmp = androidx.work.impl.background.systemalarm.RescheduleReceiver newState = 1 callingPackage = 10105/com.samsung.android.scs
08-30 19:05:27.743  1408  4389 D ApplicationPolicy: getApplicationStateEnabled : pkg = com.samsung.android.scs userId : 0
08-30 19:05:27.743  1408  4389 D ApplicationPolicy: getApplicationComponentState : pkg = com.samsung.android.scs userId : 0
08-30 19:05:27.745  1408  1636 D SEP_UNION_SemDeviceInfoManagerService: sendIntentAction() action = android.intent.action.PACKAGE_REMOVED, tag =
08-30 19:05:27.749  1852  1852 I VvmPkgInstalledRcvr: capablePhoneAccounts : [ComponentInfo{com.android.phone/com.android.services.telephony.TelephonyConnectionService}, 2, UserHandle{0}]
08-30 19:05:27.749  1852  1852 I VvmPkgInstalledRcvr: capablePhoneAccounts.size : 1
08-30 19:05:27.753  1852  1852 I VvmPkgInstalledRcvr: phoneAccountHandle : ComponentInfo{com.android.phone/com.android.services.telephony.TelephonyConnectionService}, 2, UserHandle{0}
08-30 19:05:27.753  1852  1852 I VvmPkgInstalledRcvr: pinnedTelephonyManager : android.telephony.TelephonyManager@f46a85d
08-30 19:05:27.754  2285  2285 I RegisteredAidCache: aidInfo: 0
08-30 19:05:27.754  2285  2285 I RegisteredAidCache: aidInfo: 0
08-30 19:05:27.754  2285  2285 I RegisteredAidCache: aidInfo: 0
08-30 19:05:27.754  2285  2285 I RegisteredAidCache: aidInfo: 0
08-30 19:05:27.754  2285  2285 I RegisteredAidCache: aidInfo: 0
08-30 19:05:27.754  2285  2285 I RegisteredAidCache: aidInfo: 0
08-30 19:05:27.754  2285  2285 D AidRoutingManager: support iso7816 protocol route
08-30 19:05:27.754  2285  2285 D AidRoutingManager: getRouteForNfcExecutionEnvironment : SIM1
08-30 19:05:27.754  2285  2285 D AidRoutingManager: defaultRoute(this) : 0x2, defaultRoute(Cache) : 0x2
08-30 19:05:27.754  2285  2285 D AidRoutingManager: [seList] - add default route : 0x2
08-30 19:05:27.754  2285  2285 D AidRoutingManager: [seList] - add route : 0x0
08-30 19:05:27.754  2285  2285 D AidRoutingManager: entry changed : false
08-30 19:05:27.754  2285  2285 D AidRoutingManager: power changed : false
08-30 19:05:27.754  2285  2285 D AidRoutingManager: route changed : false
08-30 19:05:27.754  2285  2285 D AidRoutingManager: routing update is not required
08-30 19:05:27.758  6334  6334 I Routine@Core[4.0.02.2]: RoutineService: onCreate
08-30 19:05:27.758  6334  6334 I Routine@Core[4.0.02.2]: SettingsWrapper: ultraPowerSavingMode: -1
08-30 19:05:27.758  1408  1636 D SEP_UNION_SemDeviceInfoManagerService: sendIntentAction() action = android.intent.action.PACKAGE_REMOVED, tag =
08-30 19:05:27.758  6334  6334 I Routine@Core[4.0.02.2]: RoutineService: onStartCommand: com.samsung.android.rotine.ACTION_PACKAGE_CHANGED
08-30 19:05:27.760  8163  9364 I Finsky  : [1330] olw.run(294): Frosting DB delete succeeded: true
08-30 19:05:27.760  8163  9364 I Finsky  : [1330] olw.run(294): Frosting DB delete succeeded: false
08-30 19:05:27.763  2285  2285 D RegisteredNfcFServicesCache: Service unchanged, not updating
08-30 19:05:27.767  1852  1852 I VvmPkgInstalledRcvr: pinnedTelephonyManager : subscriberId: 220*********635
08-30 19:05:27.767  1408  1808 D NetdEventListenerService: DNS Requested by : 142, 10299, 7, true
08-30 19:05:27.772  1408  1772 D SemNscXgbMsL1: Probability - Cloud gaming: [0.08465602]
08-30 19:05:27.772  1408  1772 D SemNscXgbMsL1: Probability - Real time: [0.015564653]
08-30 19:05:27.772  1408  1772 D SemNscXgbMsL1: Probability - Non real time: [0.9216802]
08-30 19:05:27.772  1408  1772 D SemNscXgbMsL1: 1 sample inference time: 0.355116 msecs
08-30 19:05:27.773  1852  1852 I VvmPkgInstalledRcvr: getCarrierVvmPackages : config: PersistableBundle[{imsvoice.voice_on_default_bearer_supported_bool=false, imsss.ut_transport_type_int=1, carrier_volte_provisioned_bool=false, support_cdma_1x_voice_calls_bool=true, support_ss_over_cdma_bool=false, disable_charge_indication_bool=false, ims.sip_timer_t4_millis_int=17000, support_tdscdma_bool=false, httpSocketTimeout=60000, allowed_initial_attach_apn_types_string_array=[ia, default], disable_supplementary_services_in_airplane_mode_bool=false, call_barring_default_service_class_int=1, call_redirection_service_component_name_string=null, carrier_wfc_supports_wifi_only_bool=false, carrier_default_actions_on_default_network_available_string_array=[false: 7, true: 8], imsvoice.minimum_session_expires_timer_sec_int=90, iwlan_handover_policy_string_array=[source=GERAN|UTRAN|EUTRAN|NGRAN|IWLAN, target=GERAN|UTRAN|EUTRAN|NGRAN|IWLAN, type=allowed], operator_selection_expand_bool=true, disable_cdma_activation_code_bool=false, simplified_network_settings_bool=false, imsemergency.emergency_registration_timer_millis_int=10000, call_forwarding_when_unanswered_supported_bool=true, imsvt.h264_payload_description_bundle=PersistableBundle[{99=PersistableBundle[{}], 100=PersistableBundle[{imsvt.video_codec_attribute_packetization_mode_int=0}]}], support_tdscdma_roaming_networks_string_array=null, opportunistic.5g_data_switch_hysteresis_time_long=2000, ims.sip_timer_d_millis_int=130000, gps.lpp_profile=2, call_barring_visibility_bool=false, gba_mode_int=1, ims.registration_subscribe_expiry_timer_sec_int=600000, gps.es_extension_sec=0, enable_apps_string_array=null, 5g_icon_display_secondary_grace_period_string=, carrier_default_wfc_ims_roaming_enabled_bool=false, cdma_nonroaming_networks_string_array=null, imsss.ut_as_server_fqdn_string=, signal_strength_nr_nsa_use_lte_as_primary_bool=true, aliasMinChars=2, fdn_number_length_limit_int=20, support_ims_call_forwarding_while_roaming_bool=true, wfc_data_spn_format_idx_int=0, hide_sim_lock_settings_bool=false, drop_video_call_when_answering_audio_call_bool=false, data_stall_recovery_timers_long_array=[180000, 180000, 180000, 180000], opportunistic_esim_download_via_wifi_only_bool=false, imsss.xcap_over_ut_supported_rats_int_array=[3, 5], ci_action_on_sys_update_bool=false, carrier_certificate_string_array=[], convert_cdma_caller_id_mmi_codes_while_roaming_on_3gpp_bool=false, support_enhanced_call_blocking_bool=true, iwlan.ike_rekey_hard_timer_in_sec=14400, vvm_port_number_int=0, carrier_default_wfc_ims_enabled_bool=false, iwlan.ike_session_encryption_aes_ctr_key_size_int_array=[128, 192, 256], dial_string_replace_string_array=null, opportunistic_network_entry_threshold_bandwidth_int=1024, opportunistic_network_data_switch_exit_hysteresis_time_long=3000, imsss.use_csfb_on_xcap_over_ut_failure_bool=true, gsm_nonroaming_networks_string_array=null, imsserviceentitlement.ims_provisioning_bool=false, wifi.avoid_5ghz_softap_for_laa_bool=false, hide_ims_apn_bool=false, vvm_destination_number_string=, unmetered_nr_sa_mmwave_bool=false, ims.ipsec_encryption_algorithms_int_array=[0, 1, 2], opportunistic.5g_backoff_time_long=10000, enable_cross_sim_calling_on_opportunistic_data_bool=false, vonr_setting_visibility_bool=true, imssms.sms_over_ims_supported_bool=true, dtmf_type_enabled_bool=false, ims.sip_timer_f_millis_int=128000, allow_video_calling_fallback_bool=true, nr_advanced_threshold_bandwidth_khz_int=0, opportunistic.5g_ping_pong_time_long=60000, config_ims_package_override_string=com.google.android.ims, data_stall_recovery_should_skip_bool_array=[false, false, true, false, false], only_auto_select_in_home_network=false, iwlan.supported_prf_algorithms_int_array=[2, 4, 5, 6, 7], show_data_connected_roaming_notification=false, gps.es_supl_data_plane_only_roaming_plmn_string_array=null, imsserviceentitlement.fcm_sender_id_string=, smsToMmsTextThreshold=13, imsvt.video_as_bandwidth_kbps_int=960, opportunistic.exit_threshold_ss_rsrp_int_bundle=PersistableBundle[{}], inflate_signal_strength_bool=false, force_hom
08-30 19:05:27.773  1852  1852 I VvmPkgInstalledRcvr: getCarrierVvmPackages : singlePackage:
08-30 19:05:27.773  1852  1852 I VvmPkgInstalledRcvr: getCarrierVvmPackages : arrayPackages: null
08-30 19:05:27.773  1852  1852 I VvmPkgInstalledRcvr:  NOT contains : com.example.uianaliticscompose
08-30 19:05:27.773  1408  1772 D SemNscXgbL2Rt: L2 RT 1 sample inference time: 0.6015 msecs
08-30 19:05:27.773  1852  1852 I Telephony: SamsungTuiRelayReceiver: registerWhoWhoPackageRemovedEvents
08-30 19:05:27.773  1852  1852 I Telephony: SamsungTuiRelayReceiver: registerCallBGProviderPackageRemovedEvents
