08-30 19:05:32.366 10290 10563 I [SC]SyncSettingManager: setSyncStatus: SyncStatusVo{authority='com.sec.android.app.sbrowser', state='INACTIVE', errorCode='999'}
08-30 19:05:32.367 10290 10563 I [SC]SyncSettingManager: getContentVo: com.sec.android.app.sbrowser, QUVql3tKM8
08-30 19:05:32.370 10290 10568 I [SC]SyncPackageRemoved: execute: com.samsung.android.memo
08-30 19:05:32.370 10290 10568 I [SC]SyncSettingManager: getCategory: com.samsung.android.memo
08-30 19:05:32.371 10290 10551 I [SC]SyncSettingManager: setSyncStatus: SyncStatusVo{authority='com.android.contacts', state='INACTIVE', errorCode='999'}
08-30 19:05:32.372 10290 10551 I [SC]SyncSettingManager: getContentVo: com.android.contacts, KEqLhXhtEP
08-30 19:05:32.374 10290 10564 I [SC]SyncProvision: provisioning of Calendar is done
08-30 19:05:32.382 10290 10555 I [SC]SyncProvision: provisioning of Bluetooth is done
08-30 19:05:32.391 10290 10562 I [SC]SyncProvision: provisioning of Wi-Fi is done
08-30 19:05:32.395 10290 10552 I [SC]SyncSettingManager: getContentVo: com.samsung.android.aremoji.cloud, vIrDKrcNqn
08-30 19:05:32.397 10290 10563 I [SC]SyncSettingManager: getContentVo: com.sec.android.app.sbrowser, 4OuNBe4y9z
08-30 19:05:32.400 10290 10551 I [SC]SyncProvision: provisioning of Contacts is done
08-30 19:05:32.401 10290 10552 I [SC]SyncProvision: provisioning of AR Emoji is done
08-30 19:05:32.403 10290 10563 I [SC]SyncSettingManager: getContentVo: com.sec.android.app.sbrowser, P56GWW8N4r
08-30 19:05:32.416 10290 10563 I [SC]SyncSettingManager: getContentVo: com.sec.android.app.sbrowser, kmjqYba23r
08-30 19:05:32.416 10226 10226 I PushHandlingContext: PushHandlingContext initialized!
08-30 19:05:32.417 10226 10525 I AudioManagerModule: initialize (causeId 235f8b8d)
08-30 19:05:32.417 10226 10525 I AudioManagerModule: AudioManagerModule.initialize took 1ms
08-30 19:05:32.417 10226 10511 I AudioOptions: initialize (causeId 235f8b8d)
08-30 19:05:32.418 10226 10525 W ReactApp: registerMemoryTrimmable current size: 0
08-30 19:05:32.418 10226 10525 W ReactApp: registerMemoryTrimmable current size: 1
08-30 19:05:32.419 10226 10226 I BluetoothScoMonitor: android.media.ACTION_SCO_AUDIO_STATE_UPDATED { state: SCO_AUDIO_STATE_DISCONNECTED, previous_state: SCO_AUDIO_STATE_ERROR }
08-30 19:05:32.423  1408  1671 D BluetoothManagerService: mDisableBleCallbacks count 21
08-30 19:05:32.427 10290 10563 I [SC]SyncProvision: provisioning of Internet is done
08-30 19:05:32.426 10226 10511 I BluetoothAdapter: BluetoothAdapter() : com.skype.raider
08-30 19:05:32.431 10226 10511 D BluetoothHeadset: BTStateChangeCB is registed by 10226 @ com.skype.raider
08-30 19:05:32.464 10226 10525 D ConnectivityManager: StackLog: [android.net.ConnectivityManager.sendRequestForNetwork(ConnectivityManager.java:4188)] [android.net.ConnectivityManager.registerDefaultNetworkCallbackForUid(ConnectivityManager.java:4752)] [android.net.ConnectivityManager.registerDefaultNetworkCallback(ConnectivityManager.java:4719)] [android.net.ConnectivityManager.registerDefaultNetworkCallback(ConnectivityManager.java:4693)] [com.reactnativecommunity.netinfo.c.d(Unknown Source:35)] [com.reactnativecommunity.netinfo.NetInfoModule.initialize(Unknown Source:2)] [com.facebook.react.bridge.ModuleHolder.doInitialize(Unknown Source:43)] [com.facebook.react.bridge.ModuleHolder.markInitializable(Unknown Source:25)] [com.facebook.react.bridge.NativeModuleRegistry.notifyJSInstanceInitialized(Unknown Source:39)] [com.facebook.react.bridge.CatalystInstanceImpl$2.run(Unknown Source:6)]
08-30 19:05:32.466  1408  4260 D ConnectivityService: requestNetwork for uid/pid:10295/10226 activeRequest: null callbackRequest: 10089 [NetworkRequest [ REQUEST id=10090, [ Capabilities: INTERNET&NOT_RESTRICTED&TRUSTED&NOT_VCN_MANAGED Uid: 10295 RequestorUid: 10295 RequestorPkg: com.skype.raider UnderlyingNetworks: Null] ]] callback flags: 0 order: 2147483647
08-30 19:05:32.467  1408  1718 D ConnectivityService:    accepting network in place of null
08-30 19:05:32.468  1408  1718 D ConnectivityService: Rematched networks [computed 0ms] [applied 0ms] [issued 1]
08-30 19:05:32.468  1408  1718 D ConnectivityService: NetworkReassignment :
08-30 19:05:32.468  1408  1718 D ConnectivityService:   10090 : null  142
08-30 19:05:32.468  1408  1702 D WifiNetworkFactory: got request NetworkRequest [ REQUEST id=10090, [ Capabilities: INTERNET&NOT_RESTRICTED&TRUSTED&NOT_VCN_MANAGED Uid: 10295 RequestorUid: 10295 RequestorPkg: com.skype.raider UnderlyingNetworks: Null] ]
08-30 19:05:32.468  1408  1702 D UntrustedWifiNetworkFactory: got request NetworkRequest [ REQUEST id=10090, [ Capabilities: INTERNET&NOT_RESTRICTED&TRUSTED&NOT_VCN_MANAGED Uid: 10295 RequestorUid: 10295 RequestorPkg: com.skype.raider UnderlyingNetworks: Null] ]
08-30 19:05:32.468  1408  1702 D OemPaidWifiNetworkFactory: got request NetworkRequest [ REQUEST id=10090, [ Capabilities: INTERNET&NOT_RESTRICTED&TRUSTED&NOT_VCN_MANAGED Uid: 10295 RequestorUid: 10295 RequestorPkg: com.skype.raider UnderlyingNetworks: Null] ]
08-30 19:05:32.468  1408  1702 D MultiInternetWifiNetworkFactory: got request NetworkRequest [ REQUEST id=10090, [ Capabilities: INTERNET&NOT_RESTRICTED&TRUSTED&NOT_VCN_MANAGED Uid: 10295 RequestorUid: 10295 RequestorPkg: com.skype.raider UnderlyingNetworks: Null] ]
08-30 19:05:32.472 10226 10381 I TokenShareModule: getAccounts() called, returned with list size 0
08-30 19:05:32.472  1408  2566 D PackageManager: setEnabledSetting : userId = 0 packageName = com.skype.raider cmp = com.microsoft.tokenshare.TokenSharingService newState = 2 callingPackage = 10295/com.skype.raider
08-30 19:05:32.474 10226 10522 I odernAudioDeviceMonitor: addListener (causeId: 235f8b8d)
08-30 19:05:32.474 10226 10522 I AudioOptions: ModernAudioDeviceMonitor.availableAudioDeviceTypesChanged headphones: false usb: false (causeId 235f8b8d)
08-30 19:05:32.496 10226 10481 I ProviderInstaller: Installed default security provider GmsCore_OpenSSL
08-30 19:05:32.497 10226 10226 I ReactApp: GooglePlay Services provider installed successfully
08-30 19:05:32.513  1045  9123 V APM_AudioPolicyManager: listAudioPorts() role 0 type 0 num_ports 0 ports 0xb400007a51b5a4d0
08-30 19:05:32.513  1045  9123 V APM_AudioPolicyManager: listAudioPorts() got 0 ports needed 12
08-30 19:05:32.514  1045  9123 V APM_AudioPolicyManager: listAudioPorts() role 0 type 0 num_ports 12 ports 0xb400007c71d1b0d0
08-30 19:05:32.514  1045  9123 V APM_AudioPolicyManager: listAudioPorts() got 12 ports needed 12
08-30 19:05:32.517 10226 10511 I AudioManagerModule: Output update and reset (destination 3, deviceStatus 2, causeId 235f8b8d)
08-30 19:05:32.521 10226 10523 I FrescoModule: Initializing Fresco in SpritePackage with imagePipelineConfig: n3.k@5912f2c
08-30 19:05:32.521 10226 10523 W b       : Fresco has already been initialized! `Fresco.initialize(...)` should only be called 1 single time to avoid memory leaks!
08-30 19:05:32.521 10226 10523 W n       : ImagePipelineFactory has already been initialized! `ImagePipelineFactory.initialize(...)` should only be called once to avoid unexpected behavior.
08-30 19:05:32.521 10226 10523 W ReactApp: registerMemoryTrimmable current size: 2
08-30 19:05:32.521 10226 10523 W ReactApp: registerMemoryTrimmable current size: 3
08-30 19:05:32.523  1408  4260 W PendingIntentHolder: Unresolvable implicit intent is set, pi=PendingIntent{8d17cdb: PendingIntentRecord{19f1378 com.skype.raider broadcastIntent}}
08-30 19:05:32.524 10226 10523 W wManagerPropertyUpdater: Could not find generated setter for class com.facebook.react.views.scroll.ReactHorizontalScrollViewManager
08-30 19:05:32.525  1408  4260 W PendingIntentHolder: Unresolvable implicit intent is set, pi=PendingIntent{f7a0a51: PendingIntentRecord{7bf8d16 com.skype.raider broadcastIntent}}
08-30 19:05:32.525 10226 10226 I AudioManagerModule: TelephoneStateListener.init took 0ms
08-30 19:05:32.525  1408  2566 V AS.AudioDeviceBroker: requestedCommunicationDevice, device: null mode owner pid: 0
08-30 19:05:32.525 10226 10226 I AudioManagerModule: Sending output changed event to EARPIECE (causeId 235f8b8d)
08-30 19:05:32.526  1408  3212 D MediaSessionRecord: registering controller callback android.media.session.MediaController$CallbackStub@610bb7 from controllerandroid
08-30 19:05:32.529  1408  2566 D MediaSessionRecord: registering controller callback android.media.session.ISessionControllerCallback$Stub$Proxy@483fa8d from controllercom.android.systemui
08-30 19:05:32.529 10226 10523 W wManagerPropertyUpdater: Could not find generated setter for class com.facebook.react.uimanager.n
08-30 19:05:32.530  1408  4366 D MediaSessionRecord: registering controller callback android.media.session.ISessionControllerCallback$Stub$Proxy@896d442 from controllercom.samsung.android.rubin.app
08-30 19:05:32.531 10226 10523 W wManagerPropertyUpdater: Could not find generated setter for class com.facebook.react.views.scroll.ReactHorizontalScrollContainerViewManager
08-30 19:05:32.532 10226 10523 W wManagerPropertyUpdater: Could not find generated setter for class com.facebook.react.views.progressbar.ReactProgressBarViewManager
08-30 19:05:32.536 10226 10622 I odernAudioDeviceMonitor: initialization headphones: false, usb: false, devices: [[2:TYPE_BUILTIN_EARPIECE], [3:TYPE_BUILTIN_SPEAKER], [12:TYPE_TELEPHONY], [15:TYPE_BUILTIN_MIC], [16:TYPE_TELEPHONY], [17:TYPE_BUILTIN_MIC], [21:UNKNOWN - 25]] (causeId: 23f44b6b)
08-30 19:05:32.536   911   911 I Zygote  : Process 9060 exited due to signal 9 (Killed)
08-30 19:05:32.536 10226 10523 W wManagerPropertyUpdater: Could not find generated setter for class com.facebook.react.views.progressbar.b
08-30 19:05:32.537 10226 10511 I odernAudioDeviceMonitor: onAudioDevicesAdded headphones: false, usb: false, devices: [[2:TYPE_BUILTIN_EARPIECE], [3:TYPE_BUILTIN_SPEAKER], [12:TYPE_TELEPHONY], [15:TYPE_BUILTIN_MIC], [16:TYPE_TELEPHONY], [17:TYPE_BUILTIN_MIC], [21:UNKNOWN - 25]] (causeId: 1701e195)
08-30 19:05:32.539 10226 10523 W wManagerPropertyUpdater: Could not find generated setter for class com.facebook.react.views.scroll.ReactScrollViewManager
08-30 19:05:32.543  1408  1496 I libprocessgroup: Successfully killed process cgroup uid 10264 pid 5915 in 0ms
08-30 19:05:32.545 10226 10523 W wManagerPropertyUpdater: Could not find generated setter for class com.facebook.react.views.text.frescosupport.FrescoBasedReactTextInlineImageViewManager
08-30 19:05:32.545 10226 10523 W wManagerPropertyUpdater: Could not find generated setter for class v4.a
08-30 19:05:32.546 10226 10523 W wManagerPropertyUpdater: Could not find generated setter for class com.facebook.react.views.image.ReactImageManager
08-30 19:05:32.547 10226 10523 W wManagerPropertyUpdater: Could not find generated setter for class com.facebook.react.views.modal.ReactModalHostManager
08-30 19:05:32.548 10226 10523 W wManagerPropertyUpdater: Could not find generated setter for class com.facebook.react.views.modal.b
08-30 19:05:32.549 10226 10523 W wManagerPropertyUpdater: Could not find generated setter for class com.facebook.react.views.text.ReactRawTextManager
08-30 19:05:32.549 10226 10523 W wManagerPropertyUpdater: Could not find generated setter for class com.facebook.react.views.text.j
08-30 19:05:32.549   911   911 I Zygote  : Process 5915 exited due to signal 9 (Killed)
08-30 19:05:32.550 10226 10523 W wManagerPropertyUpdater: Could not find generated setter for class com.facebook.react.views.textinput.ReactTextInputManager
08-30 19:05:32.553 10226 10523 W wManagerPropertyUpdater: Could not find generated setter for class com.facebook.react.views.textinput.m
08-30 19:05:32.554 10226 10523 W wManagerPropertyUpdater: Could not find generated setter for class com.facebook.react.views.text.ReactTextViewManager
08-30 19:05:32.556 10226 10523 W wManagerPropertyUpdater: Could not find generated setter for class com.facebook.react.views.text.n
08-30 19:05:32.556 10226 10523 W wManagerPropertyUpdater: Could not find generated setter for class com.facebook.react.views.view.ReactViewManager
08-30 19:05:32.559 10226 10523 W wManagerPropertyUpdater: Could not find generated setter for class com.facebook.react.views.text.ReactVirtualTextViewManager
08-30 19:05:32.560 10226 10523 W wManagerPropertyUpdater: Could not find generated setter for class com.facebook.react.views.text.r
08-30 19:05:32.560 10226 10523 W wManagerPropertyUpdater: Could not find generated setter for class com.facebook.react.views.unimplementedview.ReactUnimplementedViewManager
08-30 19:05:32.561 10226 10523 W wManagerPropertyUpdater: Could not find generated setter for class com.reactnativecommunity.art.ARTGroupViewManager
08-30 19:05:32.561 10226 10523 W wManagerPropertyUpdater: Could not find generated setter for class com.reactnativecommunity.art.a
08-30 19:05:32.562 10226 10523 W wManagerPropertyUpdater: Could not find generated setter for class com.reactnativecommunity.art.ARTShapeViewManager
08-30 19:05:32.562 10226 10523 W wManagerPropertyUpdater: Could not find generated setter for class com.reactnativecommunity.art.c
08-30 19:05:32.563 10226 10523 W wManagerPropertyUpdater: Could not find generated setter for class com.reactnativecommunity.art.ARTTextViewManager
08-30 19:05:32.563 10226 10523 W wManagerPropertyUpdater: Could not find generated setter for class com.reactnativecommunity.art.e
08-30 19:05:32.564 10226 10523 W wManagerPropertyUpdater: Could not find generated setter for class com.reactnativecommunity.art.ARTSurfaceViewManager
08-30 19:05:32.568 10226 10523 W wManagerPropertyUpdater: Could not find generated setter for class com.reactnativecommunity.art.d
08-30 19:05:32.569 10226 10523 W wManagerPropertyUpdater: Could not find generated setter for class com.skype4life.modules.webview.CustomRNCWebViewManager
08-30 19:05:32.571 10226 10523 W wManagerPropertyUpdater: Could not find generated setter for class com.reactnativepagerview.PagerViewViewManager
08-30 19:05:32.572 10226 10523 W wManagerPropertyUpdater: Could not find generated setter for class com.horcrux.svg.RenderableViewManager$GroupViewManager
08-30 19:05:32.575 10226 10523 W wManagerPropertyUpdater: Could not find generated setter for class com.horcrux.svg.VirtualViewManager$d
08-30 19:05:32.576 10226 10523 W wManagerPropertyUpdater: Could not find generated setter for class com.horcrux.svg.RenderableViewManager$PathViewManager
08-30 19:05:32.577 10226 10523 W wManagerPropertyUpdater: Could not find generated setter for class com.horcrux.svg.RenderableViewManager$CircleViewManager
08-30 19:05:32.579 10226 10523 W wManagerPropertyUpdater: Could not find generated setter for class com.horcrux.svg.RenderableViewManager$EllipseViewManager
08-30 19:05:32.580 10226 10523 W wManagerPropertyUpdater: Could not find generated setter for class com.horcrux.svg.RenderableViewManager$LineViewManager
08-30 19:05:32.582 10226 10523 W wManagerPropertyUpdater: Could not find generated setter for class com.horcrux.svg.RenderableViewManager$RectViewManager
08-30 19:05:32.583 10226 10523 W wManagerPropertyUpdater: Could not find generated setter for class com.horcrux.svg.RenderableViewManager$TextViewManager
08-30 19:05:32.585 10226 10523 W wManagerPropertyUpdater: Could not find generated setter for class com.horcrux.svg.RenderableViewManager$TSpanViewManager
08-30 19:05:32.586 10226 10523 W wManagerPropertyUpdater: Could not find generated setter for class com.horcrux.svg.RenderableViewManager$TextPathViewManager
08-30 19:05:32.588 10226 10523 W wManagerPropertyUpdater: Could not find generated setter for class com.horcrux.svg.RenderableViewManager$ImageViewManager
08-30 19:05:32.589 10226 10523 W wManagerPropertyUpdater: Could not find generated setter for class com.horcrux.svg.RenderableViewManager$ClipPathViewManager
08-30 19:05:32.591 10226 10523 W wManagerPropertyUpdater: Could not find generated setter for class com.horcrux.svg.RenderableViewManager$DefsViewManager
08-30 19:05:32.592 10226 10523 W wManagerPropertyUpdater: Could not find generated setter for class com.horcrux.svg.RenderableViewManager$UseViewManager
08-30 19:05:32.593 10226 10523 W wManagerPropertyUpdater: Could not find generated setter for class com.horcrux.svg.RenderableViewManager$SymbolManager
08-30 19:05:32.595 10226 10523 W wManagerPropertyUpdater: Could not find generated setter for class com.horcrux.svg.RenderableViewManager$LinearGradientManager
08-30 19:05:32.596 10226 10523 W wManagerPropertyUpdater: Could not find generated setter for class com.horcrux.svg.RenderableViewManager$RadialGradientManager
08-30 19:05:32.598 10226 10523 W wManagerPropertyUpdater: Could not find generated setter for class com.horcrux.svg.RenderableViewManager$PatternManager
08-30 19:05:32.599 10226 10523 W wManagerPropertyUpdater: Could not find generated setter for class com.horcrux.svg.RenderableViewManager$MaskManager
08-30 19:05:32.601 10226 10523 W wManagerPropertyUpdater: Could not find generated setter for class com.horcrux.svg.RenderableViewManager$ForeignObjectManager
08-30 19:05:32.602 10226 10523 W wManagerPropertyUpdater: Could not find generated setter for class com.horcrux.svg.RenderableViewManager$MarkerManager
08-30 19:05:32.604 10226 10523 W wManagerPropertyUpdater: Could not find generated setter for class com.horcrux.svg.SvgViewManager
08-30 19:05:32.606 10226 10523 W wManagerPropertyUpdater: Could not find generated setter for class com.th3rdwave.safeareacontext.SafeAreaProviderManager
08-30 19:05:32.606 10226 10523 W wManagerPropertyUpdater: Could not find generated setter for class com.th3rdwave.safeareacontext.SafeAreaViewManager
08-30 19:05:32.606 10226 10523 W wManagerPropertyUpdater: Could not find generated setter for class com.th3rdwave.safeareacontext.j
08-30 19:05:32.607 10226 10523 W wManagerPropertyUpdater: Could not find generated setter for class com.swmansion.rnscreens.ScreenContainerViewManager
08-30 19:05:32.612 10226 10523 W wManagerPropertyUpdater: Could not find generated setter for class com.swmansion.rnscreens.ScreenViewManager
08-30 19:05:32.612 10223 10529 I WM-WorkerWrapper: Worker result SUCCESS for Work [ id=756694d4-bbf7-4ea1-b8fa-e9dfd581068d, tags={ com.microsoft.office.officemobile.externalevent.FileCreatePeriodicWorker } ]
08-30 19:05:32.614 10226 10523 W wManagerPropertyUpdater: Could not find generated setter for class com.swmansion.rnscreens.ScreenStackViewManager
08-30 19:05:32.615 10226 10523 W wManagerPropertyUpdater: Could not find generated setter for class com.swmansion.rnscreens.ScreenStackHeaderConfigViewManager
08-30 19:05:32.616 10226 10523 W wManagerPropertyUpdater: Could not find generated setter for class com.swmansion.rnscreens.ScreenStackHeaderSubviewManager
08-30 19:05:32.616 10226 10523 W wManagerPropertyUpdater: Could not find generated setter for class com.swmansion.rnscreens.SearchBarManager
08-30 19:05:32.617 10226 10523 W wManagerPropertyUpdater: Could not find generated setter for class org.reactnative.maskedview.RNCMaskedViewManager
08-30 19:05:32.618 10226 10523 W wManagerPropertyUpdater: Could not find generated setter for class com.reactnativecommunity.picker.ReactDialogPickerManager
08-30 19:05:32.619 10226 10523 W wManagerPropertyUpdater: Could not find generated setter for class com.reactnativecommunity.picker.i
08-30 19:05:32.619 10226 10523 W wManagerPropertyUpdater: Could not find generated setter for class com.reactnativecommunity.picker.ReactDropdownPickerManager
08-30 19:05:32.620 10226 10523 W wManagerPropertyUpdater: Could not find generated setter for class com.skype.ink.AdditiveSurfaceViewManager
08-30 19:05:32.620 10226 10523 W wManagerPropertyUpdater: Could not find generated setter for class com.skype.ink.AdditiveSurfaceViewShadowNode
08-30 19:05:32.621 10226 10523 W wManagerPropertyUpdater: Could not find generated setter for class com.brentvatne.react.ReactVideoViewManager
08-30 19:05:32.623 10226 10523 W wManagerPropertyUpdater: Could not find generated setter for class com.customkeyboard.CustomKeyboardViewManager
08-30 19:05:32.624 10226 10523 W wManagerPropertyUpdater: Could not find generated setter for class com.skype.react.RNSkypeVideoViewManager
08-30 19:05:32.625 10226 10523 W wManagerPropertyUpdater: Could not find generated setter for class com.microsoft.react.mediapicker.MediaPickerViewManager
08-30 19:05:32.626 10226 10523 W wManagerPropertyUpdater: Could not find generated setter for class com.microsoft.react.mediapicker.d
08-30 19:05:32.627 10226 10523 W wManagerPropertyUpdater: Could not find generated setter for class com.microsoft.skypemessagetextinput.view.RNViewManager
08-30 19:05:32.628 10226 10523 W wManagerPropertyUpdater: Could not find generated setter for class com.microsoft.skypemessagetextinput.view.c
08-30 19:05:32.628 10226 10523 W wManagerPropertyUpdater: Could not find generated setter for class com.skype.reactnativesprites.SpriteViewManager
08-30 19:05:32.629 10226 10523 W wManagerPropertyUpdater: Could not find generated setter for class com.projectseptember.RNGL.GLCanvasManager
08-30 19:05:32.630 10226 10523 W wManagerPropertyUpdater: Could not find generated setter for class com.github.alinz.reactnativewebviewbridge.WebViewBridgeManager
08-30 19:05:32.631 10226 10523 W wManagerPropertyUpdater: Could not find generated setter for class com.airbnb.android.react.maps.AirMapCalloutManager
08-30 19:05:32.632 10226 10523 W wManagerPropertyUpdater: Could not find generated setter for class com.airbnb.android.react.maps.AirMapMarkerManager
08-30 19:05:32.633 10226 10523 W wManagerPropertyUpdater: Could not find generated setter for class com.airbnb.android.react.maps.AirMapPolylineManager
08-30 19:05:32.634 10226 10523 W wManagerPropertyUpdater: Could not find generated setter for class com.airbnb.android.react.maps.AirMapPolygonManager
08-30 19:05:32.635 10226 10523 W wManagerPropertyUpdater: Could not find generated setter for class com.airbnb.android.react.maps.AirMapCircleManager
08-30 19:05:32.636 10226 10523 W wManagerPropertyUpdater: Could not find generated setter for class com.airbnb.android.react.maps.AirMapManager
08-30 19:05:32.638 10226 10523 W wManagerPropertyUpdater: Could not find generated setter for class com.airbnb.android.react.maps.AirMapLiteManager
08-30 19:05:32.638  1852  1910 I System.out: Broadcasting: Intent { act=com.samsung.intent.action.BIG_DATA_INFO (has extras) }
08-30 19:05:32.638 10226 10523 W wManagerPropertyUpdater: Could not find generated setter for class com.airbnb.android.react.maps.AirMapUrlTileManager
08-30 19:05:32.639   922  1542 E power   : ISystemSuspend::getService() failed.
08-30 19:05:32.639 10226 10523 W wManagerPropertyUpdater: Could not find generated setter for class com.microsoft.react.videofxp.VideoFXPViewManager
08-30 19:05:32.640 10226 10523 W wManagerPropertyUpdater: Could not find generated setter for class com.skype.virtualmessageview.VirtualMessageViewControllerManager
08-30 19:05:32.640 10226 10523 W wManagerPropertyUpdater: Could not find generated setter for class com.BV.LinearGradient.LinearGradientManager
08-30 19:05:32.641 10226 10523 W wManagerPropertyUpdater: Could not find generated setter for class com.airbnb.android.react.lottie.LottieAnimationViewManager
08-30 19:05:32.641 10226 10523 W wManagerPropertyUpdater: Could not find generated setter for class com.skype.qrcode.QRCodeViewManager
08-30 19:05:32.642  1408  1408 I NSLocationMonitor: Broadcast receiver, action=com.samsung.intent.action.BIG_DATA_INFO
08-30 19:05:32.642 10226 10523 W wManagerPropertyUpdater: Could not find generated setter for class com.skype.camera.imagefilter.ImageFilterManager
08-30 19:05:32.643 10226 10523 W wManagerPropertyUpdater: Could not find generated setter for class com.skype.react.stencil.RNStencilViewManager
08-30 19:05:32.643  1852  1852 D SemBigDataInfoController: Intent: com.samsung.intent.action.BIG_DATA_INFO
08-30 19:05:32.643  1852  1852 D SemBigDataInfoController: BIG_DATA insertLog slot: 0, feature: 26
08-30 19:05:32.645  1852  1852 D SemBigDataInfoController: Intent: com.samsung.intent.action.BIG_DATA_INFO
08-30 19:05:32.646  1408  4444 D TelephonyManager: requestModemActivityInfo: Sending result to app: ModemActivityInfo{ mTimestamp=536775823 mSleepTimeMs=412777721 mIdleTimeMs=27934600 mActivityStatsTechSpecificInfo=[{mRat=UNKNOWN,mFrequencyRange=UNKNOWN,mTxTimeMs[]=[2738973, 469568, 945860, 792650, 1706727],mRxTimeMs=92005096}]}
08-30 19:05:32.651  1852  1985 I System.out: Broadcast completed: result=0
08-30 19:05:32.652 10175 10500 I SamsungAccount: [DataUtil] Not Skip Name Validation by accountMCC
08-30 19:05:32.653 10175 10500 I SamsungAccount: [LocalBusinessException] Not Skip Name Validation by AppId
08-30 19:05:32.653 10175 10500 I SamsungAccount: [OpenDBManager] getCheckListFromOpenDB
08-30 19:05:32.653 10175 10500 I SamsungAccount: [OpenDBManager] getTncResult
08-30 19:05:32.653 10175 10500 I SamsungAccount: [OpenDBManager] getTncCursor
08-30 19:05:32.653 10175 10500 I SamsungAccount: [OpenContentProvider]  URI : content://com.msc.openprovider.openContentProvider/tncRequest
08-30 19:05:32.653 10175 10500 I SamsungAccount: [AccountManagerUtil] isSamsungAccountSignedIn : true
08-30 19:05:32.660 10175 10500 I SamsungAccount: [SignatureCheckUtil] runCheckSignatureWithEmptyId
08-30 19:05:32.660 10175 10500 I SamsungAccount: [SignatureCheckUtil] runCheckSignatureAsync
08-30 19:05:32.660 10175 10500 I SamsungAccount: [SignaturePreconditionChecker] getSignatureResult - fromSesSdk : true
08-30 19:05:32.660 10175 10500 I SamsungAccount: [SignatureInfoDbHelper] getSignatureResult - [][app.signin.]
08-30 19:05:32.663 10175 10500 I SamsungAccount: [SignatureInfoDbHelper] searchOnUser
08-30 19:05:32.664 10175 10500 I SamsungAccount: [SignatureInfoDbHelper] searchOnUser - [][app.signin.][64/3291d] => matched
08-30 19:05:32.664 10175 10500 I SamsungAccount: [SignatureInfoDbHelper] search - matched
08-30 19:05:32.664 10175 10500 I SamsungAccount: [SignatureCheckUtil] runCheckSignatureAsync(fromDb) - matched
08-30 19:05:32.666 10175 10500 I SamsungAccount: [DbManagerV2] getMccFromDB
08-30 19:05:32.666 10175 10500 I SamsungAccount: [DbManagerV2] getDataV02ForItems : MCC from Cache
08-30 19:05:32.666 10175 10500 I SamsungAccount: [DataUtil] Not Skip Name Validation by accountMCC
08-30 19:05:32.666 10175 10500 I SamsungAccount: [OpenDBManager] isRequireField
08-30 19:05:32.666 10175 10500 I SamsungAccount: [OpenDBManager] getFieldCursor
08-30 19:05:32.666 10175 10500 I SamsungAccount: [OpenContentProvider]  URI : content://com.msc.openprovider.openContentProvider/mandatoryField
08-30 19:05:32.666 10175 10500 I SamsungAccount: [AccountManagerUtil] isSamsungAccountSignedIn : true
08-30 19:05:32.669  1408  1808 D NetdEventListenerService: DNS Requested by : 142, 10301, 7, true
08-30 19:05:32.671   690   690 W keymaster_tee: [WRN]begin req PARAMS: A32 B2 P64
08-30 19:05:32.682 10175 10500 I SamsungAccount: [StateCheckUtil] Validation Process is completed true
08-30 19:05:32.682 10175 10500 I SamsungAccount: [AccessTokenRunnable] [InAIDL-AccessTokenRunnable]AccessToken reuse. runProcess end. Package = android.scloud.
08-30 19:05:32.682 10175 10500 I SamsungAccount: [CBM] [InAIDL-CallbackManager]getCallbackInfo
08-30 19:05:32.682 10175 10500 I SamsungAccount: [CBM] setCurrentRequestType :0
08-30 19:05:32.682 10175 10500 I SamsungAccount: [AccountManagerUtil] isSamsungAccountSignedIn : true
08-30 19:05:32.682 10175 10500 I SamsungAccount: [AccessTokenRunnable] [InAIDL-AccessTokenRunnable]onProcessFinished. Package = android.scloud.
08-30 19:05:32.690 10175 10500 I SamsungAccount: [DeviceManager] salesCode : TOP
08-30 19:05:32.690 10175 10500 I SamsungAccount: [DeviceManager] isNewLduProdCode : false
08-30 19:05:32.690 10175 10500 I SamsungAccount: [CountryCodeUtil] isChinaCountryCode : false
08-30 19:05:32.690 10175 10500 I SamsungAccount: [ChinaPermissionUtil] isChnSecurityPopupNeeded - false
08-30 19:05:32.691 10175 10500 I SamsungAccount: [AccessTokenRunnable] [InAIDL-AccessTokenRunnable]checkAccessTokenAndRefreshToken. Package = android.scloud.
08-30 19:05:32.691 10175 10500 I SamsungAccount: [AccessTokenRunnable] [InAIDL-AccessTokenRunnable]handleProcessSuccessResult start. Package = android.scloud.
08-30 19:05:32.691 10175 10500 I SamsungAccount: [RBIVO] getStringArrFromAdditionalBundleKey : additional
08-30 19:05:32.691 10175 10500 I SamsungAccount: [AccessTokenRunnable] [InAIDL-AccessTokenRunnable]setAdditionalInfo start. Package = android.scloud.
08-30 19:05:32.691 10175 10500 I SamsungAccount: [AccessTokenRunnable] [InAIDL-AccessTokenRunnable]set user_id
08-30 19:05:32.691 10175 10500 I SamsungAccount: [DbManagerV2] getUserID
08-30 19:05:32.691 10175 10500 I SamsungAccount: [DbManagerV2] getDataV02ForItems : USER_ID from Db
08-30 19:05:32.696   690   690 W keymaster_tee: [WRN]begin req PARAMS: A32 B2 P64
08-30 19:05:32.700 10267 10628 D ConnectivityManager: StackLog: [android.net.ConnectivityManager.sendRequestForNetwork(ConnectivityManager.java:4188)] [android.net.ConnectivityManager.sendRequestForNetwork(ConnectivityManager.java:4230)] [android.net.ConnectivityManager.registerNetworkCallback(ConnectivityManager.java:4612)] [android.net.ConnectivityManager.registerNetworkCallback(ConnectivityManager.java:4582)] [com.microsoft.appcenter.utils.NetworkStateHelper.reopen(NetworkStateHelper.java:112)] [com.microsoft.appcenter.utils.NetworkStateHelper.<init>(NetworkStateHelper.java:66)] [com.microsoft.appcenter.utils.NetworkStateHelper.getSharedInstance(NetworkStateHelper.java:81)] [com.microsoft.appcenter.http.HttpUtils.createHttpClientWithoutRetryer(HttpUtils.java:203)] [com.microsoft.appcenter.http.HttpUtils.createHttpClient(HttpUtils.java:198)] [com.microsoft.appcenter.http.HttpUtils.createHttpClient(HttpUtils.java:192)] [com.microsoft.appcenter.AppCenter.finishConfiguration(AppCenter.java:848)] [com.microsoft.appcenter.AppCenter.access$500(AppCenter.java:61)] [com.microsoft.appcenter.AppCenter$5.run(AppCenter.java:737)]
08-30 19:05:32.704  1408  1718 D ConnectivityService: Rematched networks [computed 1ms] [applied 0ms] [issued 1]
08-30 19:05:32.704  1408  1718 D ConnectivityService: NetworkReassignment : no changes
08-30 19:05:32.704 10175 10500 I SamsungAccount: [AccessTokenRunnable] [InAIDL-AccessTokenRunnable]set cc
08-30 19:05:32.705 10175 10500 I SamsungAccount: [DbManagerV2] getCountryCodeFromDB
08-30 19:05:32.705 10175 10500 I SamsungAccount: [DbManagerV2] getDataV02ForItems : COUNTRY_CODE from Db
08-30 19:05:32.713   690   690 W keymaster_tee: [WRN]begin req PARAMS: A32 B2 P64
08-30 19:05:32.726 10175 10500 I SamsungAccount: [AccessTokenRunnable] [InAIDL-AccessTokenRunnable]set api_server_url
08-30 19:05:32.742 10175 10500 I SamsungAccount: [UrlManagerAuth] api_server_url for region
08-30 19:05:32.742 10175 10500 I SamsungAccount: [UrlManagerAuth] return region server url
08-30 19:05:32.742 10175 10500 I SamsungAccount: [AccessTokenRunnable] [InAIDL-AccessTokenRunnable]set auth_server_url
08-30 19:05:32.742 10175 10500 I SamsungAccount: [UrlManagerAuth] auth_server_url for region
08-30 19:05:32.742 10175 10500 I SamsungAccount: [UrlManagerAuth] return region server url
08-30 19:05:32.750 10175 10500 I SamsungAccount: [AccessTokenRunnable] [InAIDL-AccessTokenRunnable]set login_id
08-30 19:05:32.752 10175 10500 I SamsungAccount: [AccessTokenRunnable] [InAIDL-AccessTokenRunnable]setAdditionalInfo finish. Package = android.scloud.
08-30 19:05:32.753 10290 10641 I [SC][SamsungAccountService]: onReceiveAccessToken: true
08-30 19:05:32.753 10290 10641 I [SC][AuthDataManager]: setAccessToken
08-30 19:05:32.753 10290 10641 I [SC][AuthDataManager]: countDown: 0
08-30 19:05:32.754 10290 10416 I [SC][AuthDataManager]: Await countDownLatch: 0
08-30 19:05:32.754 10290 10416 I [SC]DeviceUtil: hasSepLiteSpec: false
08-30 19:05:32.754 10290 10416 I [SC]DeviceUtil: hasSepLiteSpec: false
08-30 19:05:32.754 10290 10416 I [SC]OneDrivePolicyManager: Loading Configuration Policy
08-30 19:05:32.755 10290 10416 I [SC]ConfigurationManager: getCountryPolicy
08-30 19:05:32.755 10290 10442 W .android.scloud: Long monitor contention with owner pool-9-thread-1 (10416) at void com.samsung.scsp.framework.core.identity.ScspIdentity.transaction(java.lang.Runnable)(ScspIdentity.java:3) waiters=0 in void com.samsung.scsp.framework.core.identity.ScspIdentity.transaction(java.lang.Runnable) for 905ms
08-30 19:05:32.756 10290 10442 I [SCSDK][C][2.0.15]: [SamsungCloud]getCloudToken
08-30 19:05:32.756 10290 10442 E [SCSDK][C][2.0.15]: [SContext]context is null
08-30 19:05:32.756 10290 10442 E [SCSDK][C][2.0.15]: [SamsungCloud]Cloud SDK is not initialized.
08-30 19:05:32.758 10290 10416 I [SC]ConfigurationItemDataManager: getFilePath : configurationName = scloud_migrationCountry
08-30 19:05:32.768   690   690 W keymaster_tee: [WRN]begin req PARAMS: A32 B2 P64
08-30 19:05:32.775 10175 10500 I SamsungAccount: [AIDLInterfaceBinder] [InAIDL] unregisterCallback start
08-30 19:05:32.775 10175 10500 I SamsungAccount: [CBM] [InAIDL-CallbackManager]getCallbackInfo
08-30 19:05:32.775 10175 10500 I SamsungAccount: [RequestHistoryManager] ==AIDL ACCTOKEN HISTORY== android.scloud. => 08/30-19:05:32
08-30 19:05:32.775 10175 10500 I SamsungAccount: [CBM] [InAIDL-CallbackManager]unRegisterCallback
08-30 19:05:32.775 10175 10500 I SamsungAccount: [CBM] [InAIDL-CallbackManager]checkUnregisterCallbackCondition
08-30 19:05:32.775 10175 10500 I SamsungAccount: [CBM] [InAIDL-CallbackManager]getCallbackInfo
08-30 19:05:32.775 10175 10500 I SamsungAccount: [CBM] [InAIDL-CallbackManager] Unregister SuccessPackage = android.scloud.
08-30 19:05:32.775 10175 10500 I SamsungAccount: [AIDLInterfaceBinder] [InAIDL] unregisterCallback end
08-30 19:05:32.777 10175 10500 I SamsungAccount: [AccessTokenRunnable] [InAIDL-AccessTokenRunnable]handleProcessSuccessResult finish. Package = android.scloud.
08-30 19:05:32.777 10175 10500 I SamsungAccount: [StateCheckUtil] isChildAccount : false
08-30 19:05:32.779 10175 10175 I SamsungAccount: [AIDLRequestService] OnDestroy Service
08-30 19:05:32.781 13474 13474 I [PASS][CMN]DrawableCache: clearData LruCache[maxSize=32768,hits=0,misses=0,hitRate=0%]
08-30 19:05:32.781   911   911 I Zygote  : Process 7984 exited due to signal 9 (Killed)
08-30 19:05:32.817 10570 10570 I [scsettingv2std][2.0.15.0]: onCreate:
08-30 19:05:32.843 10290 10442 I [SC][Registration]: register
08-30 19:05:32.844 10290 10442 I [SC][Registration]: Already registered.
08-30 19:05:32.844 10290 10442 I [SC][Token]: Get token
08-30 19:05:32.844 10290 10442 I [SC][Token]: CloudToken is valid
08-30 19:05:32.863 10570 10570 I SettingSearchProvider: onCreate isSupported = true
08-30 19:05:32.864 10570 10570 I SettingSearchProvider: secQueryGetFingerprint : 1240500000en_US
08-30 19:05:32.866 10290 10442 I KMX|m   : Process success | try count :1
08-30 19:05:32.867 10290 10442 I KMX|m   : read System Property: ro.product.first_api_level=30
08-30 19:05:32.871 10290 10416 I [SC]ConfigurationManager: getModelPolicy
08-30 19:05:32.872 10290 10442 E KMX|d   : E2EEDeviceType|com.samsung.android.kmxservice
08-30 19:05:32.873 10570 10570 I CapsuleProvider_1.0.23: onCreate
08-30 19:05:32.873 10290 10416 I [SC]ConfigurationItemDataManager: getFilePath : configurationName = scloud_migrationModel
08-30 19:05:32.886   690   690 W keymaster_tee: [WRN]begin req PARAMS: A32 B2 P64
08-30 19:05:32.903 10576 10576 I FirebaseApp: Device unlocked: initializing all Firebase APIs for app [DEFAULT]
08-30 19:05:32.923 10576 10576 I FirebaseInitProvider: FirebaseApp initialization successful
08-30 19:05:32.929 10290 10442 I KMX|m   : Process success | try count :1
08-30 19:05:32.929 10290 10442 I KMX|m   : read System Property: ro.security.keystore.keytype=sakv2,gak,sgak
08-30 19:05:32.935 10336 10336 W dex2oat32: Could not reserve sentinel fault page
08-30 19:05:32.940 10576 10576 I SENL$ShareFileProvider: attachInfo, ProviderInfo info: ContentProviderInfo{name=com.samsung.android.app.notes.shareprovider className=com.samsung.android.support.senl.nt.base.framework.provider.ShareFileProvider}
08-30 19:05:32.963 10576 10576 I SENL$HashTagNoteProvider: onCreate
08-30 19:05:32.964 10576 10576 I SENL$ClipDataContentProvider: attachInfo, ProviderInfo info: ContentProviderInfo{name=com.samsung.android.app.notes.clipdatacontentprovider className=com.samsung.android.support.senl.nt.base.framework.provider.ClipDataContentProvider}
08-30 19:05:32.972 10290 10416 I [SC]OneDrivePolicyManager: country entry size: 142
08-30 19:05:32.972 10290 10416 I [SC]OneDrivePolicyManager: model entry size: 141
08-30 19:05:32.972 10290 10416 I [SC]OneDrivePolicyManager: isMigrationSupported: SRB,TOP,true
08-30 19:05:32.973 10290 10416 I [SC]LinkContextManager: loadLinkContext: linkContext=LinkContext{contextType=CACHED, linkType=OneDrive, linkState=None, isTriggeredDevice=false, linkPolicy=LinkPolicy{policyData=Bundle[{IS_LINK_START_SUPPORTED=true, IsChinaDevice=false, IS_SEP_LITE_DEVICE=false, IsChinaAccount=false}]}}
08-30 19:05:32.974 10290 10416 I [SC]DeviceUtil: hasSepLiteSpec: false
08-30 19:05:32.974 10290 10416 I [SC]DeviceUtil: hasSepLiteSpec: false
08-30 19:05:32.974 10290 10416 I [SC]LinkContextMonitor: notifyContextReceived: linkContext=LinkContext{contextType=CACHED, linkType=OneDrive, linkState=None, isTriggeredDevice=false, linkPolicy=LinkPolicy{policyData=Bundle[{IS_LINK_START_SUPPORTED=true, IsChinaDevice=false, IS_SEP_LITE_DEVICE=false, IsChinaAccount=false}]}}, linkResponse=null, stateUpdateEvent=APP_CREATED
08-30 19:05:32.974 10290 10416 I [SC]DeviceUtil: hasSepLiteSpec: false
08-30 19:05:32.974 10290 10416 I [SC]LinkContextProvider: call : CLOUD_SETTING
08-30 19:05:32.975 10290 10416 I [SC]CloudSettingCommandResolverImpl: Execute getPartnerQuota with : true, false
08-30 19:05:32.987  1408  1808 D NetdEventListenerService: DNS Requested by : 142, 10295, 7, true
08-30 19:05:32.989  1408  1665 D PackageManager: setEnabledSetting : userId = 0 packageName = com.samsung.android.app.reminder cmp = androidx.work.impl.background.systemjob.SystemJobService newState = 1 callingPackage = 10200/com.samsung.android.app.reminder
08-30 19:05:32.990  1408  1665 D ApplicationPolicy: getApplicationStateEnabled : pkg = com.samsung.android.app.reminder userId : 0
08-30 19:05:32.990 10576 10576 I SENL$NotesMain$ManageTrashProvider: onCreate
08-30 19:05:32.990  1408  1665 D ApplicationPolicy: getApplicationComponentState : pkg = com.samsung.android.app.reminder userId : 0
08-30 19:05:32.999 10576 10576 I CapsuleProvider_1.0.24: onCreate
08-30 19:05:33.006 10576 10576 I SENL$SC/SDocCountProvider: onCreate()
08-30 19:05:33.008 10290 10442 I KMX|m   : Process success | try count :1
08-30 19:05:33.009 10290 10442 I KMX|m   : read System Property: ro.product.first_api_level=30
08-30 19:05:33.009 10290 10442 E KMX|d   : E2EEDeviceType|com.samsung.android.kmxservice
08-30 19:05:33.029 10226 10226 I ReactApp: dumpMemoryUsage [AfterOnTrim] JavaUsedMemInMB=10 MB JavaMaxHeapSizeInMB=256 MB JavaAvailHeapSizeInMB=246 MB
08-30 19:05:33.029 10226 10226 I ReactApp: SysTotalMem=7,551,086,592 SysAvailMem=2,969,337,856 Threshold=408,944,640 InLowMem=false
08-30 19:05:33.029 10226 10226 I ReactApp: dalvikPss=2,534 KB dalvikPrivateDirty=2,508 KB dalvikSharedDirty=984 KB
08-30 19:05:33.029 10226 10226 I ReactApp: nativePss=3,547 KB nativePrivateDirty=3,536 KB nativeSharedDirty=1,164 KB
08-30 19:05:33.029 10226 10226 I ReactApp: otherPss=40,983 KB otherPrivateDirty=7,652 KB otherSharedDirty=13,372 KB
08-30 19:05:33.029 10226 10226 I ReactApp: summary.java-heap=7,168 KB summary.native-heap=3,536 KB summary.code=31,428 KB summary.stack=648 KB summary.graphics=0 KB summary.private-other=1,744 KB summary.system=3,030 KB summary.total-pss=47,554 KB summary.total-swap=33,124 KB
08-30 19:05:33.032 10576 10576 I SENL$ntData$NotesDatabaseManager: getDatabase, inMemory : false
08-30 19:05:33.065 10570 10610 I Reminder$Sync-SCloudSyncServiceHelper: addProgressListener
08-30 19:05:33.065 10570 10610 I Reminder$Sync-SCloudSyncServiceHelper: Added mStateChangeListeners - size : 1
08-30 19:05:33.070 10226 10226 I ReactApp: dumpMemoryUsage [AfterOnTrim] JavaUsedMemInMB=11 MB JavaMaxHeapSizeInMB=256 MB JavaAvailHeapSizeInMB=245 MB
08-30 19:05:33.070 10226 10226 I ReactApp: SysTotalMem=7,551,086,592 SysAvailMem=2,963,251,200 Threshold=408,944,640 InLowMem=false
08-30 19:05:33.070 10226 10226 I ReactApp: dalvikPss=2,534 KB dalvikPrivateDirty=2,508 KB dalvikSharedDirty=984 KB
08-30 19:05:33.070 10226 10226 I ReactApp: nativePss=3,547 KB nativePrivateDirty=3,536 KB nativeSharedDirty=1,164 KB
08-30 19:05:33.070 10226 10226 I ReactApp: otherPss=40,983 KB otherPrivateDirty=7,652 KB otherSharedDirty=13,372 KB
08-30 19:05:33.070 10226 10226 I ReactApp: summary.java-heap=7,168 KB summary.native-heap=3,536 KB summary.code=31,428 KB summary.stack=648 KB summary.graphics=0 KB summary.private-other=1,744 KB summary.system=3,030 KB summary.total-pss=47,554 KB summary.total-swap=33,124 KB
08-30 19:05:33.084 10576 10576 E SENL$ntData$NotesSQLiteOpenHelperFactory: enableDataRecovery, e : com.samsung.android.support.senl.nt.data.database.core.sqlite.NotesSQLiteOpenHelper.semSetUserDataRecoveryEnabled [boolean]
08-30 19:05:33.089 10576 10576 I SENL$SC/@NotesSyncRpcProvider: onCreate()
08-30 19:05:33.096 10576 10576 I [scsettingv2std][2.0.13.0]: onCreate:
08-30 19:05:33.102   626   626 I lmkd    : 0(delay),50(swap), 15(freelimit) memory pressure events were skipped after a kill!
08-30 19:05:33.130 10576 10576 I SENL$NotesMain$SettingsSearchProvider: onCreate#
08-30 19:05:33.130 10576 10576 I SENL$NotesMain$SettingsSearchProvider: initMainScreenMenus#
08-30 19:05:33.134 10576 10576 I SENL$SC/CommonUtils: hasCloudSetting: true <- Menu is enabled
08-30 19:05:33.135 10576 10576 I SENL$NotesMain$SettingsSearchProvider: initImportScreenMenus#
08-30 19:05:33.144 10576 10576 I SENL$SystemPropertiesCompat: getDeviceType, deviceType : phone
08-30 19:05:33.150 10226 10226 I ReactApp: dumpMemoryUsage [AfterOnTrim] JavaUsedMemInMB=11 MB JavaMaxHeapSizeInMB=256 MB JavaAvailHeapSizeInMB=245 MB
08-30 19:05:33.150 10226 10226 I ReactApp: SysTotalMem=7,551,086,592 SysAvailMem=2,949,443,584 Threshold=408,944,640 InLowMem=false
08-30 19:05:33.150 10226 10226 I ReactApp: dalvikPss=2,534 KB dalvikPrivateDirty=2,508 KB dalvikSharedDirty=984 KB
08-30 19:05:33.150 10226 10226 I ReactApp: nativePss=3,547 KB nativePrivateDirty=3,536 KB nativeSharedDirty=1,164 KB
08-30 19:05:33.150 10226 10226 I ReactApp: otherPss=40,983 KB otherPrivateDirty=7,652 KB otherSharedDirty=13,372 KB
08-30 19:05:33.150 10226 10226 I ReactApp: summary.java-heap=7,168 KB summary.native-heap=3,536 KB summary.code=31,428 KB summary.stack=648 KB summary.graphics=0 KB summary.private-other=1,744 KB summary.system=3,030 KB summary.total-pss=47,554 KB summary.total-swap=33,124 KB
08-30 19:05:33.153 10576 10576 I SENL$NotesMain$SettingsSearchProvider: initLookWhenSavedScreenMenus#
08-30 19:05:33.153 10576 10576 I SENL$NotesMain$SettingsSearchProvider: initLockScreenMenus#
08-30 19:05:33.158 10290 10442 I KMX|m   : Process success | try count :1
08-30 19:05:33.158 10290 10442 I KMX|m   : read System Property: ro.security.keystore.keytype=sakv2,gak,sgak
08-30 19:05:33.169 10576 10576 W SENL$LockUtils: password is not set
08-30 19:05:33.174 10576 10576 I SENL$NotesMain$SettingsSearchProvider: secQueryGetFingerprint#
08-30 19:05:33.174 10570 10570 I Reminder$ReminderCache: trimMemory 40
08-30 19:05:33.181 10576 10576 I SENL$ntData$NotesDatabaseManager: init!
08-30 19:05:33.182 10576 10605 E SENL$SC/@NotesSyncRpcProvider: isSupported() : Attempt to invoke interface method 'android.content.Context x.a.getAppContext()' on a null object reference
08-30 19:05:33.182 10576 10605 I SENL$SC/@NotesSyncRpcProvider: isSupported() : true
08-30 19:05:33.182 10576 10605 I [scsettingv2std][2.0.13.0]: isSupported: true
08-30 19:05:33.183 10290 10558 I [SC][DEPENDENCY][STD][Samsung Notes][RPC]: isSupported: true
08-30 19:05:33.184 10576 10605 E SENL$SC/@NotesSyncRpcProvider: getAutoSync() : Attempt to invoke interface method 'android.content.Context x.a.getAppContext()' on a null object reference
08-30 19:05:33.184 10576 10605 I SENL$SC/@NotesSyncRpcProvider: getAutoSync() : false
08-30 19:05:33.184 10576 10605 I [scsettingv2std][2.0.13.0]: getAutoSync: false
08-30 19:05:33.184 10290 10558 I [SC][DEPENDENCY][STD][Samsung Notes][RPC]: getAutoSync: false
08-30 19:05:33.188 10576 10576 I SENL$ntData$NotesCategoryTreeRepository: created - false
08-30 19:05:33.200 10576 10576 I SENL$ntData$RequestBuilder: request, runnable : com.samsung.android.support.senl.nt.data.repository.category.NotesCategoryTreeRepository$2@77115f3
08-30 19:05:33.200 10576 10576 I SENL$ntData$RequestBuilder: executeOn, executor : com.samsung.android.support.senl.nt.data.database.core.executor.NotesDataTaskExecutor$2@cc892b0
08-30 19:05:33.202 10570 10678 I Reminder$Bixby2.0: [BixbyService] initialize Bixby2.0
08-30 19:05:33.202 10570 10678 I CapsuleProvider_1.0.23: releasing initialize wait lock.
08-30 19:05:33.204 10576 10576 I SENL$ntData$RequestBuilder: execute, mDelegate : com.samsung.android.support.senl.nt.data.database.core.executor.NotesDataTaskExecutor$2@cc892b0
08-30 19:05:33.205 10576 10576 I SENL$ntData$RequestBuilder: setDefaultExecutor, mDelegate : com.samsung.android.support.senl.nt.data.database.core.executor.NotesDataTaskExecutor$2@cc892b0
08-30 19:05:33.205 10576 10576 I SENL$SenlThreadFactory: newThread# mName data_disk_io_-1
08-30 19:05:33.209 10576 10576 I SENL$ntData$MainListRepository: getAll_LiveData with param
08-30 19:05:33.210 10576 10576 I SENL$ntData$SortQuery: getSortColumn, column : lastModifiedAt, sortType : 2
08-30 19:05:33.210 10576 10576 I SENL$PackageManagerCompat: is Memo package? false
08-30 19:05:33.218 10576 10681 I SENL$ntData$RequestBuilder: run - start
08-30 19:05:33.218 10576 10605 I SENL$SC/SyncSettingsUtil: SETTINGS_WIFI_SYNC_ONLY is true
08-30 19:05:33.218 10576 10605 I SENL$SC/@NotesSyncRpcProvider: getNetworkOption() : 1
08-30 19:05:33.218 10576 10605 I [scsettingv2std][2.0.13.0]: getNetworkOption: 1
08-30 19:05:33.219 10576 10576 I SENL$BixbyManager: setup activate : true
08-30 19:05:33.219 10576 10576 I SENL$BixbyExecutor: BixbyExecutor
08-30 19:05:33.219 10576 10576 I CapsuleProvider_1.0.24: releasing initialize wait lock.
08-30 19:05:33.219 10576 10576 I SENL$BixbyExecutor: addActionHandler
08-30 19:05:33.219 10290 10558 I [SC][DEPENDENCY][STD][Samsung Notes][RPC]: getNetworkOption: 1
08-30 19:05:33.219 10290 10558 I [SC]SyncSettingManager: getCategory: com.samsung.android.app.notes.sync
08-30 19:05:33.219 10576 10576 I SENL$SC/@SyncInitializer: quickInitialize() start
08-30 19:05:33.219 10576 10576 I SENL$SC/@SyncInitializer: quickInitialize() finish
08-30 19:05:33.220 10576 10576 I SENL$DisplayUtils: display info WidthPixels : 1080, HeightPixels : 2400
08-30 19:05:33.223 10290 10558 I [SC]SyncSettingManager: getIsSyncable: com.samsung.android.app.notes.sync
08-30 19:05:33.225 10576 10681 I SENL$ntData$RequestBuilder: executeRunnable
08-30 19:05:33.225 10576 10681 I SENL$ntData$NotesCategoryTreeRepository: created - false
08-30 19:05:33.228 10576 10576 I SENL$DisplayUtils: Apply display info WidthPixels : 1080, HeightPixels : 2400, count : 1 / is Main ? true
08-30 19:05:33.228 10576 10576 I SENL$DisplayUtils: configureScreenSize, rect : Rect(0, 0 - 1080, 2275)
08-30 19:05:33.229 10576 10576 I SENL$DeviceUtils: MEM = 7GB  / 1.077217345015942 = 6.49822436705789
08-30 19:05:33.229 10576 10576 I SENL$DeviceUtils: Memory Level = 2
08-30 19:05:33.229 10576 10576 I SENL$MemoApplication: sendRestoreDocumentAction, send restore action - start
08-30 19:05:33.229 10576 10576 I SENL$MemoApplication: sendRestoreDocumentAction, send restore action - end
08-30 19:05:33.230 10576 10576 I SENL$MemoApplication$ActivityLifecycleTracker: onTrimMemory, level : 40
08-30 19:05:33.230 10576 10576 I SENL$MemoApplication: onTrimMemory: 40
08-30 19:05:33.233 10576 10605 I SENL$SC/@NotesSyncRpcProvider: getIsSyncable() : 1
08-30 19:05:33.233 10576 10605 I [scsettingv2std][2.0.13.0]: getIsSyncable: 1
08-30 19:05:33.233 10290 10558 I [SC][DEPENDENCY][STD][Samsung Notes][RPC]: getIsSyncable: 1
08-30 19:05:33.233 10290 10558 I [SC]SyncSettingManager: setSyncStatus: SyncStatusVo{authority='com.samsung.android.app.notes.sync', state='INACTIVE', errorCode='999'}
08-30 19:05:33.234 10290 10558 I [SC]SyncSettingManager: getContentVo: com.samsung.android.app.notes.sync, aWluBInwWH
08-30 19:05:33.244 10290 10558 I [SC]SyncProvision: provisioning of Samsung Notes is done
08-30 19:05:33.247 10576 10681 I SENL$ntData$NotesCategoryTreeRepository: getCategoryEntity, targetUuid : uncategorized:///
08-30 19:05:33.274  1408  1772 D SemNscXgbMsL1: Probability - Cloud gaming: [0.06149397]
08-30 19:05:33.274  1408  1772 D SemNscXgbMsL1: Probability - Real time: [0.08314455]
08-30 19:05:33.274  1408  1772 D SemNscXgbMsL1: Probability - Non real time: [0.9490234]
08-30 19:05:33.274  1408  1772 D SemNscXgbMsL1: 1 sample inference time: 0.666461 msecs
08-30 19:05:33.275  1408  1772 D SemNscXgbL2Rt: L2 RT 1 sample inference time: 0.381346 msecs
08-30 19:05:33.275  1408  1772 D SemNscXgbL2Nrt: L2 NRT 1 sample inference time: 0.363962 msecs
08-30 19:05:33.277 10570 10678 I Reminder$DeviceIdHelper: initOAID
08-30 19:05:33.280 10570 10678 I Reminder$DeviceIdHelper: it is not china mcc or deviceidservice is not installed
08-30 19:05:33.282 10290 10442 I KMX|m   : Process success | try count :1
08-30 19:05:33.282 10290 10442 I KMX|m   : read System Property: ro.product.first_api_level=30
08-30 19:05:33.283 10336 10671 W dex2oat32: Method java.lang.Object androidx.compose.runtime.snapshots.SnapshotStateMap.mutate(kotlin.jvm.functions.Function1) failed lock verification and will run slower.
08-30 19:05:33.283 10336 10671 W dex2oat32: Common causes for lock verification issues are non-optimized dex code
