08-30 19:05:30.775  1408  1772 D SemNscXgbMsL1: Probability - Real time: [0.073827006]
08-30 19:05:30.775 10175 10212 W System  : ClassLoader referenced unknown path:
08-30 19:05:30.775  1408  1772 D SemNscXgbMsL1: Probability - Non real time: [0.93076384]
08-30 19:05:30.775  1408  1772 D SemNscXgbMsL1: 1 sample inference time: 0.605847 msecs
08-30 19:05:30.776 10175 10212 D nativeloader: Configuring classloader-namespace for other apk . target_sdk_version=34, uses_libraries=, library_path=/data/app/~~eQIEnN1FQKWMkfCHc9K-vg==/com.google.android.gms-2DgikQz5C3iTu5qt2b_yTg==/lib/arm64:/data/app/~~eQIEnN1FQKWMkfCHc9K-vg==/com.google.android.gms-2DgikQz5C3iTu5qt2b_yTg==/base.apk!/lib/arm64-v8a, permitted_path=/data:/mnt/expand:/data/user/0/com.google.android.gms
08-30 19:05:30.777  1408  1772 D SemNscXgbL2Rt: L2 RT 1 sample inference time: 1.718807 msecs
08-30 19:05:30.778  1408  1772 D SemNscXgbL2Nrt: L2 NRT 1 sample inference time: 0.841884 msecs
08-30 19:05:30.793   911   911 D Zygote  : Forked child process 10226
08-30 19:05:30.804 10175 10212 W .osp.app.signin: ClassLoaderContext type mismatch. expected=PCL, found=DLC (PCL[] | DLC[];PCL[/data/app/~~qlbKl3hOgFVYVqhMgMBr6Q==/com.osp.app.signin-nL46WiKjWJvc5kIO-nRgdw==/base.apk*2076443560:/data/app/~~qlbKl3hOgFVYVqhMgMBr6Q==/com.osp.app.signin-nL46WiKjWJvc5kIO-nRgdw==/base.apk!classes2.dex*3680199705:/data/app/~~qlbKl3hOgFVYVqhMgMBr6Q==/com.osp.app.signin-nL46WiKjWJvc5kIO-nRgdw==/base.apk!classes3.dex*3363971122:/data/app/~~qlbKl3hOgFVYVqhMgMBr6Q==/com.osp.app.signin-nL46WiKjWJvc5kIO-nRgdw==/base.apk!classes4.dex*882880591]{PCL[/system/framework/org.apache.http.legacy.jar*2295519402]#PCL[/system/framework/samsungkeystoreutils.jar*3644412533]})
08-30 19:05:30.816 10223 10223 E ce.officehubrow: Not starting debugger since process cannot load the jdwp agent.
08-30 19:05:30.820 10223 10223 D ActivityThread: setConscryptValidator
08-30 19:05:30.820 10223 10223 D ActivityThread: setConscryptValidator - put
08-30 19:05:30.821 10226 10226 E om.skype.raider: Not starting debugger since process cannot load the jdwp agent.
08-30 19:05:30.822 10175 10221 D CompatibilityChangeReporter: Compat change id reported: 160794467; UID 10103; state: ENABLED
08-30 19:05:30.823  1408  4388 D PackageManager: setEnabledSetting : userId = 0 packageName = com.microsoft.skydrive cmp = com.microsoft.skydrive.localmoj.notifications.LocalMojSystemBroadcastsReceiver newState = 1 callingPackage = 10096/com.microsoft.skydrive
08-30 19:05:30.825  1408  4388 D ApplicationPolicy: getApplicationStateEnabled : pkg = com.microsoft.skydrive userId : 0
08-30 19:05:30.825  1408  4388 D ApplicationPolicy: getApplicationComponentState : pkg = com.microsoft.skydrive userId : 0
08-30 19:05:30.826 10226 10226 D ActivityThread: setConscryptValidator
08-30 19:05:30.826 10226 10226 D ActivityThread: setConscryptValidator - put
08-30 19:05:30.844 10175 10175 D DIAGMON_SDK[605060]: setDeviceId :
08-30 19:05:30.850 10223 10223 D CompatibilityChangeReporter: Compat change id reported: 171979766; UID 10278; state: ENABLED
08-30 19:05:30.851  1055  1088 I heimdall: insert_task_to_group:67, insert tgid 10223 to group com.microsoft.office.officehubrow, ret = 0
08-30 19:05:30.858 10226 10226 D CompatibilityChangeReporter: Compat change id reported: 171979766; UID 10295; state: ENABLED
08-30 19:05:30.859  1055  1088 I heimdall: insert_task_to_group:67, insert tgid 10226 to group com.skype.raider, ret = 0
08-30 19:05:30.862 10223 10223 D ApplicationLoaders: Returning zygote-cached class loader: /system/framework/android.test.base.jar
08-30 19:05:30.888 10223 10223 D nativeloader: Configuring classloader-namespace for system apk /system/framework/org.apache.http.legacy.jar. target_sdk_version=33, uses_libraries=ALL, library_path=/data/app/~~22EYhy2lf_zZKHhJDrePNg==/com.microsoft.office.officehubrow-JFeTGp0TahLKL9wppqIi_g==/lib/arm64:/data/app/~~22EYhy2lf_zZKHhJDrePNg==/com.microsoft.office.officehubrow-JFeTGp0TahLKL9wppqIi_g==/base.apk!/lib/arm64-v8a:/system/lib64:/system_ext/lib64, permitted_path=/data:/mnt/expand:/data/user/0/com.microsoft.office.officehubrow:/system/lib64:/system_ext/lib64
08-30 19:05:30.888 10223 10223 D nativeloader: Extending system_exposed_libraries: lib.engmodejni.samsung.so:libSecEmbms.telephony.samsung.so:libsce_v1.crypto.samsung.so:libSFEffect.fonteffect.samsung.so:libBeauty_v4.camera.samsung.so:libexifa.camera.samsung.so:libjpega.camera.samsung.so:libOpenCv.camera.samsung.so:libVideoClassifier.camera.samsung.so:libtensorflowLite.dynamic_viewing.camera.samsung.so:libImageScreener.camera.samsung.so:libMyFilter.camera.samsung.so:libtflite2.myfilters.camera.samsung.so:libCandidSnapJNI.camera.samsung.so:libHIDTSnapJNI.camera.samsung.so:libSmartScan.camera.samsung.so:libRectify.camera.samsung.so:libDocRectifyWrapper.camera.samsung.so:libUltraWideDistortionCorrection.camera.samsung.so:libHpr_RecGAE_cvFeature_v1.0.camera.samsung.so:libHprFace_GAE_api.camera.samsung.so:libFace_Landmark_API.camera.samsung.so:libHprFace_GAE_jni.camera.samsung.so:libFacialBasedSelfieCorrection.camera.samsung.so:libcolor_engine.camera.samsung.so:libDLInterface_aidl.camera.samsung.so:libObjectDetector_v1.camera.samsung.so:libImageTagger.camera.
08-30 19:05:30.894 10226 10226 D nativeloader: Configuring classloader-namespace for system apk /system/framework/org.apache.http.legacy.jar. target_sdk_version=31, uses_libraries=ALL, library_path=/data/app/~~bZMYrVVV-Klp9lSV4cYZmw==/com.skype.raider-5mqFe6bi2k-gw9m9S6A9oQ==/lib/arm64:/data/app/~~bZMYrVVV-Klp9lSV4cYZmw==/com.skype.raider-5mqFe6bi2k-gw9m9S6A9oQ==/base.apk!/lib/arm64-v8a:/system/lib64:/system_ext/lib64, permitted_path=/data:/mnt/expand:/data/user/0/com.skype.raider:/system/lib64:/system_ext/lib64
08-30 19:05:30.894 10226 10226 D nativeloader: Extending system_exposed_libraries: lib.engmodejni.samsung.so:libSecEmbms.telephony.samsung.so:libsce_v1.crypto.samsung.so:libSFEffect.fonteffect.samsung.so:libBeauty_v4.camera.samsung.so:libexifa.camera.samsung.so:libjpega.camera.samsung.so:libOpenCv.camera.samsung.so:libVideoClassifier.camera.samsung.so:libtensorflowLite.dynamic_viewing.camera.samsung.so:libImageScreener.camera.samsung.so:libMyFilter.camera.samsung.so:libtflite2.myfilters.camera.samsung.so:libCandidSnapJNI.camera.samsung.so:libHIDTSnapJNI.camera.samsung.so:libSmartScan.camera.samsung.so:libRectify.camera.samsung.so:libDocRectifyWrapper.camera.samsung.so:libUltraWideDistortionCorrection.camera.samsung.so:libHpr_RecGAE_cvFeature_v1.0.camera.samsung.so:libHprFace_GAE_api.camera.samsung.so:libFace_Landmark_API.camera.samsung.so:libHprFace_GAE_jni.camera.samsung.so:libFacialBasedSelfieCorrection.camera.samsung.so:libcolor_engine.camera.samsung.so:libDLInterface_aidl.camera.samsung.so:libObjectDetector_v1.camera.samsung.so:libImageTagger.camera.
08-30 19:05:30.905 10175 10175 I SamsungAccount: [BrandNameUtil] isBrandGalaxy, isCscFeatureEnabled: false
08-30 19:05:30.905 10175 10175 I SamsungAccount: [BrandNameUtil] isBrandGalaxy, oneUiVersion is below 5.1: true
08-30 19:05:30.906 10175 10175 I SamsungAccount: [GlobalSearchProvider] secQueryGetFingerprint : 1420100001en_US
08-30 19:05:30.911 10175 10175 I SamsungAccount: [SamsungService(Application)] onCreate START
08-30 19:05:30.913 10175 10189 I SamsungAccount: [AccountManagerProvider] Calling package : microsoft.skydrive.
08-30 19:05:30.913 10175 10189 I SamsungAccount: [SignatureCheckUtil] runCheckSignatureAsync
08-30 19:05:30.913 10175 10189 I SamsungAccount: [SignaturePreconditionChecker] getSignatureResult - fromSesSdk : false
08-30 19:05:30.914 10175 10175 D SamsungAccount$SALogger: init Log Path : /data/user/0/com.osp.app.signin/Log/
08-30 19:05:30.915 10226 10226 D nativeloader: Configuring classloader-namespace for system apk /system/framework/sec_camerax_impl.jar. target_sdk_version=31, uses_libraries=ALL, library_path=/data/app/~~bZMYrVVV-Klp9lSV4cYZmw==/com.skype.raider-5mqFe6bi2k-gw9m9S6A9oQ==/lib/arm64:/data/app/~~bZMYrVVV-Klp9lSV4cYZmw==/com.skype.raider-5mqFe6bi2k-gw9m9S6A9oQ==/base.apk!/lib/arm64-v8a:/system/lib64:/system_ext/lib64, permitted_path=/data:/mnt/expand:/data/user/0/com.skype.raider:/system/lib64:/system_ext/lib64
08-30 19:05:30.915 10226 10226 D nativeloader: Extending system_exposed_libraries: lib.engmodejni.samsung.so:libSecEmbms.telephony.samsung.so:libsce_v1.crypto.samsung.so:libSFEffect.fonteffect.samsung.so:libBeauty_v4.camera.samsung.so:libexifa.camera.samsung.so:libjpega.camera.samsung.so:libOpenCv.camera.samsung.so:libVideoClassifier.camera.samsung.so:libtensorflowLite.dynamic_viewing.camera.samsung.so:libImageScreener.camera.samsung.so:libMyFilter.camera.samsung.so:libtflite2.myfilters.camera.samsung.so:libCandidSnapJNI.camera.samsung.so:libHIDTSnapJNI.camera.samsung.so:libSmartScan.camera.samsung.so:libRectify.camera.samsung.so:libDocRectifyWrapper.camera.samsung.so:libUltraWideDistortionCorrection.camera.samsung.so:libHpr_RecGAE_cvFeature_v1.0.camera.samsung.so:libHprFace_GAE_api.camera.samsung.so:libFace_Landmark_API.camera.samsung.so:libHprFace_GAE_jni.camera.samsung.so:libFacialBasedSelfieCorrection.camera.samsung.so:libcolor_engine.camera.samsung.so:libDLInterface_aidl.camera.samsung.so:libObjectDetector_v1.camera.samsung.so:libImageTagger.camera.
08-30 19:05:30.923 10175 10175 D SamsungAccount$SALogger: init success
08-30 19:05:30.927 10175 10189 I SamsungAccount: [SignatureInfoDbHelper] getSignatureResult - [10/21n36][microsoft.skydrive.]
08-30 19:05:30.928 10175 10189 I SamsungAccount: [SignatureInfoDbHelper] searchOnUser
08-30 19:05:30.929 10175 10175 I SamsungAccount: [TestPropertyManager] setPropStagingMode, server: NONE
08-30 19:05:30.930 10175 10175 I SamsungAccount: [TestPropertyManager] HiddenModeValueIsSet? false [hiddenModeServerName: NONE, hiddenModeMcc: NONE, isMarketingAgreementToastMode: false, isAgreementHistoryWriteMode: false, isInvalidSimTestMode: false]
08-30 19:05:30.931 10175 10175 I SamsungAccount: [TestPropertyManager] property file not exist
08-30 19:05:30.934 10175 10175 I SamsungAccount: [DeviceManager] init START
08-30 19:05:30.956 10175 10175 I SamsungAccount: [DeviceManager] init END
08-30 19:05:30.957 10175 10175 I SamsungAccount: [OpenDBManager] saveOpenData(Support_SamsungPass_Integration, true)
08-30 19:05:30.958 10175 10175 I SamsungAccount: [OpenContentProvider]  URI : content://com.msc.openprovider.openContentProvider/openData
08-30 19:05:30.960 10175 10257 I FA      : App measurement disabled via the manifest
08-30 19:05:30.961 10175 10257 I FA      : App measurement initialized, version: 80055
08-30 19:05:30.961 10175 10257 I FA      : To enable debug logging run: adb shell setprop log.tag.FA VERBOSE
08-30 19:05:30.961 10175 10257 I FA      : To enable faster debug mode event logging run:
08-30 19:05:30.961 10175 10257 I FA      :   adb shell setprop debug.firebase.analytics.app com.osp.app.signin
08-30 19:05:30.962 10175 10175 I SamsungAccount: [OpenContentProvider] update openData : true
08-30 19:05:30.963 10175 10175 I SamsungAccount: [PushUtil] enable firebase auto init by RS
08-30 19:05:30.965 10175 10175 I SamsungAccount: [AccountManagerUtil] isSamsungAccountSignedIn : true
08-30 19:05:30.965 10175 10175 I SamsungAccount: [PushUtil] requestSmpInit
08-30 19:05:30.967 10175 10175 I SmpLog  : [SMP] init. S:true P:FCM_PRIMARY_MODE A:a
08-30 19:05:30.970 10175 10175 I SamsungAccount: [SamsungService] PUSH_STATE_CHECK registerId = not empty
08-30 19:05:30.970 10175 10175 I SamsungAccount: [StateCheckUtil] getLogPushRegistrationResult result = REGISTRATION_SUCCESS
08-30 19:05:30.970 10175 10175 I SamsungAccount: [SamsungService] PUSH_STATE_CHECK resultState = REGISTRATION_SUCCESS
08-30 19:05:30.970 10175 10175 I SamsungAccount: [SamsungService] check push token updates
08-30 19:05:30.970 10175 10175 I SamsungAccount: [PushUtil] checkTokenUpdates
08-30 19:05:30.979 10175 10175 I SmpLog  : [SMP] get push type : fcm
08-30 19:05:30.979 10175 10175 I SmpLog  : [SMP] get token : ...NM (163)
08-30 19:05:30.979 10175 10175 I SamsungAccount: [AccountManagerUtil] makeSamsungAccountVisible
08-30 19:05:30.980 10175 10175 I SamsungAccount: [AccountManagerUtil] setSamsungAccountManagedVisibilityIfNeeded : app.shealth.
08-30 19:05:30.981 10175 10175 I SamsungAccount: [PackageUtils] com.sec.android.app.shealth is existed : version code : 6242011
08-30 19:05:30.981 10175 10175 I SamsungAccount: [SignatureCheckUtil] runCheckSignatureWithEmptyId
08-30 19:05:30.981 10175 10175 I SamsungAccount: [SignatureCheckUtil] runCheckSignatureAsync
08-30 19:05:30.981 10175 10175 I SamsungAccount: [SignaturePreconditionChecker] getSignatureResult - fromSesSdk : true
08-30 19:05:30.983 10175 10265 I SmpLog  : [SMP] Test mode: false, v:3.3.3.3, com.osp.app.signin
08-30 19:05:30.983 10175 10265 I SmpLog  : [SMP] ptype:fcm, token:...NM (163), D:null, U:null, S:false, M:null, P:FCM_PRIMARY_MODE
08-30 19:05:30.984 10175 10265 I SmpLog  : [SMP] SEND BR : smp init success
08-30 19:05:30.985   911   911 D Zygote  : Forked child process 10267
08-30 19:05:30.996 10226 10226 D nativeloader: Configuring classloader-namespace for other apk /data/app/~~bZMYrVVV-Klp9lSV4cYZmw==/com.skype.raider-5mqFe6bi2k-gw9m9S6A9oQ==/base.apk. target_sdk_version=31, uses_libraries=, library_path=/data/app/~~bZMYrVVV-Klp9lSV4cYZmw==/com.skype.raider-5mqFe6bi2k-gw9m9S6A9oQ==/lib/arm64:/data/app/~~bZMYrVVV-Klp9lSV4cYZmw==/com.skype.raider-5mqFe6bi2k-gw9m9S6A9oQ==/base.apk!/lib/arm64-v8a, permitted_path=/data:/mnt/expand:/data/user/0/com.skype.raider
08-30 19:05:31.001 11697 11703 I adbd    : jdwp connection from 10267
08-30 19:05:31.004 10267 10267 D ActivityThread: setConscryptValidator
08-30 19:05:31.004 10267 10267 D ActivityThread: setConscryptValidator - put
08-30 19:05:31.019 10267 10267 D CompatibilityChangeReporter: Compat change id reported: 171979766; UID 10301; state: ENABLED
08-30 19:05:31.022 10175 10189 I SamsungAccount: [SignatureInfoDbHelper] searchOnUser - [10/21n36][microsoft.skydrive.][64/3d550] => matched
08-30 19:05:31.022 10175 10189 I SamsungAccount: [SignatureInfoDbHelper] search - matched
08-30 19:05:31.023 10175 10189 I SamsungAccount: [SignatureCheckUtil] runCheckSignatureAsync(fromDb) - matched
08-30 19:05:31.023 10175 10189 I SamsungAccount: [AccountManagerProvider] This is the access of the allowed application
08-30 19:05:31.023 10175 10175 I SamsungAccount: [SignatureInfoDbHelper] getSignatureResult - [][app.shealth.]
08-30 19:05:31.024 10175 10175 I SamsungAccount: [SignatureInfoHelper] getClientIdFromMetaData : [10/1y90e]
08-30 19:05:31.024 10175 10175 I SamsungAccount: [SignatureInfoDbHelper] searchOnUser
08-30 19:05:31.026 10223 10223 D nativeloader: Configuring classloader-namespace for other apk /data/app/~~22EYhy2lf_zZKHhJDrePNg==/com.microsoft.office.officehubrow-JFeTGp0TahLKL9wppqIi_g==/base.apk. target_sdk_version=33, uses_libraries=, library_path=/data/app/~~22EYhy2lf_zZKHhJDrePNg==/com.microsoft.office.officehubrow-JFeTGp0TahLKL9wppqIi_g==/lib/arm64:/data/app/~~22EYhy2lf_zZKHhJDrePNg==/com.microsoft.office.officehubrow-JFeTGp0TahLKL9wppqIi_g==/base.apk!/lib/arm64-v8a, permitted_path=/data:/mnt/expand:/data/user/0/com.microsoft.office.officehubrow
08-30 19:05:31.033 10226 10226 V GraphicsEnvironment: ANGLE Developer option for 'com.skype.raider' set to: 'default'
08-30 19:05:31.033 10226 10226 V GraphicsEnvironment: ANGLE GameManagerService for com.skype.raider: false
08-30 19:05:31.034 10226 10226 V GraphicsEnvironment: App is not on the allowlist for updatable production driver.
08-30 19:05:31.034 10782 10782 D BoundBrokerSvc: onBind: Intent { act=com.google.android.gms.measurement.START pkg=com.google.android.gms }
08-30 19:05:31.034 10782 10782 D BoundBrokerSvc: Loading bound service for intent: Intent { act=com.google.android.gms.measurement.START pkg=com.google.android.gms }
08-30 19:05:31.038  5532  5532 D SystemUIService: SYSUI_RAM_OPTIMIZATION onTrimMemory=80
08-30 19:05:31.040 10175 10175 I SamsungAccount: [SignatureInfoDbHelper] searchOnUser - [10/1y90e][app.shealth.][64/14aaf] => matched
08-30 19:05:31.040 10175 10175 I SamsungAccount: [SignatureInfoDbHelper] search - matched
08-30 19:05:31.040 10175 10175 I SamsungAccount: [SignatureCheckUtil] runCheckSignatureAsync(fromDb) - matched
08-30 19:05:31.040 10175 10175 I SamsungAccount: [AccountManagerUtil] setSamsungAccountManagedVisibilityIfNeeded - isInstalled : true, isAllowedApplication : true
08-30 19:05:31.040 10175 10175 I SamsungAccount: [AccountManagerUtil] getSamsungAccountVisibilityByPackageName
08-30 19:05:31.041 10175 10175 I SamsungAccount: [AccountManagerUtil] getSamsungAccountVisibilityByPackageName
08-30 19:05:31.045 10226 10226 D NetworkSecurityConfig: Using Network Security Config from resource network_security_config debugBuild: false
08-30 19:05:31.047 10175 10175 I SamsungAccount: [AccountManagerUtil] setSamsungAccountManagedVisibilityIfNeeded - visibility : 2
08-30 19:05:31.047 10267 10267 D nativeloader: Configuring classloader-namespace for system apk /system/framework/org.apache.http.legacy.jar. target_sdk_version=33, uses_libraries=ALL, library_path=/data/app/~~5MFk0Y40dtQ8BPCnBjeyPg==/com.azure.authenticator-LxKzLIYogXNsO95sfQi2DA==/lib/arm64:/data/app/~~5MFk0Y40dtQ8BPCnBjeyPg==/com.azure.authenticator-LxKzLIYogXNsO95sfQi2DA==/base.apk!/lib/arm64-v8a:/system/lib64:/system_ext/lib64, permitted_path=/data:/mnt/expand:/data/user/0/com.azure.authenticator:/system/lib64:/system_ext/lib64
08-30 19:05:31.047 10267 10267 D nativeloader: Extending system_exposed_libraries: lib.engmodejni.samsung.so:libSecEmbms.telephony.samsung.so:libsce_v1.crypto.samsung.so:libSFEffect.fonteffect.samsung.so:libBeauty_v4.camera.samsung.so:libexifa.camera.samsung.so:libjpega.camera.samsung.so:libOpenCv.camera.samsung.so:libVideoClassifier.camera.samsung.so:libtensorflowLite.dynamic_viewing.camera.samsung.so:libImageScreener.camera.samsung.so:libMyFilter.camera.samsung.so:libtflite2.myfilters.camera.samsung.so:libCandidSnapJNI.camera.samsung.so:libHIDTSnapJNI.camera.samsung.so:libSmartScan.camera.samsung.so:libRectify.camera.samsung.so:libDocRectifyWrapper.camera.samsung.so:libUltraWideDistortionCorrection.camera.samsung.so:libHpr_RecGAE_cvFeature_v1.0.camera.samsung.so:libHprFace_GAE_api.camera.samsung.so:libFace_Landmark_API.camera.samsung.so:libHprFace_GAE_jni.camera.samsung.so:libFacialBasedSelfieCorrection.camera.samsung.so:libcolor_engine.camera.samsung.so:libDLInterface_aidl.camera.samsung.so:libObjectDetector_v1.camera.samsung.so:libImageTagger.camera.
08-30 19:05:31.053   911   911 D Zygote  : Forked child process 10290
08-30 19:05:31.054 10226 10226 D NetworkSecurityConfig: Using Network Security Config from resource network_security_config debugBuild: false
08-30 19:05:31.055  1408  1538 I Process : Sending signal. PID: 9989 SIG: 10
08-30 19:05:31.066 10175 10175 I SamsungAccount: [DbManagerV2] getEmailID
08-30 19:05:31.066 10175 10175 I SamsungAccount: [DbManagerV2] getDataV02ForItems : EMAIL_ID from Db
08-30 19:05:31.067 10290 10290 E .android.scloud: Not starting debugger since process cannot load the jdwp agent.
08-30 19:05:31.069 10223 10223 V GraphicsEnvironment: ANGLE Developer option for 'com.microsoft.office.officehubrow' set to: 'default'
08-30 19:05:31.070 10223 10223 V GraphicsEnvironment: ANGLE GameManagerService for com.microsoft.office.officehubrow: false
08-30 19:05:31.070 10223 10223 V GraphicsEnvironment: App is not on the allowlist for updatable production driver.
08-30 19:05:31.072 10290 10290 D ActivityThread: setConscryptValidator
08-30 19:05:31.072 10290 10290 D ActivityThread: setConscryptValidator - put
08-30 19:05:31.077 10223 10223 D NetworkSecurityConfig: Using Network Security Config from resource network_security_config debugBuild: false
08-30 19:05:31.092 10290 10290 D CompatibilityChangeReporter: Compat change id reported: 171979766; UID 5009; state: ENABLED
08-30 19:05:31.095   690   690 W keymaster_tee: [WRN]begin req PARAMS: A32 B2 P64
08-30 19:05:31.097 10292 10292 I spqr    : Size: 3990, waiting time: 10ms
08-30 19:05:31.099  1055  1088 I heimdall: insert_task_to_group:67, insert tgid 10290 to group com.samsung.android.scloud, ret = 0
08-30 19:05:31.103 10175 10175 I SamsungAccount: [AccountManagerUtil] isSamsungAccountSignedIn : true
08-30 19:05:31.103 10175 10175 I SamsungAccount: [DeviceManager] SEP Platform version : 14.0
08-30 19:05:31.103 10175 10175 D SamsungAnalytics605060: [Tracker] Tracker start:6.05.060
08-30 19:05:31.104 10175 10175 I SamsungAccount: [AnalyticsWorkManager] startWork
08-30 19:05:31.108 10175 10175 I SamsungAccount: [AnalyticsPref] setSaVersionStatus : 14.2.01.1
08-30 19:05:31.110 10223 10223 D NetworkSecurityConfig: Using Network Security Config from resource network_security_config debugBuild: false
08-30 19:05:31.112 10175 10309 I SamsungAccount: [ConsentWorkManager] startWorkerAfterCheckCondition
08-30 19:05:31.118 10175 10175 I SamsungAccount: [AccountManagerUtil] isSamsungAccountSignedIn : true
08-30 19:05:31.118 10175 10175 I SamsungAccount: [AnalyticsPref] setSignedInStatus : 1
08-30 19:05:31.119 10175 10175 I SamsungAccount: [AccountDiagmonLogger] Diagmon Logger Init
08-30 19:05:31.120 10175 10175 I DIAGMON_SDK[605060]: DiagMonAgent type: 2
08-30 19:05:31.120 10175 10175 D DIAGMON_SDK[605060][773-399-565755] : setConfiguration type : CUSTOM
08-30 19:05:31.120 10175 10175 I DIAGMON_SDK[605060][773-399-565755] : generated SR object
08-30 19:05:31.120 10175 10175 I SamsungAccount: [SamsungAccount] initBixby2()
08-30 19:05:31.120 10175 10175 I CapsuleProvider_1.0.23: releasing initialize wait lock.
08-30 19:05:31.131 10175 10175 I SamsungAccount: [MobileServiceStateProxy] registerServiceStateForSesSdk : false
08-30 19:05:31.131 10175 10175 I SamsungAccount: [MobileServiceStateImpl] serviceName : AuthService
08-30 19:05:31.131 10175 10175 I SamsungAccount: [MobileServiceStateProxy] registerServiceState, AuthService is added
08-30 19:05:31.131 10175 10175 I SamsungAccount: [MobileServiceStateImpl] serviceName : ProfileService
08-30 19:05:31.131 10175 10175 I SamsungAccount: [MobileServiceStateProxy] registerServiceState, ProfileService is added
08-30 19:05:31.131 10175 10175 I SamsungAccount: [MobileServiceStateImpl] serviceName : PlaceService
08-30 19:05:31.132 10175 10175 I SamsungAccount: [MobileServiceStateProxy] registerServiceState, PlaceService is added
08-30 19:05:31.139 10175 10309 I SamsungAccount: [DeviceManager] isHeadlessDevice = false
08-30 19:05:31.139 10175 10309 I SamsungAccount: [ConsentWorkManager] checkWorkerIsRunning
08-30 19:05:31.150 10175 10175 I SamsungAccount: [Migration]  startMigrationService : Migration was completed in the past! status - 2
08-30 19:05:31.150 10175 10175 I SamsungAccount: [EasySignUpMappingManager] requestMappingIfNeeded
08-30 19:05:31.150 10175 10175 I SamsungAccount: [EasySignUpMappingManager] This OneUI version does not need ESU mapping.
08-30 19:05:31.150 10175 10175 I SamsungAccount: [AccountManagerUtil] isSamsungAccountSignedIn : true
08-30 19:05:31.150 10175 10175 I SamsungAccount: [DbManagerV2] getEmailID
08-30 19:05:31.150 10175 10175 I SamsungAccount: [DbManagerV2] getDataV02ForItems : EMAIL_ID from Cache
08-30 19:05:31.150 10175 10175 I SamsungAccount: [SamsungService(Application)] onCreate END
08-30 19:05:31.160  1408  3178 W LocationManagerService: onFreezeStateChanged, uid[10268]=false
08-30 19:05:31.160  2245 19476 W BtGatt.GattService: unfreezeScan() - No AppScanStats found with uid: 10268
08-30 19:05:31.163 27719 27743 W Bugle   : TextClassifierLibManagerImpl: Reclaiming memory at level: 80
08-30 19:05:31.165 12555 12555 I SCS@AiSearch user 0: (SearchProvider) onTrimMemory(): 60
08-30 19:05:31.171  1408  1496 I libprocessgroup: Successfully killed process cgroup uid 10268 pid 8056 in 12ms
08-30 19:05:31.200  1408  4366 D PackageManager: setEnabledSetting : userId = 0 packageName = com.osp.app.signin cmp = androidx.work.impl.background.systemalarm.RescheduleReceiver newState = 1 callingPackage = 10103/com.osp.app.signin
08-30 19:05:31.201  1408  4366 D ApplicationPolicy: getApplicationStateEnabled : pkg = com.osp.app.signin userId : 0
08-30 19:05:31.201  1408  4366 D ApplicationPolicy: getApplicationComponentState : pkg = com.osp.app.signin userId : 0
08-30 19:05:31.203 10267 10267 D nativeloader: Configuring classloader-namespace for other apk /data/app/~~5MFk0Y40dtQ8BPCnBjeyPg==/com.azure.authenticator-LxKzLIYogXNsO95sfQi2DA==/base.apk. target_sdk_version=33, uses_libraries=, library_path=/data/app/~~5MFk0Y40dtQ8BPCnBjeyPg==/com.azure.authenticator-LxKzLIYogXNsO95sfQi2DA==/lib/arm64:/data/app/~~5MFk0Y40dtQ8BPCnBjeyPg==/com.azure.authenticator-LxKzLIYogXNsO95sfQi2DA==/base.apk!/lib/arm64-v8a, permitted_path=/data:/mnt/expand:/data/user/0/com.azure.authenticator
08-30 19:05:31.205 10175 10317 D CompatibilityChangeReporter: Compat change id reported: 194532703; UID 10103; state: ENABLED
08-30 19:05:31.211 10292 10292 I spqr    : dm saved, spqr v4.2s took 125ms
08-30 19:05:31.216 10175 10309 I SamsungAccount: [AccountManagerUtil] isSamsungAccountSignedIn : true
08-30 19:05:31.217 10175 10309 I SamsungAccount: [ConsentWorkManager] startWorkerAfterCheckCondition, isHeadlessDevice: false, isRunning : true, isSignOut : false
08-30 19:05:31.221 10226 10226 D CompatibilityChangeReporter: Compat change id reported: 183155436; UID 10295; state: DISABLED
08-30 19:05:31.222 10175 10320 I SamsungAccount: [SamsungAnalyticsWrapper] setSessionId
08-30 19:05:31.223 10175 10256 I WM-WorkerWrapper: Worker result SUCCESS for Work [ id=e4f73138-7d7c-445e-9231-efd2b6dacd56, tags={ REFRESH_SESSION_ID, com.samsung.android.samsungaccount.utils.samsunganalytics.AnalyticsWorker } ]
08-30 19:05:31.227  1872  1872 I AODTileStateController: onDisplayRemoved: 22
08-30 19:05:31.227  1872  1872 I AODTileStateController: requestListeningState:
08-30 19:05:31.228  1872  1872 D DisplayLifecycle: removeDisplay id = 22
08-30 19:05:31.229  1872  1872 D TileServices: Couldn't find tile for ComponentInfo{com.samsung.android.app.aodservice/com.samsung.android.app.aodservice.settings.AODTileService}
08-30 19:05:31.229  1872  1872 D TileServices: Couldn't find tile for ComponentInfo{com.samsung.android.app.aodservice/com.samsung.android.app.aodservice.settings.AODTileService}
08-30 19:05:31.229  1872  1872 D TileServices: Couldn't find tile for ComponentInfo{com.samsung.android.app.aodservice/com.samsung.android.app.aodservice.settings.AODTileService}
08-30 19:05:31.229  1872  1872 D TileServices: Couldn't find tile for ComponentInfo{com.samsung.android.app.aodservice/com.samsung.android.app.aodservice.settings.AODTileService}
08-30 19:05:31.229  1872  1872 D TileServices: Couldn't find tile for ComponentInfo{com.samsung.android.app.aodservice/com.samsung.android.app.aodservice.settings.AODTileService}
08-30 19:05:31.229  1872  1872 D TileServices: Couldn't find tile for ComponentInfo{com.samsung.android.app.aodservice/com.samsung.android.app.aodservice.settings.AODTileService}
08-30 19:05:31.229  1872  1872 D TileServices: Couldn't find tile for ComponentInfo{com.samsung.android.app.aodservice/com.samsung.android.app.aodservice.settings.AODTileService}
08-30 19:05:31.229  1872  1872 D TileServices: Couldn't find tile for ComponentInfo{com.samsung.android.app.aodservice/com.samsung.android.app.aodservice.settings.AODTileService}
08-30 19:05:31.229  1872  1872 D TileServices: Couldn't find tile for ComponentInfo{com.samsung.android.app.aodservice/com.samsung.android.app.aodservice.settings.AODTileService}
08-30 19:05:31.231  1408  1494 D InputTransport: Input channel destroyed: '8a0d362', fd=921
08-30 19:05:31.231  1408  1494 W InputManager-JNI: Input channel object '8a0d362 com.example.uianaliticscompose/com.example.uianaliticscompose.MainActivity (client)' was disposed without first being removed with the input manager!
08-30 19:05:31.231  1408  1494 D InputTransport: Input channel destroyed: '8a0d362', fd=961
08-30 19:05:31.233  1054  1092 I SurfaceFlinger: id=87237 Removed 10d982e ActivityRecordInputSink com.example.uianaliticscompose/.MainActivity#87237 (143)
08-30 19:05:31.234  1054  1093 I SurfaceFlinger: id=87238 createSurf flag=24004, Task=26450#87238
08-30 19:05:31.234 10175 10310 D SamsungAnalytics605060: do not send setting < 1day
08-30 19:05:31.238  1054  1054 I Layer   : Layer [com.example.uianaliticscompose/com.example.uianaliticscompose.MainActivity$_9989#87235] hidden!! flag(1)
08-30 19:05:31.238  1054  1054 I Layer   : id=87235 removeFromCurrentState com.example.uianaliticscompose/com.example.uianaliticscompose.MainActivity$_9989#87235 (144)
08-30 19:05:31.238  1054  1054 I Layer   : id=87234 removeFromCurrentState 8a0d362 com.example.uianaliticscompose/com.example.uianaliticscompose.MainActivity#87234 (144)
08-30 19:05:31.238  1054  1054 I SurfaceFlinger: id=87234 Removed 8a0d362 com.example.uianaliticscompose/com.example.uianaliticscompose.MainActivity#87234 (144)
08-30 19:05:31.239  1054  1054 I Layer   : id=87234 Destroyed 8a0d362 com.example.uianaliticscompose/com.example.uianaliticscompose.MainActivity#87234
08-30 19:05:31.239 10223 10223 I MAMInfo : MAMInfo initialized. Debug=false, Agent=PRODUCTION, ManagedDialogDisabled=false, PolicyRequired=false, MultiIdentityEnabled=true, FullBackupContent=true, DataExtractionRules=true, UseDefaultEnrollment=false, ExceptionOnInit=false, Debuggable=false, IsolatedProcessesAllowed=false
08-30 19:05:31.244  1408  1484 D InputTransport: Input channel destroyed: 'Pointer', fd=1099
08-30 19:05:31.245  1408  1669 D InputTransport: Input channel destroyed: 'Pointer', fd=1095
08-30 19:05:31.246   911   911 I Zygote  : Process 9989 exited due to signal 9 (Killed)
08-30 19:05:31.246  1054  1848 I SurfaceFlinger: id=87235 Removed com.example.uianaliticscompose/com.example.uianaliticscompose.MainActivity$_9989#87235 (143)
08-30 19:05:31.246  1054  2482 I SurfaceFlinger: id=87231 Removed Display Overlays#87231 (143)
08-30 19:05:31.251  1244  1613 D installd: Found valid user 150
08-30 19:05:31.252 12555 12555 I SCS@AiSearch user 0: (SearchProvider) onTrimMemory(): 60
08-30 19:05:31.253  1408  1486 I InputManager-JNI: Viewport [0] to add: local:4633128672291735937, isActive: true
08-30 19:05:31.253  1408  1486 D InputManager-JNI: Viewport [0] type:1, displayId=0, uniqueId=local:4633128672291735937, orientation=0, logicalFrame=[0, 0][1080, 2400], physicalFrame=[0, 0][1080, 2400], deviceSize=[1080, 2400]
08-30 19:05:31.254  1408  1670 I InputReader: Reconfiguring input devices, changes=DISPLAY_INFO |
08-30 19:05:31.254  2446  2446 I RecentsView: onTaskRemoved() taskId : 26450
08-30 19:05:31.254  1408  1670 I InputReader: support feature by TSP : 0x1031d
08-30 19:05:31.255  1054  1054 I Layer   : id=87233 removeFromCurrentState ActivityRecord{fd0d019 u0 com.example.uianaliticscompose/.MainActivity}#87233 (143)
08-30 19:05:31.255  1054  1054 I Layer   : id=87237 removeFromCurrentState 10d982e ActivityRecordInputSink com.example.uianaliticscompose/.MainActivity#87237 (143)
08-30 19:05:31.255  1054  1054 I Layer   : id=87232 removeFromCurrentState Task=26450#87232 (143)
08-30 19:05:31.255  1054  1054 I Layer   : id=87238 removeFromCurrentState Task=26450#87238 (143)
08-30 19:05:31.255  1054  1054 I Layer   : id=87222 removeFromCurrentState splitScreenDividerAnchor#87222 (143)
08-30 19:05:31.255  1054  1054 I Layer   : id=87223 removeFromCurrentState NaturalSwitchingAnchor#87223 (143)
08-30 19:05:31.255  1054  1054 I Layer   : id=87224 removeFromCurrentState ChangeAnimationLayer#87224 (143)
08-30 19:05:31.255  1054  1054 I Layer   : id=87225 removeFromCurrentState ChangeAnimationBoostedLayer#87225 (143)
08-30 19:05:31.255  1054  1054 I Layer   : id=87226 removeFromCurrentState FreeformAnimationLayer#87226 (143)
08-30 19:05:31.255  1054  1054 I Layer   : id=87230 removeFromCurrentState RootWrapper#87230 (143)
08-30 19:05:31.255  2446  2446 I TopTaskTracker: onTaskRemoved : taskId = 26450
08-30 19:05:31.255  1054  1054 I Layer   : id=87219 removeFromCurrentState Display 22 name="SpegVirtualDisplay"#87219 (143)
08-30 19:05:31.255  1054  1054 I Layer   : id=87220 removeFromCurrentState Leaf:0:1#87220 (143)
08-30 19:05:31.255  1054  1054 I Layer   : id=87221 removeFromCurrentState DefaultTaskDisplayArea#87221 (143)
08-30 19:05:31.255  1054  1054 I Layer   : id=87227 removeFromCurrentState Leaf:3:12#87227 (143)
08-30 19:05:31.255  1054  1054 I Layer   : id=87229 removeFromCurrentState Leaf:15:36#87229 (143)
08-30 19:05:31.255  1054  1054 I Layer   : id=87228 removeFromCurrentState ImeContainer#87228 (143)
08-30 19:05:31.255  1054  1054 I Layer   : id=87231 removeFromCurrentState Display Overlays#87231 (143)
08-30 19:05:31.255  1054  1054 I Layer   : id=87221 removeFromCurrentState DefaultTaskDisplayArea#87221 (143)
08-30 19:05:31.255  1054  1054 I Layer   : id=87227 removeFromCurrentState Leaf:3:12#87227 (143)
08-30 19:05:31.255  1054  1054 I Layer   : id=87228 removeFromCurrentState ImeContainer#87228 (143)
08-30 19:05:31.255  1054  1054 I Layer   : id=87220 removeFromCurrentState Leaf:0:1#87220 (143)
08-30 19:05:31.255  1054  1054 I Layer   : id=87229 removeFromCurrentState Leaf:15:36#87229 (143)
08-30 19:05:31.256  2446  2446 I RecentsView: onTaskRemoved() taskId : 26450
08-30 19:05:31.256  2446  2446 I TopTaskTracker: onTaskRemoved : taskId = 26450
08-30 19:05:31.256  1054  1054 I SurfaceFlinger: id=87230 Removed RootWrapper#87230 (143)
08-30 19:05:31.256  1054  1054 I SurfaceFlinger: id=87221 Removed DefaultTaskDisplayArea#87221 (143)
08-30 19:05:31.256  1054  1054 I SurfaceFlinger: id=87227 Removed Leaf:3:12#87227 (143)
08-30 19:05:31.256  1054  1054 I SurfaceFlinger: id=87228 Removed ImeContainer#87228 (143)
08-30 19:05:31.256  1054  1054 I SurfaceFlinger: id=87220 Removed Leaf:0:1#87220 (143)
08-30 19:05:31.256  1054  1054 I SurfaceFlinger: id=87229 Removed Leaf:15:36#87229 (143)
08-30 19:05:31.256  1054  1054 I SurfaceFlinger: id=87226 Removed FreeformAnimationLayer#87226 (143)
08-30 19:05:31.256  1054  1054 I SurfaceFlinger: id=87225 Removed ChangeAnimationBoostedLayer#87225 (143)
08-30 19:05:31.256  1054  1054 I SurfaceFlinger: id=87224 Removed ChangeAnimationLayer#87224 (143)
08-30 19:05:31.256  1054  1054 I SurfaceFlinger: id=87223 Removed NaturalSwitchingAnchor#87223 (143)
08-30 19:05:31.256  1054  1054 I SurfaceFlinger: id=87222 Removed splitScreenDividerAnchor#87222 (143)
08-30 19:05:31.256  1054  1054 I SurfaceFlinger: id=87233 Removed ActivityRecord{fd0d019 u0 com.example.uianaliticscompose/.MainActivity}#87233 (143)
08-30 19:05:31.256  1054  1054 I SurfaceFlinger: id=87238 Removed Task=26450#87238 (143)
08-30 19:05:31.257  1054  1054 E BpTransactionCompletedListener: Failed to transact (-32)
08-30 19:05:31.257  1054  1054 I Layer   : id=87235 Destroyed com.example.uianaliticscompose/com.example.uianaliticscompose.MainActivity$_9989#87235
08-30 19:05:31.259  1054  1054 I Layer   : id=87222 Destroyed splitScreenDividerAnchor#87222
08-30 19:05:31.259  1054  1054 I Layer   : id=87224 Destroyed ChangeAnimationLayer#87224
08-30 19:05:31.259   910  1826 E OemNetd : spegRestrictNetworkConnection
08-30 19:05:31.259  1054  1054 I Layer   : id=87225 Destroyed ChangeAnimationBoostedLayer#87225
08-30 19:05:31.259  1054  1054 I Layer   : id=87226 Destroyed FreeformAnimationLayer#87226
08-30 19:05:31.259  1054  1054 I Layer   : id=87223 Destroyed NaturalSwitchingAnchor#87223
08-30 19:05:31.259  1054  1054 I Layer   : id=87233 Destroyed ActivityRecord{fd0d019 u0 com.example.uianaliticscompose/.MainActivity}#87233
08-30 19:05:31.259  1054  1054 I Layer   : id=87237 Destroyed 10d982e ActivityRecordInputSink com.example.uianaliticscompose/.MainActivity#87237
08-30 19:05:31.259  1054  1054 I Layer   : id=87220 Destroyed Leaf:0:1#87220
08-30 19:05:31.259  1054  1054 I Layer   : id=87221 Destroyed DefaultTaskDisplayArea#87221
08-30 19:05:31.259  1054  1054 I Layer   : id=87227 Destroyed Leaf:3:12#87227
08-30 19:05:31.259  1054  1054 I Layer   : id=87229 Destroyed Leaf:15:36#87229
08-30 19:05:31.259  1054  1054 I Layer   : id=87228 Destroyed ImeContainer#87228
08-30 19:05:31.260  1054  1054 I Layer   : id=87238 Destroyed Task=26450#87238
08-30 19:05:31.260  1054  1054 I Layer   : id=87230 Destroyed RootWrapper#87230
08-30 19:05:31.260  1054  1054 I Layer   : id=87231 Destroyed Display Overlays#87231
08-30 19:05:31.262  1408  1441 D InputDispatcher: removing all handles on display 22
08-30 19:05:31.263  1408  1487 I InputManager: Not applying additional properties for display 22 because the pointer is currently targeting display 0.
08-30 19:05:31.263  1408  1487 D InputDispatcher: removing all handles on display 22
08-30 19:05:31.265 27719 27741 W Bugle   : TextClassifierLibManagerImpl: Reclaiming memory at level: 80
08-30 19:05:31.279 28350  5092 W cr_ChildProcessConn: onServiceDisconnected (crash or killed by oom): pid=5144 bindings:W
08-30 19:05:31.280  2446  2446 I CapturePreview: capture targetView width : 1080 height : 2400
08-30 19:05:31.282  1408  1772 D SemNscXgbMsL1: Probability - Cloud gaming: [0.25744897]
08-30 19:05:31.282  1408  1772 D SemNscXgbMsL1: Probability - Real time: [0.048679654]
08-30 19:05:31.282  1408  1772 D SemNscXgbMsL1: Probability - Non real time: [0.84796935]
08-30 19:05:31.282  1408  1772 D SemNscXgbMsL1: 1 sample inference time: 0.565039 msecs
08-30 19:05:31.283  1408  1772 D SemNscXgbL2Rt: L2 RT 1 sample inference time: 1.079039 msecs
08-30 19:05:31.285  2446  4652 E FrameEvents: updateAcquireFence: Did not find frame.
08-30 19:05:31.287  2446  2446 I CapturePreview: capture took  7
08-30 19:05:31.294  1408  1772 D SemNscXgbL2Nrt: L2 NRT 1 sample inference time: 10.339769 msecs
08-30 19:05:31.304  5123  5123 I Zygote  : Process 5144 exited due to signal 9 (Killed)
08-30 19:05:31.304 10267 10267 V GraphicsEnvironment: ANGLE Developer option for 'com.azure.authenticator' set to: 'default'
08-30 19:05:31.305 10267 10267 V GraphicsEnvironment: ANGLE GameManagerService for com.azure.authenticator: false
08-30 19:05:31.305 10267 10267 V GraphicsEnvironment: App is not on the allowlist for updatable production driver.
08-30 19:05:31.307 10267 10267 D NetworkSecurityConfig: Using Network Security Config from resource network_security_config debugBuild: false
08-30 19:05:31.327  1276 12907 I Codec2-Component@1.2: Client died ! release the component !!
08-30 19:05:31.329   952  4400 I ExynosC2H264DecComponent: [release] component is released
08-30 19:05:31.336  1249  3015 E mediaserver: unlinkToDeath: removed reference to death recipient but unlink failed.
08-30 19:05:31.336  1249  3015 E IPCThreadState: attemptIncStrongHandle(19): Not supported
08-30 19:05:31.341  2446 11470 I RecentModel: onTaskStackChangedBackground
08-30 19:05:31.342   911   911 I Zygote  : Process 8056 exited due to signal 9 (Killed)
08-30 19:05:31.345  1244  1613 E cutils  : Failed to open(/data/misc/profiles/cur/150/com.example.uianaliticscompose/primary.prof): No such file or directory
08-30 19:05:31.345  1244  1613 E installd: Failed to prepare /data/misc/profiles/cur/150/com.example.uianaliticscompose/primary.prof: No such file or directory
08-30 19:05:31.346  1408  1496 I libprocessgroup: Successfully killed process cgroup uid 90000 pid 5144 in 0ms
08-30 19:05:31.346  1408  1496 I libprocessgroup: Successfully killed process cgroup uid 10792 pid 9989 in 0ms
08-30 19:05:31.347 10267 10267 D NetworkSecurityConfig: Using Network Security Config from resource network_security_config debugBuild: false
08-30 19:05:31.348  1408  1538 I system_server: No primary.vdex file in DexMetadata archive. Not doing fast verification.
08-30 19:05:31.348  1408  1538 I PackageDexOptimizer: Running dexopt (dexoptNeeded=1) on: /data/app/~~XwZOBdwPiIAQybQwVKrMIQ==/com.example.uianaliticscompose-ILLwgKQUKZm6rPmrADvF9g==/base.apk pkg=com.example.uianaliticscompose isa=arm64 dexoptFlags=boot_complete,profile_guided,public,enable_hidden_api_checks targetFilter=speed-profile oatDir=/data/app/~~XwZOBdwPiIAQybQwVKrMIQ==/com.example.uianaliticscompose-ILLwgKQUKZm6rPmrADvF9g==/oat classLoaderContext=PCL[]{}
08-30 19:05:31.348 18584 18584 I ResourceOverlayService_0: waitAndQuit called
08-30 19:05:31.349 18584 18584 I ResourceOverlayService_0: activity user id 0 process id 0
08-30 19:05:31.356  1244  1613 V installd: DexInv: --- BEGIN '/data/app/~~XwZOBdwPiIAQybQwVKrMIQ==/com.example.uianaliticscompose-ILLwgKQUKZm6rPmrADvF9g==/base.apk' ---
08-30 19:05:31.356  1244  1613 V installd: Running /apex/com.android.art/bin/dex2oat32 in=base.apk out=/data/app/~~XwZOBdwPiIAQybQwVKrMIQ==/com.example.uianaliticscompose-ILLwgKQUKZm6rPmrADvF9g==/oat/arm64/base.odex
08-30 19:05:31.361 10336 10336 W libprocessgroup: Failed to open /dev/stune/background/tasks: No such file or directory
08-30 19:05:31.361 10336 10336 V libprocessgroup: Applying profile action SetCgroup failed
08-30 19:05:31.362 10175 10310 D SamsungAnalytics605060: do not send setting < 1day
08-30 19:05:31.386 10336 10336 W dex2oat32: Mismatch between instruction set variant of device (ISA: Arm64 Feature string: -a53,crc,lse,fp16,dotprod,-sve) and features returned by the hardware (ISA: Arm64 Feature string: -a53,-crc,-lse,-fp16,-dotprod,-sve)
08-30 19:05:31.392 10336 10336 I dex2oat32: No primary.vdex file in DexMetadata archive. Not doing fast verification.
08-30 19:05:31.392 10336 10336 I dex2oat32: /apex/com.android.art/bin/dex2oat32 --input-vdex-fd=-1 --output-vdex-fd=10 --dm-fd=14 --profile-file-fd=12 --classpath-dir=/data/app/~~XwZOBdwPiIAQybQwVKrMIQ==/com.example.uianaliticscompose-ILLwgKQUKZm6rPmrADvF9g== --class-loader-context=PCL[]{} --compiler-filter=speed-profile --compilation-reason=install-speg-dm --max-image-block-size=524288 --resolve-startup-const-strings=true --generate-mini-debug-info -j6
08-30 19:05:31.398  1408  1665 D PackageManager: setEnabledSetting : userId = 0 packageName = com.skype.raider cmp = androidx.work.impl.background.systemjob.SystemJobService newState = 1 callingPackage = 10295/com.skype.raider
08-30 19:05:31.398  1408  1665 D ApplicationPolicy: getApplicationStateEnabled : pkg = com.skype.raider userId : 0
08-30 19:05:31.399  1408  1665 D ApplicationPolicy: getApplicationComponentState : pkg = com.skype.raider userId : 0
08-30 19:05:31.431 10290 10290 I [SC]FeatureManager: byod mode enabled: false
08-30 19:05:31.435 10290 10290 I [SC]FeatureManager: FeatureManager null,[SEC_FLOATING_FEATURE_SAMSUNGCLOUD_ENABLE_SETTING_MENU]:true
08-30 19:05:31.435 10290 10290 I [SC]FeatureManager: [SEC_FLOATING_FEATURE_SAMSUNGCLOUD_SUPPORT_CONTENT_SYNC]bln true
08-30 19:05:31.435 10290 10290 I [SC]FeatureManager: [SEC_FLOATING_FEATURE_GALLERY_CONFIG_IMAGE_TAGGER_VERSION]str "V516"
08-30 19:05:31.435 10290 10290 I [SC]FeatureManager: [SEC_FLOATING_FEATURE_SAMSUNGCLOUD_ENABLE_SETTING_MENU]bln true
08-30 19:05:31.451 10290 10290 I [SC]MediaProxyProvider: onCreate()
08-30 19:05:31.459 10226 10340 D CompatibilityChangeReporter: Compat change id reported: 160794467; UID 10295; state: ENABLED
08-30 19:05:31.463 10226 10226 W SkypeCrashListener: AppCenter: Failed to get existing metadata
08-30 19:05:31.463 10226 10226 W SkypeCrashListener: java.io.FileNotFoundException: /data/user/0/com.skype.raider/files/HockeyAppCrashMetadata.json: open failed: ENOENT (No such file or directory)
08-30 19:05:31.463 10226 10226 W SkypeCrashListener: 	at libcore.io.IoBridge.open(IoBridge.java:574)
08-30 19:05:31.463 10226 10226 W SkypeCrashListener: 	at java.io.FileInputStream.<init>(FileInputStream.java:160)
08-30 19:05:31.463 10226 10226 W SkypeCrashListener: 	at android.app.ContextImpl.openFileInput(ContextImpl.java:745)
08-30 19:05:31.463 10226 10226 W SkypeCrashListener: 	at android.content.ContextWrapper.openFileInput(ContextWrapper.java:254)
08-30 19:05:31.463 10226 10226 W SkypeCrashListener: 	at com.skype.appcenter.SkypeCrashListener.<init>(Unknown Source:13)
08-30 19:05:31.463 10226 10226 W SkypeCrashListener: 	at com.skype.appcenter.SkypeCrashListener.c(Unknown Source:2)
08-30 19:05:31.463 10226 10226 W SkypeCrashListener: 	at com.skype.appcenter.SkypeCrashManager.d(Unknown Source:59)
08-30 19:05:31.463 10226 10226 W SkypeCrashListener: 	at ps.p.run(Unknown Source:7)
08-30 19:05:31.463 10226 10226 W SkypeCrashListener: 	at st.a.d(Unknown Source:3)
08-30 19:05:31.463 10226 10226 W SkypeCrashListener: 	at com.skype4life.SkypeApplication.onCreate(Unknown Source:124)
08-30 19:05:31.463 10226 10226 W SkypeCrashListener: 	at android.app.Instrumentation.callApplicationOnCreate(Instrumentation.java:1266)
08-30 19:05:31.463 10226 10226 W SkypeCrashListener: 	at android.app.ActivityThread.handleBindApplication(ActivityThread.java:7598)
08-30 19:05:31.463 10226 10226 W SkypeCrashListener: 	at android.app.ActivityThread.-$$Nest$mhandleBindApplication(Unknown Source:0)
08-30 19:05:31.463 10226 10226 W SkypeCrashListener: 	at android.app.ActivityThread$H.handleMessage(ActivityThread.java:2397)
08-30 19:05:31.463 10226 10226 W SkypeCrashListener: 	at android.os.Handler.dispatchMessage(Handler.java:106)
08-30 19:05:31.463 10226 10226 W SkypeCrashListener: 	at android.os.Looper.loopOnce(Looper.java:226)
08-30 19:05:31.463 10226 10226 W SkypeCrashListener: 	at android.os.Looper.loop(Looper.java:313)
08-30 19:05:31.463 10226 10226 W SkypeCrashListener: 	at android.app.ActivityThread.main(ActivityThread.java:8741)
08-30 19:05:31.463 10226 10226 W SkypeCrashListener: 	at java.lang.reflect.Method.invoke(Native Method)
08-30 19:05:31.463 10226 10226 W SkypeCrashListener: 	at com.android.internal.os.RuntimeInit$MethodAndArgsCaller.run(RuntimeInit.java:571)
08-30 19:05:31.463 10226 10226 W SkypeCrashListener: 	at com.android.internal.os.ZygoteInit.main(ZygoteInit.java:1067)
08-30 19:05:31.463 10226 10226 W SkypeCrashListener: Caused by: android.system.ErrnoException: open failed: ENOENT (No such file or directory)
08-30 19:05:31.463 10226 10226 W SkypeCrashListener: 	at libcore.io.Linux.open(Native Method)
08-30 19:05:31.463 10226 10226 W SkypeCrashListener: 	at libcore.io.ForwardingOs.open(ForwardingOs.java:563)
08-30 19:05:31.463 10226 10226 W SkypeCrashListener: 	at libcore.io.BlockGuardOs.open(BlockGuardOs.java:274)
08-30 19:05:31.463 10226 10226 W SkypeCrashListener: 	at libcore.io.ForwardingOs.open(ForwardingOs.java:563)
08-30 19:05:31.463 10226 10226 W SkypeCrashListener: 	at android.app.ActivityThread$AndroidOs.open(ActivityThread.java:8603)
08-30 19:05:31.463 10226 10226 W SkypeCrashListener: 	at libcore.io.IoBridge.open(IoBridge.java:560)
08-30 19:05:31.463 10226 10226 W SkypeCrashListener: 	... 20 more
08-30 19:05:31.477 10290 10290 I [SC]MediaMigration: migrationCloudAgentSetting() need to migrate : false0
08-30 19:05:31.478 10223 10223 I TelemetryManager: Initalizing Android early telemetry
08-30 19:05:31.484 10226 10340 D CompatibilityChangeReporter: Compat change id reported: 194532703; UID 10295; state: DISABLED
08-30 19:05:31.485 10290 10290 I [SC]DataStoreProvider: onCreate() is called
08-30 19:05:31.488 10223 10223 I ApplicationUtils: Application process name com.microsoft.office.officehubrow
08-30 19:05:31.493 10290 10290 I [SC]DeviceUtil: hasSepLiteSignature: false
08-30 19:05:31.498 10223 10223 I PerfFeatureGate: FeatureGate - Microsoft.Office.Android.EnableRegistryAsyncInit , value = true
08-30 19:05:31.510 10223 10351 I FirebaseInitializer: Firebase initialization start
08-30 19:05:31.511 10223 10351 D ApplicationUtils: Primary process for app = com.microsoft.office.officehubrow
08-30 19:05:31.514 10223 10350 I OfficeApplication: Initializing registry asynchronously
08-30 19:05:31.514 10223 10350 I Registry:  init - START
08-30 19:05:31.515  2446  5303 I CapturePreview: start save : compress capture bitmap : 196064
08-30 19:05:31.517  2446  5303 I CapturePreview: save result :  path : /data/user/0/com.sec.android.app.launcher/cache/homescreenPreview.png
08-30 19:05:31.518  1408  5159 D SecContentProvider: query(), uri = 17 selection = isSettingsChangesAllowed
08-30 19:05:31.519 10223 10351 D CompatibilityChangeReporter: Compat change id reported: 183155436; UID 10278; state: ENABLED
08-30 19:05:31.528 10223 10341 D FBAudienceNetwork: SDK dex loading time: 115
08-30 19:05:31.532 10223 10351 I FirebaseApp: Device unlocked: initializing all Firebase APIs for app [DEFAULT]
08-30 19:05:31.534 10223 10350 I RegistryDBManager: isSingleProcessRunning - running processes: com.microsoft.office.officehubrow,
08-30 19:05:31.534 10223 10350 I RegistryDBManager: isSingleProcessRunning - filtered proc count: 1
08-30 19:05:31.534 10223 10350 I RegistryDBManager: Feature Gate not received
08-30 19:05:31.537 10290 10290 I [SC]CustomIndexablesSearchProvider: secQueryGetFingerprint: 540710000en_US
08-30 19:05:31.542 10290 10290 I CapsuleProvider_1.0.24: onCreate
08-30 19:05:31.558 10226 10226 I ReactApp: Skype React Instance Host ipc: n3.k@5912f2c
08-30 19:05:31.578 10223 10351 I FirebaseInitializer: Firebase initialization complete
08-30 19:05:31.588 10290 10290 I [SC][Scsp]: initialize
08-30 19:05:31.588 10290 10290 I [SC]SamsungCloudApp: onCreate - start.
08-30 19:05:31.589 10290 10308 I [SC]LinkContextProvider: call : GET_MIGRATION_STATE
08-30 19:05:31.590 10290 10308 I [SC]LinkContextProvider: getMigrationState
08-30 19:05:31.594 10290 10290 I DIAGMON_SDK[605036]: DiagMonAgent type: 2
08-30 19:05:31.594 10223 10350 I RegistryDBManager: isRegistryDBEnabled : false
08-30 19:05:31.595 10290 10308 I [SC]LinkContextProvider: : is waiting migration status
08-30 19:05:31.595 10223 10350 I Registry:  initFile - START
08-30 19:05:31.595 10290 10308 I [SC]LinkContextProvider: use cache during initialization: MigrationStatus{linkState=None, isMigrationSupported=true, isTriggeredDevice=false, isPartnersSyncEnabled=false, eofStage=None, allowedOperations=[]}
